Archive member included because of file (symbol)

c:/altera/13.1/nios2eds/bin/gnu/h-i686-mingw32/bin/../lib/gcc/nios2-elf/4.7.3\libgcc.a(lib2-divmod.o)
                              obj/default/MCAPI_Transport/mcapi_trans_nios.o (__modsi3)
c:/altera/13.1/nios2eds/bin/gnu/h-i686-mingw32/bin/../lib/gcc/nios2-elf/4.7.3/../../../../../H-i686-mingw32/nios2-elf/lib\libc.a(lib_a-exit.o)
                              obj/default/MCAPI_Transport/mcapi_trans_nios.o (exit)
c:/altera/13.1/nios2eds/bin/gnu/h-i686-mingw32/bin/../lib/gcc/nios2-elf/4.7.3/../../../../../H-i686-mingw32/nios2-elf/lib\libc.a(lib_a-fflush.o)
                              obj/default/MCAPI_Transport/mcapi_trans_nios.o (fflush)
c:/altera/13.1/nios2eds/bin/gnu/h-i686-mingw32/bin/../lib/gcc/nios2-elf/4.7.3/../../../../../H-i686-mingw32/nios2-elf/lib\libc.a(lib_a-findfp.o)
                              c:/altera/13.1/nios2eds/bin/gnu/h-i686-mingw32/bin/../lib/gcc/nios2-elf/4.7.3/../../../../../H-i686-mingw32/nios2-elf/lib\libc.a(lib_a-fflush.o) (__sinit)
c:/altera/13.1/nios2eds/bin/gnu/h-i686-mingw32/bin/../lib/gcc/nios2-elf/4.7.3/../../../../../H-i686-mingw32/nios2-elf/lib\libc.a(lib_a-fprintf.o)
                              obj/default/MCAPI_Top/mcapi.o (fprintf)
c:/altera/13.1/nios2eds/bin/gnu/h-i686-mingw32/bin/../lib/gcc/nios2-elf/4.7.3/../../../../../H-i686-mingw32/nios2-elf/lib\libc.a(lib_a-fputs.o)
                              obj/default/MCAPI_Transport/mcapi_trans_nios.o (fputs)
c:/altera/13.1/nios2eds/bin/gnu/h-i686-mingw32/bin/../lib/gcc/nios2-elf/4.7.3/../../../../../H-i686-mingw32/nios2-elf/lib\libc.a(lib_a-fvwrite.o)
                              c:/altera/13.1/nios2eds/bin/gnu/h-i686-mingw32/bin/../lib/gcc/nios2-elf/4.7.3/../../../../../H-i686-mingw32/nios2-elf/lib\libc.a(lib_a-fputs.o) (__sfvwrite_r)
c:/altera/13.1/nios2eds/bin/gnu/h-i686-mingw32/bin/../lib/gcc/nios2-elf/4.7.3/../../../../../H-i686-mingw32/nios2-elf/lib\libc.a(lib_a-fwalk.o)
                              c:/altera/13.1/nios2eds/bin/gnu/h-i686-mingw32/bin/../lib/gcc/nios2-elf/4.7.3/../../../../../H-i686-mingw32/nios2-elf/lib\libc.a(lib_a-findfp.o) (_fwalk)
c:/altera/13.1/nios2eds/bin/gnu/h-i686-mingw32/bin/../lib/gcc/nios2-elf/4.7.3/../../../../../H-i686-mingw32/nios2-elf/lib\libc.a(lib_a-impure.o)
                              c:/altera/13.1/nios2eds/bin/gnu/h-i686-mingw32/bin/../lib/gcc/nios2-elf/4.7.3/../../../../../H-i686-mingw32/nios2-elf/lib\libc.a(lib_a-exit.o) (_global_impure_ptr)
c:/altera/13.1/nios2eds/bin/gnu/h-i686-mingw32/bin/../lib/gcc/nios2-elf/4.7.3/../../../../../H-i686-mingw32/nios2-elf/lib\libc.a(lib_a-mallocr.o)
                              c:/altera/13.1/nios2eds/bin/gnu/h-i686-mingw32/bin/../lib/gcc/nios2-elf/4.7.3/../../../../../H-i686-mingw32/nios2-elf/lib\libc.a(lib_a-findfp.o) (_malloc_r)
c:/altera/13.1/nios2eds/bin/gnu/h-i686-mingw32/bin/../lib/gcc/nios2-elf/4.7.3/../../../../../H-i686-mingw32/nios2-elf/lib\libc.a(lib_a-memchr.o)
                              c:/altera/13.1/nios2eds/bin/gnu/h-i686-mingw32/bin/../lib/gcc/nios2-elf/4.7.3/../../../../../H-i686-mingw32/nios2-elf/lib\libc.a(lib_a-fvwrite.o) (memchr)
c:/altera/13.1/nios2eds/bin/gnu/h-i686-mingw32/bin/../lib/gcc/nios2-elf/4.7.3/../../../../../H-i686-mingw32/nios2-elf/lib\libc.a(lib_a-memcpy.o)
                              obj/default/MCAPI_Transport/mcapi_trans_nios.o (memcpy)
c:/altera/13.1/nios2eds/bin/gnu/h-i686-mingw32/bin/../lib/gcc/nios2-elf/4.7.3/../../../../../H-i686-mingw32/nios2-elf/lib\libc.a(lib_a-memmove.o)
                              c:/altera/13.1/nios2eds/bin/gnu/h-i686-mingw32/bin/../lib/gcc/nios2-elf/4.7.3/../../../../../H-i686-mingw32/nios2-elf/lib\libc.a(lib_a-fvwrite.o) (memmove)
c:/altera/13.1/nios2eds/bin/gnu/h-i686-mingw32/bin/../lib/gcc/nios2-elf/4.7.3/../../../../../H-i686-mingw32/nios2-elf/lib\libc.a(lib_a-memset.o)
                              obj/default/MCAPI_Top/mcapi.o (memset)
c:/altera/13.1/nios2eds/bin/gnu/h-i686-mingw32/bin/../lib/gcc/nios2-elf/4.7.3/../../../../../H-i686-mingw32/nios2-elf/lib\libc.a(lib_a-printf.o)
                              obj/default/MCAPI_Transport/mcapi_trans_nios.o (printf)
c:/altera/13.1/nios2eds/bin/gnu/h-i686-mingw32/bin/../lib/gcc/nios2-elf/4.7.3/../../../../../H-i686-mingw32/nios2-elf/lib\libc.a(lib_a-puts.o)
                              obj/default/MCAPI_Transport/mcapi_trans_nios.o (puts)
c:/altera/13.1/nios2eds/bin/gnu/h-i686-mingw32/bin/../lib/gcc/nios2-elf/4.7.3/../../../../../H-i686-mingw32/nios2-elf/lib\libc.a(lib_a-rand.o)
                              obj/default/SysTestNode2.o (rand)
c:/altera/13.1/nios2eds/bin/gnu/h-i686-mingw32/bin/../lib/gcc/nios2-elf/4.7.3/../../../../../H-i686-mingw32/nios2-elf/lib\libc.a(lib_a-reallocr.o)
                              c:/altera/13.1/nios2eds/bin/gnu/h-i686-mingw32/bin/../lib/gcc/nios2-elf/4.7.3/../../../../../H-i686-mingw32/nios2-elf/lib\libc.a(lib_a-fvwrite.o) (_realloc_r)
[...]
Memory Configuration

Name             Origin             Length             Attributes
reset            0x00000000         0x00000020
onchip_sram      0x00000020         0x00057fe0
*default*        0x00000000         0xffffffff

Linker script and memory map

LOAD ../UcosiiBSP_for_cpu_s1//obj/HAL/src/crt0.o
LOAD obj/default/MCAPI_Top/mcapi.o
LOAD obj/default/MCAPI_Transport/mcapi_trans_nios.o
LOAD obj/default/NS_Layer/NS_layer.o
LOAD obj/default/PH_FifoDriver_UCOSII/PH_layer.o
LOAD obj/default/SysTestNode2.o
LOAD obj/default/UTILS/util_packet_handling.o
LOAD c:/altera/13.1/nios2eds/bin/gnu/h-i686-mingw32/bin/../lib/gcc/nios2-elf/4.7.3/../../../../../H-i686-mingw32/nios2-elf/lib\libstdc++.a
LOAD c:/altera/13.1/nios2eds/bin/gnu/h-i686-mingw32/bin/../lib/gcc/nios2-elf/4.7.3/../../../../../H-i686-mingw32/nios2-elf/lib\libm.a
LOAD c:/altera/13.1/nios2eds/bin/gnu/h-i686-mingw32/bin/../lib/gcc/nios2-elf/4.7.3\libgcc.a
START GROUP
LOAD c:/altera/13.1/nios2eds/bin/gnu/h-i686-mingw32/bin/../lib/gcc/nios2-elf/4.7.3/../../../../../H-i686-mingw32/nios2-elf/lib\libc.a
LOAD c:/altera/13.1/nios2eds/bin/gnu/h-i686-mingw32/bin/../lib/gcc/nios2-elf/4.7.3\libgcc.a
LOAD ../UcosiiBSP_for_cpu_s1/\libucosii_bsp.a
END GROUP
LOAD c:/altera/13.1/nios2eds/bin/gnu/h-i686-mingw32/bin/../lib/gcc/nios2-elf/4.7.3\libgcc.a
                0x00000000                __alt_mem_onchip_sram = 0x0

.entry          0x00000000       0x20
 *(.entry)
 .entry         0x00000000       0x20 ../UcosiiBSP_for_cpu_s1//obj/HAL/src/crt0.o
                0x00000000                __reset

.exceptions     0x00000020      0x134
                0x00000020                PROVIDE (__ram_exceptions_start, ABSOLUTE (.))
                0x00000020                . = ALIGN (0x20)
 *(.irq)
 *(.exceptions.entry.label)
 .exceptions.entry.label
                0x00000020        0x0 ../UcosiiBSP_for_cpu_s1/\libucosii_bsp.a(alt_irq_entry.o)
                0x00000020                alt_irq_entry
 .exceptions.entry.label
                0x00000020        0x0 ../UcosiiBSP_for_cpu_s1/\libucosii_bsp.a(alt_exception_entry.o)
                0x00000020                alt_exception
 *(.exceptions.entry.user)
 *(.exceptions.entry.ecc_fatal)
 *(.exceptions.entry)
 .exceptions.entry
                0x00000020       0x54 ../UcosiiBSP_for_cpu_s1/\libucosii_bsp.a(alt_exception_entry.o)
 *(.exceptions.irqtest.user)
 *(.exceptions.irqtest)
 .exceptions.irqtest
                0x00000074       0x10 ../UcosiiBSP_for_cpu_s1/\libucosii_bsp.a(alt_irq_entry.o)
 *(.exceptions.irqhandler.user)
 *(.exceptions.irqhandler)
 .exceptions.irqhandler
                0x00000084        0x4 ../UcosiiBSP_for_cpu_s1/\libucosii_bsp.a(alt_irq_entry.o)
 *(.exceptions.irqreturn.user)
 *(.exceptions.irqreturn)
 .exceptions.irqreturn
                0x00000088        0x4 ../UcosiiBSP_for_cpu_s1/\libucosii_bsp.a(alt_irq_entry.o)
 *(.exceptions.notirq.label)
 .exceptions.notirq.label
                0x0000008c        0x0 ../UcosiiBSP_for_cpu_s1/\libucosii_bsp.a(alt_irq_entry.o)
 *(.exceptions.notirq.user)
 *(.exceptions.notirq)
 .exceptions.notirq
                0x0000008c        0x8 ../UcosiiBSP_for_cpu_s1/\libucosii_bsp.a(alt_exception_entry.o)
 *(.exceptions.soft.user)
 *(.exceptions.soft)
 *(.exceptions.unknown.user)
 *(.exceptions.unknown)
 .exceptions.unknown
                0x00000094        0x4 ../UcosiiBSP_for_cpu_s1/\libucosii_bsp.a(alt_exception_entry.o)
 *(.exceptions.exit.label)
 .exceptions.exit.label
                0x00000098        0x0 ../UcosiiBSP_for_cpu_s1/\libucosii_bsp.a(alt_irq_entry.o)
 .exceptions.exit.label
                0x00000098        0x0 ../UcosiiBSP_for_cpu_s1/\libucosii_bsp.a(alt_exception_entry.o)
 *(.exceptions.exit.user)
 *(.exceptions.exit)
 .exceptions.exit
                0x00000098       0x54 ../UcosiiBSP_for_cpu_s1/\libucosii_bsp.a(alt_exception_entry.o)
 *(.exceptions)
 .exceptions    0x000000ec       0x68 ../UcosiiBSP_for_cpu_s1/\libucosii_bsp.a(alt_irq_handler.o)
                0x000000ec                alt_irq_handler
                0x00000154                PROVIDE (__ram_exceptions_end, ABSOLUTE (.))
                0x00000020                PROVIDE (__flash_exceptions_start, LOADADDR (.exceptions))

.text           0x00000154    0x19c20
                0x00000154                PROVIDE (stext, ABSOLUTE (.))
 *(.interp)
 *(.hash)
 *(.dynsym)
 *(.dynstr)
 *(.gnu.version)
 *(.gnu.version_d)
 *(.gnu.version_r)
 *(.rel.init)
 *(.rela.init)
 *(.rel.text .rel.text.* .rel.gnu.linkonce.t.*)
 *(.rela.text .rela.text.* .rela.gnu.linkonce.t.*)
 *(.rel.fini)
 *(.rela.fini)
 *(.rel.rodata .rel.rodata.* .rel.gnu.linkonce.r.*)
 *(.rela.rodata .rela.rodata.* .rela.gnu.linkonce.r.*)
 *(.rel.data .rel.data.* .rel.gnu.linkonce.d.*)
 *(.rela.data .rela.data.* .rela.gnu.linkonce.d.*)
 *(.rel.tdata .rel.tdata.* .rel.gnu.linkonce.td.*)
 *(.rela.tdata .rela.tdata.* .rela.gnu.linkonce.td.*)
 *(.rel.tbss .rel.tbss.* .rel.gnu.linkonce.tb.*)
 *(.rela.tbss .rela.tbss.* .rela.gnu.linkonce.tb.*)
 *(.rel.ctors)
 *(.rela.ctors)
 *(.rel.dtors)
 *(.rela.dtors)
 *(.rel.got)
 *(.rela.got)
 *(.rel.sdata .rel.sdata.* .rel.gnu.linkonce.s.*)
 *(.rela.sdata .rela.sdata.* .rela.gnu.linkonce.s.*)
 *(.rel.sbss .rel.sbss.* .rel.gnu.linkonce.sb.*)
 *(.rela.sbss .rela.sbss.* .rela.gnu.linkonce.sb.*)
 *(.rel.sdata2 .rel.sdata2.* .rel.gnu.linkonce.s2.*)
 *(.rela.sdata2 .rela.sdata2.* .rela.gnu.linkonce.s2.*)
 *(.rel.sbss2 .rel.sbss2.* .rel.gnu.linkonce.sb2.*)
 *(.rela.sbss2 .rela.sbss2.* .rela.gnu.linkonce.sb2.*)
 *(.rel.bss .rel.bss.* .rel.gnu.linkonce.b.*)
 *(.rela.bss .rela.bss.* .rela.gnu.linkonce.b.*)
 *(.rel.plt)
 *(.rela.plt)
 *(.rel.dyn)
 *(.init)
 *(.plt)
 *(.text .stub .text.* .gnu.linkonce.t.*)
 .text          0x00000154       0x3c ../UcosiiBSP_for_cpu_s1//obj/HAL/src/crt0.o
                0x00000154                _start
 .text          0x00000190     0x1e30 obj/default/MCAPI_Top/mcapi.o
                0x00000190                mcapi_display_status
                0x000005ac                mcapi_set_debug_level
                0x000005b0                mcapi_display_state
                0x000005b4                mcapi_initialize
                0x00000654                mcapi_node_init_attributes
                0x0000069c                mcapi_node_set_attribute
                0x000006ec                mcapi_node_get_attribute
                0x00000740                mcapi_finalize
                0x0000077c                mcapi_domain_id_get
                0x000007c8                mcapi_node_id_get
                0x00000814                mcapi_endpoint_create
                0x000008e4                mcapi_endpoint_get_i
                0x00000990                mcapi_endpoint_get
                0x00000a28                mcapi_endpoint_delete
                0x00000abc                mcapi_endpoint_get_attribute
                0x00000b3c                mcapi_msg_send_i
                0x00000bfc                mcapi_msg_send
                0x00000cbc                mcapi_msg_recv_i
                0x00000d88                mcapi_msg_recv
                0x00000e38                mcapi_msg_available
                0x00000e9c                mcapi_pktchan_connect_i
                0x00000f50                mcapi_pktchan_recv_open_i
                0x00001020                mcapi_pktchan_send_open_i
                0x000010f0                mcapi_pktchan_send_i
                0x0000118c                mcapi_pktchan_send
                0x0000120c                mcapi_pktchan_recv_i
                0x000012c4                mcapi_pktchan_recv
                0x00001374                mcapi_pktchan_available
                0x000013d8                mcapi_pktchan_release
                0x00001414                mcapi_pktchan_recv_close_i
                0x000014b4                mcapi_pktchan_send_close_i
                0x00001554                mcapi_sclchan_connect_i
                0x00001634                mcapi_sclchan_recv_open_i
                0x0000170c                mcapi_sclchan_send_open_i
                0x000017e4                mcapi_sclchan_send_uint64
                0x00001858                mcapi_sclchan_send_uint32
                0x000018f0                mcapi_sclchan_send_uint16
                0x00001968                mcapi_sclchan_send_uint8
                0x000019e8                mcapi_sclchan_recv_uint64
                0x00001a60                mcapi_sclchan_recv_uint32
                0x00001ad4                mcapi_sclchan_recv_uint16
                0x00001b48                mcapi_sclchan_recv_uint8
                0x00001bc4                mcapi_sclchan_available
                0x00001c28                mcapi_sclchan_recv_close_i
                0x00001cc8                mcapi_sclchan_send_close_i
                0x00001d68                mcapi_test
                0x00001e04                mcapi_wait
                0x00001ec8                mcapi_wait_any
                0x00001f64                mcapi_cancel
 .text          0x00001fc0     0x67b0 obj/default/MCAPI_Transport/mcapi_trans_nios.o
                0x00001fc0                MCAPI_ASSERT
                0x00001fe4                mca_dprintf
                0x00001ff8                mcapi_trans_remove_request_have_lock
                0x000020b8                mcapi_trans_reserve_request_have_lock
                0x00002154                mcapi_trans_init_indexed_array_have_lock
                0x00002200                mcapi_trans_initialize_database
                0x00002248                mcapi_trans_node_init_attributes
                0x0000226c                mcapi_trans_node_set_attribute
                0x000022bc                mcapi_trans_valid_port
                0x000022c4                mcapi_trans_valid_node
                0x000022cc                mcapi_trans_valid_domain
                0x000022d4                mcapi_trans_compatible_endpoint_attributes
                0x000022dc                mcapi_trans_valid_priority
                0x000022e4                mcapi_trans_valid_status_param
                0x000022ec                mcapi_trans_valid_version_param
                0x000022f4                mcapi_trans_valid_buffer_param
                0x000022fc                mcapi_trans_valid_size_param
                0x00002304                mcapi_trans_endpoint_set_attribute
                0x00002320                mcapi_trans_signal_handler
                0x00002324                mcapi_trans_decode_request_handle
                0x00002348                mcapi_trans_valid_request_handle
                0x00002364                mcapi_trans_recv_have_lock_
                0x000024f4                mcapi_trans_open_channel_have_lock
                0x00002528                mcapi_trans_close_channel_have_lock
                0x00002558                mcapi_trans_access_database_pre
                0x000025b0                mcapi_trans_access_database_post
                0x00002604                mcapi_trans_yield_have_lock
                0x00002640                mcapi_trans_pktchan_free
                0x000026c0                mcapi_trans_finalize
                0x0000272c                mcapi_trans_add_domain_and_node
                0x00002860                mcapi_trans_encode_handle
                0x000028e0                mcapi_trans_endpoint_get_
                0x00002a48                mcapi_trans_endpoint_get_have_lock
                0x00002af4                check_get_endpt_request_have_lock
                0x00002cf8                mcapi_trans_endpoint_create_
                0x00002e58                mcapi_trans_decode_handle
                0x00002ea4                mcapi_trans_connect_channel_have_lock
                0x00003004                cancel_receive_request_have_lock
                0x000031dc                mcapi_trans_cancel
                0x000032f0                mcapi_trans_display_state_have_lock
                0x0000393c                mcapi_trans_display_state
                0x0000399c                setup_request_have_lock
                0x00003c14                mcapi_trans_endpoint_get_i
                0x00003d88                mcapi_trans_sclchan_available_i
                0x00003e34                mcapi_trans_pktchan_available
                0x00003ee0                mcapi_trans_msg_available
                0x00003f8c                mcapi_trans_endpoint_delete
                0x00004058                mcapi_trans_endpoint_get_attribute
                0x00004158                mcapi_trans_connected
                0x00004200                mcapi_trans_valid_sclchan_recv_handle
                0x000042a8                mcapi_trans_valid_sclchan_send_handle
                0x00004350                mcapi_trans_valid_pktchan_recv_handle
                0x000043f8                mcapi_trans_valid_pktchan_send_handle
                0x000044a0                mcapi_trans_channel_connected
                0x00004570                mcapi_trans_endpoint_channel_isopen
                0x00004638                mcapi_trans_sclchan_send_isopen
                0x0000463c                mcapi_trans_sclchan_recv_isopen
                0x00004640                mcapi_trans_pktchan_send_isopen
                0x00004644                mcapi_trans_pktchan_recv_isopen
                0x00004648                check_close_channel_request_have_lock
                0x00004790                check_open_channel_request_have_lock
                0x000048ac                mcapi_trans_valid_endpoints
                0x0000494c                mcapi_trans_valid_endpoint
                0x000049f4                mcapi_trans_recv_endpoint
                0x00004aa8                mcapi_trans_send_endpoint
                0x00004b5c                mcapi_trans_channel_type
                0x00004c08                mcapi_trans_sclchan_connect_i
                0x00004d30                mcapi_trans_pktchan_connect_i
                0x00004e58                mcapi_trans_sclchan_send_close_i
                0x00005034                mcapi_trans_sclchan_send_open_i
                0x00005220                mcapi_trans_sclchan_recv_open_i
                0x0000540c                mcapi_trans_pktchan_send_close_i
                0x000055e8                mcapi_trans_pktchan_send_open_i
                0x000057d0                mcapi_trans_pktchan_recv_open_i
                0x000059b8                mcapi_trans_get_database_indices
                0x00005a10                mcapi_trans_initialize
                0x00005b28                mcapi_trans_whoami
                0x00005b60                mcapi_trans_endpoint_create
                0x00005cd0                mcapi_trans_num_endpoints
                0x00005d7c                mcapi_trans_initialized
                0x00005de8                mcapi_trans_endpoint_exists_
                0x00005e90                mcapi_trans_endpoint_exists
                0x00005f6c                mcapi_trans_node_get_attribute
                0x0000615c                mcapi_trans_get_domain_num
                0x00006184                mcapi_trans_get_node_num
                0x000061a8                mcapi_trans_endpoint_isowner
                0x00006280                print_queue
                0x00006594                mcapi_trans_push_queue
                0x00006624                mcapi_trans_compact_queue
                0x000066e8                mcapi_trans_pop_queue
                0x00006810                check_receive_request_have_lock
                0x00006a48                mcapi_trans_test_i
                0x00006c20                mcapi_trans_wait_any
                0x00006cf8                mcapi_trans_wait
                0x00006da8                mcapi_trans_endpoint_get
                0x00006dfc                mcapi_trans_send_have_lock
                0x00006fbc                mcapi_trans_sclchan_send
                0x00007158                mcapi_trans_pktchan_send_i
                0x00007438                mcapi_trans_pktchan_send
                0x000074bc                mcapi_trans_msg_send_i
                0x000077b8                mcapi_trans_msg_send
                0x000078a8                mcapi_trans_send
                0x00007a84                mcapi_trans_empty_queue
                0x00007b14                mcapi_trans_recv_have_lock
                0x00007c7c                mcapi_trans_sclchan_recv
                0x00007d54                mcapi_trans_pktchan_recv_i
                0x00007ea4                mcapi_trans_pktchan_recv
                0x00007f28                mcapi_trans_msg_recv_i
                0x000080d4                mcapi_trans_msg_recv
                0x0000816c                mcapi_trans_sclchan_recv_close_i
                0x00008454                mcapi_trans_pktchan_recv_close_i
                0x00008734                mcapi_trans_full_queue
 .text.unlikely
                0x00008770       0x30 obj/default/MCAPI_Transport/mcapi_trans_nios.o
 .text          0x000087a0      0xe74 obj/default/NS_Layer/NS_layer.o
                0x000087a0                getIndex
                0x000087cc                NS_get_serviceRequestID
                0x00008890                NS_getCallID
                0x000089a8                NS_releaseCallID
                0x00008a80                NS_layer_exit
                0x00008a88                NS_init
                0x00008b9c                NS_getRemoteEndpoint_request
                0x00008dcc                NS_getRemoteEndpoint_response
                0x00008f08                NS_endpointChannelIsopen_request
                0x00009108                NS_endpointChannelIsopen_response
                0x000091f4                NS_sendDataToRemote_request
                0x0000936c                NS_sendDataToRemote_indication
                0x00009470                NS_unlock_waiting_request
                0x00009518                NS_layer_receive
 .text          0x00009614      0x680 obj/default/PH_FifoDriver_UCOSII/PH_layer.o
                0x00009614                PH_FIFO2_RcvTask
                0x000096c0                PH_FIFO1_RcvTask
                0x0000976c                PH_FIFO2_ISR
                0x000097e0                PH_FIFO1_ISR
                0x00009854                PH_send_request
                0x000099ec                cpu_fifo_bridge_init
                0x00009a14                PH_init
 .text          0x00009c94      0x810 obj/default/SysTestNode2.o
                0x00009c94                sys_stop
                0x00009c98                check_status
                0x00009ce4                init_task
                0x00009f5c                node2_sendMSG_to_node1_task
                0x0000a0a4                node2_recvMSG_from_node1_task
                0x0000a1f8                node2_recvMSG_from_node0_task
                0x0000a34c                node2_sendMSG_to_node0_task
 .text.startup  0x0000a4a4       0xa8 obj/default/SysTestNode2.o
                0x0000a4a4                main
 .text          0x0000a54c      0x33c obj/default/UTILS/util_packet_handling.o
                0x0000a54c                pack_add_8
                0x0000a558                pack_add_u8
                0x0000a564                pack_add_16
                0x0000a578                pack_add_u16
                0x0000a58c                pack_add_32
                0x0000a5b0                pack_add_u32
                0x0000a5d4                pack_add_64
                0x0000a614                pack_add_u64
                0x0000a654                pack_add_flt
                0x0000a688                pack_add_adr
                0x0000a6ac                pack_get_8
                0x0000a6b8                pack_get_u8
                0x0000a6c4                pack_get_16
                0x0000a6e8                pack_get_u16
                0x0000a70c                pack_get_32
                0x0000a740                pack_get_u32
                0x0000a774                pack_get_64
                0x0000a7cc                pack_get_u64
                0x0000a824                pack_get_flt
                0x0000a858                pack_get_adr
 .text          0x0000a888      0x130 c:/altera/13.1/nios2eds/bin/gnu/h-i686-mingw32/bin/../lib/gcc/nios2-elf/4.7.3\libgcc.a(lib2-divmod.o)
                0x0000a8fc                __divsi3
                0x0000a94c                __modsi3
                0x0000a9a8                __udivsi3
                0x0000a9b0                __umodsi3
 .text          0x0000a9b8       0x38 c:/altera/13.1/nios2eds/bin/gnu/h-i686-mingw32/bin/../lib/gcc/nios2-elf/4.7.3/../../../../../H-i686-mingw32/nios2-elf/lib\libc.a(lib_a-exit.o)
                0x0000a9b8                exit
 .text          0x0000a9f0      0x218 c:/altera/13.1/nios2eds/bin/gnu/h-i686-mingw32/bin/../lib/gcc/nios2-elf/4.7.3/../../../../../H-i686-mingw32/nios2-elf/lib\libc.a(lib_a-fflush.o)
                0x0000a9f0                _fflush_r
                0x0000abd8                fflush
 .text          0x0000ac08      0x2d8 c:/altera/13.1/nios2eds/bin/gnu/h-i686-mingw32/bin/../lib/gcc/nios2-elf/4.7.3/../../../../../H-i686-mingw32/nios2-elf/lib\libc.a(lib_a-findfp.o)
                0x0000ac18                _cleanup_r
                0x0000ac24                __sfmoreglue
                0x0000ac88                _cleanup
                0x0000ac98                __sinit
                0x0000ada4                __sfp
                0x0000aea0                __sfp_lock_acquire
                0x0000aea4                __sfp_lock_release
                0x0000aea8                __sinit_lock_acquire
                0x0000aeac                __sinit_lock_release
                0x0000aeb0                __fp_lock_all
                0x0000aec8                __fp_unlock_all
 .text          0x0000aee0       0x4c c:/altera/13.1/nios2eds/bin/gnu/h-i686-mingw32/bin/../lib/gcc/nios2-elf/4.7.3/../../../../../H-i686-mingw32/nios2-elf/lib\libc.a(lib_a-fprintf.o)
                0x0000aee0                _fprintf_r
                0x0000af08                fprintf
 .text          0x0000af2c       0x90 c:/altera/13.1/nios2eds/bin/gnu/h-i686-mingw32/bin/../lib/gcc/nios2-elf/4.7.3/../../../../../H-i686-mingw32/nios2-elf/lib\libc.a(lib_a-fputs.o)
                0x0000af2c                _fputs_r
                0x0000afa0                fputs
 .text          0x0000afbc      0x4e4 c:/altera/13.1/nios2eds/bin/gnu/h-i686-mingw32/bin/../lib/gcc/nios2-elf/4.7.3/../../../../../H-i686-mingw32/nios2-elf/lib\libc.a(lib_a-fvwrite.o)
                0x0000afbc                __sfvwrite_r
 .text          0x0000b4a0      0x160 c:/altera/13.1/nios2eds/bin/gnu/h-i686-mingw32/bin/../lib/gcc/nios2-elf/4.7.3/../../../../../H-i686-mingw32/nios2-elf/lib\libc.a(lib_a-fwalk.o)
                0x0000b4a0                _fwalk
                0x0000b548                _fwalk_reent
 .text          0x0000b600        0x0 c:/altera/13.1/nios2eds/bin/gnu/h-i686-mingw32/bin/../lib/gcc/nios2-elf/4.7.3/../../../../../H-i686-mingw32/nios2-elf/lib\libc.a(lib_a-impure.o)
 .text          0x0000b600      0x784 c:/altera/13.1/nios2eds/bin/gnu/h-i686-mingw32/bin/../lib/gcc/nios2-elf/4.7.3/../../../../../H-i686-mingw32/nios2-elf/lib\libc.a(lib_a-mallocr.o)
                0x0000b600                _malloc_r
 .text          0x0000bd84       0xf8 c:/altera/13.1/nios2eds/bin/gnu/h-i686-mingw32/bin/../lib/gcc/nios2-elf/4.7.3/../../../../../H-i686-mingw32/nios2-elf/lib\libc.a(lib_a-memchr.o)
                0x0000bd84                memchr
 .text          0x0000be7c       0xf8 c:/altera/13.1/nios2eds/bin/gnu/h-i686-mingw32/bin/../lib/gcc/nios2-elf/4.7.3/../../../../../H-i686-mingw32/nios2-elf/lib\libc.a(lib_a-memcpy.o)
                0x0000be7c                memcpy
 .text          0x0000bf74      0x128 c:/altera/13.1/nios2eds/bin/gnu/h-i686-mingw32/bin/../lib/gcc/nios2-elf/4.7.3/../../../../../H-i686-mingw32/nios2-elf/lib\libc.a(lib_a-memmove.o)
                0x0000bf74                memmove
 .text          0x0000c09c       0xdc c:/altera/13.1/nios2eds/bin/gnu/h-i686-mingw32/bin/../lib/gcc/nios2-elf/4.7.3/../../../../../H-i686-mingw32/nios2-elf/lib\libc.a(lib_a-memset.o)
                0x0000c09c                memset
 .text          0x0000c178       0x68 c:/altera/13.1/nios2eds/bin/gnu/h-i686-mingw32/bin/../lib/gcc/nios2-elf/4.7.3/../../../../../H-i686-mingw32/nios2-elf/lib\libc.a(lib_a-printf.o)
                0x0000c178                _printf_r
                0x0000c1a4                printf
 .text          0x0000c1e0       0x98 c:/altera/13.1/nios2eds/bin/gnu/h-i686-mingw32/bin/../lib/gcc/nios2-elf/4.7.3/../../../../../H-i686-mingw32/nios2-elf/lib\libc.a(lib_a-puts.o)
                0x0000c1e0                _puts_r
                0x0000c264                puts
 .text          0x0000c278       0x7c c:/altera/13.1/nios2eds/bin/gnu/h-i686-mingw32/bin/../lib/gcc/nios2-elf/4.7.3/../../../../../H-i686-mingw32/nios2-elf/lib\libc.a(lib_a-rand.o)
                0x0000c278                srand
                0x0000c290                rand
 .text          0x0000c2f4      0x5fc c:/altera/13.1/nios2eds/bin/gnu/h-i686-mingw32/bin/../lib/gcc/nios2-elf/4.7.3/../../../../../H-i686-mingw32/nios2-elf/lib\libc.a(lib_a-reallocr.o)
                0x0000c2f4                _realloc_r
 .text          0x0000c8f0       0x64 c:/altera/13.1/nios2eds/bin/gnu/h-i686-mingw32/bin/../lib/gcc/nios2-elf/4.7.3/../../../../../H-i686-mingw32/nios2-elf/lib\libc.a(lib_a-sbrkr.o)
                0x0000c8f0                _sbrk_r
 .text          0x0000c954      0x140 c:/altera/13.1/nios2eds/bin/gnu/h-i686-mingw32/bin/../lib/gcc/nios2-elf/4.7.3/../../../../../H-i686-mingw32/nios2-elf/lib\libc.a(lib_a-stdio.o)
                0x0000c954                __sread
                0x0000c9a8                __swrite
                0x0000ca30                __sseek
                0x0000ca8c                __sclose
 .text          0x0000ca94       0x94 c:/altera/13.1/nios2eds/bin/gnu/h-i686-mingw32/bin/../lib/gcc/nios2-elf/4.7.3/../../../../../H-i686-mingw32/nios2-elf/lib\libc.a(lib_a-strcpy.o)
                0x0000ca94                strcpy
 .text          0x0000cb28       0x8c c:/altera/13.1/nios2eds/bin/gnu/h-i686-mingw32/bin/../lib/gcc/nios2-elf/4.7.3/../../../../../H-i686-mingw32/nios2-elf/lib\libc.a(lib_a-strlen.o)
                0x0000cb28                strlen
 .text          0x0000cbb4     0x1e50 c:/altera/13.1/nios2eds/bin/gnu/h-i686-mingw32/bin/../lib/gcc/nios2-elf/4.7.3/../../../../../H-i686-mingw32/nios2-elf/lib\libc.a(lib_a-vfprintf.o)
                0x0000cbe8                ___vfprintf_internal_r
                0x0000e9e0                __vfprintf_internal
 .text          0x0000ea04       0x6c c:/altera/13.1/nios2eds/bin/gnu/h-i686-mingw32/bin/../lib/gcc/nios2-elf/4.7.3/../../../../../H-i686-mingw32/nios2-elf/lib\libc.a(lib_a-writer.o)
                0x0000ea04                _write_r
 .text          0x0000ea70      0x174 c:/altera/13.1/nios2eds/bin/gnu/h-i686-mingw32/bin/../lib/gcc/nios2-elf/4.7.3/../../../../../H-i686-mingw32/nios2-elf/lib\libc.a(lib_a-wsetup.o)
                0x0000ea70                __swsetup_r
 .text          0x0000ebe4      0x1a0 c:/altera/13.1/nios2eds/bin/gnu/h-i686-mingw32/bin/../lib/gcc/nios2-elf/4.7.3/../../../../../H-i686-mingw32/nios2-elf/lib\libc.a(lib_a-__call_atexit.o)
                0x0000ebe4                __call_exitprocs
 .text          0x0000ed84       0x64 c:/altera/13.1/nios2eds/bin/gnu/h-i686-mingw32/bin/../lib/gcc/nios2-elf/4.7.3/../../../../../H-i686-mingw32/nios2-elf/lib\libc.a(lib_a-closer.o)
                0x0000ed84                _close_r
 .text          0x0000ede8     0x1824 c:/altera/13.1/nios2eds/bin/gnu/h-i686-mingw32/bin/../lib/gcc/nios2-elf/4.7.3/../../../../../H-i686-mingw32/nios2-elf/lib\libc.a(lib_a-dtoa.o)
                0x0000eff0                _dtoa_r
 .text          0x0001060c      0x150 c:/altera/13.1/nios2eds/bin/gnu/h-i686-mingw32/bin/../lib/gcc/nios2-elf/4.7.3/../../../../../H-i686-mingw32/nios2-elf/lib\libc.a(lib_a-fclose.o)
                0x0001060c                _fclose_r
                0x00010748                fclose
 .text          0x0001075c      0x40c c:/altera/13.1/nios2eds/bin/gnu/h-i686-mingw32/bin/../lib/gcc/nios2-elf/4.7.3/../../../../../H-i686-mingw32/nios2-elf/lib\libc.a(lib_a-freer.o)
                0x0001075c                _malloc_trim_r
                0x00010898                _free_r
 .text          0x00010b68        0x0 c:/altera/13.1/nios2eds/bin/gnu/h-i686-mingw32/bin/../lib/gcc/nios2-elf/4.7.3/../../../../../H-i686-mingw32/nios2-elf/lib\libc.a(lib_a-int_errno.o)
 .text          0x00010b68       0xdc c:/altera/13.1/nios2eds/bin/gnu/h-i686-mingw32/bin/../lib/gcc/nios2-elf/4.7.3/../../../../../H-i686-mingw32/nios2-elf/lib\libc.a(lib_a-locale.o)
                0x00010b68                _setlocale_r
                0x00010c04                __locale_charset
                0x00010c10                _localeconv_r
                0x00010c1c                setlocale
                0x00010c38                localeconv
 .text          0x00010c44       0x6c c:/altera/13.1/nios2eds/bin/gnu/h-i686-mingw32/bin/../lib/gcc/nios2-elf/4.7.3/../../../../../H-i686-mingw32/nios2-elf/lib\libc.a(lib_a-lseekr.o)
                0x00010c44                _lseek_r
 .text          0x00010cb0      0x1a8 c:/altera/13.1/nios2eds/bin/gnu/h-i686-mingw32/bin/../lib/gcc/nios2-elf/4.7.3/../../../../../H-i686-mingw32/nios2-elf/lib\libc.a(lib_a-makebuf.o)
                0x00010cb0                __smakebuf_r
 .text          0x00010e58      0xfa8 c:/altera/13.1/nios2eds/bin/gnu/h-i686-mingw32/bin/../lib/gcc/nios2-elf/4.7.3/../../../../../H-i686-mingw32/nios2-elf/lib\libc.a(lib_a-mprec.o)
                0x00010e58                _Balloc
                0x00010f00                _Bfree
                0x00010f28                __multadd
                0x0001103c                __s2b
                0x00011140                __hi0bits
                0x000111a8                __lo0bits
                0x00011258                __i2b
                0x00011294                __multiply
                0x00011474                __pow5mult
                0x000115a0                __lshift
                0x000116fc                __mcmp
                0x00011754                __mdiff
                0x000118fc                __ulp
                0x0001195c                __b2d
                0x00011aa4                __d2b
                0x00011be8                __ratio
                0x00011c8c                _mprec_log10
                0x00011d00                __copybits
                0x00011d7c                __any_on
 .text          0x00011e00       0x6c c:/altera/13.1/nios2eds/bin/gnu/h-i686-mingw32/bin/../lib/gcc/nios2-elf/4.7.3/../../../../../H-i686-mingw32/nios2-elf/lib\libc.a(lib_a-readr.o)
                0x00011e00                _read_r
 .text          0x00011e6c       0x38 c:/altera/13.1/nios2eds/bin/gnu/h-i686-mingw32/bin/../lib/gcc/nios2-elf/4.7.3/../../../../../H-i686-mingw32/nios2-elf/lib\libc.a(lib_a-s_isinfd.o)
                0x00011e6c                __isinfd
 .text          0x00011ea4       0x2c c:/altera/13.1/nios2eds/bin/gnu/h-i686-mingw32/bin/../lib/gcc/nios2-elf/4.7.3/../../../../../H-i686-mingw32/nios2-elf/lib\libc.a(lib_a-s_isnand.o)
                0x00011ea4                __isnand
 .text          0x00011ed0       0xa4 c:/altera/13.1/nios2eds/bin/gnu/h-i686-mingw32/bin/../lib/gcc/nios2-elf/4.7.3/../../../../../H-i686-mingw32/nios2-elf/lib\libc.a(lib_a-strcmp.o)
                0x00011ed0                strcmp
 .text          0x00011f74       0xbc c:/altera/13.1/nios2eds/bin/gnu/h-i686-mingw32/bin/../lib/gcc/nios2-elf/4.7.3/../../../../../H-i686-mingw32/nios2-elf/lib\libc.a(lib_a-callocr.o)
                0x00011f74                _calloc_r
 .text          0x00012030       0x68 c:/altera/13.1/nios2eds/bin/gnu/h-i686-mingw32/bin/../lib/gcc/nios2-elf/4.7.3/../../../../../H-i686-mingw32/nios2-elf/lib\libc.a(lib_a-fstatr.o)
                0x00012030                _fstat_r
 .text          0x00012098       0x64 c:/altera/13.1/nios2eds/bin/gnu/h-i686-mingw32/bin/../lib/gcc/nios2-elf/4.7.3/../../../../../H-i686-mingw32/nios2-elf/lib\libc.a(lib_a-isattyr.o)
                0x00012098                _isatty_r
 .text          0x000120fc       0x60 c:/altera/13.1/nios2eds/bin/gnu/h-i686-mingw32/bin/../lib/gcc/nios2-elf/4.7.3\libgcc.a(_muldi3.o)
                0x000120fc                __muldi3
 .text          0x0001215c      0x5c8 c:/altera/13.1/nios2eds/bin/gnu/h-i686-mingw32/bin/../lib/gcc/nios2-elf/4.7.3\libgcc.a(_udivdi3.o)
                0x0001215c                __udivdi3
 .text          0x00012724      0x58c c:/altera/13.1/nios2eds/bin/gnu/h-i686-mingw32/bin/../lib/gcc/nios2-elf/4.7.3\libgcc.a(_umoddi3.o)
                0x00012724                __umoddi3
 .text          0x00012cb0      0x408 c:/altera/13.1/nios2eds/bin/gnu/h-i686-mingw32/bin/../lib/gcc/nios2-elf/4.7.3\libgcc.a(_addsub_df.o)
                0x00013004                __adddf3
                0x00013058                __subdf3
 .text          0x000130b8      0x2e4 c:/altera/13.1/nios2eds/bin/gnu/h-i686-mingw32/bin/../lib/gcc/nios2-elf/4.7.3\libgcc.a(_mul_df.o)
                0x000130b8                __muldf3
 .text          0x0001339c      0x1b4 c:/altera/13.1/nios2eds/bin/gnu/h-i686-mingw32/bin/../lib/gcc/nios2-elf/4.7.3\libgcc.a(_div_df.o)
                0x0001339c                __divdf3
 .text          0x00013550       0x5c c:/altera/13.1/nios2eds/bin/gnu/h-i686-mingw32/bin/../lib/gcc/nios2-elf/4.7.3\libgcc.a(_eq_df.o)
                0x00013550                __eqdf2
 .text          0x000135ac       0x5c c:/altera/13.1/nios2eds/bin/gnu/h-i686-mingw32/bin/../lib/gcc/nios2-elf/4.7.3\libgcc.a(_ne_df.o)
                0x000135ac                __nedf2
 .text          0x00013608       0x64 c:/altera/13.1/nios2eds/bin/gnu/h-i686-mingw32/bin/../lib/gcc/nios2-elf/4.7.3\libgcc.a(_gt_df.o)
                0x00013608                __gtdf2
 .text          0x0001366c       0x64 c:/altera/13.1/nios2eds/bin/gnu/h-i686-mingw32/bin/../lib/gcc/nios2-elf/4.7.3\libgcc.a(_ge_df.o)
                0x0001366c                __gedf2
 .text          0x000136d0       0x5c c:/altera/13.1/nios2eds/bin/gnu/h-i686-mingw32/bin/../lib/gcc/nios2-elf/4.7.3\libgcc.a(_lt_df.o)
                0x000136d0                __ltdf2
 .text          0x0001372c       0xd4 c:/altera/13.1/nios2eds/bin/gnu/h-i686-mingw32/bin/../lib/gcc/nios2-elf/4.7.3\libgcc.a(_si_to_df.o)
                0x0001372c                __floatsidf
 .text          0x00013800       0xd4 c:/altera/13.1/nios2eds/bin/gnu/h-i686-mingw32/bin/../lib/gcc/nios2-elf/4.7.3\libgcc.a(_df_to_si.o)
                0x00013800                __fixdfsi
 .text          0x000138d4        0x0 c:/altera/13.1/nios2eds/bin/gnu/h-i686-mingw32/bin/../lib/gcc/nios2-elf/4.7.3\libgcc.a(_thenan_df.o)
 .text          0x000138d4      0x11c c:/altera/13.1/nios2eds/bin/gnu/h-i686-mingw32/bin/../lib/gcc/nios2-elf/4.7.3\libgcc.a(_usi_to_df.o)
                0x000138d4                __floatunsidf
 .text          0x000139f0        0x0 c:/altera/13.1/nios2eds/bin/gnu/h-i686-mingw32/bin/../lib/gcc/nios2-elf/4.7.3\libgcc.a(_clz.o)
 .text          0x000139f0       0xac c:/altera/13.1/nios2eds/bin/gnu/h-i686-mingw32/bin/../lib/gcc/nios2-elf/4.7.3\libgcc.a(_clzsi2.o)
                0x000139f0                __clzsi2
 .text          0x00013a9c      0x224 c:/altera/13.1/nios2eds/bin/gnu/h-i686-mingw32/bin/../lib/gcc/nios2-elf/4.7.3\libgcc.a(_pack_df.o)
                0x00013a9c                __pack_d
 .text          0x00013cc0      0x104 c:/altera/13.1/nios2eds/bin/gnu/h-i686-mingw32/bin/../lib/gcc/nios2-elf/4.7.3\libgcc.a(_unpack_df.o)
                0x00013cc0                __unpack_d
 .text          0x00013dc4       0xd0 c:/altera/13.1/nios2eds/bin/gnu/h-i686-mingw32/bin/../lib/gcc/nios2-elf/4.7.3\libgcc.a(_fpcmp_parts_df.o)
                0x00013dc4                __fpcmp_parts_d
 .text          0x00013e94       0x44 c:/altera/13.1/nios2eds/bin/gnu/h-i686-mingw32/bin/../lib/gcc/nios2-elf/4.7.3\libgcc.a(_lshrdi3.o)
                0x00013e94                __lshrdi3
 .text          0x00013ed8       0x44 c:/altera/13.1/nios2eds/bin/gnu/h-i686-mingw32/bin/../lib/gcc/nios2-elf/4.7.3\libgcc.a(_ashldi3.o)
                0x00013ed8                __ashldi3
 .text          0x00013f1c       0xc4 ../UcosiiBSP_for_cpu_s1/\libucosii_bsp.a(alt_close.o)
                0x00013f1c                close
 .text          0x00013fe0        0x8 ../UcosiiBSP_for_cpu_s1/\libucosii_bsp.a(alt_dev.o)
 .text          0x00013fe8        0x0 ../UcosiiBSP_for_cpu_s1/\libucosii_bsp.a(alt_errno.o)
 .text          0x00013fe8       0x20 ../UcosiiBSP_for_cpu_s1/\libucosii_bsp.a(alt_exit.o)
                0x00013fe8                _exit
 .text          0x00014008       0x80 ../UcosiiBSP_for_cpu_s1/\libucosii_bsp.a(alt_fstat.o)
                0x00014008                fstat
 .text          0x00014088       0x88 ../UcosiiBSP_for_cpu_s1/\libucosii_bsp.a(alt_irq_register.o)
                0x00014088                alt_irq_register
 .text          0x00014110        0x0 ../UcosiiBSP_for_cpu_s1/\libucosii_bsp.a(alt_irq_vars.o)
 .text          0x00014110       0x80 ../UcosiiBSP_for_cpu_s1/\libucosii_bsp.a(alt_isatty.o)
                0x00014110                isatty
 .text          0x00014190      0x104 ../UcosiiBSP_for_cpu_s1/\libucosii_bsp.a(alt_load.o)
                0x00014190                alt_load
 .text          0x00014294       0x8c ../UcosiiBSP_for_cpu_s1/\libucosii_bsp.a(alt_lseek.o)
                0x00014294                lseek
 .text          0x00014320       0x98 ../UcosiiBSP_for_cpu_s1/\libucosii_bsp.a(alt_main.o)
                0x00014320                alt_main
 .text          0x000143b8       0xa8 ../UcosiiBSP_for_cpu_s1/\libucosii_bsp.a(alt_read.o)
                0x000143d8                read
 .text          0x00014460       0x24 ../UcosiiBSP_for_cpu_s1/\libucosii_bsp.a(alt_release_fd.o)
                0x00014460                alt_release_fd
 .text          0x00014484       0x4c ../UcosiiBSP_for_cpu_s1/\libucosii_bsp.a(alt_sbrk.o)
                0x00014484                sbrk
 .text          0x000144d0       0xf0 ../UcosiiBSP_for_cpu_s1/\libucosii_bsp.a(alt_usleep.o)
                0x000144d0                usleep
 .text          0x000145c0       0xa4 ../UcosiiBSP_for_cpu_s1/\libucosii_bsp.a(alt_write.o)
                0x000145e0                write
 .text          0x00014664       0xa8 ../UcosiiBSP_for_cpu_s1/\libucosii_bsp.a(alt_env_lock.o)
                0x00014664                __env_lock
                0x000146e4                __env_unlock
 .text          0x0001470c      0x104 ../UcosiiBSP_for_cpu_s1/\libucosii_bsp.a(alt_malloc_lock.o)
                0x0001470c                __malloc_lock
                0x000147b8                __malloc_unlock
 .text          0x00014810     0x1080 ../UcosiiBSP_for_cpu_s1/\libucosii_bsp.a(os_core.o)
                0x0001484c                OS_TaskIdle
                0x00014880                OSIntEnter
                0x000148bc                OSIntExit
                0x00014964                OSSchedLock
                0x000149a8                OSStart
                0x000149fc                OSStatInit
                0x00014a60                OSTimeTick
                0x00014b78                OSVersion
                0x00014b80                OS_Dummy
                0x00014b84                OS_EventTaskWait
                0x00014bf4                OS_EventTaskWaitMulti
                0x00014c70                OS_EventTaskRemove
                0x00014cac                OS_EventTaskRemoveMulti
                0x00014cfc                OS_EventTaskRdy
                0x00014df4                OS_EventWaitListInit
                0x00014e10                OS_MemClr
                0x00014e2c                OSInit
                0x0001501c                OS_MemCopy
                0x00015040                OS_Sched
                0x000150c8                OSSchedUnlock
                0x0001511c                OSEventPendMulti
                0x00015444                OS_StrCopy
                0x00015470                OSEventNameGet
                0x00015510                OS_StrLen
                0x0001552c                OSEventNameSet
                0x000155f0                OS_TaskStatStkChk
                0x0001568c                OS_TaskStat
                0x00015718                OS_TCBInit
 .text          0x00015890        0x4 ../UcosiiBSP_for_cpu_s1/\libucosii_bsp.a(os_dbg.o)
                0x00015890                OSDebugInit
 .text          0x00015894      0xb68 ../UcosiiBSP_for_cpu_s1/\libucosii_bsp.a(os_flag.o)
                0x00015930                OSFlagAccept
                0x00015a78                OSFlagCreate
                0x00015b00                OSFlagNameGet
                0x00015ba8                OSFlagNameSet
                0x00015c74                OSFlagPendGetFlagsRdy
                0x00015c9c                OSFlagQuery
                0x00015cec                OS_FlagInit
                0x00015d60                OS_FlagUnlink
                0x00015e28                OSFlagPost
                0x00015fdc                OSFlagDel
                0x00016134                OSFlagPend
 .text          0x000163fc      0x3b0 ../UcosiiBSP_for_cpu_s1/\libucosii_bsp.a(os_mem.o)
                0x000163fc                OSMemCreate
                0x000164c8                OSMemGet
                0x00016524                OSMemNameGet
                0x000165b4                OSMemNameSet
                0x00016668                OSMemPut
                0x000166c8                OSMemQuery
                0x0001672c                OS_MemInit
 .text          0x000167ac      0x958 ../UcosiiBSP_for_cpu_s1/\libucosii_bsp.a(os_mutex.o)
                0x00016864                OSMutexAccept
                0x00016928                OSMutexCreate
                0x00016a30                OSMutexDel
                0x00016bf4                OSMutexPend
                0x00016ee8                OSMutexPost
                0x00017048                OSMutexQuery
 .text          0x00017104      0x9b8 ../UcosiiBSP_for_cpu_s1/\libucosii_bsp.a(os_q.o)
                0x00017104                OSQAccept
                0x00017198                OSQCreate
                0x0001728c                OSQDel
                0x00017414                OSQFlush
                0x00017464                OSQPend
                0x000175f4                OSQPendAbort
                0x000176dc                OSQPost
                0x0001779c                OSQPostFront
                0x00017860                OSQPostOpt
                0x000179b0                OSQQuery
                0x00017a58                OS_QInit
 .text          0x00017abc      0x5f0 ../UcosiiBSP_for_cpu_s1/\libucosii_bsp.a(os_sem.o)
                0x00017abc                OSSemAccept
                0x00017b00                OSSemCreate
                0x00017b8c                OSSemDel
                0x00017ce4                OSSemPend
                0x00017e38                OSSemPendAbort
                0x00017f24                OSSemPost
                0x00017fc4                OSSemQuery
                0x00018044                OSSemSet
 .text          0x000180ac      0xe14 ../UcosiiBSP_for_cpu_s1/\libucosii_bsp.a(os_task.o)
                0x000180ac                OSTaskChangePrio
                0x0001833c                OSTaskCreate
                0x00018438                OSTaskDel
                0x00018690                OSTaskDelReq
                0x00018744                OSTaskNameGet
                0x00018834                OSTaskNameSet
                0x00018948                OSTaskResume
                0x00018a54                OSTaskStkChk
                0x00018b48                OSTaskSuspend
                0x00018c70                OSTaskQuery
                0x00018d38                OS_TaskStkClr
                0x00018d5c                OSTaskCreateExt
 .text          0x00018ec0      0x358 ../UcosiiBSP_for_cpu_s1/\libucosii_bsp.a(os_time.o)
                0x00018ec0                OSTimeDly
                0x00018f4c                OSTimeDlyHMSM
                0x000190d0                OSTimeDlyResume
                0x000191d0                OSTimeGet
                0x000191f4                OSTimeSet
 .text          0x00019218       0x58 ../UcosiiBSP_for_cpu_s1/\libucosii_bsp.a(alt_sys_init.o)
                0x00019218                alt_irq_init
                0x00019238                alt_sys_init
 .text          0x00019270       0x28 ../UcosiiBSP_for_cpu_s1/\libucosii_bsp.a(altera_avalon_jtag_uart_fd.o)
                0x00019270                altera_avalon_jtag_uart_read_fd
                0x00019284                altera_avalon_jtag_uart_write_fd
 .text          0x00019298       0x5c ../UcosiiBSP_for_cpu_s1/\libucosii_bsp.a(altera_avalon_jtag_uart_read.o)
                0x00019298                altera_avalon_jtag_uart_read
 .text          0x000192f4       0x34 ../UcosiiBSP_for_cpu_s1/\libucosii_bsp.a(altera_avalon_jtag_uart_write.o)
                0x000192f4                altera_avalon_jtag_uart_write
 .text          0x00019328       0x6c ../UcosiiBSP_for_cpu_s1/\libucosii_bsp.a(altera_avalon_timer_sc.o)
                0x00019364                alt_avalon_timer_sc_init
 .text          0x00019394       0x78 ../UcosiiBSP_for_cpu_s1/\libucosii_bsp.a(alt_busy_sleep.o)
                0x00019394                alt_busy_sleep
 .text          0x0001940c        0x4 ../UcosiiBSP_for_cpu_s1/\libucosii_bsp.a(alt_dcache_flush_all.o)
                0x0001940c                alt_dcache_flush_all
 .text          0x00019410       0x6c ../UcosiiBSP_for_cpu_s1/\libucosii_bsp.a(alt_dev_llist_insert.o)
                0x00019410                alt_dev_llist_insert
 .text          0x0001947c        0xc ../UcosiiBSP_for_cpu_s1/\libucosii_bsp.a(alt_icache_flush_all.o)
                0x0001947c                alt_icache_flush_all
 .text          0x00019488       0xe8 ../UcosiiBSP_for_cpu_s1/\libucosii_bsp.a(alt_io_redirect.o)
                0x000194f8                alt_io_redirect
 .text          0x00019570        0x0 ../UcosiiBSP_for_cpu_s1/\libucosii_bsp.a(alt_irq_entry.o)
 .text          0x00019570        0x0 ../UcosiiBSP_for_cpu_s1/\libucosii_bsp.a(alt_irq_handler.o)
 .text          0x00019570      0x178 ../UcosiiBSP_for_cpu_s1/\libucosii_bsp.a(alt_open.o)
                0x00019570                open
 .text          0x000196e8       0xec ../UcosiiBSP_for_cpu_s1/\libucosii_bsp.a(alt_tick.o)
                0x000196e8                alt_alarm_stop
                0x0001971c                alt_tick
 .text          0x000197d4        0x8 ../UcosiiBSP_for_cpu_s1/\libucosii_bsp.a(altera_nios2_qsys_irq.o)
                0x000197d4                altera_nios2_qsys_irq_init
 .text          0x000197dc       0xd0 ../UcosiiBSP_for_cpu_s1/\libucosii_bsp.a(os_cpu_a.o)
                0x000197dc                OSCtxSw
                0x000197dc                OSIntCtxSw
                0x00019868                OSStartHighRdy
                0x00019888                OSStartTsk
 .text          0x000198ac      0x1d8 ../UcosiiBSP_for_cpu_s1/\libucosii_bsp.a(os_cpu_c.o)
                0x000198ac                OSTaskStkInit
                0x00019a60                OSTaskCreateHook
                0x00019a64                OSTaskDelHook
                0x00019a68                OSTaskSwHook
                0x00019a6c                OSTaskStatHook
                0x00019a70                OSTimeTickHook
                0x00019a74                OSInitHookBegin
                0x00019a78                OSInitHookEnd
                0x00019a7c                OSTaskIdleHook
                0x00019a80                OSTCBInitHook
 .text          0x00019a84        0x0 ../UcosiiBSP_for_cpu_s1/\libucosii_bsp.a(alt_exception_entry.o)
 .text          0x00019a84       0x70 ../UcosiiBSP_for_cpu_s1/\libucosii_bsp.a(alt_find_dev.o)
                0x00019a84                alt_find_dev
 .text          0x00019af4       0xa8 ../UcosiiBSP_for_cpu_s1/\libucosii_bsp.a(alt_find_file.o)
                0x00019af4                alt_find_file
 .text          0x00019b9c       0xa0 ../UcosiiBSP_for_cpu_s1/\libucosii_bsp.a(alt_get_fd.o)
                0x00019b9c                alt_get_fd
 .text          0x00019c3c       0x38 ../UcosiiBSP_for_cpu_s1/\libucosii_bsp.a(alt_icache_flush.o)
                0x00019c3c                alt_icache_flush
 .text          0x00019c74       0x7c c:/altera/13.1/nios2eds/bin/gnu/h-i686-mingw32/bin/../lib/gcc/nios2-elf/4.7.3/../../../../../H-i686-mingw32/nios2-elf/lib\libc.a(lib_a-memcmp.o)
                0x00019c74                memcmp
 .text          0x00019cf0       0x84 c:/altera/13.1/nios2eds/bin/gnu/h-i686-mingw32/bin/../lib/gcc/nios2-elf/4.7.3\libgcc.a(_fixunsdfsi.o)
                0x00019cf0                __fixunsdfsi
 *(.gnu.warning.*)
 *(.fini)
                0x00019d74                PROVIDE (__etext, ABSOLUTE (.))
                0x00019d74                PROVIDE (_etext, ABSOLUTE (.))
                0x00019d74                PROVIDE (etext, ABSOLUTE (.))
 *(.eh_frame_hdr)
                0x00019d74                . = ALIGN (0x4)
                0x00019d74                PROVIDE (__preinit_array_start, ABSOLUTE (.))
 *(.preinit_array)
                0x00019d74                PROVIDE (__preinit_array_end, ABSOLUTE (.))
                0x00019d74                PROVIDE (__init_array_start, ABSOLUTE (.))
 *(.init_array)
                0x00019d74                PROVIDE (__init_array_end, ABSOLUTE (.))
                0x00019d74                PROVIDE (__fini_array_start, ABSOLUTE (.))
 *(.fini_array)
                0x00019d74                PROVIDE (__fini_array_end, ABSOLUTE (.))
 *(.eh_frame)
 *(.gcc_except_table .gcc_except_table.*)
 *(.dynamic)
                0x00019d74                PROVIDE (__CTOR_LIST__, ABSOLUTE (.))
 *(.ctors)
 *(SORT(.ctors.*))
                0x00019d74                PROVIDE (__CTOR_END__, ABSOLUTE (.))
                0x00019d74                PROVIDE (__DTOR_LIST__, ABSOLUTE (.))
 *(.dtors)
 *(SORT(.dtors.*))
                0x00019d74                PROVIDE (__DTOR_END__, ABSOLUTE (.))
 *(.jcr)
                0x00019d74                . = ALIGN (0x4)

.rodata         0x00019d74     0x1e10
                0x00019d74                PROVIDE (__ram_rodata_start, ABSOLUTE (.))
                0x00019d74                . = ALIGN (0x4)
 *(.rodata .rodata.* .gnu.linkonce.r.*)
 .rodata.str1.4
                0x00019d74      0x45c obj/default/MCAPI_Top/mcapi.o
 .rodata.str1.4
                0x0001a1d0      0x837 obj/default/MCAPI_Transport/mcapi_trans_nios.o
                                0x838 (size before relaxing)
 *fill*         0x0001aa07        0x1 
 .rodata.str1.4
                0x0001aa08      0x359 obj/default/NS_Layer/NS_layer.o
                                0x35c (size before relaxing)
 *fill*         0x0001ad61        0x3 
 .rodata        0x0001ad64       0x6c obj/default/NS_Layer/NS_layer.o
 .rodata.str1.4
                0x0001add0      0x27a obj/default/PH_FifoDriver_UCOSII/PH_layer.o
                                0x27c (size before relaxing)
 *fill*         0x0001b04a        0x2 
 .rodata        0x0001b04c       0x6c obj/default/PH_FifoDriver_UCOSII/PH_layer.o
 .rodata.str1.4
                0x0001b0b8      0x695 obj/default/SysTestNode2.o
                                0x698 (size before relaxing)
 *fill*         0x0001b74d        0x3 
 .rodata.str1.4
                0x0001b750        0x2 c:/altera/13.1/nios2eds/bin/gnu/h-i686-mingw32/bin/../lib/gcc/nios2-elf/4.7.3/../../../../../H-i686-mingw32/nios2-elf/lib\libc.a(lib_a-impure.o)
                                  0x4 (size before relaxing)
 .rodata.str1.4
                0x00000000        0x2 c:/altera/13.1/nios2eds/bin/gnu/h-i686-mingw32/bin/../lib/gcc/nios2-elf/4.7.3/../../../../../H-i686-mingw32/nios2-elf/lib\libc.a(lib_a-puts.o)
                                  0x4 (size before relaxing)
 *fill*         0x0001b752        0x2 
 .rodata.str1.4
                0x0001b754       0x42 c:/altera/13.1/nios2eds/bin/gnu/h-i686-mingw32/bin/../lib/gcc/nios2-elf/4.7.3/../../../../../H-i686-mingw32/nios2-elf/lib\libc.a(lib_a-vfprintf.o)
                                 0x44 (size before relaxing)
 .rodata        0x0001b796       0x20 c:/altera/13.1/nios2eds/bin/gnu/h-i686-mingw32/bin/../lib/gcc/nios2-elf/4.7.3/../../../../../H-i686-mingw32/nios2-elf/lib\libc.a(lib_a-vfprintf.o)
 *fill*         0x0001b7b6        0x2 
 .rodata.str1.4
                0x0001b7b8       0x10 c:/altera/13.1/nios2eds/bin/gnu/h-i686-mingw32/bin/../lib/gcc/nios2-elf/4.7.3/../../../../../H-i686-mingw32/nios2-elf/lib\libc.a(lib_a-dtoa.o)
                                 0x14 (size before relaxing)
 .rodata.str1.4
                0x0001b7c8        0xe c:/altera/13.1/nios2eds/bin/gnu/h-i686-mingw32/bin/../lib/gcc/nios2-elf/4.7.3/../../../../../H-i686-mingw32/nios2-elf/lib\libc.a(lib_a-locale.o)
                                 0x18 (size before relaxing)
 *fill*         0x0001b7d6        0x2 
 .rodata        0x0001b7d8       0x30 c:/altera/13.1/nios2eds/bin/gnu/h-i686-mingw32/bin/../lib/gcc/nios2-elf/4.7.3/../../../../../H-i686-mingw32/nios2-elf/lib\libc.a(lib_a-locale.o)
 .rodata        0x0001b808      0x124 c:/altera/13.1/nios2eds/bin/gnu/h-i686-mingw32/bin/../lib/gcc/nios2-elf/4.7.3/../../../../../H-i686-mingw32/nios2-elf/lib\libc.a(lib_a-mprec.o)
                0x0001b808                __mprec_tinytens
                0x0001b830                __mprec_bigtens
                0x0001b858                __mprec_tens
 .rodata        0x0001b92c       0x14 c:/altera/13.1/nios2eds/bin/gnu/h-i686-mingw32/bin/../lib/gcc/nios2-elf/4.7.3\libgcc.a(_thenan_df.o)
                0x0001b92c                __thenan_df
 .rodata        0x0001b940      0x100 c:/altera/13.1/nios2eds/bin/gnu/h-i686-mingw32/bin/../lib/gcc/nios2-elf/4.7.3\libgcc.a(_clz.o)
                0x0001b940                __clz_tab
 .rodata.str1.4
                0x0001ba40        0xa ../UcosiiBSP_for_cpu_s1/\libucosii_bsp.a(alt_dev.o)
                                  0xc (size before relaxing)
 *fill*         0x0001ba4a        0x2 
 .rodata.str1.4
                0x0001ba4c       0x16 ../UcosiiBSP_for_cpu_s1/\libucosii_bsp.a(alt_main.o)
                                 0x18 (size before relaxing)
 *fill*         0x0001ba62        0x2 
 .rodata.str1.4
                0x0001ba64       0x20 ../UcosiiBSP_for_cpu_s1/\libucosii_bsp.a(os_core.o)
 .rodata        0x0001ba84      0x100 ../UcosiiBSP_for_cpu_s1/\libucosii_bsp.a(os_core.o)
                0x0001ba84                OSUnMapTbl
 .rodata.str1.4
                0x00000000       0x18 ../UcosiiBSP_for_cpu_s1/\libucosii_bsp.a(alt_sys_init.o)
 .rodata.str1.4
                0x00000000        0x4 ../UcosiiBSP_for_cpu_s1/\libucosii_bsp.a(os_cpu_c.o)
 *(.rodata1)
                0x0001bb84                . = ALIGN (0x4)
                0x0001bb84                PROVIDE (__ram_rodata_end, ABSOLUTE (.))
                0x00019d74                PROVIDE (__flash_rodata_start, LOADADDR (.rodata))

.rwdata         0x0001bb84      0xaac load address 0x0001c630
                0x0001bb84                PROVIDE (__ram_rwdata_start, ABSOLUTE (.))
                0x0001bb84                . = ALIGN (0x4)
 *(.got.plt)
 *(.got)
 *(.data1)
 *(.data .data.* .gnu.linkonce.d.*)
 .data          0x0001bb84        0x0 ../UcosiiBSP_for_cpu_s1//obj/HAL/src/crt0.o
 .data          0x0001bb84        0x0 obj/default/MCAPI_Top/mcapi.o
 .data          0x0001bb84        0x0 obj/default/MCAPI_Transport/mcapi_trans_nios.o
 .data          0x0001bb84        0x0 obj/default/NS_Layer/NS_layer.o
 .data          0x0001bb84        0x0 obj/default/PH_FifoDriver_UCOSII/PH_layer.o
 .data          0x0001bb84        0x0 obj/default/SysTestNode2.o
 .data          0x0001bb84        0x0 obj/default/UTILS/util_packet_handling.o
 .data          0x0001bb84        0x0 c:/altera/13.1/nios2eds/bin/gnu/h-i686-mingw32/bin/../lib/gcc/nios2-elf/4.7.3\libgcc.a(lib2-divmod.o)
 .data          0x0001bb84        0x0 c:/altera/13.1/nios2eds/bin/gnu/h-i686-mingw32/bin/../lib/gcc/nios2-elf/4.7.3/../../../../../H-i686-mingw32/nios2-elf/lib\libc.a(lib_a-exit.o)
 .data          0x0001bb84        0x0 c:/altera/13.1/nios2eds/bin/gnu/h-i686-mingw32/bin/../lib/gcc/nios2-elf/4.7.3/../../../../../H-i686-mingw32/nios2-elf/lib\libc.a(lib_a-fflush.o)
 .data          0x0001bb84        0x0 c:/altera/13.1/nios2eds/bin/gnu/h-i686-mingw32/bin/../lib/gcc/nios2-elf/4.7.3/../../../../../H-i686-mingw32/nios2-elf/lib\libc.a(lib_a-findfp.o)
 .data          0x0001bb84        0x0 c:/altera/13.1/nios2eds/bin/gnu/h-i686-mingw32/bin/../lib/gcc/nios2-elf/4.7.3/../../../../../H-i686-mingw32/nios2-elf/lib\libc.a(lib_a-fprintf.o)
 .data          0x0001bb84        0x0 c:/altera/13.1/nios2eds/bin/gnu/h-i686-mingw32/bin/../lib/gcc/nios2-elf/4.7.3/../../../../../H-i686-mingw32/nios2-elf/lib\libc.a(lib_a-fputs.o)
 .data          0x0001bb84        0x0 c:/altera/13.1/nios2eds/bin/gnu/h-i686-mingw32/bin/../lib/gcc/nios2-elf/4.7.3/../../../../../H-i686-mingw32/nios2-elf/lib\libc.a(lib_a-fvwrite.o)
 .data          0x0001bb84        0x0 c:/altera/13.1/nios2eds/bin/gnu/h-i686-mingw32/bin/../lib/gcc/nios2-elf/4.7.3/../../../../../H-i686-mingw32/nios2-elf/lib\libc.a(lib_a-fwalk.o)
 .data          0x0001bb84      0x400 c:/altera/13.1/nios2eds/bin/gnu/h-i686-mingw32/bin/../lib/gcc/nios2-elf/4.7.3/../../../../../H-i686-mingw32/nios2-elf/lib\libc.a(lib_a-impure.o)
 .data          0x0001bf84      0x408 c:/altera/13.1/nios2eds/bin/gnu/h-i686-mingw32/bin/../lib/gcc/nios2-elf/4.7.3/../../../../../H-i686-mingw32/nios2-elf/lib\libc.a(lib_a-mallocr.o)
                0x0001bf84                __malloc_av_
 .data          0x0001c38c        0x0 c:/altera/13.1/nios2eds/bin/gnu/h-i686-mingw32/bin/../lib/gcc/nios2-elf/4.7.3/../../../../../H-i686-mingw32/nios2-elf/lib\libc.a(lib_a-memchr.o)
 .data          0x0001c38c        0x0 c:/altera/13.1/nios2eds/bin/gnu/h-i686-mingw32/bin/../lib/gcc/nios2-elf/4.7.3/../../../../../H-i686-mingw32/nios2-elf/lib\libc.a(lib_a-memcpy.o)
 .data          0x0001c38c        0x0 c:/altera/13.1/nios2eds/bin/gnu/h-i686-mingw32/bin/../lib/gcc/nios2-elf/4.7.3/../../../../../H-i686-mingw32/nios2-elf/lib\libc.a(lib_a-memmove.o)
 .data          0x0001c38c        0x0 c:/altera/13.1/nios2eds/bin/gnu/h-i686-mingw32/bin/../lib/gcc/nios2-elf/4.7.3/../../../../../H-i686-mingw32/nios2-elf/lib\libc.a(lib_a-memset.o)
 .data          0x0001c38c        0x0 c:/altera/13.1/nios2eds/bin/gnu/h-i686-mingw32/bin/../lib/gcc/nios2-elf/4.7.3/../../../../../H-i686-mingw32/nios2-elf/lib\libc.a(lib_a-printf.o)
 .data          0x0001c38c        0x0 c:/altera/13.1/nios2eds/bin/gnu/h-i686-mingw32/bin/../lib/gcc/nios2-elf/4.7.3/../../../../../H-i686-mingw32/nios2-elf/lib\libc.a(lib_a-puts.o)
 .data          0x0001c38c        0x0 c:/altera/13.1/nios2eds/bin/gnu/h-i686-mingw32/bin/../lib/gcc/nios2-elf/4.7.3/../../../../../H-i686-mingw32/nios2-elf/lib\libc.a(lib_a-rand.o)
 .data          0x0001c38c        0x0 c:/altera/13.1/nios2eds/bin/gnu/h-i686-mingw32/bin/../lib/gcc/nios2-elf/4.7.3/../../../../../H-i686-mingw32/nios2-elf/lib\libc.a(lib_a-reallocr.o)
 .data          0x0001c38c        0x0 c:/altera/13.1/nios2eds/bin/gnu/h-i686-mingw32/bin/../lib/gcc/nios2-elf/4.7.3/../../../../../H-i686-mingw32/nios2-elf/lib\libc.a(lib_a-sbrkr.o)
 .data          0x0001c38c        0x0 c:/altera/13.1/nios2eds/bin/gnu/h-i686-mingw32/bin/../lib/gcc/nios2-elf/4.7.3/../../../../../H-i686-mingw32/nios2-elf/lib\libc.a(lib_a-stdio.o)
 .data          0x0001c38c        0x0 c:/altera/13.1/nios2eds/bin/gnu/h-i686-mingw32/bin/../lib/gcc/nios2-elf/4.7.3/../../../../../H-i686-mingw32/nios2-elf/lib\libc.a(lib_a-strcpy.o)
 .data          0x0001c38c        0x0 c:/altera/13.1/nios2eds/bin/gnu/h-i686-mingw32/bin/../lib/gcc/nios2-elf/4.7.3/../../../../../H-i686-mingw32/nios2-elf/lib\libc.a(lib_a-strlen.o)
 .data          0x0001c38c        0x0 c:/altera/13.1/nios2eds/bin/gnu/h-i686-mingw32/bin/../lib/gcc/nios2-elf/4.7.3/../../../../../H-i686-mingw32/nios2-elf/lib\libc.a(lib_a-vfprintf.o)
 .data          0x0001c38c        0x0 c:/altera/13.1/nios2eds/bin/gnu/h-i686-mingw32/bin/../lib/gcc/nios2-elf/4.7.3/../../../../../H-i686-mingw32/nios2-elf/lib\libc.a(lib_a-writer.o)
 .data          0x0001c38c        0x0 c:/altera/13.1/nios2eds/bin/gnu/h-i686-mingw32/bin/../lib/gcc/nios2-elf/4.7.3/../../../../../H-i686-mingw32/nios2-elf/lib\libc.a(lib_a-wsetup.o)
 .data          0x0001c38c        0x0 c:/altera/13.1/nios2eds/bin/gnu/h-i686-mingw32/bin/../lib/gcc/nios2-elf/4.7.3/../../../../../H-i686-mingw32/nios2-elf/lib\libc.a(lib_a-__call_atexit.o)
 .data          0x0001c38c        0x0 c:/altera/13.1/nios2eds/bin/gnu/h-i686-mingw32/bin/../lib/gcc/nios2-elf/4.7.3/../../../../../H-i686-mingw32/nios2-elf/lib\libc.a(lib_a-closer.o)
 .data          0x0001c38c        0x0 c:/altera/13.1/nios2eds/bin/gnu/h-i686-mingw32/bin/../lib/gcc/nios2-elf/4.7.3/../../../../../H-i686-mingw32/nios2-elf/lib\libc.a(lib_a-dtoa.o)
 .data          0x0001c38c        0x0 c:/altera/13.1/nios2eds/bin/gnu/h-i686-mingw32/bin/../lib/gcc/nios2-elf/4.7.3/../../../../../H-i686-mingw32/nios2-elf/lib\libc.a(lib_a-fclose.o)
 .data          0x0001c38c        0x0 c:/altera/13.1/nios2eds/bin/gnu/h-i686-mingw32/bin/../lib/gcc/nios2-elf/4.7.3/../../../../../H-i686-mingw32/nios2-elf/lib\libc.a(lib_a-freer.o)
 .data          0x0001c38c        0x0 c:/altera/13.1/nios2eds/bin/gnu/h-i686-mingw32/bin/../lib/gcc/nios2-elf/4.7.3/../../../../../H-i686-mingw32/nios2-elf/lib\libc.a(lib_a-int_errno.o)
 .data          0x0001c38c        0xc c:/altera/13.1/nios2eds/bin/gnu/h-i686-mingw32/bin/../lib/gcc/nios2-elf/4.7.3/../../../../../H-i686-mingw32/nios2-elf/lib\libc.a(lib_a-locale.o)
                0x0001c38c                __lc_ctype
 .data          0x0001c398        0x0 c:/altera/13.1/nios2eds/bin/gnu/h-i686-mingw32/bin/../lib/gcc/nios2-elf/4.7.3/../../../../../H-i686-mingw32/nios2-elf/lib\libc.a(lib_a-lseekr.o)
 .data          0x0001c398        0x0 c:/altera/13.1/nios2eds/bin/gnu/h-i686-mingw32/bin/../lib/gcc/nios2-elf/4.7.3/../../../../../H-i686-mingw32/nios2-elf/lib\libc.a(lib_a-makebuf.o)
 .data          0x0001c398        0x0 c:/altera/13.1/nios2eds/bin/gnu/h-i686-mingw32/bin/../lib/gcc/nios2-elf/4.7.3/../../../../../H-i686-mingw32/nios2-elf/lib\libc.a(lib_a-mprec.o)
 .data          0x0001c398        0x0 c:/altera/13.1/nios2eds/bin/gnu/h-i686-mingw32/bin/../lib/gcc/nios2-elf/4.7.3/../../../../../H-i686-mingw32/nios2-elf/lib\libc.a(lib_a-readr.o)
 .data          0x0001c398        0x0 c:/altera/13.1/nios2eds/bin/gnu/h-i686-mingw32/bin/../lib/gcc/nios2-elf/4.7.3/../../../../../H-i686-mingw32/nios2-elf/lib\libc.a(lib_a-s_isinfd.o)
 .data          0x0001c398        0x0 c:/altera/13.1/nios2eds/bin/gnu/h-i686-mingw32/bin/../lib/gcc/nios2-elf/4.7.3/../../../../../H-i686-mingw32/nios2-elf/lib\libc.a(lib_a-s_isnand.o)
 .data          0x0001c398        0x0 c:/altera/13.1/nios2eds/bin/gnu/h-i686-mingw32/bin/../lib/gcc/nios2-elf/4.7.3/../../../../../H-i686-mingw32/nios2-elf/lib\libc.a(lib_a-strcmp.o)
 .data          0x0001c398        0x0 c:/altera/13.1/nios2eds/bin/gnu/h-i686-mingw32/bin/../lib/gcc/nios2-elf/4.7.3/../../../../../H-i686-mingw32/nios2-elf/lib\libc.a(lib_a-callocr.o)
 .data          0x0001c398        0x0 c:/altera/13.1/nios2eds/bin/gnu/h-i686-mingw32/bin/../lib/gcc/nios2-elf/4.7.3/../../../../../H-i686-mingw32/nios2-elf/lib\libc.a(lib_a-fstatr.o)
 .data          0x0001c398        0x0 c:/altera/13.1/nios2eds/bin/gnu/h-i686-mingw32/bin/../lib/gcc/nios2-elf/4.7.3/../../../../../H-i686-mingw32/nios2-elf/lib\libc.a(lib_a-isattyr.o)
 .data          0x0001c398        0x0 c:/altera/13.1/nios2eds/bin/gnu/h-i686-mingw32/bin/../lib/gcc/nios2-elf/4.7.3\libgcc.a(_muldi3.o)
 .data          0x0001c398        0x0 c:/altera/13.1/nios2eds/bin/gnu/h-i686-mingw32/bin/../lib/gcc/nios2-elf/4.7.3\libgcc.a(_udivdi3.o)
 .data          0x0001c398        0x0 c:/altera/13.1/nios2eds/bin/gnu/h-i686-mingw32/bin/../lib/gcc/nios2-elf/4.7.3\libgcc.a(_umoddi3.o)
 .data          0x0001c398        0x0 c:/altera/13.1/nios2eds/bin/gnu/h-i686-mingw32/bin/../lib/gcc/nios2-elf/4.7.3\libgcc.a(_addsub_df.o)
 .data          0x0001c398        0x0 c:/altera/13.1/nios2eds/bin/gnu/h-i686-mingw32/bin/../lib/gcc/nios2-elf/4.7.3\libgcc.a(_mul_df.o)
 .data          0x0001c398        0x0 c:/altera/13.1/nios2eds/bin/gnu/h-i686-mingw32/bin/../lib/gcc/nios2-elf/4.7.3\libgcc.a(_div_df.o)
 .data          0x0001c398        0x0 c:/altera/13.1/nios2eds/bin/gnu/h-i686-mingw32/bin/../lib/gcc/nios2-elf/4.7.3\libgcc.a(_eq_df.o)
 .data          0x0001c398        0x0 c:/altera/13.1/nios2eds/bin/gnu/h-i686-mingw32/bin/../lib/gcc/nios2-elf/4.7.3\libgcc.a(_ne_df.o)
 .data          0x0001c398        0x0 c:/altera/13.1/nios2eds/bin/gnu/h-i686-mingw32/bin/../lib/gcc/nios2-elf/4.7.3\libgcc.a(_gt_df.o)
 .data          0x0001c398        0x0 c:/altera/13.1/nios2eds/bin/gnu/h-i686-mingw32/bin/../lib/gcc/nios2-elf/4.7.3\libgcc.a(_ge_df.o)
 .data          0x0001c398        0x0 c:/altera/13.1/nios2eds/bin/gnu/h-i686-mingw32/bin/../lib/gcc/nios2-elf/4.7.3\libgcc.a(_lt_df.o)
 .data          0x0001c398        0x0 c:/altera/13.1/nios2eds/bin/gnu/h-i686-mingw32/bin/../lib/gcc/nios2-elf/4.7.3\libgcc.a(_si_to_df.o)
 .data          0x0001c398        0x0 c:/altera/13.1/nios2eds/bin/gnu/h-i686-mingw32/bin/../lib/gcc/nios2-elf/4.7.3\libgcc.a(_df_to_si.o)
 .data          0x0001c398        0x0 c:/altera/13.1/nios2eds/bin/gnu/h-i686-mingw32/bin/../lib/gcc/nios2-elf/4.7.3\libgcc.a(_thenan_df.o)
 .data          0x0001c398        0x0 c:/altera/13.1/nios2eds/bin/gnu/h-i686-mingw32/bin/../lib/gcc/nios2-elf/4.7.3\libgcc.a(_usi_to_df.o)
 .data          0x0001c398        0x0 c:/altera/13.1/nios2eds/bin/gnu/h-i686-mingw32/bin/../lib/gcc/nios2-elf/4.7.3\libgcc.a(_clz.o)
 .data          0x0001c398        0x0 c:/altera/13.1/nios2eds/bin/gnu/h-i686-mingw32/bin/../lib/gcc/nios2-elf/4.7.3\libgcc.a(_clzsi2.o)
 .data          0x0001c398        0x0 c:/altera/13.1/nios2eds/bin/gnu/h-i686-mingw32/bin/../lib/gcc/nios2-elf/4.7.3\libgcc.a(_pack_df.o)
 .data          0x0001c398        0x0 c:/altera/13.1/nios2eds/bin/gnu/h-i686-mingw32/bin/../lib/gcc/nios2-elf/4.7.3\libgcc.a(_unpack_df.o)
 .data          0x0001c398        0x0 c:/altera/13.1/nios2eds/bin/gnu/h-i686-mingw32/bin/../lib/gcc/nios2-elf/4.7.3\libgcc.a(_fpcmp_parts_df.o)
 .data          0x0001c398        0x0 c:/altera/13.1/nios2eds/bin/gnu/h-i686-mingw32/bin/../lib/gcc/nios2-elf/4.7.3\libgcc.a(_lshrdi3.o)
 .data          0x0001c398        0x0 c:/altera/13.1/nios2eds/bin/gnu/h-i686-mingw32/bin/../lib/gcc/nios2-elf/4.7.3\libgcc.a(_ashldi3.o)
 .data          0x0001c398        0x0 ../UcosiiBSP_for_cpu_s1/\libucosii_bsp.a(alt_close.o)
 .data          0x0001c398      0x1a8 ../UcosiiBSP_for_cpu_s1/\libucosii_bsp.a(alt_dev.o)
                0x0001c398                alt_fd_list
                0x0001c518                alt_dev_null
 .data          0x0001c540        0x0 ../UcosiiBSP_for_cpu_s1/\libucosii_bsp.a(alt_errno.o)
 .data          0x0001c540        0x0 ../UcosiiBSP_for_cpu_s1/\libucosii_bsp.a(alt_exit.o)
 .data          0x0001c540        0x0 ../UcosiiBSP_for_cpu_s1/\libucosii_bsp.a(alt_fstat.o)
 .data          0x0001c540        0x0 ../UcosiiBSP_for_cpu_s1/\libucosii_bsp.a(alt_irq_register.o)
 .data          0x0001c540        0x0 ../UcosiiBSP_for_cpu_s1/\libucosii_bsp.a(alt_irq_vars.o)
 .data          0x0001c540        0x0 ../UcosiiBSP_for_cpu_s1/\libucosii_bsp.a(alt_isatty.o)
 .data          0x0001c540        0x0 ../UcosiiBSP_for_cpu_s1/\libucosii_bsp.a(alt_load.o)
 .data          0x0001c540        0x0 ../UcosiiBSP_for_cpu_s1/\libucosii_bsp.a(alt_lseek.o)
 .data          0x0001c540        0x0 ../UcosiiBSP_for_cpu_s1/\libucosii_bsp.a(alt_main.o)
 .data          0x0001c540        0x0 ../UcosiiBSP_for_cpu_s1/\libucosii_bsp.a(alt_read.o)
 .data          0x0001c540        0x0 ../UcosiiBSP_for_cpu_s1/\libucosii_bsp.a(alt_release_fd.o)
 .data          0x0001c540        0x0 ../UcosiiBSP_for_cpu_s1/\libucosii_bsp.a(alt_sbrk.o)
 .data          0x0001c540        0x0 ../UcosiiBSP_for_cpu_s1/\libucosii_bsp.a(alt_usleep.o)
 .data          0x0001c540        0x0 ../UcosiiBSP_for_cpu_s1/\libucosii_bsp.a(alt_write.o)
 .data          0x0001c540        0x0 ../UcosiiBSP_for_cpu_s1/\libucosii_bsp.a(alt_env_lock.o)
 .data          0x0001c540        0x0 ../UcosiiBSP_for_cpu_s1/\libucosii_bsp.a(alt_malloc_lock.o)
 .data          0x0001c540        0x0 ../UcosiiBSP_for_cpu_s1/\libucosii_bsp.a(os_core.o)
 .data          0x0001c540        0x0 ../UcosiiBSP_for_cpu_s1/\libucosii_bsp.a(os_dbg.o)
 .data          0x0001c540        0x0 ../UcosiiBSP_for_cpu_s1/\libucosii_bsp.a(os_flag.o)
 .data          0x0001c540        0x0 ../UcosiiBSP_for_cpu_s1/\libucosii_bsp.a(os_mem.o)
 .data          0x0001c540        0x0 ../UcosiiBSP_for_cpu_s1/\libucosii_bsp.a(os_mutex.o)
 .data          0x0001c540        0x0 ../UcosiiBSP_for_cpu_s1/\libucosii_bsp.a(os_q.o)
 .data          0x0001c540        0x0 ../UcosiiBSP_for_cpu_s1/\libucosii_bsp.a(os_sem.o)
 .data          0x0001c540        0x0 ../UcosiiBSP_for_cpu_s1/\libucosii_bsp.a(os_task.o)
 .data          0x0001c540        0x0 ../UcosiiBSP_for_cpu_s1/\libucosii_bsp.a(os_time.o)
 .data          0x0001c540       0x2c ../UcosiiBSP_for_cpu_s1/\libucosii_bsp.a(alt_sys_init.o)
 .data          0x0001c56c        0x0 ../UcosiiBSP_for_cpu_s1/\libucosii_bsp.a(altera_avalon_jtag_uart_fd.o)
 .data          0x0001c56c        0x0 ../UcosiiBSP_for_cpu_s1/\libucosii_bsp.a(altera_avalon_jtag_uart_read.o)
 .data          0x0001c56c        0x0 ../UcosiiBSP_for_cpu_s1/\libucosii_bsp.a(altera_avalon_jtag_uart_write.o)
 .data          0x0001c56c        0x0 ../UcosiiBSP_for_cpu_s1/\libucosii_bsp.a(altera_avalon_timer_sc.o)
 .data          0x0001c56c        0x0 ../UcosiiBSP_for_cpu_s1/\libucosii_bsp.a(alt_busy_sleep.o)
 .data          0x0001c56c        0x0 ../UcosiiBSP_for_cpu_s1/\libucosii_bsp.a(alt_dcache_flush_all.o)
 .data          0x0001c56c        0x0 ../UcosiiBSP_for_cpu_s1/\libucosii_bsp.a(alt_dev_llist_insert.o)
 .data          0x0001c56c        0x0 ../UcosiiBSP_for_cpu_s1/\libucosii_bsp.a(alt_icache_flush_all.o)
 .data          0x0001c56c        0x0 ../UcosiiBSP_for_cpu_s1/\libucosii_bsp.a(alt_io_redirect.o)
 .data          0x0001c56c        0x0 ../UcosiiBSP_for_cpu_s1/\libucosii_bsp.a(alt_irq_entry.o)
 .data          0x0001c56c        0x0 ../UcosiiBSP_for_cpu_s1/\libucosii_bsp.a(alt_irq_handler.o)
 .data          0x0001c56c        0x0 ../UcosiiBSP_for_cpu_s1/\libucosii_bsp.a(alt_open.o)
 .data          0x0001c56c        0x0 ../UcosiiBSP_for_cpu_s1/\libucosii_bsp.a(alt_tick.o)
 .data          0x0001c56c        0x0 ../UcosiiBSP_for_cpu_s1/\libucosii_bsp.a(altera_nios2_qsys_irq.o)
 .data          0x0001c56c        0x0 ../UcosiiBSP_for_cpu_s1/\libucosii_bsp.a(os_cpu_a.o)
 .data          0x0001c56c        0x0 ../UcosiiBSP_for_cpu_s1/\libucosii_bsp.a(os_cpu_c.o)
 .data          0x0001c56c        0x0 ../UcosiiBSP_for_cpu_s1/\libucosii_bsp.a(alt_exception_entry.o)
 .data          0x0001c56c        0x0 ../UcosiiBSP_for_cpu_s1/\libucosii_bsp.a(alt_find_dev.o)
 .data          0x0001c56c        0x0 ../UcosiiBSP_for_cpu_s1/\libucosii_bsp.a(alt_find_file.o)
 .data          0x0001c56c        0x0 ../UcosiiBSP_for_cpu_s1/\libucosii_bsp.a(alt_get_fd.o)
 .data          0x0001c56c        0x0 ../UcosiiBSP_for_cpu_s1/\libucosii_bsp.a(alt_icache_flush.o)
 .data          0x0001c56c        0x0 c:/altera/13.1/nios2eds/bin/gnu/h-i686-mingw32/bin/../lib/gcc/nios2-elf/4.7.3/../../../../../H-i686-mingw32/nios2-elf/lib\libc.a(lib_a-memcmp.o)
 .data          0x0001c56c        0x0 c:/altera/13.1/nios2eds/bin/gnu/h-i686-mingw32/bin/../lib/gcc/nios2-elf/4.7.3\libgcc.a(_fixunsdfsi.o)
                0x0002456c                _gp = ABSOLUTE ((. + 0x8000))
                0x0002456c                PROVIDE (gp, _gp)
 *(.rwdata .rwdata.*)
 *(.sdata .sdata.* .gnu.linkonce.s.*)
 .sdata         0x0001c56c        0xc obj/default/MCAPI_Transport/mcapi_trans_nios.o
                0x0001c56c                my_domain_id
                0x0001c570                my_node_id
                0x0001c574                mcapi_debug
 .sdata         0x0001c578        0x8 c:/altera/13.1/nios2eds/bin/gnu/h-i686-mingw32/bin/../lib/gcc/nios2-elf/4.7.3/../../../../../H-i686-mingw32/nios2-elf/lib\libc.a(lib_a-impure.o)
                0x0001c578                _global_impure_ptr
                0x0001c57c                _impure_ptr
 .sdata         0x0001c580        0x8 c:/altera/13.1/nios2eds/bin/gnu/h-i686-mingw32/bin/../lib/gcc/nios2-elf/4.7.3/../../../../../H-i686-mingw32/nios2-elf/lib\libc.a(lib_a-mallocr.o)
                0x0001c580                __malloc_sbrk_base
                0x0001c584                __malloc_trim_threshold
 .sdata         0x0001c588        0x4 c:/altera/13.1/nios2eds/bin/gnu/h-i686-mingw32/bin/../lib/gcc/nios2-elf/4.7.3/../../../../../H-i686-mingw32/nios2-elf/lib\libc.a(lib_a-locale.o)
                0x0001c588                __mb_cur_max
 .sdata         0x0001c58c       0x14 ../UcosiiBSP_for_cpu_s1/\libucosii_bsp.a(alt_dev.o)
                0x0001c58c                alt_max_fd
                0x0001c590                alt_dev_list
                0x0001c598                alt_fs_list
 .sdata         0x0001c5a0        0x4 ../UcosiiBSP_for_cpu_s1/\libucosii_bsp.a(alt_errno.o)
                0x0001c5a0                alt_errno
 .sdata         0x0001c5a4        0x4 ../UcosiiBSP_for_cpu_s1/\libucosii_bsp.a(alt_irq_vars.o)
                0x0001c5a4                alt_priority_mask
 .sdata         0x0001c5a8        0x4 ../UcosiiBSP_for_cpu_s1/\libucosii_bsp.a(alt_sbrk.o)
 .sdata         0x0001c5ac        0x4 ../UcosiiBSP_for_cpu_s1/\libucosii_bsp.a(alt_env_lock.o)
 .sdata         0x0001c5b0        0x4 ../UcosiiBSP_for_cpu_s1/\libucosii_bsp.a(alt_malloc_lock.o)
 .sdata         0x0001c5b4       0x74 ../UcosiiBSP_for_cpu_s1/\libucosii_bsp.a(os_dbg.o)
                0x0001c5b4                OSDataSize
                0x0001c5b6                OSTmrWheelTblSize
                0x0001c5b8                OSTmrWheelSize
                0x0001c5ba                OSTmrTblSize
                0x0001c5bc                OSTmrSize
                0x0001c5be                OSTmrCfgTicksPerSec
                0x0001c5c0                OSTmrCfgWheelSize
                0x0001c5c2                OSTmrCfgNameSize
                0x0001c5c4                OSTmrCfgMax
                0x0001c5c6                OSTmrEn
                0x0001c5c8                OSVersionNbr
                0x0001c5ca                OSTimeTickHookEn
                0x0001c5cc                OSTicksPerSec
                0x0001c5ce                OSTCBSize
                0x0001c5d0                OSTCBPrioTblMax
                0x0001c5d2                OSTaskSwHookEn
                0x0001c5d4                OSTaskStatStkChkEn
                0x0001c5d6                OSTaskStatStkSize
                0x0001c5d8                OSTaskStatEn
                0x0001c5da                OSTaskNameSize
                0x0001c5dc                OSTaskMax
                0x0001c5de                OSTaskProfileEn
                0x0001c5e0                OSTaskIdleStkSize
                0x0001c5e2                OSTaskDelEn
                0x0001c5e4                OSTaskCreateExtEn
                0x0001c5e6                OSTaskCreateEn
                0x0001c5e8                OSStkWidth
                0x0001c5ea                OSSemEn
                0x0001c5ec                OSRdyTblSize
                0x0001c5ee                OSQSize
                0x0001c5f0                OSQMax
                0x0001c5f2                OSQEn
                0x0001c5f4                OSPtrSize
                0x0001c5f6                OSMutexEn
                0x0001c5f8                OSMemTblSize
                0x0001c5fa                OSMemSize
                0x0001c5fc                OSMemNameSize
                0x0001c5fe                OSMemMax
                0x0001c600                OSMemEn
                0x0001c602                OSMboxEn
                0x0001c604                OSLowestPrio
                0x0001c606                OSFlagNameSize
                0x0001c608                OSFlagMax
                0x0001c60a                OSFlagWidth
                0x0001c60c                OSFlagNodeSize
                0x0001c60e                OSFlagGrpSize
                0x0001c610                OSFlagEn
                0x0001c612                OSEventMultiEn
                0x0001c614                OSEventTblSize
                0x0001c616                OSEventSize
                0x0001c618                OSEventNameSize
                0x0001c61a                OSEventMax
                0x0001c61c                OSEventEn
                0x0001c620                OSEndiannessTest
                0x0001c624                OSDebugEn
 .sdata         0x0001c628        0x8 ../UcosiiBSP_for_cpu_s1/\libucosii_bsp.a(alt_tick.o)
                0x0001c628                alt_alarm_list
 *(.sdata2 .sdata2.* .gnu.linkonce.s2.*)
                0x0001c630                . = ALIGN (0x4)
                0x0001c630                _edata = ABSOLUTE (.)
                0x0001c630                PROVIDE (edata, ABSOLUTE (.))
                0x0001c630                PROVIDE (__ram_rwdata_end, ABSOLUTE (.))
                0x0001c630                PROVIDE (__flash_rwdata_start, LOADADDR (.rwdata))

.bss            0x0001d0dc    0x25edc
                0x0001d0dc                __bss_start = ABSOLUTE (.)
                0x0001d0dc                PROVIDE (__sbss_start, ABSOLUTE (.))
                0x0001d0dc                PROVIDE (___sbss_start, ABSOLUTE (.))
 *(.dynsbss)
 *(.sbss .sbss.* .gnu.linkonce.sb.*)
 .sbss          0x0001d0dc       0x10 obj/default/MCAPI_Transport/mcapi_trans_nios.o
                0x0001d0dc                my_mcapi_dindex
                0x0001d0e0                my_mcapi_nindex
                0x0001d0e4                locked
                0x0001d0e8                global_rwl
 .sbss          0x0001d0ec        0x8 obj/default/MCAPI_Transport/mcapi_trans_nios.o
                0x0001d0ec                DatabaseMutex
                0x0001d0f0                mcapi_db
 .sbss          0x0001d0f4        0x8 obj/default/NS_Layer/NS_layer.o
                0x0001d0f4                callIDcount
                0x0001d0f6                nextCallID
                0x0001d0f8                reentMutex
 .sbss          0x0001d0fc       0x1c obj/default/PH_FifoDriver_UCOSII/PH_layer.o
                0x0001d0fc                semAlmostFull_fifo_1
                0x0001d100                bridge_base_fifo_2
                0x0001d104                mutexSend
                0x0001d108                semAlmostFull_fifo_2
                0x0001d10c                bridge_base_fifo_1
                0x0001d110                bridge_irq_fifo_1
                0x0001d114                bridge_irq_fifo_2
 .sbss          0x0001d118       0x48 obj/default/SysTestNode2.o
                0x0001d118                init_thread_flag
                0x0001d11c                node2_recvMSG_from_node1_thread_flag
                0x0001d120                node2_recvMSG_from_node0_thread_flag
                0x0001d124                node2_sendMSG_to_node1_thread_flag
                0x0001d128                node2_sendMSG_to_node0_thread_flag
                0x0001d12c                prio
                0x0001d130                node2_recvEP_from_node0
                0x0001d134                node0_sendEP_to_node1
                0x0001d138                node0_recvEP_from_node2
                0x0001d13c                node1_sendEP_to_node0
                0x0001d140                node2_sendEP_to_node1
                0x0001d144                node1_recvEP_from_node2
                0x0001d148                node1_recvEP_from_node0
                0x0001d14c                node1_sendEP_to_node2
                0x0001d150                node2_recvEP_from_node1
                0x0001d154                node2_sendEP_to_node0
                0x0001d158                node0_recvEP_from_node1
                0x0001d15c                node0_sendEP_to_node2
 .sbss          0x0001d160        0xc c:/altera/13.1/nios2eds/bin/gnu/h-i686-mingw32/bin/../lib/gcc/nios2-elf/4.7.3/../../../../../H-i686-mingw32/nios2-elf/lib\libc.a(lib_a-mallocr.o)
                0x0001d160                __malloc_max_total_mem
                0x0001d164                __malloc_max_sbrked_mem
                0x0001d168                __malloc_top_pad
 .sbss          0x0001d16c        0x4 c:/altera/13.1/nios2eds/bin/gnu/h-i686-mingw32/bin/../lib/gcc/nios2-elf/4.7.3/../../../../../H-i686-mingw32/nios2-elf/lib\libc.a(lib_a-int_errno.o)
                0x0001d16c                errno
 .sbss          0x0001d170        0xc c:/altera/13.1/nios2eds/bin/gnu/h-i686-mingw32/bin/../lib/gcc/nios2-elf/4.7.3/../../../../../H-i686-mingw32/nios2-elf/lib\libc.a(lib_a-locale.o)
                0x0001d170                _PathLocale
                0x0001d174                __mlocale_changed
                0x0001d178                __nlocale_changed
 .sbss          0x0001d17c        0x4 ../UcosiiBSP_for_cpu_s1/\libucosii_bsp.a(alt_dev.o)
                0x0001d17c                alt_fd_list_lock
 .sbss          0x0001d180        0x4 ../UcosiiBSP_for_cpu_s1/\libucosii_bsp.a(alt_irq_vars.o)
                0x0001d180                alt_irq_active
 .sbss          0x0001d184        0xc ../UcosiiBSP_for_cpu_s1/\libucosii_bsp.a(alt_main.o)
                0x0001d184                alt_envp
                0x0001d188                alt_argv
                0x0001d18c                alt_argc
 .sbss          0x0001d190        0x8 ../UcosiiBSP_for_cpu_s1/\libucosii_bsp.a(alt_env_lock.o)
                0x0001d194                alt_envsem
 .sbss          0x0001d198        0x8 ../UcosiiBSP_for_cpu_s1/\libucosii_bsp.a(alt_malloc_lock.o)
                0x0001d19c                alt_heapsem
 .sbss          0x0001d1a0       0x54 ../UcosiiBSP_for_cpu_s1/\libucosii_bsp.a(os_core.o)
                0x0001d1a0                OSLockNesting
                0x0001d1a1                OSRunning
                0x0001d1a4                OSIdleCtr
                0x0001d1a8                OSPrioHighRdy
                0x0001d1a9                OSPrioCur
                0x0001d1ac                OSTCBList
                0x0001d1b0                OSTickStepState
                0x0001d1b4                OSCtxSwCtr
                0x0001d1b8                OSIdleCtrMax
                0x0001d1bc                OSTCBFreeList
                0x0001d1c0                OSCPUUsage
                0x0001d1c1                OSTaskCtr
                0x0001d1c4                OSMemFreeList
                0x0001d1c8                OSTCBHighRdy
                0x0001d1cc                OSQFreeList
                0x0001d1d0                OSRdyGrp
                0x0001d1d1                OSRdyTbl
                0x0001d1d8                OSEventFreeList
                0x0001d1dc                OSIntNesting
                0x0001d1e0                OSTCBCur
                0x0001d1e4                OSTime
                0x0001d1e8                OSFlagFreeList
                0x0001d1ec                OSStatRdy
                0x0001d1f0                OSIdleCtrRun
 .sbss          0x0001d1f4        0x8 ../UcosiiBSP_for_cpu_s1/\libucosii_bsp.a(alt_tick.o)
                0x0001d1f4                _alt_nticks
                0x0001d1f8                _alt_tick_rate
 *(.sbss2 .sbss2.* .gnu.linkonce.sb2.*)
 *(.scommon)
                0x0001d1fc                PROVIDE (__sbss_end, ABSOLUTE (.))
                0x0001d1fc                PROVIDE (___sbss_end, ABSOLUTE (.))
 *(.dynbss)
 *(.bss .bss.* .gnu.linkonce.b.*)
 .bss           0x0001d1fc        0x0 ../UcosiiBSP_for_cpu_s1//obj/HAL/src/crt0.o
 .bss           0x0001d1fc        0x0 obj/default/MCAPI_Top/mcapi.o
 .bss           0x0001d1fc        0x0 obj/default/MCAPI_Transport/mcapi_trans_nios.o
 .bss           0x0001d1fc        0x0 obj/default/NS_Layer/NS_layer.o
 .bss           0x0001d1fc        0x0 obj/default/PH_FifoDriver_UCOSII/PH_layer.o
 .bss           0x0001d1fc        0x0 obj/default/SysTestNode2.o
 .bss           0x0001d1fc        0x0 obj/default/UTILS/util_packet_handling.o
 .bss           0x0001d1fc        0x0 c:/altera/13.1/nios2eds/bin/gnu/h-i686-mingw32/bin/../lib/gcc/nios2-elf/4.7.3\libgcc.a(lib2-divmod.o)
 .bss           0x0001d1fc        0x0 c:/altera/13.1/nios2eds/bin/gnu/h-i686-mingw32/bin/../lib/gcc/nios2-elf/4.7.3/../../../../../H-i686-mingw32/nios2-elf/lib\libc.a(lib_a-exit.o)
 .bss           0x0001d1fc        0x0 c:/altera/13.1/nios2eds/bin/gnu/h-i686-mingw32/bin/../lib/gcc/nios2-elf/4.7.3/../../../../../H-i686-mingw32/nios2-elf/lib\libc.a(lib_a-fflush.o)
 .bss           0x0001d1fc        0x0 c:/altera/13.1/nios2eds/bin/gnu/h-i686-mingw32/bin/../lib/gcc/nios2-elf/4.7.3/../../../../../H-i686-mingw32/nios2-elf/lib\libc.a(lib_a-findfp.o)
 .bss           0x0001d1fc        0x0 c:/altera/13.1/nios2eds/bin/gnu/h-i686-mingw32/bin/../lib/gcc/nios2-elf/4.7.3/../../../../../H-i686-mingw32/nios2-elf/lib\libc.a(lib_a-fprintf.o)
 .bss           0x0001d1fc        0x0 c:/altera/13.1/nios2eds/bin/gnu/h-i686-mingw32/bin/../lib/gcc/nios2-elf/4.7.3/../../../../../H-i686-mingw32/nios2-elf/lib\libc.a(lib_a-fputs.o)
 .bss           0x0001d1fc        0x0 c:/altera/13.1/nios2eds/bin/gnu/h-i686-mingw32/bin/../lib/gcc/nios2-elf/4.7.3/../../../../../H-i686-mingw32/nios2-elf/lib\libc.a(lib_a-fvwrite.o)
 .bss           0x0001d1fc        0x0 c:/altera/13.1/nios2eds/bin/gnu/h-i686-mingw32/bin/../lib/gcc/nios2-elf/4.7.3/../../../../../H-i686-mingw32/nios2-elf/lib\libc.a(lib_a-fwalk.o)
 .bss           0x0001d1fc        0x0 c:/altera/13.1/nios2eds/bin/gnu/h-i686-mingw32/bin/../lib/gcc/nios2-elf/4.7.3/../../../../../H-i686-mingw32/nios2-elf/lib\libc.a(lib_a-impure.o)
 .bss           0x0001d1fc       0x28 c:/altera/13.1/nios2eds/bin/gnu/h-i686-mingw32/bin/../lib/gcc/nios2-elf/4.7.3/../../../../../H-i686-mingw32/nios2-elf/lib\libc.a(lib_a-mallocr.o)
                0x0001d1fc                __malloc_current_mallinfo
 .bss           0x0001d224        0x0 c:/altera/13.1/nios2eds/bin/gnu/h-i686-mingw32/bin/../lib/gcc/nios2-elf/4.7.3/../../../../../H-i686-mingw32/nios2-elf/lib\libc.a(lib_a-memchr.o)
 .bss           0x0001d224        0x0 c:/altera/13.1/nios2eds/bin/gnu/h-i686-mingw32/bin/../lib/gcc/nios2-elf/4.7.3/../../../../../H-i686-mingw32/nios2-elf/lib\libc.a(lib_a-memcpy.o)
 .bss           0x0001d224        0x0 c:/altera/13.1/nios2eds/bin/gnu/h-i686-mingw32/bin/../lib/gcc/nios2-elf/4.7.3/../../../../../H-i686-mingw32/nios2-elf/lib\libc.a(lib_a-memmove.o)
 .bss           0x0001d224        0x0 c:/altera/13.1/nios2eds/bin/gnu/h-i686-mingw32/bin/../lib/gcc/nios2-elf/4.7.3/../../../../../H-i686-mingw32/nios2-elf/lib\libc.a(lib_a-memset.o)
 .bss           0x0001d224        0x0 c:/altera/13.1/nios2eds/bin/gnu/h-i686-mingw32/bin/../lib/gcc/nios2-elf/4.7.3/../../../../../H-i686-mingw32/nios2-elf/lib\libc.a(lib_a-printf.o)
 .bss           0x0001d224        0x0 c:/altera/13.1/nios2eds/bin/gnu/h-i686-mingw32/bin/../lib/gcc/nios2-elf/4.7.3/../../../../../H-i686-mingw32/nios2-elf/lib\libc.a(lib_a-puts.o)
 .bss           0x0001d224        0x0 c:/altera/13.1/nios2eds/bin/gnu/h-i686-mingw32/bin/../lib/gcc/nios2-elf/4.7.3/../../../../../H-i686-mingw32/nios2-elf/lib\libc.a(lib_a-rand.o)
 .bss           0x0001d224        0x0 c:/altera/13.1/nios2eds/bin/gnu/h-i686-mingw32/bin/../lib/gcc/nios2-elf/4.7.3/../../../../../H-i686-mingw32/nios2-elf/lib\libc.a(lib_a-reallocr.o)
 .bss           0x0001d224        0x0 c:/altera/13.1/nios2eds/bin/gnu/h-i686-mingw32/bin/../lib/gcc/nios2-elf/4.7.3/../../../../../H-i686-mingw32/nios2-elf/lib\libc.a(lib_a-sbrkr.o)
 .bss           0x0001d224        0x0 c:/altera/13.1/nios2eds/bin/gnu/h-i686-mingw32/bin/../lib/gcc/nios2-elf/4.7.3/../../../../../H-i686-mingw32/nios2-elf/lib\libc.a(lib_a-stdio.o)
 .bss           0x0001d224        0x0 c:/altera/13.1/nios2eds/bin/gnu/h-i686-mingw32/bin/../lib/gcc/nios2-elf/4.7.3/../../../../../H-i686-mingw32/nios2-elf/lib\libc.a(lib_a-strcpy.o)
 .bss           0x0001d224        0x0 c:/altera/13.1/nios2eds/bin/gnu/h-i686-mingw32/bin/../lib/gcc/nios2-elf/4.7.3/../../../../../H-i686-mingw32/nios2-elf/lib\libc.a(lib_a-strlen.o)
 .bss           0x0001d224        0x0 c:/altera/13.1/nios2eds/bin/gnu/h-i686-mingw32/bin/../lib/gcc/nios2-elf/4.7.3/../../../../../H-i686-mingw32/nios2-elf/lib\libc.a(lib_a-vfprintf.o)
 .bss           0x0001d224        0x0 c:/altera/13.1/nios2eds/bin/gnu/h-i686-mingw32/bin/../lib/gcc/nios2-elf/4.7.3/../../../../../H-i686-mingw32/nios2-elf/lib\libc.a(lib_a-writer.o)
 .bss           0x0001d224        0x0 c:/altera/13.1/nios2eds/bin/gnu/h-i686-mingw32/bin/../lib/gcc/nios2-elf/4.7.3/../../../../../H-i686-mingw32/nios2-elf/lib\libc.a(lib_a-wsetup.o)
 .bss           0x0001d224        0x0 c:/altera/13.1/nios2eds/bin/gnu/h-i686-mingw32/bin/../lib/gcc/nios2-elf/4.7.3/../../../../../H-i686-mingw32/nios2-elf/lib\libc.a(lib_a-__call_atexit.o)
 .bss           0x0001d224        0x0 c:/altera/13.1/nios2eds/bin/gnu/h-i686-mingw32/bin/../lib/gcc/nios2-elf/4.7.3/../../../../../H-i686-mingw32/nios2-elf/lib\libc.a(lib_a-closer.o)
 .bss           0x0001d224        0x0 c:/altera/13.1/nios2eds/bin/gnu/h-i686-mingw32/bin/../lib/gcc/nios2-elf/4.7.3/../../../../../H-i686-mingw32/nios2-elf/lib\libc.a(lib_a-dtoa.o)
 .bss           0x0001d224        0x0 c:/altera/13.1/nios2eds/bin/gnu/h-i686-mingw32/bin/../lib/gcc/nios2-elf/4.7.3/../../../../../H-i686-mingw32/nios2-elf/lib\libc.a(lib_a-fclose.o)
 .bss           0x0001d224        0x0 c:/altera/13.1/nios2eds/bin/gnu/h-i686-mingw32/bin/../lib/gcc/nios2-elf/4.7.3/../../../../../H-i686-mingw32/nios2-elf/lib\libc.a(lib_a-freer.o)
 .bss           0x0001d224        0x0 c:/altera/13.1/nios2eds/bin/gnu/h-i686-mingw32/bin/../lib/gcc/nios2-elf/4.7.3/../../../../../H-i686-mingw32/nios2-elf/lib\libc.a(lib_a-int_errno.o)
 .bss           0x0001d224        0x0 c:/altera/13.1/nios2eds/bin/gnu/h-i686-mingw32/bin/../lib/gcc/nios2-elf/4.7.3/../../../../../H-i686-mingw32/nios2-elf/lib\libc.a(lib_a-locale.o)
 .bss           0x0001d224        0x0 c:/altera/13.1/nios2eds/bin/gnu/h-i686-mingw32/bin/../lib/gcc/nios2-elf/4.7.3/../../../../../H-i686-mingw32/nios2-elf/lib\libc.a(lib_a-lseekr.o)
 .bss           0x0001d224        0x0 c:/altera/13.1/nios2eds/bin/gnu/h-i686-mingw32/bin/../lib/gcc/nios2-elf/4.7.3/../../../../../H-i686-mingw32/nios2-elf/lib\libc.a(lib_a-makebuf.o)
 .bss           0x0001d224        0x0 c:/altera/13.1/nios2eds/bin/gnu/h-i686-mingw32/bin/../lib/gcc/nios2-elf/4.7.3/../../../../../H-i686-mingw32/nios2-elf/lib\libc.a(lib_a-mprec.o)
 .bss           0x0001d224        0x0 c:/altera/13.1/nios2eds/bin/gnu/h-i686-mingw32/bin/../lib/gcc/nios2-elf/4.7.3/../../../../../H-i686-mingw32/nios2-elf/lib\libc.a(lib_a-readr.o)
 .bss           0x0001d224        0x0 c:/altera/13.1/nios2eds/bin/gnu/h-i686-mingw32/bin/../lib/gcc/nios2-elf/4.7.3/../../../../../H-i686-mingw32/nios2-elf/lib\libc.a(lib_a-s_isinfd.o)
 .bss           0x0001d224        0x0 c:/altera/13.1/nios2eds/bin/gnu/h-i686-mingw32/bin/../lib/gcc/nios2-elf/4.7.3/../../../../../H-i686-mingw32/nios2-elf/lib\libc.a(lib_a-s_isnand.o)
 .bss           0x0001d224        0x0 c:/altera/13.1/nios2eds/bin/gnu/h-i686-mingw32/bin/../lib/gcc/nios2-elf/4.7.3/../../../../../H-i686-mingw32/nios2-elf/lib\libc.a(lib_a-strcmp.o)
 .bss           0x0001d224        0x0 c:/altera/13.1/nios2eds/bin/gnu/h-i686-mingw32/bin/../lib/gcc/nios2-elf/4.7.3/../../../../../H-i686-mingw32/nios2-elf/lib\libc.a(lib_a-callocr.o)
 .bss           0x0001d224        0x0 c:/altera/13.1/nios2eds/bin/gnu/h-i686-mingw32/bin/../lib/gcc/nios2-elf/4.7.3/../../../../../H-i686-mingw32/nios2-elf/lib\libc.a(lib_a-fstatr.o)
 .bss           0x0001d224        0x0 c:/altera/13.1/nios2eds/bin/gnu/h-i686-mingw32/bin/../lib/gcc/nios2-elf/4.7.3/../../../../../H-i686-mingw32/nios2-elf/lib\libc.a(lib_a-isattyr.o)
 .bss           0x0001d224        0x0 c:/altera/13.1/nios2eds/bin/gnu/h-i686-mingw32/bin/../lib/gcc/nios2-elf/4.7.3\libgcc.a(_muldi3.o)
 .bss           0x0001d224        0x0 c:/altera/13.1/nios2eds/bin/gnu/h-i686-mingw32/bin/../lib/gcc/nios2-elf/4.7.3\libgcc.a(_udivdi3.o)
 .bss           0x0001d224        0x0 c:/altera/13.1/nios2eds/bin/gnu/h-i686-mingw32/bin/../lib/gcc/nios2-elf/4.7.3\libgcc.a(_umoddi3.o)
 .bss           0x0001d224        0x0 c:/altera/13.1/nios2eds/bin/gnu/h-i686-mingw32/bin/../lib/gcc/nios2-elf/4.7.3\libgcc.a(_addsub_df.o)
 .bss           0x0001d224        0x0 c:/altera/13.1/nios2eds/bin/gnu/h-i686-mingw32/bin/../lib/gcc/nios2-elf/4.7.3\libgcc.a(_mul_df.o)
 .bss           0x0001d224        0x0 c:/altera/13.1/nios2eds/bin/gnu/h-i686-mingw32/bin/../lib/gcc/nios2-elf/4.7.3\libgcc.a(_div_df.o)
 .bss           0x0001d224        0x0 c:/altera/13.1/nios2eds/bin/gnu/h-i686-mingw32/bin/../lib/gcc/nios2-elf/4.7.3\libgcc.a(_eq_df.o)
 .bss           0x0001d224        0x0 c:/altera/13.1/nios2eds/bin/gnu/h-i686-mingw32/bin/../lib/gcc/nios2-elf/4.7.3\libgcc.a(_ne_df.o)
 .bss           0x0001d224        0x0 c:/altera/13.1/nios2eds/bin/gnu/h-i686-mingw32/bin/../lib/gcc/nios2-elf/4.7.3\libgcc.a(_gt_df.o)
 .bss           0x0001d224        0x0 c:/altera/13.1/nios2eds/bin/gnu/h-i686-mingw32/bin/../lib/gcc/nios2-elf/4.7.3\libgcc.a(_ge_df.o)
 .bss           0x0001d224        0x0 c:/altera/13.1/nios2eds/bin/gnu/h-i686-mingw32/bin/../lib/gcc/nios2-elf/4.7.3\libgcc.a(_lt_df.o)
 .bss           0x0001d224        0x0 c:/altera/13.1/nios2eds/bin/gnu/h-i686-mingw32/bin/../lib/gcc/nios2-elf/4.7.3\libgcc.a(_si_to_df.o)
 .bss           0x0001d224        0x0 c:/altera/13.1/nios2eds/bin/gnu/h-i686-mingw32/bin/../lib/gcc/nios2-elf/4.7.3\libgcc.a(_df_to_si.o)
 .bss           0x0001d224        0x0 c:/altera/13.1/nios2eds/bin/gnu/h-i686-mingw32/bin/../lib/gcc/nios2-elf/4.7.3\libgcc.a(_thenan_df.o)
 .bss           0x0001d224        0x0 c:/altera/13.1/nios2eds/bin/gnu/h-i686-mingw32/bin/../lib/gcc/nios2-elf/4.7.3\libgcc.a(_usi_to_df.o)