Archive member included because of file (symbol)

c:/altera/13.1/nios2eds/bin/gnu/h-i686-mingw32/bin/../lib/gcc/nios2-elf/4.7.3\libgcc.a(lib2-divmod.o)
                              obj/default/MCAPI_Transport/mcapi_trans_nios.o (__divsi3)
c:/altera/13.1/nios2eds/bin/gnu/h-i686-mingw32/bin/../lib/gcc/nios2-elf/4.7.3\libgcc.a(lib2-divtable.o)
                              obj/default/MCAPI_Transport/mcapi_trans_nios.o (__divsi3_table)
c:/altera/13.1/nios2eds/bin/gnu/h-i686-mingw32/bin/../lib/gcc/nios2-elf/4.7.3/../../../../../H-i686-mingw32/nios2-elf/lib\libc.a(lib_a-exit.o)
                              obj/default/MCAPI_Transport/mcapi_trans_nios.o (exit)
c:/altera/13.1/nios2eds/bin/gnu/h-i686-mingw32/bin/../lib/gcc/nios2-elf/4.7.3/../../../../../H-i686-mingw32/nios2-elf/lib\libc.a(lib_a-fflush.o)
                              obj/default/MCAPI_Transport/mcapi_trans_nios.o (fflush)
c:/altera/13.1/nios2eds/bin/gnu/h-i686-mingw32/bin/../lib/gcc/nios2-elf/4.7.3/../../../../../H-i686-mingw32/nios2-elf/lib\libc.a(lib_a-findfp.o)
                              c:/altera/13.1/nios2eds/bin/gnu/h-i686-mingw32/bin/../lib/gcc/nios2-elf/4.7.3/../../../../../H-i686-mingw32/nios2-elf/lib\libc.a(lib_a-fflush.o) (__sinit)
c:/altera/13.1/nios2eds/bin/gnu/h-i686-mingw32/bin/../lib/gcc/nios2-elf/4.7.3/../../../../../H-i686-mingw32/nios2-elf/lib\libc.a(lib_a-fprintf.o)
                              obj/default/MCAPI_Top/mcapi.o (fprintf)
c:/altera/13.1/nios2eds/bin/gnu/h-i686-mingw32/bin/../lib/gcc/nios2-elf/4.7.3/../../../../../H-i686-mingw32/nios2-elf/lib\libc.a(lib_a-fwalk.o)
                              c:/altera/13.1/nios2eds/bin/gnu/h-i686-mingw32/bin/../lib/gcc/nios2-elf/4.7.3/../../../../../H-i686-mingw32/nios2-elf/lib\libc.a(lib_a-findfp.o) (_fwalk)
c:/altera/13.1/nios2eds/bin/gnu/h-i686-mingw32/bin/../lib/gcc/nios2-elf/4.7.3/../../../../../H-i686-mingw32/nios2-elf/lib\libc.a(lib_a-fwrite.o)
                              obj/default/MCAPI_Transport/mcapi_trans_nios.o (fwrite)
c:/altera/13.1/nios2eds/bin/gnu/h-i686-mingw32/bin/../lib/gcc/nios2-elf/4.7.3/../../../../../H-i686-mingw32/nios2-elf/lib\libc.a(lib_a-impure.o)
                              c:/altera/13.1/nios2eds/bin/gnu/h-i686-mingw32/bin/../lib/gcc/nios2-elf/4.7.3/../../../../../H-i686-mingw32/nios2-elf/lib\libc.a(lib_a-exit.o) (_global_impure_ptr)
c:/altera/13.1/nios2eds/bin/gnu/h-i686-mingw32/bin/../lib/gcc/nios2-elf/4.7.3/../../../../../H-i686-mingw32/nios2-elf/lib\libc.a(lib_a-mallocr.o)
                              c:/altera/13.1/nios2eds/bin/gnu/h-i686-mingw32/bin/../lib/gcc/nios2-elf/4.7.3/../../../../../H-i686-mingw32/nios2-elf/lib\libc.a(lib_a-findfp.o) (_malloc_r)
c:/altera/13.1/nios2eds/bin/gnu/h-i686-mingw32/bin/../lib/gcc/nios2-elf/4.7.3/../../../../../H-i686-mingw32/nios2-elf/lib\libc.a(lib_a-memcpy.o)
                              obj/default/MCAPI_Top/mcapi.o (memcpy)
c:/altera/13.1/nios2eds/bin/gnu/h-i686-mingw32/bin/../lib/gcc/nios2-elf/4.7.3/../../../../../H-i686-mingw32/nios2-elf/lib\libc.a(lib_a-memset.o)
                              obj/default/MCAPI_Top/mcapi.o (memset)
c:/altera/13.1/nios2eds/bin/gnu/h-i686-mingw32/bin/../lib/gcc/nios2-elf/4.7.3/../../../../../H-i686-mingw32/nios2-elf/lib\libc.a(lib_a-printf.o)
                              obj/default/MCAPI_Transport/mcapi_trans_nios.o (printf)
c:/altera/13.1/nios2eds/bin/gnu/h-i686-mingw32/bin/../lib/gcc/nios2-elf/4.7.3/../../../../../H-i686-mingw32/nios2-elf/lib\libc.a(lib_a-puts.o)
                              obj/default/MCAPI_Transport/mcapi_trans_nios.o (puts)
c:/altera/13.1/nios2eds/bin/gnu/h-i686-mingw32/bin/../lib/gcc/nios2-elf/4.7.3/../../../../../H-i686-mingw32/nios2-elf/lib\libc.a(lib_a-rand.o)
                              obj/default/SysTestNode1.o (rand)
c:/altera/13.1/nios2eds/bin/gnu/h-i686-mingw32/bin/../lib/gcc/nios2-elf/4.7.3/../../../../../H-i686-mingw32/nios2-elf/lib\libc.a(lib_a-sbrkr.o)
                              c:/altera/13.1/nios2eds/bin/gnu/h-i686-mingw32/bin/../lib/gcc/nios2-elf/4.7.3/../../../../../H-i686-mingw32/nios2-elf/lib\libc.a(lib_a-mallocr.o) (_sbrk_r)
c:/altera/13.1/nios2eds/bin/gnu/h-i686-mingw32/bin/../lib/gcc/nios2-elf/4.7.3/../../../../../H-i686-mingw32/nios2-elf/lib\libc.a(lib_a-stdio.o)
                              c:/altera/13.1/nios2eds/bin/gnu/h-i686-mingw32/bin/../lib/gcc/nios2-elf/4.7.3/../../../../../H-i686-mingw32/nios2-elf/lib\libc.a(lib_a-findfp.o) (__sread)
c:/altera/13.1/nios2eds/bin/gnu/h-i686-mingw32/bin/../lib/gcc/nios2-elf/4.7.3/../../../../../H-i686-mingw32/nios2-elf/lib\libc.a(lib_a-strlen.o)
                              c:/altera/13.1/nios2eds/bin/gnu/h-i686-mingw32/bin/../lib/gcc/nios2-elf/4.7.3/../../../../../H-i686-mingw32/nios2-elf/lib\libc.a(lib_a-puts.o) (strlen)
c:/altera/13.1/nios2eds/bin/gnu/h-i686-mingw32/bin/../lib/gcc/nios2-elf/4.7.3/../../../../../H-i686-mingw32/nios2-elf/lib\libc.a(lib_a-vfprintf.o)
[...]
Memory Configuration

Name             Origin             Length             Attributes
reset            0x00000000         0x00000020
sdram            0x00000020         0x03ffffe0
*default*        0x00000000         0xffffffff

Linker script and memory map

LOAD ../UcosiiBSP_for_cpu_s0//obj/HAL/src/crt0.o
LOAD obj/default/MCAPI_Top/mcapi.o
LOAD obj/default/MCAPI_Transport/mcapi_trans_nios.o
LOAD obj/default/NS_Layer/NS_layer.o
LOAD obj/default/PH_FifoDriver_UCOSII/PH_layer.o
LOAD obj/default/SysTestNode1.o
LOAD obj/default/UTILS/util_packet_handling.o
LOAD c:/altera/13.1/nios2eds/bin/gnu/h-i686-mingw32/bin/../lib/gcc/nios2-elf/4.7.3/../../../../../H-i686-mingw32/nios2-elf/lib\libstdc++.a
LOAD c:/altera/13.1/nios2eds/bin/gnu/h-i686-mingw32/bin/../lib/gcc/nios2-elf/4.7.3/../../../../../H-i686-mingw32/nios2-elf/lib\libm.a
LOAD c:/altera/13.1/nios2eds/bin/gnu/h-i686-mingw32/bin/../lib/gcc/nios2-elf/4.7.3\libgcc.a
START GROUP
LOAD c:/altera/13.1/nios2eds/bin/gnu/h-i686-mingw32/bin/../lib/gcc/nios2-elf/4.7.3/../../../../../H-i686-mingw32/nios2-elf/lib\libc.a
LOAD c:/altera/13.1/nios2eds/bin/gnu/h-i686-mingw32/bin/../lib/gcc/nios2-elf/4.7.3\libgcc.a
LOAD ../UcosiiBSP_for_cpu_s0/\libucosii_bsp.a
END GROUP
LOAD c:/altera/13.1/nios2eds/bin/gnu/h-i686-mingw32/bin/../lib/gcc/nios2-elf/4.7.3\libgcc.a
                0x00000000                __alt_mem_sdram = 0x0

.entry          0x00000000       0x20
 *(.entry)
 .entry         0x00000000       0x20 ../UcosiiBSP_for_cpu_s0//obj/HAL/src/crt0.o
                0x00000000                __reset

.exceptions     0x00000020      0x134
                0x00000020                PROVIDE (__ram_exceptions_start, ABSOLUTE (.))
                0x00000020                . = ALIGN (0x20)
 *(.irq)
 *(.exceptions.entry.label)
 .exceptions.entry.label
                0x00000020        0x0 ../UcosiiBSP_for_cpu_s0/\libucosii_bsp.a(alt_irq_entry.o)
                0x00000020                alt_irq_entry
 .exceptions.entry.label
                0x00000020        0x0 ../UcosiiBSP_for_cpu_s0/\libucosii_bsp.a(alt_exception_entry.o)
                0x00000020                alt_exception
 *(.exceptions.entry.user)
 *(.exceptions.entry.ecc_fatal)
 *(.exceptions.entry)
 .exceptions.entry
                0x00000020       0x54 ../UcosiiBSP_for_cpu_s0/\libucosii_bsp.a(alt_exception_entry.o)
 *(.exceptions.irqtest.user)
 *(.exceptions.irqtest)
 .exceptions.irqtest
                0x00000074       0x10 ../UcosiiBSP_for_cpu_s0/\libucosii_bsp.a(alt_irq_entry.o)
 *(.exceptions.irqhandler.user)
 *(.exceptions.irqhandler)
 .exceptions.irqhandler
                0x00000084        0x4 ../UcosiiBSP_for_cpu_s0/\libucosii_bsp.a(alt_irq_entry.o)
 *(.exceptions.irqreturn.user)
 *(.exceptions.irqreturn)
 .exceptions.irqreturn
                0x00000088        0x4 ../UcosiiBSP_for_cpu_s0/\libucosii_bsp.a(alt_irq_entry.o)
 *(.exceptions.notirq.label)
 .exceptions.notirq.label
                0x0000008c        0x0 ../UcosiiBSP_for_cpu_s0/\libucosii_bsp.a(alt_irq_entry.o)
 *(.exceptions.notirq.user)
 *(.exceptions.notirq)
 .exceptions.notirq
                0x0000008c        0x8 ../UcosiiBSP_for_cpu_s0/\libucosii_bsp.a(alt_exception_entry.o)
 *(.exceptions.soft.user)
 *(.exceptions.soft)
 *(.exceptions.unknown.user)
 *(.exceptions.unknown)
 .exceptions.unknown
                0x00000094        0x4 ../UcosiiBSP_for_cpu_s0/\libucosii_bsp.a(alt_exception_entry.o)
 *(.exceptions.exit.label)
 .exceptions.exit.label
                0x00000098        0x0 ../UcosiiBSP_for_cpu_s0/\libucosii_bsp.a(alt_irq_entry.o)
 .exceptions.exit.label
                0x00000098        0x0 ../UcosiiBSP_for_cpu_s0/\libucosii_bsp.a(alt_exception_entry.o)
 *(.exceptions.exit.user)
 *(.exceptions.exit)
 .exceptions.exit
                0x00000098       0x54 ../UcosiiBSP_for_cpu_s0/\libucosii_bsp.a(alt_exception_entry.o)
 *(.exceptions)
 .exceptions    0x000000ec       0x68 ../UcosiiBSP_for_cpu_s0/\libucosii_bsp.a(alt_irq_handler.o)
                0x000000ec                alt_irq_handler
                0x00000154                PROVIDE (__ram_exceptions_end, ABSOLUTE (.))
                0x00000020                PROVIDE (__flash_exceptions_start, LOADADDR (.exceptions))

.text           0x00000154    0x201c4
                0x00000154                PROVIDE (stext, ABSOLUTE (.))
 *(.interp)
 *(.hash)
 *(.dynsym)
 *(.dynstr)
 *(.gnu.version)
 *(.gnu.version_d)
 *(.gnu.version_r)
 *(.rel.init)
 *(.rela.init)
 *(.rel.text .rel.text.* .rel.gnu.linkonce.t.*)
 *(.rela.text .rela.text.* .rela.gnu.linkonce.t.*)
 *(.rel.fini)
 *(.rela.fini)
 *(.rel.rodata .rel.rodata.* .rel.gnu.linkonce.r.*)
 *(.rela.rodata .rela.rodata.* .rela.gnu.linkonce.r.*)
 *(.rel.data .rel.data.* .rel.gnu.linkonce.d.*)
 *(.rela.data .rela.data.* .rela.gnu.linkonce.d.*)
 *(.rel.tdata .rel.tdata.* .rel.gnu.linkonce.td.*)
 *(.rela.tdata .rela.tdata.* .rela.gnu.linkonce.td.*)
 *(.rel.tbss .rel.tbss.* .rel.gnu.linkonce.tb.*)
 *(.rela.tbss .rela.tbss.* .rela.gnu.linkonce.tb.*)
 *(.rel.ctors)
 *(.rela.ctors)
 *(.rel.dtors)
 *(.rela.dtors)
 *(.rel.got)
 *(.rela.got)
 *(.rel.sdata .rel.sdata.* .rel.gnu.linkonce.s.*)
 *(.rela.sdata .rela.sdata.* .rela.gnu.linkonce.s.*)
 *(.rel.sbss .rel.sbss.* .rel.gnu.linkonce.sb.*)
 *(.rela.sbss .rela.sbss.* .rela.gnu.linkonce.sb.*)
 *(.rel.sdata2 .rel.sdata2.* .rel.gnu.linkonce.s2.*)
 *(.rela.sdata2 .rela.sdata2.* .rela.gnu.linkonce.s2.*)
 *(.rel.sbss2 .rel.sbss2.* .rel.gnu.linkonce.sb2.*)
 *(.rela.sbss2 .rela.sbss2.* .rela.gnu.linkonce.sb2.*)
 *(.rel.bss .rel.bss.* .rel.gnu.linkonce.b.*)
 *(.rela.bss .rela.bss.* .rela.gnu.linkonce.b.*)
 *(.rel.plt)
 *(.rela.plt)
 *(.rel.dyn)
 *(.init)
 *(.plt)
 *(.text .stub .text.* .gnu.linkonce.t.*)
 .text          0x00000154       0x3c ../UcosiiBSP_for_cpu_s0//obj/HAL/src/crt0.o
                0x00000154                _start
 .text          0x00000190     0x2378 obj/default/MCAPI_Top/mcapi.o
                0x00000190                mcapi_display_status
                0x0000076c                mcapi_set_debug_level
                0x00000770                mcapi_display_state
                0x00000774                mcapi_initialize
                0x00000834                mcapi_node_init_attributes
                0x0000088c                mcapi_node_set_attribute
                0x000008ec                mcapi_node_get_attribute
                0x00000950                mcapi_finalize
                0x0000098c                mcapi_domain_id_get
                0x000009d8                mcapi_node_id_get
                0x00000a24                mcapi_endpoint_create
                0x00000b1c                mcapi_endpoint_get_i
                0x00000bcc                mcapi_endpoint_get
                0x00000ca0                mcapi_endpoint_delete
                0x00000d48                mcapi_endpoint_get_attribute
                0x00000de8                mcapi_msg_send_i
                0x00000eb0                mcapi_msg_send
                0x00000fb4                mcapi_msg_recv_i
                0x0000108c                mcapi_msg_recv
                0x00001160                mcapi_msg_available
                0x000011c4                mcapi_pktchan_connect_i
                0x00001280                mcapi_pktchan_recv_open_i
                0x00001354                mcapi_pktchan_send_open_i
                0x00001428                mcapi_pktchan_send_i
                0x000014dc                mcapi_pktchan_send
                0x000015a4                mcapi_pktchan_recv_i
                0x00001660                mcapi_pktchan_recv
                0x00001734                mcapi_pktchan_available
                0x00001798                mcapi_pktchan_release
                0x000017d4                mcapi_pktchan_recv_close_i
                0x0000187c                mcapi_pktchan_send_close_i
                0x00001924                mcapi_sclchan_connect_i
                0x00001a30                mcapi_sclchan_recv_open_i
                0x00001b0c                mcapi_sclchan_send_open_i
                0x00001be8                mcapi_sclchan_send_uint64
                0x00001c88                mcapi_sclchan_send_uint32
                0x00001d3c                mcapi_sclchan_send_uint16
                0x00001dcc                mcapi_sclchan_send_uint8
                0x00001e68                mcapi_sclchan_recv_uint64
                0x00001efc                mcapi_sclchan_recv_uint32
                0x00001f88                mcapi_sclchan_recv_uint16
                0x00002014                mcapi_sclchan_recv_uint8
                0x000020ac                mcapi_sclchan_available
                0x00002110                mcapi_sclchan_recv_close_i
                0x000021b8                mcapi_sclchan_send_close_i
                0x00002260                mcapi_test
                0x00002314                mcapi_wait
                0x000023f0                mcapi_wait_any
                0x000024a4                mcapi_cancel
 .text          0x00002508     0xa370 obj/default/MCAPI_Transport/mcapi_trans_nios.o
                0x000027a4                MCAPI_ASSERT
                0x000027c8                mca_dprintf
                0x000027dc                mcapi_trans_get_node_num
                0x000027fc                mcapi_trans_get_domain_num
                0x0000281c                mcapi_trans_remove_request_have_lock
                0x00002900                mcapi_trans_reserve_request_have_lock
                0x000029a0                mcapi_trans_init_indexed_array_have_lock
                0x00002a4c                mcapi_trans_initialize
                0x00003000                mcapi_trans_initialize_database
                0x000031dc                mcapi_trans_node_init_attributes
                0x000031f4                mcapi_trans_node_get_attribute
                0x00003514                mcapi_trans_node_set_attribute
                0x00003574                mcapi_trans_finalize
                0x00003624                mcapi_trans_channel_type
                0x00003714                mcapi_trans_send_endpoint
                0x00003814                mcapi_trans_recv_endpoint
                0x00003914                mcapi_trans_valid_port
                0x0000391c                mcapi_trans_valid_node
                0x00003924                mcapi_trans_valid_domain
                0x0000392c                mcapi_trans_valid_endpoint
                0x00003a1c                mcapi_trans_endpoint_exists
                0x00003bc0                mcapi_trans_endpoint_exists_
                0x00003cd0                mcapi_trans_valid_endpoints
                0x00003dd4                mcapi_trans_endpoint_channel_isopen
                0x00003ee4                mcapi_trans_sclchan_send_isopen
                0x00003ee8                mcapi_trans_sclchan_recv_isopen
                0x00003eec                mcapi_trans_pktchan_send_isopen
                0x00003ef0                mcapi_trans_pktchan_recv_isopen
                0x00003ef4                mcapi_trans_endpoint_isowner
                0x0000401c                mcapi_trans_channel_connected
                0x00004140                mcapi_trans_compatible_endpoint_attributes
                0x00004148                mcapi_trans_valid_pktchan_send_handle
                0x00004238                mcapi_trans_valid_pktchan_recv_handle
                0x00004328                mcapi_trans_valid_sclchan_send_handle
                0x00004418                mcapi_trans_valid_sclchan_recv_handle
                0x00004508                mcapi_trans_initialized
                0x000045b8                mcapi_trans_num_endpoints
                0x00004680                mcapi_trans_valid_priority
                0x00004688                mcapi_trans_connected
                0x00004778                mcapi_trans_valid_status_param
                0x00004780                mcapi_trans_valid_version_param
                0x00004788                mcapi_trans_valid_buffer_param
                0x00004790                mcapi_trans_valid_request_handle
                0x000047b0                mcapi_trans_valid_size_param
                0x000047b8                mcapi_trans_endpoint_create
                0x000049b0                mcapi_trans_endpoint_create_
                0x00004b88                mcapi_trans_endpoint_get_attribute
                0x00004cdc                mcapi_trans_endpoint_set_attribute
                0x00004d00                mcapi_trans_endpoint_get_have_lock
                0x00004dd4                mcapi_trans_endpoint_get_i
                0x000050a4                mcapi_trans_endpoint_get_
                0x0000524c                mcapi_trans_endpoint_delete
                0x0000535c                mcapi_trans_msg_available
                0x0000544c                mcapi_trans_pktchan_recv_open_i
                0x00005768                mcapi_trans_pktchan_send_open_i
                0x00005a84                mcapi_trans_pktchan_available
                0x00005b74                mcapi_trans_pktchan_free
                0x00005c3c                mcapi_trans_pktchan_send_close_i
                0x00005f00                mcapi_trans_sclchan_recv_open_i
                0x0000621c                mcapi_trans_sclchan_send_open_i
                0x00006538                mcapi_trans_sclchan_available_i
                0x00006628                mcapi_trans_sclchan_send_close_i
                0x000068ec                mcapi_trans_signal_handler
                0x000068f0                setup_request_have_lock
                0x00006b9c                mcapi_trans_decode_request_handle
                0x00006bc0                mcapi_trans_display_state_have_lock
                0x00006fb4                mcapi_trans_display_state
                0x00007050                check_open_channel_request_have_lock
                0x000071d0                check_close_channel_request_have_lock
                0x00007368                check_get_endpt_request_have_lock
                0x000075bc                cancel_receive_request_have_lock
                0x00007878                mcapi_trans_cancel
                0x000079f4                check_receive_request_have_lock
                0x00007f00                mcapi_trans_test_i
                0x00008208                mcapi_trans_wait_any
                0x00008390                mcapi_trans_wait
                0x00008484                mcapi_trans_endpoint_get
                0x00008500                mcapi_trans_connect_channel_have_lock
                0x00008620                mcapi_trans_sclchan_connect_i
                0x000087fc                mcapi_trans_pktchan_connect_i
                0x000089d8                mcapi_trans_send
                0x00008e24                mcapi_trans_send_have_lock
                0x000091e4                mcapi_trans_sclchan_send
                0x000093f8                mcapi_trans_pktchan_send_i
                0x00009868                mcapi_trans_pktchan_send
                0x00009914                mcapi_trans_msg_send_i
                0x00009dac                mcapi_trans_msg_send
                0x00009ebc                mcapi_trans_recv_have_lock_
                0x0000a06c                mcapi_trans_open_channel_have_lock
                0x0000a0a0                mcapi_trans_close_channel_have_lock
                0x0000a0d0                mcapi_trans_yield_have_lock
                0x0000a170                mcapi_trans_access_database_pre
                0x0000a1dc                mcapi_trans_access_database_post
                0x0000a244                mcapi_trans_add_domain_and_node
                0x0000a408                mcapi_trans_encode_handle
                0x0000a448                mcapi_trans_decode_handle
                0x0000a490                mcapi_trans_get_database_indices
                0x0000a59c                mcapi_trans_whoami
                0x0000a5d4                print_queue
                0x0000a93c                mcapi_trans_push_queue
                0x0000aa18                mcapi_trans_pop_queue
                0x0000ac68                mcapi_trans_recv_have_lock
                0x0000b060                mcapi_trans_sclchan_recv_close_i
                0x0000b48c                mcapi_trans_pktchan_recv_close_i
                0x0000bb94                mcapi_trans_sclchan_recv
                0x0000c048                mcapi_trans_msg_recv_i
                0x0000c270                mcapi_trans_msg_recv
                0x0000c330                mcapi_trans_pktchan_recv_i
                0x0000c518                mcapi_trans_pktchan_recv
                0x0000c5c4                mcapi_trans_compact_queue
                0x0000c70c                mcapi_trans_empty_queue
                0x0000c7e4                mcapi_trans_full_queue
 .text.unlikely
                0x0000c878       0x30 obj/default/MCAPI_Transport/mcapi_trans_nios.o
 .text          0x0000c8a8     0x150c obj/default/NS_Layer/NS_layer.o
                0x0000c8a8                getIndex
                0x0000c8d0                NS_get_serviceRequestID
                0x0000ca20                NS_getCallID
                0x0000cb5c                NS_releaseCallID
                0x0000ccdc                NS_layer_exit
                0x0000cce4                NS_init
                0x0000cf74                NS_getRemoteEndpoint_request
                0x0000d274                NS_getRemoteEndpoint_response
                0x0000d3b0                NS_endpointChannelIsopen_request
                0x0000d670                NS_endpointChannelIsopen_response
                0x0000d75c                NS_sendDataToRemote_request
                0x0000d8d4                NS_sendDataToRemote_indication
                0x0000d9d4                NS_unlock_waiting_request
                0x0000daf4                NS_layer_receive
 .text          0x0000ddb4      0x9c8 obj/default/PH_FifoDriver_UCOSII/PH_layer.o
                0x0000ddb4                PH_FIFO2_RcvTask
                0x0000de84                PH_FIFO1_RcvTask
                0x0000df54                PH_FIFO2_ISR
                0x0000dfd4                PH_FIFO1_ISR
                0x0000e054                PH_send_request
                0x0000e254                cpu_fifo_bridge_init
                0x0000e27c                PH_init
 .text          0x0000e77c      0x934 obj/default/SysTestNode1.o
                0x0000e77c                sys_stop
                0x0000e780                check_status
                0x0000e7cc                init_task
                0x0000ea68                node1_sendMSG_to_node2_task
                0x0000ec0c                node1_recvMSG_from_node2_task
                0x0000ed84                node1_recvMSG_from_node0_task
                0x0000eefc                node1_sendMSG_to_node0_task
 .text.startup  0x0000f0b0       0xa8 obj/default/SysTestNode1.o
                0x0000f0b0                main
 .text          0x0000f158      0x33c obj/default/UTILS/util_packet_handling.o
                0x0000f158                pack_add_8
                0x0000f164                pack_add_u8
                0x0000f170                pack_add_16
                0x0000f184                pack_add_u16
                0x0000f198                pack_add_32
                0x0000f1bc                pack_add_u32
                0x0000f1e0                pack_add_64
                0x0000f220                pack_add_u64
                0x0000f260                pack_add_flt
                0x0000f294                pack_add_adr
                0x0000f2b8                pack_get_8
                0x0000f2c4                pack_get_u8
                0x0000f2d0                pack_get_16
                0x0000f2f4                pack_get_u16
                0x0000f318                pack_get_32
                0x0000f34c                pack_get_u32
                0x0000f380                pack_get_64
                0x0000f3d8                pack_get_u64
                0x0000f430                pack_get_flt
                0x0000f464                pack_get_adr
 .text          0x0000f494      0x130 c:/altera/13.1/nios2eds/bin/gnu/h-i686-mingw32/bin/../lib/gcc/nios2-elf/4.7.3\libgcc.a(lib2-divmod.o)
                0x0000f508                __divsi3
                0x0000f558                __modsi3
                0x0000f5b4                __udivsi3
                0x0000f5bc                __umodsi3
 .text          0x0000f5c4        0x0 c:/altera/13.1/nios2eds/bin/gnu/h-i686-mingw32/bin/../lib/gcc/nios2-elf/4.7.3\libgcc.a(lib2-divtable.o)
 .text          0x0000f5c4       0x38 c:/altera/13.1/nios2eds/bin/gnu/h-i686-mingw32/bin/../lib/gcc/nios2-elf/4.7.3/../../../../../H-i686-mingw32/nios2-elf/lib\libc.a(lib_a-exit.o)
                0x0000f5c4                exit
 .text          0x0000f5fc      0x218 c:/altera/13.1/nios2eds/bin/gnu/h-i686-mingw32/bin/../lib/gcc/nios2-elf/4.7.3/../../../../../H-i686-mingw32/nios2-elf/lib\libc.a(lib_a-fflush.o)
                0x0000f5fc                _fflush_r
                0x0000f7e4                fflush
 .text          0x0000f814      0x2d8 c:/altera/13.1/nios2eds/bin/gnu/h-i686-mingw32/bin/../lib/gcc/nios2-elf/4.7.3/../../../../../H-i686-mingw32/nios2-elf/lib\libc.a(lib_a-findfp.o)
                0x0000f824                _cleanup_r
                0x0000f830                __sfmoreglue
                0x0000f894                _cleanup
                0x0000f8a4                __sinit
                0x0000f9b0                __sfp
                0x0000faac                __sfp_lock_acquire
                0x0000fab0                __sfp_lock_release
                0x0000fab4                __sinit_lock_acquire
                0x0000fab8                __sinit_lock_release
                0x0000fabc                __fp_lock_all
                0x0000fad4                __fp_unlock_all
 .text          0x0000faec       0x4c c:/altera/13.1/nios2eds/bin/gnu/h-i686-mingw32/bin/../lib/gcc/nios2-elf/4.7.3/../../../../../H-i686-mingw32/nios2-elf/lib\libc.a(lib_a-fprintf.o)
                0x0000faec                _fprintf_r
                0x0000fb14                fprintf
 .text          0x0000fb38      0x160 c:/altera/13.1/nios2eds/bin/gnu/h-i686-mingw32/bin/../lib/gcc/nios2-elf/4.7.3/../../../../../H-i686-mingw32/nios2-elf/lib\libc.a(lib_a-fwalk.o)
                0x0000fb38                _fwalk
                0x0000fbe0                _fwalk_reent
 .text          0x0000fc98       0xe0 c:/altera/13.1/nios2eds/bin/gnu/h-i686-mingw32/bin/../lib/gcc/nios2-elf/4.7.3/../../../../../H-i686-mingw32/nios2-elf/lib\libc.a(lib_a-fwrite.o)
                0x0000fc98                _fwrite_r
                0x0000fd38                fwrite
 .text          0x0000fd78        0x0 c:/altera/13.1/nios2eds/bin/gnu/h-i686-mingw32/bin/../lib/gcc/nios2-elf/4.7.3/../../../../../H-i686-mingw32/nios2-elf/lib\libc.a(lib_a-impure.o)
 .text          0x0000fd78      0x784 c:/altera/13.1/nios2eds/bin/gnu/h-i686-mingw32/bin/../lib/gcc/nios2-elf/4.7.3/../../../../../H-i686-mingw32/nios2-elf/lib\libc.a(lib_a-mallocr.o)
                0x0000fd78                _malloc_r
 .text          0x000104fc       0xf8 c:/altera/13.1/nios2eds/bin/gnu/h-i686-mingw32/bin/../lib/gcc/nios2-elf/4.7.3/../../../../../H-i686-mingw32/nios2-elf/lib\libc.a(lib_a-memcpy.o)
                0x000104fc                memcpy
 .text          0x000105f4       0xdc c:/altera/13.1/nios2eds/bin/gnu/h-i686-mingw32/bin/../lib/gcc/nios2-elf/4.7.3/../../../../../H-i686-mingw32/nios2-elf/lib\libc.a(lib_a-memset.o)
                0x000105f4                memset
 .text          0x000106d0       0x68 c:/altera/13.1/nios2eds/bin/gnu/h-i686-mingw32/bin/../lib/gcc/nios2-elf/4.7.3/../../../../../H-i686-mingw32/nios2-elf/lib\libc.a(lib_a-printf.o)
                0x000106d0                _printf_r
                0x000106fc                printf
 .text          0x00010738       0x98 c:/altera/13.1/nios2eds/bin/gnu/h-i686-mingw32/bin/../lib/gcc/nios2-elf/4.7.3/../../../../../H-i686-mingw32/nios2-elf/lib\libc.a(lib_a-puts.o)
                0x00010738                _puts_r
                0x000107bc                puts
 .text          0x000107d0       0x7c c:/altera/13.1/nios2eds/bin/gnu/h-i686-mingw32/bin/../lib/gcc/nios2-elf/4.7.3/../../../../../H-i686-mingw32/nios2-elf/lib\libc.a(lib_a-rand.o)
                0x000107d0                srand
                0x000107e8                rand
 .text          0x0001084c       0x64 c:/altera/13.1/nios2eds/bin/gnu/h-i686-mingw32/bin/../lib/gcc/nios2-elf/4.7.3/../../../../../H-i686-mingw32/nios2-elf/lib\libc.a(lib_a-sbrkr.o)
                0x0001084c                _sbrk_r
 .text          0x000108b0      0x140 c:/altera/13.1/nios2eds/bin/gnu/h-i686-mingw32/bin/../lib/gcc/nios2-elf/4.7.3/../../../../../H-i686-mingw32/nios2-elf/lib\libc.a(lib_a-stdio.o)
                0x000108b0                __sread
                0x00010904                __swrite
                0x0001098c                __sseek
                0x000109e8                __sclose
 .text          0x000109f0       0x8c c:/altera/13.1/nios2eds/bin/gnu/h-i686-mingw32/bin/../lib/gcc/nios2-elf/4.7.3/../../../../../H-i686-mingw32/nios2-elf/lib\libc.a(lib_a-strlen.o)
                0x000109f0                strlen
 .text          0x00010a7c     0x1e50 c:/altera/13.1/nios2eds/bin/gnu/h-i686-mingw32/bin/../lib/gcc/nios2-elf/4.7.3/../../../../../H-i686-mingw32/nios2-elf/lib\libc.a(lib_a-vfprintf.o)
                0x00010ab0                ___vfprintf_internal_r
                0x000128a8                __vfprintf_internal
 .text          0x000128cc       0x6c c:/altera/13.1/nios2eds/bin/gnu/h-i686-mingw32/bin/../lib/gcc/nios2-elf/4.7.3/../../../../../H-i686-mingw32/nios2-elf/lib\libc.a(lib_a-writer.o)
                0x000128cc                _write_r
 .text          0x00012938      0x174 c:/altera/13.1/nios2eds/bin/gnu/h-i686-mingw32/bin/../lib/gcc/nios2-elf/4.7.3/../../../../../H-i686-mingw32/nios2-elf/lib\libc.a(lib_a-wsetup.o)
                0x00012938                __swsetup_r
 .text          0x00012aac      0x1a0 c:/altera/13.1/nios2eds/bin/gnu/h-i686-mingw32/bin/../lib/gcc/nios2-elf/4.7.3/../../../../../H-i686-mingw32/nios2-elf/lib\libc.a(lib_a-__call_atexit.o)
                0x00012aac                __call_exitprocs
 .text          0x00012c4c       0x64 c:/altera/13.1/nios2eds/bin/gnu/h-i686-mingw32/bin/../lib/gcc/nios2-elf/4.7.3/../../../../../H-i686-mingw32/nios2-elf/lib\libc.a(lib_a-closer.o)
                0x00012c4c                _close_r
 .text          0x00012cb0     0x1824 c:/altera/13.1/nios2eds/bin/gnu/h-i686-mingw32/bin/../lib/gcc/nios2-elf/4.7.3/../../../../../H-i686-mingw32/nios2-elf/lib\libc.a(lib_a-dtoa.o)
                0x00012eb8                _dtoa_r
 .text          0x000144d4      0x150 c:/altera/13.1/nios2eds/bin/gnu/h-i686-mingw32/bin/../lib/gcc/nios2-elf/4.7.3/../../../../../H-i686-mingw32/nios2-elf/lib\libc.a(lib_a-fclose.o)
                0x000144d4                _fclose_r
                0x00014610                fclose
 .text          0x00014624      0x40c c:/altera/13.1/nios2eds/bin/gnu/h-i686-mingw32/bin/../lib/gcc/nios2-elf/4.7.3/../../../../../H-i686-mingw32/nios2-elf/lib\libc.a(lib_a-freer.o)
                0x00014624                _malloc_trim_r
                0x00014760                _free_r
 .text          0x00014a30      0x4e4 c:/altera/13.1/nios2eds/bin/gnu/h-i686-mingw32/bin/../lib/gcc/nios2-elf/4.7.3/../../../../../H-i686-mingw32/nios2-elf/lib\libc.a(lib_a-fvwrite.o)
                0x00014a30                __sfvwrite_r
 .text          0x00014f14        0x0 c:/altera/13.1/nios2eds/bin/gnu/h-i686-mingw32/bin/../lib/gcc/nios2-elf/4.7.3/../../../../../H-i686-mingw32/nios2-elf/lib\libc.a(lib_a-int_errno.o)
 .text          0x00014f14       0xdc c:/altera/13.1/nios2eds/bin/gnu/h-i686-mingw32/bin/../lib/gcc/nios2-elf/4.7.3/../../../../../H-i686-mingw32/nios2-elf/lib\libc.a(lib_a-locale.o)
                0x00014f14                _setlocale_r
                0x00014fb0                __locale_charset
                0x00014fbc                _localeconv_r
                0x00014fc8                setlocale
                0x00014fe4                localeconv
 .text          0x00014ff0       0x6c c:/altera/13.1/nios2eds/bin/gnu/h-i686-mingw32/bin/../lib/gcc/nios2-elf/4.7.3/../../../../../H-i686-mingw32/nios2-elf/lib\libc.a(lib_a-lseekr.o)
                0x00014ff0                _lseek_r
 .text          0x0001505c      0x1a8 c:/altera/13.1/nios2eds/bin/gnu/h-i686-mingw32/bin/../lib/gcc/nios2-elf/4.7.3/../../../../../H-i686-mingw32/nios2-elf/lib\libc.a(lib_a-makebuf.o)
                0x0001505c                __smakebuf_r
 .text          0x00015204       0xf8 c:/altera/13.1/nios2eds/bin/gnu/h-i686-mingw32/bin/../lib/gcc/nios2-elf/4.7.3/../../../../../H-i686-mingw32/nios2-elf/lib\libc.a(lib_a-memchr.o)
                0x00015204                memchr
 .text          0x000152fc      0x128 c:/altera/13.1/nios2eds/bin/gnu/h-i686-mingw32/bin/../lib/gcc/nios2-elf/4.7.3/../../../../../H-i686-mingw32/nios2-elf/lib\libc.a(lib_a-memmove.o)
                0x000152fc                memmove
 .text          0x00015424      0xfa8 c:/altera/13.1/nios2eds/bin/gnu/h-i686-mingw32/bin/../lib/gcc/nios2-elf/4.7.3/../../../../../H-i686-mingw32/nios2-elf/lib\libc.a(lib_a-mprec.o)
                0x00015424                _Balloc
                0x000154cc                _Bfree
                0x000154f4                __multadd
                0x00015608                __s2b
                0x0001570c                __hi0bits
                0x00015774                __lo0bits
                0x00015824                __i2b
                0x00015860                __multiply
                0x00015a40                __pow5mult
                0x00015b6c                __lshift
                0x00015cc8                __mcmp
                0x00015d20                __mdiff
                0x00015ec8                __ulp
                0x00015f28                __b2d
                0x00016070                __d2b
                0x000161b4                __ratio
                0x00016258                _mprec_log10
                0x000162cc                __copybits
                0x00016348                __any_on
 .text          0x000163cc       0x6c c:/altera/13.1/nios2eds/bin/gnu/h-i686-mingw32/bin/../lib/gcc/nios2-elf/4.7.3/../../../../../H-i686-mingw32/nios2-elf/lib\libc.a(lib_a-readr.o)
                0x000163cc                _read_r
 .text          0x00016438      0x5fc c:/altera/13.1/nios2eds/bin/gnu/h-i686-mingw32/bin/../lib/gcc/nios2-elf/4.7.3/../../../../../H-i686-mingw32/nios2-elf/lib\libc.a(lib_a-reallocr.o)
                0x00016438                _realloc_r
 .text          0x00016a34       0x38 c:/altera/13.1/nios2eds/bin/gnu/h-i686-mingw32/bin/../lib/gcc/nios2-elf/4.7.3/../../../../../H-i686-mingw32/nios2-elf/lib\libc.a(lib_a-s_isinfd.o)
                0x00016a34                __isinfd
 .text          0x00016a6c       0x2c c:/altera/13.1/nios2eds/bin/gnu/h-i686-mingw32/bin/../lib/gcc/nios2-elf/4.7.3/../../../../../H-i686-mingw32/nios2-elf/lib\libc.a(lib_a-s_isnand.o)
                0x00016a6c                __isnand
 .text          0x00016a98       0xa4 c:/altera/13.1/nios2eds/bin/gnu/h-i686-mingw32/bin/../lib/gcc/nios2-elf/4.7.3/../../../../../H-i686-mingw32/nios2-elf/lib\libc.a(lib_a-strcmp.o)
                0x00016a98                strcmp
 .text          0x00016b3c       0xbc c:/altera/13.1/nios2eds/bin/gnu/h-i686-mingw32/bin/../lib/gcc/nios2-elf/4.7.3/../../../../../H-i686-mingw32/nios2-elf/lib\libc.a(lib_a-callocr.o)
                0x00016b3c                _calloc_r
 .text          0x00016bf8       0x68 c:/altera/13.1/nios2eds/bin/gnu/h-i686-mingw32/bin/../lib/gcc/nios2-elf/4.7.3/../../../../../H-i686-mingw32/nios2-elf/lib\libc.a(lib_a-fstatr.o)
                0x00016bf8                _fstat_r
 .text          0x00016c60       0x64 c:/altera/13.1/nios2eds/bin/gnu/h-i686-mingw32/bin/../lib/gcc/nios2-elf/4.7.3/../../../../../H-i686-mingw32/nios2-elf/lib\libc.a(lib_a-isattyr.o)
                0x00016c60                _isatty_r
 .text          0x00016cc4       0x60 c:/altera/13.1/nios2eds/bin/gnu/h-i686-mingw32/bin/../lib/gcc/nios2-elf/4.7.3\libgcc.a(_muldi3.o)
                0x00016cc4                __muldi3
 .text          0x00016d24      0x5c8 c:/altera/13.1/nios2eds/bin/gnu/h-i686-mingw32/bin/../lib/gcc/nios2-elf/4.7.3\libgcc.a(_udivdi3.o)
                0x00016d24                __udivdi3
 .text          0x000172ec      0x58c c:/altera/13.1/nios2eds/bin/gnu/h-i686-mingw32/bin/../lib/gcc/nios2-elf/4.7.3\libgcc.a(_umoddi3.o)
                0x000172ec                __umoddi3
 .text          0x00017878      0x408 c:/altera/13.1/nios2eds/bin/gnu/h-i686-mingw32/bin/../lib/gcc/nios2-elf/4.7.3\libgcc.a(_addsub_df.o)
                0x00017bcc                __adddf3
                0x00017c20                __subdf3
 .text          0x00017c80      0x2e4 c:/altera/13.1/nios2eds/bin/gnu/h-i686-mingw32/bin/../lib/gcc/nios2-elf/4.7.3\libgcc.a(_mul_df.o)
                0x00017c80                __muldf3
 .text          0x00017f64      0x1b4 c:/altera/13.1/nios2eds/bin/gnu/h-i686-mingw32/bin/../lib/gcc/nios2-elf/4.7.3\libgcc.a(_div_df.o)
                0x00017f64                __divdf3
 .text          0x00018118       0x5c c:/altera/13.1/nios2eds/bin/gnu/h-i686-mingw32/bin/../lib/gcc/nios2-elf/4.7.3\libgcc.a(_eq_df.o)
                0x00018118                __eqdf2
 .text          0x00018174       0x5c c:/altera/13.1/nios2eds/bin/gnu/h-i686-mingw32/bin/../lib/gcc/nios2-elf/4.7.3\libgcc.a(_ne_df.o)
                0x00018174                __nedf2
 .text          0x000181d0       0x64 c:/altera/13.1/nios2eds/bin/gnu/h-i686-mingw32/bin/../lib/gcc/nios2-elf/4.7.3\libgcc.a(_gt_df.o)
                0x000181d0                __gtdf2
 .text          0x00018234       0x64 c:/altera/13.1/nios2eds/bin/gnu/h-i686-mingw32/bin/../lib/gcc/nios2-elf/4.7.3\libgcc.a(_ge_df.o)
                0x00018234                __gedf2
 .text          0x00018298       0x5c c:/altera/13.1/nios2eds/bin/gnu/h-i686-mingw32/bin/../lib/gcc/nios2-elf/4.7.3\libgcc.a(_lt_df.o)
                0x00018298                __ltdf2
 .text          0x000182f4       0xd4 c:/altera/13.1/nios2eds/bin/gnu/h-i686-mingw32/bin/../lib/gcc/nios2-elf/4.7.3\libgcc.a(_si_to_df.o)
                0x000182f4                __floatsidf
 .text          0x000183c8       0xd4 c:/altera/13.1/nios2eds/bin/gnu/h-i686-mingw32/bin/../lib/gcc/nios2-elf/4.7.3\libgcc.a(_df_to_si.o)
                0x000183c8                __fixdfsi
 .text          0x0001849c        0x0 c:/altera/13.1/nios2eds/bin/gnu/h-i686-mingw32/bin/../lib/gcc/nios2-elf/4.7.3\libgcc.a(_thenan_df.o)
 .text          0x0001849c      0x11c c:/altera/13.1/nios2eds/bin/gnu/h-i686-mingw32/bin/../lib/gcc/nios2-elf/4.7.3\libgcc.a(_usi_to_df.o)
                0x0001849c                __floatunsidf
 .text          0x000185b8        0x0 c:/altera/13.1/nios2eds/bin/gnu/h-i686-mingw32/bin/../lib/gcc/nios2-elf/4.7.3\libgcc.a(_clz.o)
 .text          0x000185b8       0xac c:/altera/13.1/nios2eds/bin/gnu/h-i686-mingw32/bin/../lib/gcc/nios2-elf/4.7.3\libgcc.a(_clzsi2.o)
                0x000185b8                __clzsi2
 .text          0x00018664      0x224 c:/altera/13.1/nios2eds/bin/gnu/h-i686-mingw32/bin/../lib/gcc/nios2-elf/4.7.3\libgcc.a(_pack_df.o)
                0x00018664                __pack_d
 .text          0x00018888      0x104 c:/altera/13.1/nios2eds/bin/gnu/h-i686-mingw32/bin/../lib/gcc/nios2-elf/4.7.3\libgcc.a(_unpack_df.o)
                0x00018888                __unpack_d
 .text          0x0001898c       0xd0 c:/altera/13.1/nios2eds/bin/gnu/h-i686-mingw32/bin/../lib/gcc/nios2-elf/4.7.3\libgcc.a(_fpcmp_parts_df.o)
                0x0001898c                __fpcmp_parts_d
 .text          0x00018a5c       0x44 c:/altera/13.1/nios2eds/bin/gnu/h-i686-mingw32/bin/../lib/gcc/nios2-elf/4.7.3\libgcc.a(_lshrdi3.o)
                0x00018a5c                __lshrdi3
 .text          0x00018aa0       0x44 c:/altera/13.1/nios2eds/bin/gnu/h-i686-mingw32/bin/../lib/gcc/nios2-elf/4.7.3\libgcc.a(_ashldi3.o)
                0x00018aa0                __ashldi3
 .text          0x00018ae4       0xe0 ../UcosiiBSP_for_cpu_s0/\libucosii_bsp.a(alt_close.o)
                0x00018ae4                close
 .text          0x00018bc4        0x8 ../UcosiiBSP_for_cpu_s0/\libucosii_bsp.a(alt_dev.o)
 .text          0x00018bcc        0x0 ../UcosiiBSP_for_cpu_s0/\libucosii_bsp.a(alt_errno.o)
 .text          0x00018bcc       0x20 ../UcosiiBSP_for_cpu_s0/\libucosii_bsp.a(alt_exit.o)
                0x00018bcc                _exit
 .text          0x00018bec       0x7c ../UcosiiBSP_for_cpu_s0/\libucosii_bsp.a(alt_fstat.o)
                0x00018bec                fstat
 .text          0x00018c68       0xa8 ../UcosiiBSP_for_cpu_s0/\libucosii_bsp.a(alt_irq_register.o)
                0x00018c68                alt_irq_register
 .text          0x00018d10        0x0 ../UcosiiBSP_for_cpu_s0/\libucosii_bsp.a(alt_irq_vars.o)
 .text          0x00018d10       0x8c ../UcosiiBSP_for_cpu_s0/\libucosii_bsp.a(alt_isatty.o)
                0x00018d10                isatty
 .text          0x00018d9c      0x114 ../UcosiiBSP_for_cpu_s0/\libucosii_bsp.a(alt_load.o)
                0x00018d9c                alt_load
 .text          0x00018eb0       0x84 ../UcosiiBSP_for_cpu_s0/\libucosii_bsp.a(alt_lseek.o)
                0x00018eb0                lseek
 .text          0x00018f34       0xa8 ../UcosiiBSP_for_cpu_s0/\libucosii_bsp.a(alt_main.o)
                0x00018f34                alt_main
 .text          0x00018fdc       0xec ../UcosiiBSP_for_cpu_s0/\libucosii_bsp.a(alt_read.o)
                0x00018fdc                read
 .text          0x000190c8       0x24 ../UcosiiBSP_for_cpu_s0/\libucosii_bsp.a(alt_release_fd.o)
                0x000190c8                alt_release_fd
 .text          0x000190ec       0x4c ../UcosiiBSP_for_cpu_s0/\libucosii_bsp.a(alt_sbrk.o)
                0x000190ec                sbrk
 .text          0x00019138       0xf0 ../UcosiiBSP_for_cpu_s0/\libucosii_bsp.a(alt_usleep.o)
                0x00019138                usleep
 .text          0x00019228       0xe8 ../UcosiiBSP_for_cpu_s0/\libucosii_bsp.a(alt_write.o)
                0x00019228                write
 .text          0x00019310       0xb8 ../UcosiiBSP_for_cpu_s0/\libucosii_bsp.a(alt_env_lock.o)
                0x00019310                __env_lock
                0x000193a0                __env_unlock
 .text          0x000193c8      0x108 ../UcosiiBSP_for_cpu_s0/\libucosii_bsp.a(alt_malloc_lock.o)
                0x000193c8                __malloc_lock
                0x00019478                __malloc_unlock
 .text          0x000194d0     0x1698 ../UcosiiBSP_for_cpu_s0/\libucosii_bsp.a(os_core.o)
                0x000194d0                OS_TaskIdle
                0x00019504                OS_TaskStat
                0x00019600                OSEventNameGet
                0x000196c4                OSEventNameSet
                0x0001979c                OSInit
                0x000199c8                OSIntEnter
                0x00019a08                OSIntExit
                0x00019afc                OSSchedLock
                0x00019b44                OSSchedUnlock
                0x00019c44                OSStart
                0x00019cb4                OSStatInit
                0x00019d18                OSTimeTick
                0x00019e34                OSVersion
                0x00019e3c                OS_Dummy
                0x00019e40                OS_EventTaskRdy
                0x00019f80                OS_EventTaskWait
                0x00019ff0                OS_EventTaskWaitMulti
                0x0001a080                OS_EventTaskRemove
                0x0001a0bc                OS_EventTaskRemoveMulti
                0x0001a110                OSEventPendMulti
                0x0001a64c                OS_EventWaitListInit
                0x0001a698                OS_MemClr
                0x0001a768                OS_MemCopy
                0x0001a828                OS_Sched
                0x0001a8e4                OS_StrCopy
                0x0001a920                OS_StrLen
                0x0001a948                OS_TaskStatStkChk
                0x0001a9dc                OS_TCBInit
 .text          0x0001ab68        0x4 ../UcosiiBSP_for_cpu_s0/\libucosii_bsp.a(os_dbg.o)
                0x0001ab68                OSDebugInit
 .text          0x0001ab6c      0xd6c ../UcosiiBSP_for_cpu_s0/\libucosii_bsp.a(os_flag.o)
                0x0001ab6c                OSFlagAccept
                0x0001accc                OSFlagCreate
                0x0001ad58                OSFlagDel
                0x0001af38                OSFlagNameGet
                0x0001b01c                OSFlagNameSet
                0x0001b10c                OSFlagPend
                0x0001b4c0                OSFlagPendGetFlagsRdy
                0x0001b4e8                OSFlagPost
                0x0001b7b4                OSFlagQuery
                0x0001b810                OS_FlagInit
                0x0001b898                OS_FlagUnlink
 .text          0x0001b8d8      0x44c ../UcosiiBSP_for_cpu_s0/\libucosii_bsp.a(os_mem.o)
                0x0001b8d8                OSMemCreate
                0x0001b9c8                OSMemGet
                0x0001ba34                OSMemNameGet
                0x0001baec                OSMemNameSet
                0x0001bbd0                OSMemPut
                0x0001bc30                OSMemQuery
                0x0001bc94                OS_MemInit
 .text          0x0001bd24      0xac0 ../UcosiiBSP_for_cpu_s0/\libucosii_bsp.a(os_mutex.o)
                0x0001bd24                OSMutexAccept
                0x0001be08                OSMutexCreate
                0x0001bf30                OSMutexDel
                0x0001c1c8                OSMutexPend
                0x0001c500                OSMutexPost
                0x0001c71c                OSMutexQuery
 .text          0x0001c7e4      0xb00 ../UcosiiBSP_for_cpu_s0/\libucosii_bsp.a(os_q.o)
                0x0001c7e4                OSQAccept
                0x0001c890                OSQCreate
                0x0001c990                OSQDel
                0x0001cb50                OSQFlush
                0x0001cba0                OSQPend
                0x0001cda8                OSQPendAbort
                0x0001ced4                OSQPost
                0x0001cfa8                OSQPostFront
                0x0001d078                OSQPostOpt
                0x0001d1e0                OSQQuery
                0x0001d290                OS_QInit
 .text          0x0001d2e4      0x6d8 ../UcosiiBSP_for_cpu_s0/\libucosii_bsp.a(os_sem.o)
                0x0001d2e4                OSSemAccept
                0x0001d328                OSSemCreate
                0x0001d3c4                OSSemDel
                0x0001d554                OSSemPend
                0x0001d6e8                OSSemPendAbort
                0x0001d818                OSSemPost
                0x0001d8c8                OSSemQuery
                0x0001d950                OSSemSet
 .text          0x0001d9bc      0xee0 ../UcosiiBSP_for_cpu_s0/\libucosii_bsp.a(os_task.o)
                0x0001d9bc                OSTaskChangePrio
                0x0001dc2c                OSTaskCreate
                0x0001dd30                OSTaskCreateExt
                0x0001de90                OSTaskDel
                0x0001e12c                OSTaskDelReq
                0x0001e1e0                OSTaskNameGet
                0x0001e304                OSTaskNameSet
                0x0001e444                OSTaskResume
                0x0001e558                OSTaskStkChk
                0x0001e654                OSTaskSuspend
                0x0001e79c                OSTaskQuery
                0x0001e878                OS_TaskStkClr
 .text          0x0001e89c      0x4a8 ../UcosiiBSP_for_cpu_s0/\libucosii_bsp.a(os_time.o)
                0x0001e89c                OSTimeDly
                0x0001e928                OSTimeDlyHMSM
                0x0001ebf8                OSTimeDlyResume
                0x0001ecfc                OSTimeGet
                0x0001ed20                OSTimeSet
 .text          0x0001ed44       0x74 ../UcosiiBSP_for_cpu_s0/\libucosii_bsp.a(alt_sys_init.o)
                0x0001ed44                alt_irq_init
                0x0001ed64                alt_sys_init
 .text          0x0001edb8       0x3c ../UcosiiBSP_for_cpu_s0/\libucosii_bsp.a(altera_avalon_jtag_uart_fd.o)
                0x0001edb8                altera_avalon_jtag_uart_read_fd
                0x0001edc8                altera_avalon_jtag_uart_write_fd
                0x0001edd8                altera_avalon_jtag_uart_close_fd
                0x0001ede8                altera_avalon_jtag_uart_ioctl_fd
 .text          0x0001edf4      0x350 ../UcosiiBSP_for_cpu_s0/\libucosii_bsp.a(altera_avalon_jtag_uart_init.o)
                0x0001f048                altera_avalon_jtag_uart_init
                0x0001f0fc                altera_avalon_jtag_uart_close
 .text          0x0001f144       0x74 ../UcosiiBSP_for_cpu_s0/\libucosii_bsp.a(altera_avalon_jtag_uart_ioctl.o)
                0x0001f144                altera_avalon_jtag_uart_ioctl
 .text          0x0001f1b8      0x188 ../UcosiiBSP_for_cpu_s0/\libucosii_bsp.a(altera_avalon_jtag_uart_read.o)
                0x0001f1b8                altera_avalon_jtag_uart_read
 .text          0x0001f340      0x1e4 ../UcosiiBSP_for_cpu_s0/\libucosii_bsp.a(altera_avalon_jtag_uart_write.o)
                0x0001f340                altera_avalon_jtag_uart_write
 .text          0x0001f524       0x6c ../UcosiiBSP_for_cpu_s0/\libucosii_bsp.a(altera_avalon_timer_sc.o)
                0x0001f560                alt_avalon_timer_sc_init
 .text          0x0001f590       0x94 ../UcosiiBSP_for_cpu_s0/\libucosii_bsp.a(alt_alarm_start.o)
                0x0001f590                alt_alarm_start
 .text          0x0001f624       0x88 ../UcosiiBSP_for_cpu_s0/\libucosii_bsp.a(alt_busy_sleep.o)
                0x0001f624                alt_busy_sleep
 .text          0x0001f6ac        0x4 ../UcosiiBSP_for_cpu_s0/\libucosii_bsp.a(alt_dcache_flush_all.o)
                0x0001f6ac                alt_dcache_flush_all
 .text          0x0001f6b0       0x6c ../UcosiiBSP_for_cpu_s0/\libucosii_bsp.a(alt_dev_llist_insert.o)
                0x0001f6b0                alt_dev_llist_insert
 .text          0x0001f71c       0x64 ../UcosiiBSP_for_cpu_s0/\libucosii_bsp.a(alt_do_ctors.o)
                0x0001f71c                _do_ctors
 .text          0x0001f780       0x64 ../UcosiiBSP_for_cpu_s0/\libucosii_bsp.a(alt_do_dtors.o)
                0x0001f780                _do_dtors
 .text          0x0001f7e4        0xc ../UcosiiBSP_for_cpu_s0/\libucosii_bsp.a(alt_icache_flush_all.o)
                0x0001f7e4                alt_icache_flush_all
 .text          0x0001f7f0      0x104 ../UcosiiBSP_for_cpu_s0/\libucosii_bsp.a(alt_io_redirect.o)
                0x0001f7f0                alt_io_redirect
 .text          0x0001f8f4        0x0 ../UcosiiBSP_for_cpu_s0/\libucosii_bsp.a(alt_irq_entry.o)
 .text          0x0001f8f4        0x0 ../UcosiiBSP_for_cpu_s0/\libucosii_bsp.a(alt_irq_handler.o)
 .text          0x0001f8f4      0x17c ../UcosiiBSP_for_cpu_s0/\libucosii_bsp.a(alt_open.o)
                0x0001f8f4                open
 .text          0x0001fa70      0x128 ../UcosiiBSP_for_cpu_s0/\libucosii_bsp.a(alt_tick.o)
                0x0001fa70                alt_alarm_stop
                0x0001faa4                alt_tick
 .text          0x0001fb98        0x8 ../UcosiiBSP_for_cpu_s0/\libucosii_bsp.a(altera_nios2_qsys_irq.o)
                0x0001fb98                altera_nios2_qsys_irq_init
 .text          0x0001fba0       0xd0 ../UcosiiBSP_for_cpu_s0/\libucosii_bsp.a(os_cpu_a.o)
                0x0001fba0                OSCtxSw
                0x0001fba0                OSIntCtxSw
                0x0001fc2c                OSStartHighRdy
                0x0001fc4c                OSStartTsk
 .text          0x0001fc70      0x1f0 ../UcosiiBSP_for_cpu_s0/\libucosii_bsp.a(os_cpu_c.o)
                0x0001fc70                OSTaskStkInit
                0x0001fe3c                OSTaskCreateHook
                0x0001fe40                OSTaskDelHook
                0x0001fe44                OSTaskSwHook
                0x0001fe48                OSTaskStatHook
                0x0001fe4c                OSTimeTickHook
                0x0001fe50                OSInitHookBegin
                0x0001fe54                OSInitHookEnd
                0x0001fe58                OSTaskIdleHook
                0x0001fe5c                OSTCBInitHook
 .text          0x0001fe60        0x0 ../UcosiiBSP_for_cpu_s0/\libucosii_bsp.a(alt_exception_entry.o)
 .text          0x0001fe60       0x94 ../UcosiiBSP_for_cpu_s0/\libucosii_bsp.a(alt_find_dev.o)
                0x0001fe60                alt_find_dev
 .text          0x0001fef4       0xac ../UcosiiBSP_for_cpu_s0/\libucosii_bsp.a(alt_find_file.o)
                0x0001fef4                alt_find_file
 .text          0x0001ffa0       0xe4 ../UcosiiBSP_for_cpu_s0/\libucosii_bsp.a(alt_get_fd.o)
                0x0001ffa0                alt_get_fd
 .text          0x00020084       0x50 ../UcosiiBSP_for_cpu_s0/\libucosii_bsp.a(alt_icache_flush.o)
                0x00020084                alt_icache_flush
 .text          0x000200d4       0x14 c:/altera/13.1/nios2eds/bin/gnu/h-i686-mingw32/bin/../lib/gcc/nios2-elf/4.7.3/../../../../../H-i686-mingw32/nios2-elf/lib\libc.a(lib_a-atexit.o)
                0x000200d4                atexit
 .text          0x000200e8       0x7c c:/altera/13.1/nios2eds/bin/gnu/h-i686-mingw32/bin/../lib/gcc/nios2-elf/4.7.3/../../../../../H-i686-mingw32/nios2-elf/lib\libc.a(lib_a-memcmp.o)
                0x000200e8                memcmp
 .text          0x00020164      0x130 c:/altera/13.1/nios2eds/bin/gnu/h-i686-mingw32/bin/../lib/gcc/nios2-elf/4.7.3/../../../../../H-i686-mingw32/nios2-elf/lib\libc.a(lib_a-__atexit.o)
                0x00020164                __register_exitproc
 .text          0x00020294       0x84 c:/altera/13.1/nios2eds/bin/gnu/h-i686-mingw32/bin/../lib/gcc/nios2-elf/4.7.3\libgcc.a(_fixunsdfsi.o)
                0x00020294                __fixunsdfsi
 *(.gnu.warning.*)
 *(.fini)
                0x00020318                PROVIDE (__etext, ABSOLUTE (.))
                0x00020318                PROVIDE (_etext, ABSOLUTE (.))
                0x00020318                PROVIDE (etext, ABSOLUTE (.))
 *(.eh_frame_hdr)
                0x00020318                . = ALIGN (0x4)
                0x00020318                PROVIDE (__preinit_array_start, ABSOLUTE (.))
 *(.preinit_array)
                0x00020318                PROVIDE (__preinit_array_end, ABSOLUTE (.))
                0x00020318                PROVIDE (__init_array_start, ABSOLUTE (.))
 *(.init_array)
                0x00020318                PROVIDE (__init_array_end, ABSOLUTE (.))
                0x00020318                PROVIDE (__fini_array_start, ABSOLUTE (.))
 *(.fini_array)
                0x00020318                PROVIDE (__fini_array_end, ABSOLUTE (.))
 *(.eh_frame)
 *(.gcc_except_table .gcc_except_table.*)
 *(.dynamic)
                0x00020318                PROVIDE (__CTOR_LIST__, ABSOLUTE (.))
 *(.ctors)
 *(SORT(.ctors.*))
                0x00020318                PROVIDE (__CTOR_END__, ABSOLUTE (.))
                0x00020318                PROVIDE (__DTOR_LIST__, ABSOLUTE (.))
 *(.dtors)
 *(SORT(.dtors.*))
                0x00020318                PROVIDE (__DTOR_END__, ABSOLUTE (.))
 *(.jcr)
                0x00020318                . = ALIGN (0x4)

.rodata         0x00020318     0x1dd4
                0x00020318                PROVIDE (__ram_rodata_start, ABSOLUTE (.))
                0x00020318                . = ALIGN (0x4)
 *(.rodata .rodata.* .gnu.linkonce.r.*)
 .rodata.str1.4
                0x00020318      0x421 obj/default/MCAPI_Top/mcapi.o
                                0x424 (size before relaxing)
 *fill*         0x00020739        0x3 
 .rodata.str1.4
                0x0002073c      0x838 obj/default/MCAPI_Transport/mcapi_trans_nios.o
 .rodata.str1.4
                0x00020f74      0x359 obj/default/NS_Layer/NS_layer.o
                                0x35c (size before relaxing)
 *fill*         0x000212cd        0x3 
 .rodata        0x000212d0       0x6c obj/default/NS_Layer/NS_layer.o
 .rodata.str1.4
                0x0002133c      0x27a obj/default/PH_FifoDriver_UCOSII/PH_layer.o
                                0x27c (size before relaxing)
 *fill*         0x000215b6        0x2 
 .rodata        0x000215b8       0x6c obj/default/PH_FifoDriver_UCOSII/PH_layer.o
 .rodata.str1.4
                0x00021624      0x695 obj/default/SysTestNode1.o
                                0x698 (size before relaxing)
 *fill*         0x00021cb9        0x3 
 .rodata.str1.4
                0x00021cbc        0x2 c:/altera/13.1/nios2eds/bin/gnu/h-i686-mingw32/bin/../lib/gcc/nios2-elf/4.7.3/../../../../../H-i686-mingw32/nios2-elf/lib\libc.a(lib_a-impure.o)
                                  0x4 (size before relaxing)
 .rodata.str1.4
                0x00000000        0x2 c:/altera/13.1/nios2eds/bin/gnu/h-i686-mingw32/bin/../lib/gcc/nios2-elf/4.7.3/../../../../../H-i686-mingw32/nios2-elf/lib\libc.a(lib_a-puts.o)
                                  0x4 (size before relaxing)
 *fill*         0x00021cbe        0x2 
 .rodata.str1.4
                0x00021cc0       0x3f c:/altera/13.1/nios2eds/bin/gnu/h-i686-mingw32/bin/../lib/gcc/nios2-elf/4.7.3/../../../../../H-i686-mingw32/nios2-elf/lib\libc.a(lib_a-vfprintf.o)
                                 0x44 (size before relaxing)
 .rodata        0x00021cff       0x20 c:/altera/13.1/nios2eds/bin/gnu/h-i686-mingw32/bin/../lib/gcc/nios2-elf/4.7.3/../../../../../H-i686-mingw32/nios2-elf/lib\libc.a(lib_a-vfprintf.o)
 *fill*         0x00021d1f        0x1 
 .rodata.str1.4
                0x00021d20       0x10 c:/altera/13.1/nios2eds/bin/gnu/h-i686-mingw32/bin/../lib/gcc/nios2-elf/4.7.3/../../../../../H-i686-mingw32/nios2-elf/lib\libc.a(lib_a-dtoa.o)
                                 0x14 (size before relaxing)
 .rodata.str1.4
                0x00021d30        0xe c:/altera/13.1/nios2eds/bin/gnu/h-i686-mingw32/bin/../lib/gcc/nios2-elf/4.7.3/../../../../../H-i686-mingw32/nios2-elf/lib\libc.a(lib_a-locale.o)
                                 0x18 (size before relaxing)
 *fill*         0x00021d3e        0x2 
 .rodata        0x00021d40       0x30 c:/altera/13.1/nios2eds/bin/gnu/h-i686-mingw32/bin/../lib/gcc/nios2-elf/4.7.3/../../../../../H-i686-mingw32/nios2-elf/lib\libc.a(lib_a-locale.o)
 .rodata        0x00021d70      0x124 c:/altera/13.1/nios2eds/bin/gnu/h-i686-mingw32/bin/../lib/gcc/nios2-elf/4.7.3/../../../../../H-i686-mingw32/nios2-elf/lib\libc.a(lib_a-mprec.o)
                0x00021d70                __mprec_tinytens
                0x00021d98                __mprec_bigtens
                0x00021dc0                __mprec_tens
 .rodata        0x00021e94       0x14 c:/altera/13.1/nios2eds/bin/gnu/h-i686-mingw32/bin/../lib/gcc/nios2-elf/4.7.3\libgcc.a(_thenan_df.o)
                0x00021e94                __thenan_df
 .rodata        0x00021ea8      0x100 c:/altera/13.1/nios2eds/bin/gnu/h-i686-mingw32/bin/../lib/gcc/nios2-elf/4.7.3\libgcc.a(_clz.o)
                0x00021ea8                __clz_tab
 .rodata.str1.4
                0x00021fa8        0xa ../UcosiiBSP_for_cpu_s0/\libucosii_bsp.a(alt_dev.o)
                                  0xc (size before relaxing)
 *fill*         0x00021fb2        0x2 
 .rodata.str1.4
                0x00021fb4       0x16 ../UcosiiBSP_for_cpu_s0/\libucosii_bsp.a(alt_main.o)
                                 0x18 (size before relaxing)
 *fill*         0x00021fca        0x2 
 .rodata.str1.4
                0x00021fcc       0x20 ../UcosiiBSP_for_cpu_s0/\libucosii_bsp.a(os_core.o)
 .rodata        0x00021fec      0x100 ../UcosiiBSP_for_cpu_s0/\libucosii_bsp.a(os_core.o)
                0x00021fec                OSUnMapTbl
 .rodata.str1.4
                0x00000000       0x18 ../UcosiiBSP_for_cpu_s0/\libucosii_bsp.a(alt_sys_init.o)
 .rodata.str1.4
                0x00000000        0x4 ../UcosiiBSP_for_cpu_s0/\libucosii_bsp.a(os_cpu_c.o)
 *(.rodata1)
                0x000220ec                . = ALIGN (0x4)
                0x000220ec                PROVIDE (__ram_rodata_end, ABSOLUTE (.))
                0x00020318                PROVIDE (__flash_rodata_start, LOADADDR (.rodata))

.rwdata         0x000220ec     0x1bec load address 0x00023cd8
                0x000220ec                PROVIDE (__ram_rwdata_start, ABSOLUTE (.))
                0x000220ec                . = ALIGN (0x4)
 *(.got.plt)
 *(.got)
 *(.data1)
 *(.data .data.* .gnu.linkonce.d.*)
 .data          0x000220ec        0x0 ../UcosiiBSP_for_cpu_s0//obj/HAL/src/crt0.o
 .data          0x000220ec        0x0 obj/default/MCAPI_Top/mcapi.o
 .data          0x000220ec        0x0 obj/default/MCAPI_Transport/mcapi_trans_nios.o
 .data          0x000220ec        0x0 obj/default/NS_Layer/NS_layer.o
 .data          0x000220ec        0x0 obj/default/PH_FifoDriver_UCOSII/PH_layer.o
 .data          0x000220ec        0x0 obj/default/SysTestNode1.o
 .data          0x000220ec        0x0 obj/default/UTILS/util_packet_handling.o
 .data          0x000220ec        0x0 c:/altera/13.1/nios2eds/bin/gnu/h-i686-mingw32/bin/../lib/gcc/nios2-elf/4.7.3\libgcc.a(lib2-divmod.o)
 .data          0x000220ec      0x100 c:/altera/13.1/nios2eds/bin/gnu/h-i686-mingw32/bin/../lib/gcc/nios2-elf/4.7.3\libgcc.a(lib2-divtable.o)
                0x000220ec                __divsi3_table
 .data          0x000221ec        0x0 c:/altera/13.1/nios2eds/bin/gnu/h-i686-mingw32/bin/../lib/gcc/nios2-elf/4.7.3/../../../../../H-i686-mingw32/nios2-elf/lib\libc.a(lib_a-exit.o)
 .data          0x000221ec        0x0 c:/altera/13.1/nios2eds/bin/gnu/h-i686-mingw32/bin/../lib/gcc/nios2-elf/4.7.3/../../../../../H-i686-mingw32/nios2-elf/lib\libc.a(lib_a-fflush.o)
 .data          0x000221ec        0x0 c:/altera/13.1/nios2eds/bin/gnu/h-i686-mingw32/bin/../lib/gcc/nios2-elf/4.7.3/../../../../../H-i686-mingw32/nios2-elf/lib\libc.a(lib_a-findfp.o)
 .data          0x000221ec        0x0 c:/altera/13.1/nios2eds/bin/gnu/h-i686-mingw32/bin/../lib/gcc/nios2-elf/4.7.3/../../../../../H-i686-mingw32/nios2-elf/lib\libc.a(lib_a-fprintf.o)
 .data          0x000221ec        0x0 c:/altera/13.1/nios2eds/bin/gnu/h-i686-mingw32/bin/../lib/gcc/nios2-elf/4.7.3/../../../../../H-i686-mingw32/nios2-elf/lib\libc.a(lib_a-fwalk.o)
 .data          0x000221ec        0x0 c:/altera/13.1/nios2eds/bin/gnu/h-i686-mingw32/bin/../lib/gcc/nios2-elf/4.7.3/../../../../../H-i686-mingw32/nios2-elf/lib\libc.a(lib_a-fwrite.o)
 .data          0x000221ec      0x400 c:/altera/13.1/nios2eds/bin/gnu/h-i686-mingw32/bin/../lib/gcc/nios2-elf/4.7.3/../../../../../H-i686-mingw32/nios2-elf/lib\libc.a(lib_a-impure.o)
 .data          0x000225ec      0x408 c:/altera/13.1/nios2eds/bin/gnu/h-i686-mingw32/bin/../lib/gcc/nios2-elf/4.7.3/../../../../../H-i686-mingw32/nios2-elf/lib\libc.a(lib_a-mallocr.o)
                0x000225ec                __malloc_av_
 .data          0x000229f4        0x0 c:/altera/13.1/nios2eds/bin/gnu/h-i686-mingw32/bin/../lib/gcc/nios2-elf/4.7.3/../../../../../H-i686-mingw32/nios2-elf/lib\libc.a(lib_a-memcpy.o)
 .data          0x000229f4        0x0 c:/altera/13.1/nios2eds/bin/gnu/h-i686-mingw32/bin/../lib/gcc/nios2-elf/4.7.3/../../../../../H-i686-mingw32/nios2-elf/lib\libc.a(lib_a-memset.o)
 .data          0x000229f4        0x0 c:/altera/13.1/nios2eds/bin/gnu/h-i686-mingw32/bin/../lib/gcc/nios2-elf/4.7.3/../../../../../H-i686-mingw32/nios2-elf/lib\libc.a(lib_a-printf.o)
 .data          0x000229f4        0x0 c:/altera/13.1/nios2eds/bin/gnu/h-i686-mingw32/bin/../lib/gcc/nios2-elf/4.7.3/../../../../../H-i686-mingw32/nios2-elf/lib\libc.a(lib_a-puts.o)
 .data          0x000229f4        0x0 c:/altera/13.1/nios2eds/bin/gnu/h-i686-mingw32/bin/../lib/gcc/nios2-elf/4.7.3/../../../../../H-i686-mingw32/nios2-elf/lib\libc.a(lib_a-rand.o)
 .data          0x000229f4        0x0 c:/altera/13.1/nios2eds/bin/gnu/h-i686-mingw32/bin/../lib/gcc/nios2-elf/4.7.3/../../../../../H-i686-mingw32/nios2-elf/lib\libc.a(lib_a-sbrkr.o)
 .data          0x000229f4        0x0 c:/altera/13.1/nios2eds/bin/gnu/h-i686-mingw32/bin/../lib/gcc/nios2-elf/4.7.3/../../../../../H-i686-mingw32/nios2-elf/lib\libc.a(lib_a-stdio.o)
 .data          0x000229f4        0x0 c:/altera/13.1/nios2eds/bin/gnu/h-i686-mingw32/bin/../lib/gcc/nios2-elf/4.7.3/../../../../../H-i686-mingw32/nios2-elf/lib\libc.a(lib_a-strlen.o)
 .data          0x000229f4        0x0 c:/altera/13.1/nios2eds/bin/gnu/h-i686-mingw32/bin/../lib/gcc/nios2-elf/4.7.3/../../../../../H-i686-mingw32/nios2-elf/lib\libc.a(lib_a-vfprintf.o)
 .data          0x000229f4        0x0 c:/altera/13.1/nios2eds/bin/gnu/h-i686-mingw32/bin/../lib/gcc/nios2-elf/4.7.3/../../../../../H-i686-mingw32/nios2-elf/lib\libc.a(lib_a-writer.o)
 .data          0x000229f4        0x0 c:/altera/13.1/nios2eds/bin/gnu/h-i686-mingw32/bin/../lib/gcc/nios2-elf/4.7.3/../../../../../H-i686-mingw32/nios2-elf/lib\libc.a(lib_a-wsetup.o)
 .data          0x000229f4        0x0 c:/altera/13.1/nios2eds/bin/gnu/h-i686-mingw32/bin/../lib/gcc/nios2-elf/4.7.3/../../../../../H-i686-mingw32/nios2-elf/lib\libc.a(lib_a-__call_atexit.o)
 .data          0x000229f4        0x0 c:/altera/13.1/nios2eds/bin/gnu/h-i686-mingw32/bin/../lib/gcc/nios2-elf/4.7.3/../../../../../H-i686-mingw32/nios2-elf/lib\libc.a(lib_a-closer.o)
 .data          0x000229f4        0x0 c:/altera/13.1/nios2eds/bin/gnu/h-i686-mingw32/bin/../lib/gcc/nios2-elf/4.7.3/../../../../../H-i686-mingw32/nios2-elf/lib\libc.a(lib_a-dtoa.o)
 .data          0x000229f4        0x0 c:/altera/13.1/nios2eds/bin/gnu/h-i686-mingw32/bin/../lib/gcc/nios2-elf/4.7.3/../../../../../H-i686-mingw32/nios2-elf/lib\libc.a(lib_a-fclose.o)
 .data          0x000229f4        0x0 c:/altera/13.1/nios2eds/bin/gnu/h-i686-mingw32/bin/../lib/gcc/nios2-elf/4.7.3/../../../../../H-i686-mingw32/nios2-elf/lib\libc.a(lib_a-freer.o)
 .data          0x000229f4        0x0 c:/altera/13.1/nios2eds/bin/gnu/h-i686-mingw32/bin/../lib/gcc/nios2-elf/4.7.3/../../../../../H-i686-mingw32/nios2-elf/lib\libc.a(lib_a-fvwrite.o)
 .data          0x000229f4        0x0 c:/altera/13.1/nios2eds/bin/gnu/h-i686-mingw32/bin/../lib/gcc/nios2-elf/4.7.3/../../../../../H-i686-mingw32/nios2-elf/lib\libc.a(lib_a-int_errno.o)
 .data          0x000229f4        0xc c:/altera/13.1/nios2eds/bin/gnu/h-i686-mingw32/bin/../lib/gcc/nios2-elf/4.7.3/../../../../../H-i686-mingw32/nios2-elf/lib\libc.a(lib_a-locale.o)
                0x000229f4                __lc_ctype
 .data          0x00022a00        0x0 c:/altera/13.1/nios2eds/bin/gnu/h-i686-mingw32/bin/../lib/gcc/nios2-elf/4.7.3/../../../../../H-i686-mingw32/nios2-elf/lib\libc.a(lib_a-lseekr.o)
 .data          0x00022a00        0x0 c:/altera/13.1/nios2eds/bin/gnu/h-i686-mingw32/bin/../lib/gcc/nios2-elf/4.7.3/../../../../../H-i686-mingw32/nios2-elf/lib\libc.a(lib_a-makebuf.o)
 .data          0x00022a00        0x0 c:/altera/13.1/nios2eds/bin/gnu/h-i686-mingw32/bin/../lib/gcc/nios2-elf/4.7.3/../../../../../H-i686-mingw32/nios2-elf/lib\libc.a(lib_a-memchr.o)
 .data          0x00022a00        0x0 c:/altera/13.1/nios2eds/bin/gnu/h-i686-mingw32/bin/../lib/gcc/nios2-elf/4.7.3/../../../../../H-i686-mingw32/nios2-elf/lib\libc.a(lib_a-memmove.o)
 .data          0x00022a00        0x0 c:/altera/13.1/nios2eds/bin/gnu/h-i686-mingw32/bin/../lib/gcc/nios2-elf/4.7.3/../../../../../H-i686-mingw32/nios2-elf/lib\libc.a(lib_a-mprec.o)
 .data          0x00022a00        0x0 c:/altera/13.1/nios2eds/bin/gnu/h-i686-mingw32/bin/../lib/gcc/nios2-elf/4.7.3/../../../../../H-i686-mingw32/nios2-elf/lib\libc.a(lib_a-readr.o)
 .data          0x00022a00        0x0 c:/altera/13.1/nios2eds/bin/gnu/h-i686-mingw32/bin/../lib/gcc/nios2-elf/4.7.3/../../../../../H-i686-mingw32/nios2-elf/lib\libc.a(lib_a-reallocr.o)
 .data          0x00022a00        0x0 c:/altera/13.1/nios2eds/bin/gnu/h-i686-mingw32/bin/../lib/gcc/nios2-elf/4.7.3/../../../../../H-i686-mingw32/nios2-elf/lib\libc.a(lib_a-s_isinfd.o)
 .data          0x00022a00        0x0 c:/altera/13.1/nios2eds/bin/gnu/h-i686-mingw32/bin/../lib/gcc/nios2-elf/4.7.3/../../../../../H-i686-mingw32/nios2-elf/lib\libc.a(lib_a-s_isnand.o)
 .data          0x00022a00        0x0 c:/altera/13.1/nios2eds/bin/gnu/h-i686-mingw32/bin/../lib/gcc/nios2-elf/4.7.3/../../../../../H-i686-mingw32/nios2-elf/lib\libc.a(lib_a-strcmp.o)
 .data          0x00022a00        0x0 c:/altera/13.1/nios2eds/bin/gnu/h-i686-mingw32/bin/../lib/gcc/nios2-elf/4.7.3/../../../../../H-i686-mingw32/nios2-elf/lib\libc.a(lib_a-callocr.o)
 .data          0x00022a00        0x0 c:/altera/13.1/nios2eds/bin/gnu/h-i686-mingw32/bin/../lib/gcc/nios2-elf/4.7.3/../../../../../H-i686-mingw32/nios2-elf/lib\libc.a(lib_a-fstatr.o)
 .data          0x00022a00        0x0 c:/altera/13.1/nios2eds/bin/gnu/h-i686-mingw32/bin/../lib/gcc/nios2-elf/4.7.3/../../../../../H-i686-mingw32/nios2-elf/lib\libc.a(lib_a-isattyr.o)
 .data          0x00022a00        0x0 c:/altera/13.1/nios2eds/bin/gnu/h-i686-mingw32/bin/../lib/gcc/nios2-elf/4.7.3\libgcc.a(_muldi3.o)
 .data          0x00022a00        0x0 c:/altera/13.1/nios2eds/bin/gnu/h-i686-mingw32/bin/../lib/gcc/nios2-elf/4.7.3\libgcc.a(_udivdi3.o)
 .data          0x00022a00        0x0 c:/altera/13.1/nios2eds/bin/gnu/h-i686-mingw32/bin/../lib/gcc/nios2-elf/4.7.3\libgcc.a(_umoddi3.o)
 .data          0x00022a00        0x0 c:/altera/13.1/nios2eds/bin/gnu/h-i686-mingw32/bin/../lib/gcc/nios2-elf/4.7.3\libgcc.a(_addsub_df.o)
 .data          0x00022a00        0x0 c:/altera/13.1/nios2eds/bin/gnu/h-i686-mingw32/bin/../lib/gcc/nios2-elf/4.7.3\libgcc.a(_mul_df.o)
 .data          0x00022a00        0x0 c:/altera/13.1/nios2eds/bin/gnu/h-i686-mingw32/bin/../lib/gcc/nios2-elf/4.7.3\libgcc.a(_div_df.o)
 .data          0x00022a00        0x0 c:/altera/13.1/nios2eds/bin/gnu/h-i686-mingw32/bin/../lib/gcc/nios2-elf/4.7.3\libgcc.a(_eq_df.o)
 .data          0x00022a00        0x0 c:/altera/13.1/nios2eds/bin/gnu/h-i686-mingw32/bin/../lib/gcc/nios2-elf/4.7.3\libgcc.a(_ne_df.o)
 .data          0x00022a00        0x0 c:/altera/13.1/nios2eds/bin/gnu/h-i686-mingw32/bin/../lib/gcc/nios2-elf/4.7.3\libgcc.a(_gt_df.o)
 .data          0x00022a00        0x0 c:/altera/13.1/nios2eds/bin/gnu/h-i686-mingw32/bin/../lib/gcc/nios2-elf/4.7.3\libgcc.a(_ge_df.o)
 .data          0x00022a00        0x0 c:/altera/13.1/nios2eds/bin/gnu/h-i686-mingw32/bin/../lib/gcc/nios2-elf/4.7.3\libgcc.a(_lt_df.o)
 .data          0x00022a00        0x0 c:/altera/13.1/nios2eds/bin/gnu/h-i686-mingw32/bin/../lib/gcc/nios2-elf/4.7.3\libgcc.a(_si_to_df.o)
 .data          0x00022a00        0x0 c:/altera/13.1/nios2eds/bin/gnu/h-i686-mingw32/bin/../lib/gcc/nios2-elf/4.7.3\libgcc.a(_df_to_si.o)
 .data          0x00022a00        0x0 c:/altera/13.1/nios2eds/bin/gnu/h-i686-mingw32/bin/../lib/gcc/nios2-elf/4.7.3\libgcc.a(_thenan_df.o)
 .data          0x00022a00        0x0 c:/altera/13.1/nios2eds/bin/gnu/h-i686-mingw32/bin/../lib/gcc/nios2-elf/4.7.3\libgcc.a(_usi_to_df.o)
 .data          0x00022a00        0x0 c:/altera/13.1/nios2eds/bin/gnu/h-i686-mingw32/bin/../lib/gcc/nios2-elf/4.7.3\libgcc.a(_clz.o)
 .data          0x00022a00        0x0 c:/altera/13.1/nios2eds/bin/gnu/h-i686-mingw32/bin/../lib/gcc/nios2-elf/4.7.3\libgcc.a(_clzsi2.o)
 .data          0x00022a00        0x0 c:/altera/13.1/nios2eds/bin/gnu/h-i686-mingw32/bin/../lib/gcc/nios2-elf/4.7.3\libgcc.a(_pack_df.o)
 .data          0x00022a00        0x0 c:/altera/13.1/nios2eds/bin/gnu/h-i686-mingw32/bin/../lib/gcc/nios2-elf/4.7.3\libgcc.a(_unpack_df.o)
 .data          0x00022a00        0x0 c:/altera/13.1/nios2eds/bin/gnu/h-i686-mingw32/bin/../lib/gcc/nios2-elf/4.7.3\libgcc.a(_fpcmp_parts_df.o)
 .data          0x00022a00        0x0 c:/altera/13.1/nios2eds/bin/gnu/h-i686-mingw32/bin/../lib/gcc/nios2-elf/4.7.3\libgcc.a(_lshrdi3.o)
 .data          0x00022a00        0x0 c:/altera/13.1/nios2eds/bin/gnu/h-i686-mingw32/bin/../lib/gcc/nios2-elf/4.7.3\libgcc.a(_ashldi3.o)
 .data          0x00022a00        0x0 ../UcosiiBSP_for_cpu_s0/\libucosii_bsp.a(alt_close.o)
 .data          0x00022a00      0x1a8 ../UcosiiBSP_for_cpu_s0/\libucosii_bsp.a(alt_dev.o)
                0x00022a00                alt_fd_list
                0x00022b80                alt_dev_null
 .data          0x00022ba8        0x0 ../UcosiiBSP_for_cpu_s0/\libucosii_bsp.a(alt_errno.o)
 .data          0x00022ba8        0x0 ../UcosiiBSP_for_cpu_s0/\libucosii_bsp.a(alt_exit.o)
 .data          0x00022ba8        0x0 ../UcosiiBSP_for_cpu_s0/\libucosii_bsp.a(alt_fstat.o)
 .data          0x00022ba8        0x0 ../UcosiiBSP_for_cpu_s0/\libucosii_bsp.a(alt_irq_register.o)
 .data          0x00022ba8        0x0 ../UcosiiBSP_for_cpu_s0/\libucosii_bsp.a(alt_irq_vars.o)
 .data          0x00022ba8        0x0 ../UcosiiBSP_for_cpu_s0/\libucosii_bsp.a(alt_isatty.o)
 .data          0x00022ba8        0x0 ../UcosiiBSP_for_cpu_s0/\libucosii_bsp.a(alt_load.o)
 .data          0x00022ba8        0x0 ../UcosiiBSP_for_cpu_s0/\libucosii_bsp.a(alt_lseek.o)
 .data          0x00022ba8        0x0 ../UcosiiBSP_for_cpu_s0/\libucosii_bsp.a(alt_main.o)
 .data          0x00022ba8        0x0 ../UcosiiBSP_for_cpu_s0/\libucosii_bsp.a(alt_read.o)
 .data          0x00022ba8        0x0 ../UcosiiBSP_for_cpu_s0/\libucosii_bsp.a(alt_release_fd.o)
 .data          0x00022ba8        0x0 ../UcosiiBSP_for_cpu_s0/\libucosii_bsp.a(alt_sbrk.o)
 .data          0x00022ba8        0x0 ../UcosiiBSP_for_cpu_s0/\libucosii_bsp.a(alt_usleep.o)
 .data          0x00022ba8        0x0 ../UcosiiBSP_for_cpu_s0/\libucosii_bsp.a(alt_write.o)
 .data          0x00022ba8        0x0 ../UcosiiBSP_for_cpu_s0/\libucosii_bsp.a(alt_env_lock.o)
 .data          0x00022ba8        0x0 ../UcosiiBSP_for_cpu_s0/\libucosii_bsp.a(alt_malloc_lock.o)
 .data          0x00022ba8        0x0 ../UcosiiBSP_for_cpu_s0/\libucosii_bsp.a(os_core.o)
 .data          0x00022ba8        0x0 ../UcosiiBSP_for_cpu_s0/\libucosii_bsp.a(os_dbg.o)
 .data          0x00022ba8        0x0 ../UcosiiBSP_for_cpu_s0/\libucosii_bsp.a(os_flag.o)
 .data          0x00022ba8        0x0 ../UcosiiBSP_for_cpu_s0/\libucosii_bsp.a(os_mem.o)
 .data          0x00022ba8        0x0 ../UcosiiBSP_for_cpu_s0/\libucosii_bsp.a(os_mutex.o)
 .data          0x00022ba8        0x0 ../UcosiiBSP_for_cpu_s0/\libucosii_bsp.a(os_q.o)
 .data          0x00022ba8        0x0 ../UcosiiBSP_for_cpu_s0/\libucosii_bsp.a(os_sem.o)
 .data          0x00022ba8        0x0 ../UcosiiBSP_for_cpu_s0/\libucosii_bsp.a(os_task.o)
 .data          0x00022ba8        0x0 ../UcosiiBSP_for_cpu_s0/\libucosii_bsp.a(os_time.o)
 .data          0x00022ba8     0x106c ../UcosiiBSP_for_cpu_s0/\libucosii_bsp.a(alt_sys_init.o)
 .data          0x00023c14        0x0 ../UcosiiBSP_for_cpu_s0/\libucosii_bsp.a(altera_avalon_jtag_uart_fd.o)
 .data          0x00023c14        0x0 ../UcosiiBSP_for_cpu_s0/\libucosii_bsp.a(altera_avalon_jtag_uart_init.o)
 .data          0x00023c14        0x0 ../UcosiiBSP_for_cpu_s0/\libucosii_bsp.a(altera_avalon_jtag_uart_ioctl.o)
 .data          0x00023c14        0x0 ../UcosiiBSP_for_cpu_s0/\libucosii_bsp.a(altera_avalon_jtag_uart_read.o)
 .data          0x00023c14        0x0 ../UcosiiBSP_for_cpu_s0/\libucosii_bsp.a(altera_avalon_jtag_uart_write.o)
 .data          0x00023c14        0x0 ../UcosiiBSP_for_cpu_s0/\libucosii_bsp.a(altera_avalon_timer_sc.o)
 .data          0x00023c14        0x0 ../UcosiiBSP_for_cpu_s0/\libucosii_bsp.a(alt_alarm_start.o)
 .data          0x00023c14        0x0 ../UcosiiBSP_for_cpu_s0/\libucosii_bsp.a(alt_busy_sleep.o)
 .data          0x00023c14        0x0 ../UcosiiBSP_for_cpu_s0/\libucosii_bsp.a(alt_dcache_flush_all.o)
 .data          0x00023c14        0x0 ../UcosiiBSP_for_cpu_s0/\libucosii_bsp.a(alt_dev_llist_insert.o)
 .data          0x00023c14        0x0 ../UcosiiBSP_for_cpu_s0/\libucosii_bsp.a(alt_do_ctors.o)
 .data          0x00023c14        0x0 ../UcosiiBSP_for_cpu_s0/\libucosii_bsp.a(alt_do_dtors.o)
 .data          0x00023c14        0x0 ../UcosiiBSP_for_cpu_s0/\libucosii_bsp.a(alt_icache_flush_all.o)
 .data          0x00023c14        0x0 ../UcosiiBSP_for_cpu_s0/\libucosii_bsp.a(alt_io_redirect.o)
 .data          0x00023c14        0x0 ../UcosiiBSP_for_cpu_s0/\libucosii_bsp.a(alt_irq_entry.o)
 .data          0x00023c14        0x0 ../UcosiiBSP_for_cpu_s0/\libucosii_bsp.a(alt_irq_handler.o)
 .data          0x00023c14        0x0 ../UcosiiBSP_for_cpu_s0/\libucosii_bsp.a(alt_open.o)
 .data          0x00023c14        0x0 ../UcosiiBSP_for_cpu_s0/\libucosii_bsp.a(alt_tick.o)
 .data          0x00023c14        0x0 ../UcosiiBSP_for_cpu_s0/\libucosii_bsp.a(altera_nios2_qsys_irq.o)
 .data          0x00023c14        0x0 ../UcosiiBSP_for_cpu_s0/\libucosii_bsp.a(os_cpu_a.o)
 .data          0x00023c14        0x0 ../UcosiiBSP_for_cpu_s0/\libucosii_bsp.a(os_cpu_c.o)
 .data          0x00023c14        0x0 ../UcosiiBSP_for_cpu_s0/\libucosii_bsp.a(alt_exception_entry.o)
 .data          0x00023c14        0x0 ../UcosiiBSP_for_cpu_s0/\libucosii_bsp.a(alt_find_dev.o)
 .data          0x00023c14        0x0 ../UcosiiBSP_for_cpu_s0/\libucosii_bsp.a(alt_find_file.o)
 .data          0x00023c14        0x0 ../UcosiiBSP_for_cpu_s0/\libucosii_bsp.a(alt_get_fd.o)
 .data          0x00023c14        0x0 ../UcosiiBSP_for_cpu_s0/\libucosii_bsp.a(alt_icache_flush.o)
 .data          0x00023c14        0x0 c:/altera/13.1/nios2eds/bin/gnu/h-i686-mingw32/bin/../lib/gcc/nios2-elf/4.7.3/../../../../../H-i686-mingw32/nios2-elf/lib\libc.a(lib_a-atexit.o)
 .data          0x00023c14        0x0 c:/altera/13.1/nios2eds/bin/gnu/h-i686-mingw32/bin/../lib/gcc/nios2-elf/4.7.3/../../../../../H-i686-mingw32/nios2-elf/lib\libc.a(lib_a-memcmp.o)
 .data          0x00023c14        0x0 c:/altera/13.1/nios2eds/bin/gnu/h-i686-mingw32/bin/../lib/gcc/nios2-elf/4.7.3/../../../../../H-i686-mingw32/nios2-elf/lib\libc.a(lib_a-__atexit.o)
 .data          0x00023c14        0x0 c:/altera/13.1/nios2eds/bin/gnu/h-i686-mingw32/bin/../lib/gcc/nios2-elf/4.7.3\libgcc.a(_fixunsdfsi.o)
                0x0002bc14                _gp = ABSOLUTE ((. + 0x8000))
                0x0002bc14                PROVIDE (gp, _gp)
 *(.rwdata .rwdata.*)
 *(.sdata .sdata.* .gnu.linkonce.s.*)
 .sdata         0x00023c14        0xc obj/default/MCAPI_Transport/mcapi_trans_nios.o
                0x00023c14                my_domain_id
                0x00023c18                my_node_id
                0x00023c1c                mcapi_debug
 .sdata         0x00023c20        0x8 c:/altera/13.1/nios2eds/bin/gnu/h-i686-mingw32/bin/../lib/gcc/nios2-elf/4.7.3/../../../../../H-i686-mingw32/nios2-elf/lib\libc.a(lib_a-impure.o)
                0x00023c20                _global_impure_ptr
                0x00023c24                _impure_ptr
 .sdata         0x00023c28        0x8 c:/altera/13.1/nios2eds/bin/gnu/h-i686-mingw32/bin/../lib/gcc/nios2-elf/4.7.3/../../../../../H-i686-mingw32/nios2-elf/lib\libc.a(lib_a-mallocr.o)
                0x00023c28                __malloc_sbrk_base
                0x00023c2c                __malloc_trim_threshold
 .sdata         0x00023c30        0x4 c:/altera/13.1/nios2eds/bin/gnu/h-i686-mingw32/bin/../lib/gcc/nios2-elf/4.7.3/../../../../../H-i686-mingw32/nios2-elf/lib\libc.a(lib_a-locale.o)
                0x00023c30                __mb_cur_max
 .sdata         0x00023c34       0x14 ../UcosiiBSP_for_cpu_s0/\libucosii_bsp.a(alt_dev.o)
                0x00023c34                alt_max_fd
                0x00023c38                alt_dev_list
                0x00023c40                alt_fs_list
 .sdata         0x00023c48        0x4 ../UcosiiBSP_for_cpu_s0/\libucosii_bsp.a(alt_errno.o)
                0x00023c48                alt_errno
 .sdata         0x00023c4c        0x4 ../UcosiiBSP_for_cpu_s0/\libucosii_bsp.a(alt_irq_vars.o)
                0x00023c4c                alt_priority_mask
 .sdata         0x00023c50        0x4 ../UcosiiBSP_for_cpu_s0/\libucosii_bsp.a(alt_sbrk.o)
 .sdata         0x00023c54        0x4 ../UcosiiBSP_for_cpu_s0/\libucosii_bsp.a(alt_env_lock.o)
 .sdata         0x00023c58        0x4 ../UcosiiBSP_for_cpu_s0/\libucosii_bsp.a(alt_malloc_lock.o)
 .sdata         0x00023c5c       0x74 ../UcosiiBSP_for_cpu_s0/\libucosii_bsp.a(os_dbg.o)
                0x00023c5c                OSDataSize
                0x00023c5e                OSTmrWheelTblSize
                0x00023c60                OSTmrWheelSize
                0x00023c62                OSTmrTblSize
                0x00023c64                OSTmrSize
                0x00023c66                OSTmrCfgTicksPerSec
                0x00023c68                OSTmrCfgWheelSize
                0x00023c6a                OSTmrCfgNameSize
                0x00023c6c                OSTmrCfgMax
                0x00023c6e                OSTmrEn
                0x00023c70                OSVersionNbr
                0x00023c72                OSTimeTickHookEn
                0x00023c74                OSTicksPerSec
                0x00023c76                OSTCBSize
                0x00023c78                OSTCBPrioTblMax
                0x00023c7a                OSTaskSwHookEn
                0x00023c7c                OSTaskStatStkChkEn
                0x00023c7e                OSTaskStatStkSize
                0x00023c80                OSTaskStatEn
                0x00023c82                OSTaskNameSize
                0x00023c84                OSTaskMax
                0x00023c86                OSTaskProfileEn
                0x00023c88                OSTaskIdleStkSize
                0x00023c8a                OSTaskDelEn
                0x00023c8c                OSTaskCreateExtEn
                0x00023c8e                OSTaskCreateEn
                0x00023c90                OSStkWidth
                0x00023c92                OSSemEn
                0x00023c94                OSRdyTblSize
                0x00023c96                OSQSize
                0x00023c98                OSQMax
                0x00023c9a                OSQEn
                0x00023c9c                OSPtrSize
                0x00023c9e                OSMutexEn
                0x00023ca0                OSMemTblSize
                0x00023ca2                OSMemSize
                0x00023ca4                OSMemNameSize
                0x00023ca6                OSMemMax
                0x00023ca8                OSMemEn
                0x00023caa                OSMboxEn
                0x00023cac                OSLowestPrio
                0x00023cae                OSFlagNameSize
                0x00023cb0                OSFlagMax
                0x00023cb2                OSFlagWidth
                0x00023cb4                OSFlagNodeSize
                0x00023cb6                OSFlagGrpSize
                0x00023cb8                OSFlagEn
                0x00023cba                OSEventMultiEn
                0x00023cbc                OSEventTblSize
                0x00023cbe                OSEventSize
                0x00023cc0                OSEventNameSize
                0x00023cc2                OSEventMax
                0x00023cc4                OSEventEn
                0x00023cc8                OSEndiannessTest
                0x00023ccc                OSDebugEn
 .sdata         0x00023cd0        0x8 ../UcosiiBSP_for_cpu_s0/\libucosii_bsp.a(alt_tick.o)
                0x00023cd0                alt_alarm_list
 *(.sdata2 .sdata2.* .gnu.linkonce.s2.*)
                0x00023cd8                . = ALIGN (0x4)
                0x00023cd8                _edata = ABSOLUTE (.)
                0x00023cd8                PROVIDE (edata, ABSOLUTE (.))
                0x00023cd8                PROVIDE (__ram_rwdata_end, ABSOLUTE (.))
                0x00023cd8                PROVIDE (__flash_rwdata_start, LOADADDR (.rwdata))

.bss            0x000258c4    0x26078
                0x000258c4                __bss_start = ABSOLUTE (.)
                0x000258c4                PROVIDE (__sbss_start, ABSOLUTE (.))
                0x000258c4                PROVIDE (___sbss_start, ABSOLUTE (.))
 *(.dynsbss)
 *(.sbss .sbss.* .gnu.linkonce.sb.*)
 .sbss          0x000258c4       0x10 obj/default/MCAPI_Transport/mcapi_trans_nios.o
                0x000258c4                my_mcapi_dindex
                0x000258c8                my_mcapi_nindex
                0x000258cc                locked
                0x000258d0                global_rwl
 .sbss          0x000258d4        0x8 obj/default/MCAPI_Transport/mcapi_trans_nios.o
                0x000258d4                DatabaseMutex
                0x000258d8                mcapi_db
 .sbss          0x000258dc        0xc obj/default/NS_Layer/NS_layer.o
                0x000258dc                callIDcount
                0x000258e0                nextCallID
                0x000258e4                reentMutex
 .sbss          0x000258e8       0x1c obj/default/PH_FifoDriver_UCOSII/PH_layer.o
                0x000258e8                semAlmostFull_fifo_1
                0x000258ec                bridge_base_fifo_2
                0x000258f0                mutexSend
                0x000258f4                semAlmostFull_fifo_2
                0x000258f8                bridge_base_fifo_1
                0x000258fc                bridge_irq_fifo_1
                0x00025900                bridge_irq_fifo_2
 .sbss          0x00025904       0x48 obj/default/SysTestNode1.o
                0x00025904                init_thread_flag
                0x00025908                node1_recvMSG_from_node2_thread_flag
                0x0002590c                node1_recvMSG_from_node0_thread_flag
                0x00025910                node1_sendMSG_to_node2_thread_flag
                0x00025914                node1_sendMSG_to_node0_thread_flag
                0x00025918                prio
                0x0002591c                node2_recvEP_from_node0
                0x00025920                node0_sendEP_to_node1
                0x00025924                node0_recvEP_from_node2
                0x00025928                node1_sendEP_to_node0
                0x0002592c                node2_sendEP_to_node1
                0x00025930                node1_recvEP_from_node2
                0x00025934                node1_recvEP_from_node0
                0x00025938                node1_sendEP_to_node2
                0x0002593c                node2_recvEP_from_node1
                0x00025940                node2_sendEP_to_node0
                0x00025944                node0_recvEP_from_node1
                0x00025948                node0_sendEP_to_node2
 .sbss          0x0002594c        0xc c:/altera/13.1/nios2eds/bin/gnu/h-i686-mingw32/bin/../lib/gcc/nios2-elf/4.7.3/../../../../../H-i686-mingw32/nios2-elf/lib\libc.a(lib_a-mallocr.o)
                0x0002594c                __malloc_max_total_mem
                0x00025950                __malloc_max_sbrked_mem
                0x00025954                __malloc_top_pad
 .sbss          0x00025958        0x4 c:/altera/13.1/nios2eds/bin/gnu/h-i686-mingw32/bin/../lib/gcc/nios2-elf/4.7.3/../../../../../H-i686-mingw32/nios2-elf/lib\libc.a(lib_a-int_errno.o)
                0x00025958                errno
 .sbss          0x0002595c        0xc c:/altera/13.1/nios2eds/bin/gnu/h-i686-mingw32/bin/../lib/gcc/nios2-elf/4.7.3/../../../../../H-i686-mingw32/nios2-elf/lib\libc.a(lib_a-locale.o)
                0x0002595c                _PathLocale
                0x00025960                __mlocale_changed
                0x00025964                __nlocale_changed
 .sbss          0x00025968        0x4 ../UcosiiBSP_for_cpu_s0/\libucosii_bsp.a(alt_dev.o)
                0x00025968                alt_fd_list_lock
 .sbss          0x0002596c        0x4 ../UcosiiBSP_for_cpu_s0/\libucosii_bsp.a(alt_irq_vars.o)
                0x0002596c                alt_irq_active
 .sbss          0x00025970        0xc ../UcosiiBSP_for_cpu_s0/\libucosii_bsp.a(alt_main.o)
                0x00025970                alt_envp
                0x00025974                alt_argv
                0x00025978                alt_argc
 .sbss          0x0002597c        0x8 ../UcosiiBSP_for_cpu_s0/\libucosii_bsp.a(alt_env_lock.o)
                0x00025980                alt_envsem
 .sbss          0x00025984        0x8 ../UcosiiBSP_for_cpu_s0/\libucosii_bsp.a(alt_malloc_lock.o)
                0x00025988                alt_heapsem
 .sbss          0x0002598c       0x5c ../UcosiiBSP_for_cpu_s0/\libucosii_bsp.a(os_core.o)
                0x0002598c                OSLockNesting
                0x00025990                OSRunning
                0x00025994                OSIdleCtr
                0x00025998                OSPrioHighRdy
                0x0002599c                OSPrioCur
                0x000259a0                OSTCBList
                0x000259a4                OSTickStepState
                0x000259a8                OSCtxSwCtr
                0x000259ac                OSIdleCtrMax
                0x000259b0                OSTCBFreeList
                0x000259b4                OSCPUUsage
                0x000259b5                OSTaskCtr
                0x000259b8                OSMemFreeList
                0x000259bc                OSTCBHighRdy
                0x000259c0                OSQFreeList
                0x000259c4                OSRdyGrp
                0x000259c5                OSRdyTbl
                0x000259cc                OSEventFreeList
                0x000259d0                OSIntNesting
                0x000259d4                OSTCBCur
                0x000259d8                OSTime
                0x000259dc                OSFlagFreeList
                0x000259e0                OSStatRdy
                0x000259e4                OSIdleCtrRun
 .sbss          0x000259e8        0x8 ../UcosiiBSP_for_cpu_s0/\libucosii_bsp.a(alt_tick.o)
                0x000259e8                _alt_nticks
                0x000259ec                _alt_tick_rate
 *(.sbss2 .sbss2.* .gnu.linkonce.sb2.*)
 *(.scommon)
                0x000259f0                PROVIDE (__sbss_end, ABSOLUTE (.))
                0x000259f0                PROVIDE (___sbss_end, ABSOLUTE (.))
 *(.dynbss)
 *(.bss .bss.* .gnu.linkonce.b.*)
 .bss           0x000259f0        0x0 ../UcosiiBSP_for_cpu_s0//obj/HAL/src/crt0.o
 .bss           0x000259f0        0x0 obj/default/MCAPI_Top/mcapi.o
 .bss           0x000259f0        0x0 obj/default/MCAPI_Transport/mcapi_trans_nios.o
 .bss           0x000259f0        0x0 obj/default/NS_Layer/NS_layer.o
 .bss           0x000259f0        0x0 obj/default/PH_FifoDriver_UCOSII/PH_layer.o
 .bss           0x000259f0        0x0 obj/default/SysTestNode1.o
 .bss           0x000259f0        0x0 obj/default/UTILS/util_packet_handling.o
 .bss           0x000259f0        0x0 c:/altera/13.1/nios2eds/bin/gnu/h-i686-mingw32/bin/../lib/gcc/nios2-elf/4.7.3\libgcc.a(lib2-divmod.o)
 .bss           0x000259f0        0x0 c:/altera/13.1/nios2eds/bin/gnu/h-i686-mingw32/bin/../lib/gcc/nios2-elf/4.7.3\libgcc.a(lib2-divtable.o)
 .bss           0x000259f0        0x0 c:/altera/13.1/nios2eds/bin/gnu/h-i686-mingw32/bin/../lib/gcc/nios2-elf/4.7.3/../../../../../H-i686-mingw32/nios2-elf/lib\libc.a(lib_a-exit.o)
 .bss           0x000259f0        0x0 c:/altera/13.1/nios2eds/bin/gnu/h-i686-mingw32/bin/../lib/gcc/nios2-elf/4.7.3/../../../../../H-i686-mingw32/nios2-elf/lib\libc.a(lib_a-fflush.o)
 .bss           0x000259f0        0x0 c:/altera/13.1/nios2eds/bin/gnu/h-i686-mingw32/bin/../lib/gcc/nios2-elf/4.7.3/../../../../../H-i686-mingw32/nios2-elf/lib\libc.a(lib_a-findfp.o)
 .bss           0x000259f0        0x0 c:/altera/13.1/nios2eds/bin/gnu/h-i686-mingw32/bin/../lib/gcc/nios2-elf/4.7.3/../../../../../H-i686-mingw32/nios2-elf/lib\libc.a(lib_a-fprintf.o)
 .bss           0x000259f0        0x0 c:/altera/13.1/nios2eds/bin/gnu/h-i686-mingw32/bin/../lib/gcc/nios2-elf/4.7.3/../../../../../H-i686-mingw32/nios2-elf/lib\libc.a(lib_a-fwalk.o)
 .bss           0x000259f0        0x0 c:/altera/13.1/nios2eds/bin/gnu/h-i686-mingw32/bin/../lib/gcc/nios2-elf/4.7.3/../../../../../H-i686-mingw32/nios2-elf/lib\libc.a(lib_a-fwrite.o)
 .bss           0x000259f0        0x0 c:/altera/13.1/nios2eds/bin/gnu/h-i686-mingw32/bin/../lib/gcc/nios2-elf/4.7.3/../../../../../H-i686-mingw32/nios2-elf/lib\libc.a(lib_a-impure.o)
 .bss           0x000259f0       0x28 c:/altera/13.1/nios2eds/bin/gnu/h-i686-mingw32/bin/../lib/gcc/nios2-elf/4.7.3/../../../../../H-i686-mingw32/nios2-elf/lib\libc.a(lib_a-mallocr.o)
                0x000259f0                __malloc_current_mallinfo
 .bss           0x00025a18        0x0 c:/altera/13.1/nios2eds/bin/gnu/h-i686-mingw32/bin/../lib/gcc/nios2-elf/4.7.3/../../../../../H-i686-mingw32/nios2-elf/lib\libc.a(lib_a-memcpy.o)
 .bss           0x00025a18        0x0 c:/altera/13.1/nios2eds/bin/gnu/h-i686-mingw32/bin/../lib/gcc/nios2-elf/4.7.3/../../../../../H-i686-mingw32/nios2-elf/lib\libc.a(lib_a-memset.o)
 .bss           0x00025a18        0x0 c:/altera/13.1/nios2eds/bin/gnu/h-i686-mingw32/bin/../lib/gcc/nios2-elf/4.7.3/../../../../../H-i686-mingw32/nios2-elf/lib\libc.a(lib_a-printf.o)
 .bss           0x00025a18        0x0 c:/altera/13.1/nios2eds/bin/gnu/h-i686-mingw32/bin/../lib/gcc/nios2-elf/4.7.3/../../../../../H-i686-mingw32/nios2-elf/lib\libc.a(lib_a-puts.o)
 .bss           0x00025a18        0x0 c:/altera/13.1/nios2eds/bin/gnu/h-i686-mingw32/bin/../lib/gcc/nios2-elf/4.7.3/../../../../../H-i686-mingw32/nios2-elf/lib\libc.a(lib_a-rand.o)
 .bss           0x00025a18        0x0 c:/altera/13.1/nios2eds/bin/gnu/h-i686-mingw32/bin/../lib/gcc/nios2-elf/4.7.3/../../../../../H-i686-mingw32/nios2-elf/lib\libc.a(lib_a-sbrkr.o)
 .bss           0x00025a18        0x0 c:/altera/13.1/nios2eds/bin/gnu/h-i686-mingw32/bin/../lib/gcc/nios2-elf/4.7.3/../../../../../H-i686-mingw32/nios2-elf/lib\libc.a(lib_a-stdio.o)
 .bss           0x00025a18        0x0 c:/altera/13.1/nios2eds/bin/gnu/h-i686-mingw32/bin/../lib/gcc/nios2-elf/4.7.3/../../../../../H-i686-mingw32/nios2-elf/lib\libc.a(lib_a-strlen.o)
 .bss           0x00025a18        0x0 c:/altera/13.1/nios2eds/bin/gnu/h-i686-mingw32/bin/../lib/gcc/nios2-elf/4.7.3/../../../../../H-i686-mingw32/nios2-elf/lib\libc.a(lib_a-vfprintf.o)
 .bss           0x00025a18        0x0 c:/altera/13.1/nios2eds/bin/gnu/h-i686-mingw32/bin/../lib/gcc/nios2-elf/4.7.3/../../../../../H-i686-mingw32/nios2-elf/lib\libc.a(lib_a-writer.o)
 .bss           0x00025a18        0x0 c:/altera/13.1/nios2eds/bin/gnu/h-i686-mingw32/bin/../lib/gcc/nios2-elf/4.7.3/../../../../../H-i686-mingw32/nios2-elf/lib\libc.a(lib_a-wsetup.o)
 .bss           0x00025a18        0x0 c:/altera/13.1/nios2eds/bin/gnu/h-i686-mingw32/bin/../lib/gcc/nios2-elf/4.7.3/../../../../../H-i686-mingw32/nios2-elf/lib\libc.a(lib_a-__call_atexit.o)
 .bss           0x00025a18        0x0 c:/altera/13.1/nios2eds/bin/gnu/h-i686-mingw32/bin/../lib/gcc/nios2-elf/4.7.3/../../../../../H-i686-mingw32/nios2-elf/lib\libc.a(lib_a-closer.o)
 .bss           0x00025a18        0x0 c:/altera/13.1/nios2eds/bin/gnu/h-i686-mingw32/bin/../lib/gcc/nios2-elf/4.7.3/../../../../../H-i686-mingw32/nios2-elf/lib\libc.a(lib_a-dtoa.o)
 .bss           0x00025a18        0x0 c:/altera/13.1/nios2eds/bin/gnu/h-i686-mingw32/bin/../lib/gcc/nios2-elf/4.7.3/../../../../../H-i686-mingw32/nios2-elf/lib\libc.a(lib_a-fclose.o)
 .bss           0x00025a18        0x0 c:/altera/13.1/nios2eds/bin/gnu/h-i686-mingw32/bin/../lib/gcc/nios2-elf/4.7.3/../../../../../H-i686-mingw32/nios2-elf/lib\libc.a(lib_a-freer.o)
 .bss           0x00025a18        0x0 c:/altera/13.1/nios2eds/bin/gnu/h-i686-mingw32/bin/../lib/gcc/nios2-elf/4.7.3/../../../../../H-i686-mingw32/nios2-elf/lib\libc.a(lib_a-fvwrite.o)
 .bss           0x00025a18        0x0 c:/altera/13.1/nios2eds/bin/gnu/h-i686-mingw32/bin/../lib/gcc/nios2-elf/4.7.3/../../../../../H-i686-mingw32/nios2-elf/lib\libc.a(lib_a-int_errno.o)
 .bss           0x00025a18        0x0 c:/altera/13.1/nios2eds/bin/gnu/h-i686-mingw32/bin/../lib/gcc/nios2-elf/4.7.3/../../../../../H-i686-mingw32/nios2-elf/lib\libc.a(lib_a-locale.o)
 .bss           0x00025a18        0x0 c:/altera/13.1/nios2eds/bin/gnu/h-i686-mingw32/bin/../lib/gcc/nios2-elf/4.7.3/../../../../../H-i686-mingw32/nios2-elf/lib\libc.a(lib_a-lseekr.o)
 .bss           0x00025a18        0x0 c:/altera/13.1/nios2eds/bin/gnu/h-i686-mingw32/bin/../lib/gcc/nios2-elf/4.7.3/../../../../../H-i686-mingw32/nios2-elf/lib\libc.a(lib_a-makebuf.o)
 .bss           0x00025a18        0x0 c:/altera/13.1/nios2eds/bin/gnu/h-i686-mingw32/bin/../lib/gcc/nios2-elf/4.7.3/../../../../../H-i686-mingw32/nios2-elf/lib\libc.a(lib_a-memchr.o)
 .bss           0x00025a18        0x0 c:/altera/13.1/nios2eds/bin/gnu/h-i686-mingw32/bin/../lib/gcc/nios2-elf/4.7.3/../../../../../H-i686-mingw32/nios2-elf/lib\libc.a(lib_a-memmove.o)
 .bss           0x00025a18        0x0 c:/altera/13.1/nios2eds/bin/gnu/h-i686-mingw32/bin/../lib/gcc/nios2-elf/4.7.3/../../../../../H-i686-mingw32/nios2-elf/lib\libc.a(lib_a-mprec.o)
 .bss           0x00025a18        0x0 c:/altera/13.1/nios2eds/bin/gnu/h-i686-mingw32/bin/../lib/gcc/nios2-elf/4.7.3/../../../../../H-i686-mingw32/nios2-elf/lib\libc.a(lib_a-readr.o)
 .bss           0x00025a18        0x0 c:/altera/13.1/nios2eds/bin/gnu/h-i686-mingw32/bin/../lib/gcc/nios2-elf/4.7.3/../../../../../H-i686-mingw32/nios2-elf/lib\libc.a(lib_a-reallocr.o)
 .bss           0x00025a18        0x0 c:/altera/13.1/nios2eds/bin/gnu/h-i686-mingw32/bin/../lib/gcc/nios2-elf/4.7.3/../../../../../H-i686-mingw32/nios2-elf/lib\libc.a(lib_a-s_isinfd.o)
 .bss           0x00025a18        0x0 c:/altera/13.1/nios2eds/bin/gnu/h-i686-mingw32/bin/../lib/gcc/nios2-elf/4.7.3/../../../../../H-i686-mingw32/nios2-elf/lib\libc.a(lib_a-s_isnand.o)
 .bss           0x00025a18        0x0 c:/altera/13.1/nios2eds/bin/gnu/h-i686-mingw32/bin/../lib/gcc/nios2-elf/4.7.3/../../../../../H-i686-mingw32/nios2-elf/lib\libc.a(lib_a-strcmp.o)
 .bss           0x00025a18        0x0 c:/altera/13.1/nios2eds/bin/gnu/h-i686-mingw32/bin/../lib/gcc/nios2-elf/4.7.3/../../../../../H-i686-mingw32/nios2-elf/lib\libc.a(lib_a-callocr.o)