Archive member included to satisfy reference by file (symbol)

c:/altera/14.1/nios2eds/bin/gnu/h-x86_64-mingw32/bin/../lib/gcc/nios2-elf/4.8.3/../../../../../H-x86_64-mingw32/nios2-elf/lib\libc.a(lib_a-puts.o)
                              obj/default/main.o (puts)
c:/altera/14.1/nios2eds/bin/gnu/h-x86_64-mingw32/bin/../lib/gcc/nios2-elf/4.8.3/../../../../../H-x86_64-mingw32/nios2-elf/lib\libc.a(lib_a-strlen.o)
                              c:/altera/14.1/nios2eds/bin/gnu/h-x86_64-mingw32/bin/../lib/gcc/nios2-elf/4.8.3/../../../../../H-x86_64-mingw32/nios2-elf/lib\libc.a(lib_a-puts.o) (strlen)
c:/altera/14.1/nios2eds/bin/gnu/h-x86_64-mingw32/bin/../lib/gcc/nios2-elf/4.8.3/../../../../../H-x86_64-mingw32/nios2-elf/lib\libc.a(lib_a-fvwrite.o)
                              c:/altera/14.1/nios2eds/bin/gnu/h-x86_64-mingw32/bin/../lib/gcc/nios2-elf/4.8.3/../../../../../H-x86_64-mingw32/nios2-elf/lib\libc.a(lib_a-puts.o) (__sfvwrite_r)
c:/altera/14.1/nios2eds/bin/gnu/h-x86_64-mingw32/bin/../lib/gcc/nios2-elf/4.8.3/../../../../../H-x86_64-mingw32/nios2-elf/lib\libc.a(lib_a-impure.o)
                              c:/altera/14.1/nios2eds/bin/gnu/h-x86_64-mingw32/bin/../lib/gcc/nios2-elf/4.8.3/../../../../../H-x86_64-mingw32/nios2-elf/lib\libc.a(lib_a-puts.o) (_impure_ptr)
c:/altera/14.1/nios2eds/bin/gnu/h-x86_64-mingw32/bin/../lib/gcc/nios2-elf/4.8.3/../../../../../H-x86_64-mingw32/nios2-elf/lib\libc.a(lib_a-mallocr.o)
                              c:/altera/14.1/nios2eds/bin/gnu/h-x86_64-mingw32/bin/../lib/gcc/nios2-elf/4.8.3/../../../../../H-x86_64-mingw32/nios2-elf/lib\libc.a(lib_a-fvwrite.o) (_malloc_r)
c:/altera/14.1/nios2eds/bin/gnu/h-x86_64-mingw32/bin/../lib/gcc/nios2-elf/4.8.3/../../../../../H-x86_64-mingw32/nios2-elf/lib\libc.a(lib_a-memchr.o)
                              c:/altera/14.1/nios2eds/bin/gnu/h-x86_64-mingw32/bin/../lib/gcc/nios2-elf/4.8.3/../../../../../H-x86_64-mingw32/nios2-elf/lib\libc.a(lib_a-fvwrite.o) (memchr)
c:/altera/14.1/nios2eds/bin/gnu/h-x86_64-mingw32/bin/../lib/gcc/nios2-elf/4.8.3/../../../../../H-x86_64-mingw32/nios2-elf/lib\libc.a(lib_a-memcpy.o)
                              c:/altera/14.1/nios2eds/bin/gnu/h-x86_64-mingw32/bin/../lib/gcc/nios2-elf/4.8.3/../../../../../H-x86_64-mingw32/nios2-elf/lib\libc.a(lib_a-fvwrite.o) (memcpy)
c:/altera/14.1/nios2eds/bin/gnu/h-x86_64-mingw32/bin/../lib/gcc/nios2-elf/4.8.3/../../../../../H-x86_64-mingw32/nios2-elf/lib\libc.a(lib_a-memmove.o)
                              c:/altera/14.1/nios2eds/bin/gnu/h-x86_64-mingw32/bin/../lib/gcc/nios2-elf/4.8.3/../../../../../H-x86_64-mingw32/nios2-elf/lib\libc.a(lib_a-fvwrite.o) (memmove)
c:/altera/14.1/nios2eds/bin/gnu/h-x86_64-mingw32/bin/../lib/gcc/nios2-elf/4.8.3/../../../../../H-x86_64-mingw32/nios2-elf/lib\libc.a(lib_a-reallocr.o)
                              c:/altera/14.1/nios2eds/bin/gnu/h-x86_64-mingw32/bin/../lib/gcc/nios2-elf/4.8.3/../../../../../H-x86_64-mingw32/nios2-elf/lib\libc.a(lib_a-fvwrite.o) (_realloc_r)
c:/altera/14.1/nios2eds/bin/gnu/h-x86_64-mingw32/bin/../lib/gcc/nios2-elf/4.8.3/../../../../../H-x86_64-mingw32/nios2-elf/lib\libc.a(lib_a-sbrkr.o)
                              c:/altera/14.1/nios2eds/bin/gnu/h-x86_64-mingw32/bin/../lib/gcc/nios2-elf/4.8.3/../../../../../H-x86_64-mingw32/nios2-elf/lib\libc.a(lib_a-mallocr.o) (_sbrk_r)
c:/altera/14.1/nios2eds/bin/gnu/h-x86_64-mingw32/bin/../lib/gcc/nios2-elf/4.8.3/../../../../../H-x86_64-mingw32/nios2-elf/lib\libc.a(lib_a-wsetup.o)
                              c:/altera/14.1/nios2eds/bin/gnu/h-x86_64-mingw32/bin/../lib/gcc/nios2-elf/4.8.3/../../../../../H-x86_64-mingw32/nios2-elf/lib\libc.a(lib_a-fvwrite.o) (__swsetup_r)
c:/altera/14.1/nios2eds/bin/gnu/h-x86_64-mingw32/bin/../lib/gcc/nios2-elf/4.8.3/../../../../../H-x86_64-mingw32/nios2-elf/lib\libc.a(lib_a-fflush.o)
                              c:/altera/14.1/nios2eds/bin/gnu/h-x86_64-mingw32/bin/../lib/gcc/nios2-elf/4.8.3/../../../../../H-x86_64-mingw32/nios2-elf/lib\libc.a(lib_a-fvwrite.o) (_fflush_r)
c:/altera/14.1/nios2eds/bin/gnu/h-x86_64-mingw32/bin/../lib/gcc/nios2-elf/4.8.3/../../../../../H-x86_64-mingw32/nios2-elf/lib\libc.a(lib_a-findfp.o)
                              c:/altera/14.1/nios2eds/bin/gnu/h-x86_64-mingw32/bin/../lib/gcc/nios2-elf/4.8.3/../../../../../H-x86_64-mingw32/nios2-elf/lib\libc.a(lib_a-wsetup.o) (__sinit)
c:/altera/14.1/nios2eds/bin/gnu/h-x86_64-mingw32/bin/../lib/gcc/nios2-elf/4.8.3/../../../../../H-x86_64-mingw32/nios2-elf/lib\libc.a(lib_a-freer.o)
                              c:/altera/14.1/nios2eds/bin/gnu/h-x86_64-mingw32/bin/../lib/gcc/nios2-elf/4.8.3/../../../../../H-x86_64-mingw32/nios2-elf/lib\libc.a(lib_a-fvwrite.o) (_free_r)
c:/altera/14.1/nios2eds/bin/gnu/h-x86_64-mingw32/bin/../lib/gcc/nios2-elf/4.8.3/../../../../../H-x86_64-mingw32/nios2-elf/lib\libc.a(lib_a-fwalk.o)
[...]
Memory Configuration

Name             Origin             Length             Attributes
reset            0x0000000000000000 0x0000000000000020
sdram            0x0000000000000020 0x0000000003ffffe0
*default*        0x0000000000000000 0xffffffffffffffff

Linker script and memory map

LOAD ../SimpleFlightController_bsp//obj/HAL/src/crt0.o
LOAD obj/default/main.o
LOAD c:/altera/14.1/nios2eds/bin/gnu/h-x86_64-mingw32/bin/../lib/gcc/nios2-elf/4.8.3/../../../../../H-x86_64-mingw32/nios2-elf/lib\libstdc++.a
LOAD c:/altera/14.1/nios2eds/bin/gnu/h-x86_64-mingw32/bin/../lib/gcc/nios2-elf/4.8.3/../../../../../H-x86_64-mingw32/nios2-elf/lib\libm.a
LOAD c:/altera/14.1/nios2eds/bin/gnu/h-x86_64-mingw32/bin/../lib/gcc/nios2-elf/4.8.3\libgcc.a
START GROUP
LOAD c:/altera/14.1/nios2eds/bin/gnu/h-x86_64-mingw32/bin/../lib/gcc/nios2-elf/4.8.3/../../../../../H-x86_64-mingw32/nios2-elf/lib\libc.a
LOAD c:/altera/14.1/nios2eds/bin/gnu/h-x86_64-mingw32/bin/../lib/gcc/nios2-elf/4.8.3\libgcc.a
LOAD ../SimpleFlightController_bsp/\libucosii_bsp.a
END GROUP
LOAD c:/altera/14.1/nios2eds/bin/gnu/h-x86_64-mingw32/bin/../lib/gcc/nios2-elf/4.8.3\libgcc.a
                0x0000000000000000                __alt_mem_sdram = 0x0

.entry          0x0000000000000000       0x20
 *(.entry)
 .entry         0x0000000000000000       0x20 ../SimpleFlightController_bsp//obj/HAL/src/crt0.o
                0x0000000000000000                __reset

.exceptions     0x0000000000000020      0x19c
                0x0000000000000020                PROVIDE (__ram_exceptions_start, ABSOLUTE (.))
                0x0000000000000020                . = ALIGN (0x20)
 *(.irq)
 *(.exceptions.entry.label)
 .exceptions.entry.label
                0x0000000000000020        0x0 ../SimpleFlightController_bsp/\libucosii_bsp.a(alt_irq_entry.o)
                0x0000000000000020                alt_irq_entry
 .exceptions.entry.label
                0x0000000000000020        0x0 ../SimpleFlightController_bsp/\libucosii_bsp.a(alt_exception_entry.o)
                0x0000000000000020                alt_exception
 *(.exceptions.entry.user)
 *(.exceptions.entry.ecc_fatal)
 *(.exceptions.entry)
 .exceptions.entry
                0x0000000000000020       0x54 ../SimpleFlightController_bsp/\libucosii_bsp.a(alt_exception_entry.o)
 *(.exceptions.irqtest.user)
 *(.exceptions.irqtest)
 .exceptions.irqtest
                0x0000000000000074       0x10 ../SimpleFlightController_bsp/\libucosii_bsp.a(alt_irq_entry.o)
 *(.exceptions.irqhandler.user)
 *(.exceptions.irqhandler)
 .exceptions.irqhandler
                0x0000000000000084        0x4 ../SimpleFlightController_bsp/\libucosii_bsp.a(alt_irq_entry.o)
 *(.exceptions.irqreturn.user)
 *(.exceptions.irqreturn)
 .exceptions.irqreturn
                0x0000000000000088        0x4 ../SimpleFlightController_bsp/\libucosii_bsp.a(alt_irq_entry.o)
 *(.exceptions.notirq.label)
 .exceptions.notirq.label
                0x000000000000008c        0x0 ../SimpleFlightController_bsp/\libucosii_bsp.a(alt_irq_entry.o)
 *(.exceptions.notirq.user)
 *(.exceptions.notirq)
 .exceptions.notirq
                0x000000000000008c        0x8 ../SimpleFlightController_bsp/\libucosii_bsp.a(alt_exception_entry.o)
 *(.exceptions.soft.user)
 *(.exceptions.soft)
 *(.exceptions.unknown.user)
 *(.exceptions.unknown)
 .exceptions.unknown
                0x0000000000000094        0x4 ../SimpleFlightController_bsp/\libucosii_bsp.a(alt_exception_entry.o)
 *(.exceptions.exit.label)
 .exceptions.exit.label
                0x0000000000000098        0x0 ../SimpleFlightController_bsp/\libucosii_bsp.a(alt_irq_entry.o)
 .exceptions.exit.label
                0x0000000000000098        0x0 ../SimpleFlightController_bsp/\libucosii_bsp.a(alt_exception_entry.o)
 *(.exceptions.exit.user)
 *(.exceptions.exit)
 .exceptions.exit
                0x0000000000000098       0x54 ../SimpleFlightController_bsp/\libucosii_bsp.a(alt_exception_entry.o)
 *(.exceptions)
 .exceptions    0x00000000000000ec       0xd0 ../SimpleFlightController_bsp/\libucosii_bsp.a(alt_irq_handler.o)
                0x00000000000000ec                alt_irq_handler
                0x00000000000001bc                PROVIDE (__ram_exceptions_end, ABSOLUTE (.))
                0x0000000000000020                PROVIDE (__flash_exceptions_start, LOADADDR (.exceptions))

.text           0x00000000000001bc     0xdf98
                0x00000000000001bc                PROVIDE (stext, ABSOLUTE (.))
 *(.interp)
 *(.hash)
 *(.dynsym)
 *(.dynstr)
 *(.gnu.version)
 *(.gnu.version_d)
 *(.gnu.version_r)
 *(.rel.init)
 *(.rela.init)
 *(.rel.text .rel.text.* .rel.gnu.linkonce.t.*)
 *(.rela.text .rela.text.* .rela.gnu.linkonce.t.*)
 *(.rel.fini)
 *(.rela.fini)
 *(.rel.rodata .rel.rodata.* .rel.gnu.linkonce.r.*)
 *(.rela.rodata .rela.rodata.* .rela.gnu.linkonce.r.*)
 *(.rel.data .rel.data.* .rel.gnu.linkonce.d.*)
 *(.rela.data .rela.data.* .rela.gnu.linkonce.d.*)
 *(.rel.tdata .rel.tdata.* .rel.gnu.linkonce.td.*)
 *(.rela.tdata .rela.tdata.* .rela.gnu.linkonce.td.*)
 *(.rel.tbss .rel.tbss.* .rel.gnu.linkonce.tb.*)
 *(.rela.tbss .rela.tbss.* .rela.gnu.linkonce.tb.*)
 *(.rel.ctors)
 *(.rela.ctors)
 *(.rel.dtors)
 *(.rela.dtors)
 *(.rel.got)
 *(.rela.got)
 *(.rel.sdata .rel.sdata.* .rel.gnu.linkonce.s.*)
 *(.rela.sdata .rela.sdata.* .rela.gnu.linkonce.s.*)
 *(.rel.sbss .rel.sbss.* .rel.gnu.linkonce.sb.*)
 *(.rela.sbss .rela.sbss.* .rela.gnu.linkonce.sb.*)
 *(.rel.sdata2 .rel.sdata2.* .rel.gnu.linkonce.s2.*)
 *(.rela.sdata2 .rela.sdata2.* .rela.gnu.linkonce.s2.*)
 *(.rel.sbss2 .rel.sbss2.* .rel.gnu.linkonce.sb2.*)
 *(.rela.sbss2 .rela.sbss2.* .rela.gnu.linkonce.sb2.*)
 *(.rel.bss .rel.bss.* .rel.gnu.linkonce.b.*)
 *(.rela.bss .rela.bss.* .rela.gnu.linkonce.b.*)
 *(.rel.plt)
 *(.rela.plt)
 *(.rel.dyn)
 *(.init)
 *(.plt)
 *(.text .stub .text.* .gnu.linkonce.t.*)
 .text          0x00000000000001bc       0x3c ../SimpleFlightController_bsp//obj/HAL/src/crt0.o
                0x00000000000001bc                _start
 .text          0x00000000000001f8      0x11c obj/default/main.o
                0x00000000000001f8                task1
                0x0000000000000230                task2
                0x0000000000000268                main
 .text          0x0000000000000314       0xcc c:/altera/14.1/nios2eds/bin/gnu/h-x86_64-mingw32/bin/../lib/gcc/nios2-elf/4.8.3/../../../../../H-x86_64-mingw32/nios2-elf/lib\libc.a(lib_a-puts.o)
                0x0000000000000314                _puts_r
                0x00000000000003cc                puts
 .text          0x00000000000003e0       0x8c c:/altera/14.1/nios2eds/bin/gnu/h-x86_64-mingw32/bin/../lib/gcc/nios2-elf/4.8.3/../../../../../H-x86_64-mingw32/nios2-elf/lib\libc.a(lib_a-strlen.o)
                0x00000000000003e0                strlen
 .text          0x000000000000046c      0x4ac c:/altera/14.1/nios2eds/bin/gnu/h-x86_64-mingw32/bin/../lib/gcc/nios2-elf/4.8.3/../../../../../H-x86_64-mingw32/nios2-elf/lib\libc.a(lib_a-fvwrite.o)
                0x000000000000046c                __sfvwrite_r
 .text          0x0000000000000918        0x0 c:/altera/14.1/nios2eds/bin/gnu/h-x86_64-mingw32/bin/../lib/gcc/nios2-elf/4.8.3/../../../../../H-x86_64-mingw32/nios2-elf/lib\libc.a(lib_a-impure.o)
 .text          0x0000000000000918      0x7c4 c:/altera/14.1/nios2eds/bin/gnu/h-x86_64-mingw32/bin/../lib/gcc/nios2-elf/4.8.3/../../../../../H-x86_64-mingw32/nios2-elf/lib\libc.a(lib_a-mallocr.o)
                0x0000000000000918                _malloc_r
 .text          0x00000000000010dc       0xe8 c:/altera/14.1/nios2eds/bin/gnu/h-x86_64-mingw32/bin/../lib/gcc/nios2-elf/4.8.3/../../../../../H-x86_64-mingw32/nios2-elf/lib\libc.a(lib_a-memchr.o)
                0x00000000000010dc                memchr
 .text          0x00000000000011c4      0x10c c:/altera/14.1/nios2eds/bin/gnu/h-x86_64-mingw32/bin/../lib/gcc/nios2-elf/4.8.3/../../../../../H-x86_64-mingw32/nios2-elf/lib\libc.a(lib_a-memcpy.o)
                0x00000000000011c4                memcpy
 .text          0x00000000000012d0      0x13c c:/altera/14.1/nios2eds/bin/gnu/h-x86_64-mingw32/bin/../lib/gcc/nios2-elf/4.8.3/../../../../../H-x86_64-mingw32/nios2-elf/lib\libc.a(lib_a-memmove.o)
                0x00000000000012d0                memmove
 .text          0x000000000000140c      0x564 c:/altera/14.1/nios2eds/bin/gnu/h-x86_64-mingw32/bin/../lib/gcc/nios2-elf/4.8.3/../../../../../H-x86_64-mingw32/nios2-elf/lib\libc.a(lib_a-reallocr.o)
                0x000000000000140c                _realloc_r
 .text          0x0000000000001970       0x64 c:/altera/14.1/nios2eds/bin/gnu/h-x86_64-mingw32/bin/../lib/gcc/nios2-elf/4.8.3/../../../../../H-x86_64-mingw32/nios2-elf/lib\libc.a(lib_a-sbrkr.o)
                0x0000000000001970                _sbrk_r
 .text          0x00000000000019d4      0x138 c:/altera/14.1/nios2eds/bin/gnu/h-x86_64-mingw32/bin/../lib/gcc/nios2-elf/4.8.3/../../../../../H-x86_64-mingw32/nios2-elf/lib\libc.a(lib_a-wsetup.o)
                0x00000000000019d4                __swsetup_r
 .text          0x0000000000001b0c      0x274 c:/altera/14.1/nios2eds/bin/gnu/h-x86_64-mingw32/bin/../lib/gcc/nios2-elf/4.8.3/../../../../../H-x86_64-mingw32/nios2-elf/lib\libc.a(lib_a-fflush.o)
                0x0000000000001b0c                _fflush_r
                0x0000000000001d50                fflush
 .text          0x0000000000001d80      0x390 c:/altera/14.1/nios2eds/bin/gnu/h-x86_64-mingw32/bin/../lib/gcc/nios2-elf/4.8.3/../../../../../H-x86_64-mingw32/nios2-elf/lib\libc.a(lib_a-findfp.o)
                0x0000000000001d90                _cleanup_r
                0x0000000000001d9c                __sfmoreglue
                0x0000000000001e00                _cleanup
                0x0000000000001e18                __sinit
                0x0000000000001fb4                __sfp
                0x00000000000020d0                __sfp_lock_acquire
                0x00000000000020d4                __sfp_lock_release
                0x00000000000020d8                __sinit_lock_acquire
                0x00000000000020dc                __sinit_lock_release
                0x00000000000020e0                __fp_lock_all
                0x00000000000020f8                __fp_unlock_all
 .text          0x0000000000002110      0x40c c:/altera/14.1/nios2eds/bin/gnu/h-x86_64-mingw32/bin/../lib/gcc/nios2-elf/4.8.3/../../../../../H-x86_64-mingw32/nios2-elf/lib\libc.a(lib_a-freer.o)
                0x0000000000002110                _malloc_trim_r
                0x000000000000224c                _free_r
 .text          0x000000000000251c      0x160 c:/altera/14.1/nios2eds/bin/gnu/h-x86_64-mingw32/bin/../lib/gcc/nios2-elf/4.8.3/../../../../../H-x86_64-mingw32/nios2-elf/lib\libc.a(lib_a-fwalk.o)
                0x000000000000251c                _fwalk
                0x00000000000025c4                _fwalk_reent
 .text          0x000000000000267c        0x0 c:/altera/14.1/nios2eds/bin/gnu/h-x86_64-mingw32/bin/../lib/gcc/nios2-elf/4.8.3/../../../../../H-x86_64-mingw32/nios2-elf/lib\libc.a(lib_a-int_errno.o)
 .text          0x000000000000267c      0x1b4 c:/altera/14.1/nios2eds/bin/gnu/h-x86_64-mingw32/bin/../lib/gcc/nios2-elf/4.8.3/../../../../../H-x86_64-mingw32/nios2-elf/lib\libc.a(lib_a-makebuf.o)
                0x000000000000267c                __smakebuf_r
 .text          0x0000000000002830      0x114 c:/altera/14.1/nios2eds/bin/gnu/h-x86_64-mingw32/bin/../lib/gcc/nios2-elf/4.8.3/../../../../../H-x86_64-mingw32/nios2-elf/lib\libc.a(lib_a-memset.o)
                0x0000000000002830                memset
 .text          0x0000000000002944      0x13c c:/altera/14.1/nios2eds/bin/gnu/h-x86_64-mingw32/bin/../lib/gcc/nios2-elf/4.8.3/../../../../../H-x86_64-mingw32/nios2-elf/lib\libc.a(lib_a-stdio.o)
                0x0000000000002944                __sread
                0x0000000000002998                __seofread
                0x00000000000029a0                __swrite
                0x0000000000002a1c                __sseek
                0x0000000000002a78                __sclose
 .text          0x0000000000002a80       0x6c c:/altera/14.1/nios2eds/bin/gnu/h-x86_64-mingw32/bin/../lib/gcc/nios2-elf/4.8.3/../../../../../H-x86_64-mingw32/nios2-elf/lib\libc.a(lib_a-writer.o)
                0x0000000000002a80                _write_r
 .text          0x0000000000002aec       0x64 c:/altera/14.1/nios2eds/bin/gnu/h-x86_64-mingw32/bin/../lib/gcc/nios2-elf/4.8.3/../../../../../H-x86_64-mingw32/nios2-elf/lib\libc.a(closer.o)
                0x0000000000002aec                _close_r
 .text          0x0000000000002b50      0x13c c:/altera/14.1/nios2eds/bin/gnu/h-x86_64-mingw32/bin/../lib/gcc/nios2-elf/4.8.3/../../../../../H-x86_64-mingw32/nios2-elf/lib\libc.a(lib_a-fclose.o)
                0x0000000000002b50                _fclose_r
                0x0000000000002c78                fclose
 .text          0x0000000000002c8c       0x68 c:/altera/14.1/nios2eds/bin/gnu/h-x86_64-mingw32/bin/../lib/gcc/nios2-elf/4.8.3/../../../../../H-x86_64-mingw32/nios2-elf/lib\libc.a(lib_a-fstatr.o)
                0x0000000000002c8c                _fstat_r
 .text          0x0000000000002cf4       0x64 c:/altera/14.1/nios2eds/bin/gnu/h-x86_64-mingw32/bin/../lib/gcc/nios2-elf/4.8.3/../../../../../H-x86_64-mingw32/nios2-elf/lib\libc.a(lib_a-isattyr.o)
                0x0000000000002cf4                _isatty_r
 .text          0x0000000000002d58       0x6c c:/altera/14.1/nios2eds/bin/gnu/h-x86_64-mingw32/bin/../lib/gcc/nios2-elf/4.8.3/../../../../../H-x86_64-mingw32/nios2-elf/lib\libc.a(lib_a-lseekr.o)
                0x0000000000002d58                _lseek_r
 .text          0x0000000000002dc4       0x6c c:/altera/14.1/nios2eds/bin/gnu/h-x86_64-mingw32/bin/../lib/gcc/nios2-elf/4.8.3/../../../../../H-x86_64-mingw32/nios2-elf/lib\libc.a(lib_a-readr.o)
                0x0000000000002dc4                _read_r
 .text          0x0000000000002e30      0x118 ../SimpleFlightController_bsp/\libucosii_bsp.a(alt_close.o)
                0x0000000000002e80                close
 .text          0x0000000000002f48       0x2c ../SimpleFlightController_bsp/\libucosii_bsp.a(alt_dev.o)
 .text          0x0000000000002f74        0x0 ../SimpleFlightController_bsp/\libucosii_bsp.a(alt_errno.o)
 .text          0x0000000000002f74       0xfc ../SimpleFlightController_bsp/\libucosii_bsp.a(alt_fstat.o)
                0x0000000000002fc4                fstat
 .text          0x0000000000003070       0xf0 ../SimpleFlightController_bsp/\libucosii_bsp.a(alt_isatty.o)
                0x00000000000030c0                isatty
 .text          0x0000000000003160       0xe4 ../SimpleFlightController_bsp/\libucosii_bsp.a(alt_load.o)
                0x00000000000031c4                alt_load
 .text          0x0000000000003244      0x120 ../SimpleFlightController_bsp/\libucosii_bsp.a(alt_lseek.o)
                0x0000000000003294                lseek
 .text          0x0000000000003364       0xd4 ../SimpleFlightController_bsp/\libucosii_bsp.a(alt_main.o)
                0x0000000000003364                alt_main
 .text          0x0000000000003438      0x140 ../SimpleFlightController_bsp/\libucosii_bsp.a(alt_read.o)
                0x0000000000003488                read
 .text          0x0000000000003578       0x60 ../SimpleFlightController_bsp/\libucosii_bsp.a(alt_release_fd.o)
                0x0000000000003578                alt_release_fd
 .text          0x00000000000035d8       0xb0 ../SimpleFlightController_bsp/\libucosii_bsp.a(alt_sbrk.o)
                0x00000000000035d8                sbrk
 .text          0x0000000000003688      0x13c ../SimpleFlightController_bsp/\libucosii_bsp.a(alt_write.o)
                0x00000000000036d8                write
 .text          0x00000000000037c4      0x11c ../SimpleFlightController_bsp/\libucosii_bsp.a(alt_env_lock.o)
                0x00000000000037c4                __env_lock
                0x0000000000003884                __env_unlock
 .text          0x00000000000038e0      0x1f0 ../SimpleFlightController_bsp/\libucosii_bsp.a(alt_malloc_lock.o)
                0x00000000000038e0                __malloc_lock
                0x0000000000003a00                __malloc_unlock
 .text          0x0000000000003ad0     0x1fcc ../SimpleFlightController_bsp/\libucosii_bsp.a(os_core.o)
                0x0000000000003ad0                OSEventNameGet
                0x0000000000003bf0                OSEventNameSet
                0x0000000000003d2c                OSEventPendMulti
                0x000000000000433c                OSInit
                0x0000000000004390                OSIntEnter
                0x000000000000440c                OSIntExit
                0x0000000000004500                OSSchedLock
                0x0000000000004588                OSSchedUnlock
                0x0000000000004660                OSStart
                0x00000000000046cc                OSStatInit
                0x0000000000004778                OSTimeTick
                0x0000000000004994                OSVersion
                0x00000000000049b4                OS_Dummy
                0x00000000000049d0                OS_EventTaskRdy
                0x0000000000004b68                OS_EventTaskWait
                0x0000000000004c70                OS_EventTaskWaitMulti
                0x0000000000004db8                OS_EventTaskRemove
                0x0000000000004e68                OS_EventTaskRemoveMulti
                0x0000000000004f60                OS_EventWaitListInit
                0x0000000000005324                OS_MemClr
                0x0000000000005374                OS_MemCopy
                0x00000000000053d8                OS_Sched
                0x0000000000005514                OS_StrCopy
                0x0000000000005588                OS_StrLen
                0x00000000000055dc                OS_TaskIdle
                0x0000000000005638                OS_TaskStat
                0x0000000000005700                OS_TaskStatStkChk
                0x00000000000057c8                OS_TCBInit
 .text          0x0000000000005a9c      0x18c ../SimpleFlightController_bsp/\libucosii_bsp.a(os_dbg.o)
                0x0000000000005a9c                OSDebugInit
 .text          0x0000000000005c28     0x1824 ../SimpleFlightController_bsp/\libucosii_bsp.a(os_flag.o)
                0x0000000000005c28                OSFlagAccept
                0x0000000000005f30                OSFlagCreate
                0x0000000000006058                OSFlagDel
                0x00000000000062c8                OSFlagNameGet
                0x00000000000063f8                OSFlagNameSet
                0x0000000000006548                OSFlagPend
                0x0000000000006b48                OSFlagPendGetFlagsRdy
                0x0000000000006bb0                OSFlagPost
                0x0000000000006f38                OSFlagQuery
                0x00000000000071bc                OS_FlagInit
                0x00000000000073ac                OS_FlagUnlink
 .text          0x000000000000744c      0x784 ../SimpleFlightController_bsp/\libucosii_bsp.a(os_mem.o)
                0x000000000000744c                OSMemCreate
                0x0000000000007640                OSMemGet
                0x0000000000007730                OSMemNameGet
                0x0000000000007828                OSMemNameSet
                0x0000000000007940                OSMemPut
                0x0000000000007a18                OSMemQuery
                0x0000000000007b00                OS_MemInit
 .text          0x0000000000007bd0     0x121c ../SimpleFlightController_bsp/\libucosii_bsp.a(os_q.o)
                0x0000000000007bd0                OSQAccept
                0x0000000000007d10                OSQCreate
                0x0000000000007f08                OSQDel
                0x00000000000081d8                OSQFlush
                0x0000000000008290                OSQPend
                0x000000000000858c                OSQPendAbort
                0x0000000000008700                OSQPost
                0x0000000000008868                OSQPostFront
                0x00000000000089d8                OSQPostOpt
                0x0000000000008be4                OSQQuery
                0x0000000000008d40                OS_QInit
 .text          0x0000000000008dec      0xb18 ../SimpleFlightController_bsp/\libucosii_bsp.a(os_sem.o)
                0x0000000000008dec                OSSemAccept
                0x0000000000008e9c                OSSemCreate
                0x0000000000008f9c                OSSemDel
                0x000000000000920c                OSSemPend
                0x0000000000009474                OSSemPendAbort
                0x00000000000095e8                OSSemPost
                0x00000000000096f8                OSSemQuery
                0x0000000000009808                OSSemSet
 .text          0x0000000000009904     0x18d8 ../SimpleFlightController_bsp/\libucosii_bsp.a(os_task.o)
                0x0000000000009904                OSTaskChangePrio
                0x0000000000009e2c                OSTaskCreate
                0x0000000000009fe8                OSTaskCreateExt
                0x000000000000a1dc                OSTaskDel
                0x000000000000a5b8                OSTaskDelReq
                0x000000000000a710                OSTaskNameGet
                0x000000000000a8b8                OSTaskNameSet
                0x000000000000aa78                OSTaskResume
                0x000000000000ac6c                OSTaskStkChk
                0x000000000000ae34                OSTaskSuspend
                0x000000000000b044                OSTaskQuery
                0x000000000000b170                OS_TaskStkClr
 .text          0x000000000000b1dc      0x558 ../SimpleFlightController_bsp/\libucosii_bsp.a(os_time.o)
                0x000000000000b1dc                OSTimeDly
                0x000000000000b320                OSTimeDlyHMSM
                0x000000000000b480                OSTimeDlyResume
                0x000000000000b66c                OSTimeGet
                0x000000000000b6d0                OSTimeSet
 .text          0x000000000000b734       0xd0 ../SimpleFlightController_bsp/\libucosii_bsp.a(alt_sys_init.o)
                0x000000000000b76c                alt_irq_init
                0x000000000000b7a0                alt_sys_init
 .text          0x000000000000b804      0x164 ../SimpleFlightController_bsp/\libucosii_bsp.a(altera_avalon_jtag_uart_fd.o)
                0x000000000000b804                altera_avalon_jtag_uart_read_fd
                0x000000000000b864                altera_avalon_jtag_uart_write_fd
                0x000000000000b8c4                altera_avalon_jtag_uart_close_fd
                0x000000000000b914                altera_avalon_jtag_uart_ioctl_fd
 .text          0x000000000000b968      0x560 ../SimpleFlightController_bsp/\libucosii_bsp.a(altera_avalon_jtag_uart_init.o)
                0x000000000000b968                altera_avalon_jtag_uart_init
                0x000000000000be60                altera_avalon_jtag_uart_close
 .text          0x000000000000bec8       0xec ../SimpleFlightController_bsp/\libucosii_bsp.a(altera_avalon_jtag_uart_ioctl.o)
                0x000000000000bec8                altera_avalon_jtag_uart_ioctl
 .text          0x000000000000bfb4      0x2b4 ../SimpleFlightController_bsp/\libucosii_bsp.a(altera_avalon_jtag_uart_read.o)
                0x000000000000bfb4                altera_avalon_jtag_uart_read
 .text          0x000000000000c268      0x2c4 ../SimpleFlightController_bsp/\libucosii_bsp.a(altera_avalon_jtag_uart_write.o)
                0x000000000000c268                altera_avalon_jtag_uart_write
 .text          0x000000000000c52c       0xfc ../SimpleFlightController_bsp/\libucosii_bsp.a(altera_avalon_timer_sc.o)
                0x000000000000c5a0                alt_avalon_timer_sc_init
 .text          0x000000000000c628       0xc0 ../SimpleFlightController_bsp/\libucosii_bsp.a(altera_avalon_uart_fd.o)
                0x000000000000c628                altera_avalon_uart_read_fd
                0x000000000000c688                altera_avalon_uart_write_fd
 .text          0x000000000000c6e8      0x110 ../SimpleFlightController_bsp/\libucosii_bsp.a(altera_avalon_uart_read.o)
                0x000000000000c738                altera_avalon_uart_read
 .text          0x000000000000c7f8      0x12c ../SimpleFlightController_bsp/\libucosii_bsp.a(altera_avalon_uart_write.o)
                0x000000000000c848                altera_avalon_uart_write
 .text          0x000000000000c924      0x140 ../SimpleFlightController_bsp/\libucosii_bsp.a(alt_alarm_start.o)
                0x000000000000c924                alt_alarm_start
 .text          0x000000000000ca64       0x1c ../SimpleFlightController_bsp/\libucosii_bsp.a(alt_dcache_flush_all.o)
                0x000000000000ca64                alt_dcache_flush_all
 .text          0x000000000000ca80       0xf0 ../SimpleFlightController_bsp/\libucosii_bsp.a(alt_dev_llist_insert.o)
                0x000000000000cad0                alt_dev_llist_insert
 .text          0x000000000000cb70       0x5c ../SimpleFlightController_bsp/\libucosii_bsp.a(alt_do_ctors.o)
                0x000000000000cb70                _do_ctors
 .text          0x000000000000cbcc       0x5c ../SimpleFlightController_bsp/\libucosii_bsp.a(alt_do_dtors.o)
                0x000000000000cbcc                _do_dtors
 .text          0x000000000000cc28       0x30 ../SimpleFlightController_bsp/\libucosii_bsp.a(alt_icache_flush_all.o)
                0x000000000000cc28                alt_icache_flush_all
 .text          0x000000000000cc58      0x1d8 ../SimpleFlightController_bsp/\libucosii_bsp.a(alt_iic.o)
                0x000000000000cc58                alt_ic_isr_register
                0x000000000000cca8                alt_ic_irq_enable
                0x000000000000cd44                alt_ic_irq_disable
                0x000000000000cde4                alt_ic_irq_enabled
 .text          0x000000000000ce30       0xf0 ../SimpleFlightController_bsp/\libucosii_bsp.a(alt_iic_isr_register.o)
                0x000000000000ce30                alt_iic_isr_register
 .text          0x000000000000cf20      0x138 ../SimpleFlightController_bsp/\libucosii_bsp.a(alt_io_redirect.o)
                0x000000000000cfe0                alt_io_redirect
 .text          0x000000000000d058        0x0 ../SimpleFlightController_bsp/\libucosii_bsp.a(alt_irq_entry.o)
 .text          0x000000000000d058        0x0 ../SimpleFlightController_bsp/\libucosii_bsp.a(alt_irq_handler.o)
 .text          0x000000000000d058        0x0 ../SimpleFlightController_bsp/\libucosii_bsp.a(alt_irq_vars.o)
 .text          0x000000000000d058      0x270 ../SimpleFlightController_bsp/\libucosii_bsp.a(alt_open.o)
                0x000000000000d174                open
 .text          0x000000000000d2c8      0x19c ../SimpleFlightController_bsp/\libucosii_bsp.a(alt_tick.o)
                0x000000000000d2c8                alt_alarm_stop
                0x000000000000d360                alt_tick
 .text          0x000000000000d464       0x20 ../SimpleFlightController_bsp/\libucosii_bsp.a(altera_nios2_qsys_irq.o)
                0x000000000000d464                altera_nios2_qsys_irq_init
 .text          0x000000000000d484       0xd0 ../SimpleFlightController_bsp/\libucosii_bsp.a(os_cpu_a.o)
                0x000000000000d484                OSCtxSw
                0x000000000000d484                OSIntCtxSw
                0x000000000000d510                OSStartHighRdy
                0x000000000000d530                OSStartTsk
 .text          0x000000000000d554      0x3fc ../SimpleFlightController_bsp/\libucosii_bsp.a(os_cpu_c.o)
                0x000000000000d554                OSTaskStkInit
                0x000000000000d848                OSTaskCreateHook
                0x000000000000d868                OSTaskDelHook
                0x000000000000d888                OSTaskSwHook
                0x000000000000d8a4                OSTaskStatHook
                0x000000000000d8c0                OSTimeTickHook
                0x000000000000d8dc                OSInitHookBegin
                0x000000000000d8f8                OSInitHookEnd
                0x000000000000d914                OSTaskIdleHook
                0x000000000000d930                OSTCBInitHook
 .text          0x000000000000d950        0x0 ../SimpleFlightController_bsp/\libucosii_bsp.a(alt_exception_entry.o)
 .text          0x000000000000d950       0x90 ../SimpleFlightController_bsp/\libucosii_bsp.a(alt_find_dev.o)
                0x000000000000d950                alt_find_dev
 .text          0x000000000000d9e0      0x114 ../SimpleFlightController_bsp/\libucosii_bsp.a(alt_find_file.o)
                0x000000000000d9e0                alt_find_file
 .text          0x000000000000daf4       0xfc ../SimpleFlightController_bsp/\libucosii_bsp.a(alt_get_fd.o)
                0x000000000000daf4                alt_get_fd
 .text          0x000000000000dbf0       0x8c ../SimpleFlightController_bsp/\libucosii_bsp.a(alt_icache_flush.o)
                0x000000000000dbf0                alt_icache_flush
 .text          0x000000000000dc7c       0x14 c:/altera/14.1/nios2eds/bin/gnu/h-x86_64-mingw32/bin/../lib/gcc/nios2-elf/4.8.3/../../../../../H-x86_64-mingw32/nios2-elf/lib\libc.a(lib_a-atexit.o)
                0x000000000000dc7c                atexit
 .text          0x000000000000dc90       0x38 c:/altera/14.1/nios2eds/bin/gnu/h-x86_64-mingw32/bin/../lib/gcc/nios2-elf/4.8.3/../../../../../H-x86_64-mingw32/nios2-elf/lib\libc.a(lib_a-exit.o)
                0x000000000000dc90                exit
 .text          0x000000000000dcc8       0x7c c:/altera/14.1/nios2eds/bin/gnu/h-x86_64-mingw32/bin/../lib/gcc/nios2-elf/4.8.3/../../../../../H-x86_64-mingw32/nios2-elf/lib\libc.a(lib_a-memcmp.o)
                0x000000000000dcc8                memcmp
 .text          0x000000000000dd44      0x11c c:/altera/14.1/nios2eds/bin/gnu/h-x86_64-mingw32/bin/../lib/gcc/nios2-elf/4.8.3/../../../../../H-x86_64-mingw32/nios2-elf/lib\libc.a(lib_a-__atexit.o)
                0x000000000000dd44                __register_exitproc
 .text          0x000000000000de60      0x1a4 c:/altera/14.1/nios2eds/bin/gnu/h-x86_64-mingw32/bin/../lib/gcc/nios2-elf/4.8.3/../../../../../H-x86_64-mingw32/nios2-elf/lib\libc.a(lib_a-__call_atexit.o)
                0x000000000000de60                __call_exitprocs
 .text          0x000000000000e004      0x114 c:/altera/14.1/nios2eds/bin/gnu/h-x86_64-mingw32/bin/../lib/gcc/nios2-elf/4.8.3\libgcc.a(lib2-divmod.o)
                0x000000000000e074                __divsi3
                0x000000000000e0bc                __modsi3
                0x000000000000e108                __udivsi3
                0x000000000000e110                __umodsi3
 .text          0x000000000000e118       0x3c ../SimpleFlightController_bsp/\libucosii_bsp.a(alt_exit.o)
                0x000000000000e118                _exit
 *(.gnu.warning.*)
 *(.fini)
                0x000000000000e154                PROVIDE (__etext, ABSOLUTE (.))
                0x000000000000e154                PROVIDE (_etext, ABSOLUTE (.))
                0x000000000000e154                PROVIDE (etext, ABSOLUTE (.))
 *(.eh_frame_hdr)
                0x000000000000e154                . = ALIGN (0x4)
                0x000000000000e154                PROVIDE (__preinit_array_start, ABSOLUTE (.))
 *(.preinit_array)
                0x000000000000e154                PROVIDE (__preinit_array_end, ABSOLUTE (.))
                0x000000000000e154                PROVIDE (__init_array_start, ABSOLUTE (.))
 *(.init_array)
                0x000000000000e154                PROVIDE (__init_array_end, ABSOLUTE (.))
                0x000000000000e154                PROVIDE (__fini_array_start, ABSOLUTE (.))
 *(.fini_array)
                0x000000000000e154                PROVIDE (__fini_array_end, ABSOLUTE (.))
 *(.eh_frame)
 *(.gcc_except_table .gcc_except_table.*)
 *(.dynamic)
                0x000000000000e154                PROVIDE (__CTOR_LIST__, ABSOLUTE (.))
 *(.ctors)
 *(SORT(.ctors.*))
                0x000000000000e154                PROVIDE (__CTOR_END__, ABSOLUTE (.))
                0x000000000000e154                PROVIDE (__DTOR_LIST__, ABSOLUTE (.))
 *(.dtors)
 *(SORT(.dtors.*))
                0x000000000000e154                PROVIDE (__DTOR_END__, ABSOLUTE (.))
 *(.jcr)
                0x000000000000e154                . = ALIGN (0x4)

.rodata         0x000000000000e154      0x19c
                0x000000000000e154                PROVIDE (__ram_rodata_start, ABSOLUTE (.))
                0x000000000000e154                . = ALIGN (0x4)
 *(.rodata .rodata.* .gnu.linkonce.r.*)
 .rodata        0x000000000000e154       0x28 obj/default/main.o
 .rodata.str1.4
                0x000000000000e17c        0x2 c:/altera/14.1/nios2eds/bin/gnu/h-x86_64-mingw32/bin/../lib/gcc/nios2-elf/4.8.3/../../../../../H-x86_64-mingw32/nios2-elf/lib\libc.a(lib_a-puts.o)
                                          0x4 (size before relaxing)
 *fill*         0x000000000000e17e        0x2 
 .rodata.str1.4
                0x000000000000e180        0x4 c:/altera/14.1/nios2eds/bin/gnu/h-x86_64-mingw32/bin/../lib/gcc/nios2-elf/4.8.3/../../../../../H-x86_64-mingw32/nios2-elf/lib\libc.a(lib_a-impure.o)
 .rodata        0x000000000000e184        0xc ../SimpleFlightController_bsp/\libucosii_bsp.a(alt_dev.o)
 .rodata        0x000000000000e190       0x18 ../SimpleFlightController_bsp/\libucosii_bsp.a(alt_main.o)
 .rodata        0x000000000000e1a8      0x120 ../SimpleFlightController_bsp/\libucosii_bsp.a(os_core.o)
                0x000000000000e1a8                OSUnMapTbl
 .rodata        0x000000000000e2c8       0x24 ../SimpleFlightController_bsp/\libucosii_bsp.a(alt_sys_init.o)
 .rodata        0x000000000000e2ec        0x4 ../SimpleFlightController_bsp/\libucosii_bsp.a(os_cpu_c.o)
 *(.rodata1)
                0x000000000000e2f0                . = ALIGN (0x4)
                0x000000000000e2f0                PROVIDE (__ram_rodata_end, ABSOLUTE (.))
                0x000000000000e154                PROVIDE (__flash_rodata_start, LOADADDR (.rodata))

.rwdata         0x000000000000e2f0     0x1b20 load address 0x000000000000fe10
                0x000000000000e2f0                PROVIDE (__ram_rwdata_start, ABSOLUTE (.))
                0x000000000000e2f0                . = ALIGN (0x4)
 *(.got.plt)
 *(.got)
 *(.data1)
 *(.data .data.* .gnu.linkonce.d.*)
 .data          0x000000000000e2f0        0x0 ../SimpleFlightController_bsp//obj/HAL/src/crt0.o
 .data          0x000000000000e2f0        0x0 obj/default/main.o
 .data          0x000000000000e2f0        0x0 c:/altera/14.1/nios2eds/bin/gnu/h-x86_64-mingw32/bin/../lib/gcc/nios2-elf/4.8.3/../../../../../H-x86_64-mingw32/nios2-elf/lib\libc.a(lib_a-puts.o)
 .data          0x000000000000e2f0        0x0 c:/altera/14.1/nios2eds/bin/gnu/h-x86_64-mingw32/bin/../lib/gcc/nios2-elf/4.8.3/../../../../../H-x86_64-mingw32/nios2-elf/lib\libc.a(lib_a-strlen.o)
 .data          0x000000000000e2f0        0x0 c:/altera/14.1/nios2eds/bin/gnu/h-x86_64-mingw32/bin/../lib/gcc/nios2-elf/4.8.3/../../../../../H-x86_64-mingw32/nios2-elf/lib\libc.a(lib_a-fvwrite.o)
 .data          0x000000000000e2f0      0x424 c:/altera/14.1/nios2eds/bin/gnu/h-x86_64-mingw32/bin/../lib/gcc/nios2-elf/4.8.3/../../../../../H-x86_64-mingw32/nios2-elf/lib\libc.a(lib_a-impure.o)
 .data          0x000000000000e714      0x408 c:/altera/14.1/nios2eds/bin/gnu/h-x86_64-mingw32/bin/../lib/gcc/nios2-elf/4.8.3/../../../../../H-x86_64-mingw32/nios2-elf/lib\libc.a(lib_a-mallocr.o)
                0x000000000000e714                __malloc_av_
 .data          0x000000000000eb1c        0x0 c:/altera/14.1/nios2eds/bin/gnu/h-x86_64-mingw32/bin/../lib/gcc/nios2-elf/4.8.3/../../../../../H-x86_64-mingw32/nios2-elf/lib\libc.a(lib_a-memchr.o)
 .data          0x000000000000eb1c        0x0 c:/altera/14.1/nios2eds/bin/gnu/h-x86_64-mingw32/bin/../lib/gcc/nios2-elf/4.8.3/../../../../../H-x86_64-mingw32/nios2-elf/lib\libc.a(lib_a-memcpy.o)
 .data          0x000000000000eb1c        0x0 c:/altera/14.1/nios2eds/bin/gnu/h-x86_64-mingw32/bin/../lib/gcc/nios2-elf/4.8.3/../../../../../H-x86_64-mingw32/nios2-elf/lib\libc.a(lib_a-memmove.o)
 .data          0x000000000000eb1c        0x0 c:/altera/14.1/nios2eds/bin/gnu/h-x86_64-mingw32/bin/../lib/gcc/nios2-elf/4.8.3/../../../../../H-x86_64-mingw32/nios2-elf/lib\libc.a(lib_a-reallocr.o)
 .data          0x000000000000eb1c        0x0 c:/altera/14.1/nios2eds/bin/gnu/h-x86_64-mingw32/bin/../lib/gcc/nios2-elf/4.8.3/../../../../../H-x86_64-mingw32/nios2-elf/lib\libc.a(lib_a-sbrkr.o)
 .data          0x000000000000eb1c        0x0 c:/altera/14.1/nios2eds/bin/gnu/h-x86_64-mingw32/bin/../lib/gcc/nios2-elf/4.8.3/../../../../../H-x86_64-mingw32/nios2-elf/lib\libc.a(lib_a-wsetup.o)
 .data          0x000000000000eb1c        0x0 c:/altera/14.1/nios2eds/bin/gnu/h-x86_64-mingw32/bin/../lib/gcc/nios2-elf/4.8.3/../../../../../H-x86_64-mingw32/nios2-elf/lib\libc.a(lib_a-fflush.o)
 .data          0x000000000000eb1c        0x0 c:/altera/14.1/nios2eds/bin/gnu/h-x86_64-mingw32/bin/../lib/gcc/nios2-elf/4.8.3/../../../../../H-x86_64-mingw32/nios2-elf/lib\libc.a(lib_a-findfp.o)
 .data          0x000000000000eb1c        0x0 c:/altera/14.1/nios2eds/bin/gnu/h-x86_64-mingw32/bin/../lib/gcc/nios2-elf/4.8.3/../../../../../H-x86_64-mingw32/nios2-elf/lib\libc.a(lib_a-freer.o)
 .data          0x000000000000eb1c        0x0 c:/altera/14.1/nios2eds/bin/gnu/h-x86_64-mingw32/bin/../lib/gcc/nios2-elf/4.8.3/../../../../../H-x86_64-mingw32/nios2-elf/lib\libc.a(lib_a-fwalk.o)
 .data          0x000000000000eb1c        0x0 c:/altera/14.1/nios2eds/bin/gnu/h-x86_64-mingw32/bin/../lib/gcc/nios2-elf/4.8.3/../../../../../H-x86_64-mingw32/nios2-elf/lib\libc.a(lib_a-int_errno.o)
 .data          0x000000000000eb1c        0x0 c:/altera/14.1/nios2eds/bin/gnu/h-x86_64-mingw32/bin/../lib/gcc/nios2-elf/4.8.3/../../../../../H-x86_64-mingw32/nios2-elf/lib\libc.a(lib_a-makebuf.o)
 .data          0x000000000000eb1c        0x0 c:/altera/14.1/nios2eds/bin/gnu/h-x86_64-mingw32/bin/../lib/gcc/nios2-elf/4.8.3/../../../../../H-x86_64-mingw32/nios2-elf/lib\libc.a(lib_a-memset.o)
 .data          0x000000000000eb1c        0x0 c:/altera/14.1/nios2eds/bin/gnu/h-x86_64-mingw32/bin/../lib/gcc/nios2-elf/4.8.3/../../../../../H-x86_64-mingw32/nios2-elf/lib\libc.a(lib_a-stdio.o)
 .data          0x000000000000eb1c        0x0 c:/altera/14.1/nios2eds/bin/gnu/h-x86_64-mingw32/bin/../lib/gcc/nios2-elf/4.8.3/../../../../../H-x86_64-mingw32/nios2-elf/lib\libc.a(lib_a-writer.o)
 .data          0x000000000000eb1c        0x0 c:/altera/14.1/nios2eds/bin/gnu/h-x86_64-mingw32/bin/../lib/gcc/nios2-elf/4.8.3/../../../../../H-x86_64-mingw32/nios2-elf/lib\libc.a(closer.o)
 .data          0x000000000000eb1c        0x0 c:/altera/14.1/nios2eds/bin/gnu/h-x86_64-mingw32/bin/../lib/gcc/nios2-elf/4.8.3/../../../../../H-x86_64-mingw32/nios2-elf/lib\libc.a(lib_a-fclose.o)
 .data          0x000000000000eb1c        0x0 c:/altera/14.1/nios2eds/bin/gnu/h-x86_64-mingw32/bin/../lib/gcc/nios2-elf/4.8.3/../../../../../H-x86_64-mingw32/nios2-elf/lib\libc.a(lib_a-fstatr.o)
 .data          0x000000000000eb1c        0x0 c:/altera/14.1/nios2eds/bin/gnu/h-x86_64-mingw32/bin/../lib/gcc/nios2-elf/4.8.3/../../../../../H-x86_64-mingw32/nios2-elf/lib\libc.a(lib_a-isattyr.o)
 .data          0x000000000000eb1c        0x0 c:/altera/14.1/nios2eds/bin/gnu/h-x86_64-mingw32/bin/../lib/gcc/nios2-elf/4.8.3/../../../../../H-x86_64-mingw32/nios2-elf/lib\libc.a(lib_a-lseekr.o)
 .data          0x000000000000eb1c        0x0 c:/altera/14.1/nios2eds/bin/gnu/h-x86_64-mingw32/bin/../lib/gcc/nios2-elf/4.8.3/../../../../../H-x86_64-mingw32/nios2-elf/lib\libc.a(lib_a-readr.o)
 .data          0x000000000000eb1c        0x0 ../SimpleFlightController_bsp/\libucosii_bsp.a(alt_close.o)
 .data          0x000000000000eb1c      0x1a8 ../SimpleFlightController_bsp/\libucosii_bsp.a(alt_dev.o)
                0x000000000000eb1c                alt_dev_null
                0x000000000000eb44                alt_fd_list
 .data          0x000000000000ecc4        0x0 ../SimpleFlightController_bsp/\libucosii_bsp.a(alt_errno.o)
 .data          0x000000000000ecc4        0x0 ../SimpleFlightController_bsp/\libucosii_bsp.a(alt_fstat.o)
 .data          0x000000000000ecc4        0x0 ../SimpleFlightController_bsp/\libucosii_bsp.a(alt_isatty.o)
 .data          0x000000000000ecc4        0x0 ../SimpleFlightController_bsp/\libucosii_bsp.a(alt_load.o)
 .data          0x000000000000ecc4        0x0 ../SimpleFlightController_bsp/\libucosii_bsp.a(alt_lseek.o)
 .data          0x000000000000ecc4        0x0 ../SimpleFlightController_bsp/\libucosii_bsp.a(alt_main.o)
 .data          0x000000000000ecc4        0x0 ../SimpleFlightController_bsp/\libucosii_bsp.a(alt_read.o)
 .data          0x000000000000ecc4        0x0 ../SimpleFlightController_bsp/\libucosii_bsp.a(alt_release_fd.o)
 .data          0x000000000000ecc4        0x0 ../SimpleFlightController_bsp/\libucosii_bsp.a(alt_sbrk.o)
 .data          0x000000000000ecc4        0x0 ../SimpleFlightController_bsp/\libucosii_bsp.a(alt_write.o)
 .data          0x000000000000ecc4        0x0 ../SimpleFlightController_bsp/\libucosii_bsp.a(alt_env_lock.o)
 .data          0x000000000000ecc4        0x0 ../SimpleFlightController_bsp/\libucosii_bsp.a(alt_malloc_lock.o)
 .data          0x000000000000ecc4        0x0 ../SimpleFlightController_bsp/\libucosii_bsp.a(os_core.o)
 .data          0x000000000000ecc4        0x0 ../SimpleFlightController_bsp/\libucosii_bsp.a(os_dbg.o)
 .data          0x000000000000ecc4        0x0 ../SimpleFlightController_bsp/\libucosii_bsp.a(os_flag.o)
 .data          0x000000000000ecc4        0x0 ../SimpleFlightController_bsp/\libucosii_bsp.a(os_mem.o)
 .data          0x000000000000ecc4        0x0 ../SimpleFlightController_bsp/\libucosii_bsp.a(os_q.o)
 .data          0x000000000000ecc4        0x0 ../SimpleFlightController_bsp/\libucosii_bsp.a(os_sem.o)
 .data          0x000000000000ecc4        0x0 ../SimpleFlightController_bsp/\libucosii_bsp.a(os_task.o)
 .data          0x000000000000ecc4        0x0 ../SimpleFlightController_bsp/\libucosii_bsp.a(os_time.o)
 .data          0x000000000000ecc4     0x1098 ../SimpleFlightController_bsp/\libucosii_bsp.a(alt_sys_init.o)
 .data          0x000000000000fd5c        0x0 ../SimpleFlightController_bsp/\libucosii_bsp.a(altera_avalon_jtag_uart_fd.o)
 .data          0x000000000000fd5c        0x0 ../SimpleFlightController_bsp/\libucosii_bsp.a(altera_avalon_jtag_uart_init.o)
 .data          0x000000000000fd5c        0x0 ../SimpleFlightController_bsp/\libucosii_bsp.a(altera_avalon_jtag_uart_ioctl.o)
 .data          0x000000000000fd5c        0x0 ../SimpleFlightController_bsp/\libucosii_bsp.a(altera_avalon_jtag_uart_read.o)
 .data          0x000000000000fd5c        0x0 ../SimpleFlightController_bsp/\libucosii_bsp.a(altera_avalon_jtag_uart_write.o)
 .data          0x000000000000fd5c        0x0 ../SimpleFlightController_bsp/\libucosii_bsp.a(altera_avalon_timer_sc.o)
 .data          0x000000000000fd5c        0x0 ../SimpleFlightController_bsp/\libucosii_bsp.a(altera_avalon_uart_fd.o)
 .data          0x000000000000fd5c        0x0 ../SimpleFlightController_bsp/\libucosii_bsp.a(altera_avalon_uart_read.o)
 .data          0x000000000000fd5c        0x0 ../SimpleFlightController_bsp/\libucosii_bsp.a(altera_avalon_uart_write.o)
 .data          0x000000000000fd5c        0x0 ../SimpleFlightController_bsp/\libucosii_bsp.a(alt_alarm_start.o)
 .data          0x000000000000fd5c        0x0 ../SimpleFlightController_bsp/\libucosii_bsp.a(alt_dcache_flush_all.o)
 .data          0x000000000000fd5c        0x0 ../SimpleFlightController_bsp/\libucosii_bsp.a(alt_dev_llist_insert.o)
 .data          0x000000000000fd5c        0x0 ../SimpleFlightController_bsp/\libucosii_bsp.a(alt_do_ctors.o)
 .data          0x000000000000fd5c        0x0 ../SimpleFlightController_bsp/\libucosii_bsp.a(alt_do_dtors.o)
 .data          0x000000000000fd5c        0x0 ../SimpleFlightController_bsp/\libucosii_bsp.a(alt_icache_flush_all.o)
 .data          0x000000000000fd5c        0x0 ../SimpleFlightController_bsp/\libucosii_bsp.a(alt_iic.o)
 .data          0x000000000000fd5c        0x0 ../SimpleFlightController_bsp/\libucosii_bsp.a(alt_iic_isr_register.o)
 .data          0x000000000000fd5c        0x0 ../SimpleFlightController_bsp/\libucosii_bsp.a(alt_io_redirect.o)
 .data          0x000000000000fd5c        0x0 ../SimpleFlightController_bsp/\libucosii_bsp.a(alt_irq_entry.o)
 .data          0x000000000000fd5c        0x0 ../SimpleFlightController_bsp/\libucosii_bsp.a(alt_irq_handler.o)
 .data          0x000000000000fd5c        0x0 ../SimpleFlightController_bsp/\libucosii_bsp.a(alt_irq_vars.o)
 .data          0x000000000000fd5c        0x0 ../SimpleFlightController_bsp/\libucosii_bsp.a(alt_open.o)
 .data          0x000000000000fd5c        0x0 ../SimpleFlightController_bsp/\libucosii_bsp.a(alt_tick.o)
 .data          0x000000000000fd5c        0x0 ../SimpleFlightController_bsp/\libucosii_bsp.a(altera_nios2_qsys_irq.o)
 .data          0x000000000000fd5c        0x0 ../SimpleFlightController_bsp/\libucosii_bsp.a(os_cpu_a.o)
 .data          0x000000000000fd5c        0x0 ../SimpleFlightController_bsp/\libucosii_bsp.a(os_cpu_c.o)
 .data          0x000000000000fd5c        0x0 ../SimpleFlightController_bsp/\libucosii_bsp.a(alt_exception_entry.o)
 .data          0x000000000000fd5c        0x0 ../SimpleFlightController_bsp/\libucosii_bsp.a(alt_find_dev.o)
 .data          0x000000000000fd5c        0x0 ../SimpleFlightController_bsp/\libucosii_bsp.a(alt_find_file.o)
 .data          0x000000000000fd5c        0x0 ../SimpleFlightController_bsp/\libucosii_bsp.a(alt_get_fd.o)
 .data          0x000000000000fd5c        0x0 ../SimpleFlightController_bsp/\libucosii_bsp.a(alt_icache_flush.o)
 .data          0x000000000000fd5c        0x0 c:/altera/14.1/nios2eds/bin/gnu/h-x86_64-mingw32/bin/../lib/gcc/nios2-elf/4.8.3/../../../../../H-x86_64-mingw32/nios2-elf/lib\libc.a(lib_a-atexit.o)
 .data          0x000000000000fd5c        0x0 c:/altera/14.1/nios2eds/bin/gnu/h-x86_64-mingw32/bin/../lib/gcc/nios2-elf/4.8.3/../../../../../H-x86_64-mingw32/nios2-elf/lib\libc.a(lib_a-exit.o)
 .data          0x000000000000fd5c        0x0 c:/altera/14.1/nios2eds/bin/gnu/h-x86_64-mingw32/bin/../lib/gcc/nios2-elf/4.8.3/../../../../../H-x86_64-mingw32/nios2-elf/lib\libc.a(lib_a-memcmp.o)
 .data          0x000000000000fd5c        0x0 c:/altera/14.1/nios2eds/bin/gnu/h-x86_64-mingw32/bin/../lib/gcc/nios2-elf/4.8.3/../../../../../H-x86_64-mingw32/nios2-elf/lib\libc.a(lib_a-__atexit.o)
 .data          0x000000000000fd5c        0x0 c:/altera/14.1/nios2eds/bin/gnu/h-x86_64-mingw32/bin/../lib/gcc/nios2-elf/4.8.3/../../../../../H-x86_64-mingw32/nios2-elf/lib\libc.a(lib_a-__call_atexit.o)
 .data          0x000000000000fd5c        0x0 c:/altera/14.1/nios2eds/bin/gnu/h-x86_64-mingw32/bin/../lib/gcc/nios2-elf/4.8.3\libgcc.a(lib2-divmod.o)
 .data          0x000000000000fd5c        0x0 ../SimpleFlightController_bsp/\libucosii_bsp.a(alt_exit.o)
                0x0000000000017d5c                _gp = ABSOLUTE ((. + 0x8000))
                0x0000000000017d5c                PROVIDE (gp, _gp)
 *(.rwdata .rwdata.*)
 *(.sdata .sdata.* .gnu.linkonce.s.*)
 .sdata         0x000000000000fd5c        0x8 c:/altera/14.1/nios2eds/bin/gnu/h-x86_64-mingw32/bin/../lib/gcc/nios2-elf/4.8.3/../../../../../H-x86_64-mingw32/nios2-elf/lib\libc.a(lib_a-impure.o)
                0x000000000000fd5c                _global_impure_ptr
                0x000000000000fd60                _impure_ptr
 .sdata         0x000000000000fd64        0x8 c:/altera/14.1/nios2eds/bin/gnu/h-x86_64-mingw32/bin/../lib/gcc/nios2-elf/4.8.3/../../../../../H-x86_64-mingw32/nios2-elf/lib\libc.a(lib_a-mallocr.o)
                0x000000000000fd64                __malloc_sbrk_base
                0x000000000000fd68                __malloc_trim_threshold
 .sdata         0x000000000000fd6c       0x14 ../SimpleFlightController_bsp/\libucosii_bsp.a(alt_dev.o)
                0x000000000000fd6c                alt_fs_list
                0x000000000000fd74                alt_dev_list
                0x000000000000fd7c                alt_max_fd
 .sdata         0x000000000000fd80        0x4 ../SimpleFlightController_bsp/\libucosii_bsp.a(alt_errno.o)
                0x000000000000fd80                alt_errno
 .sdata         0x000000000000fd84        0x4 ../SimpleFlightController_bsp/\libucosii_bsp.a(alt_sbrk.o)
 .sdata         0x000000000000fd88        0x4 ../SimpleFlightController_bsp/\libucosii_bsp.a(alt_env_lock.o)
 .sdata         0x000000000000fd8c        0x4 ../SimpleFlightController_bsp/\libucosii_bsp.a(alt_malloc_lock.o)
 .sdata         0x000000000000fd90       0x74 ../SimpleFlightController_bsp/\libucosii_bsp.a(os_dbg.o)
                0x000000000000fd90                OSDebugEn
                0x000000000000fd94                OSEndiannessTest
                0x000000000000fd98                OSEventEn
                0x000000000000fd9a                OSEventMax
                0x000000000000fd9c                OSEventNameSize
                0x000000000000fd9e                OSEventSize
                0x000000000000fda0                OSEventTblSize
                0x000000000000fda2                OSEventMultiEn
                0x000000000000fda4                OSFlagEn
                0x000000000000fda6                OSFlagGrpSize
                0x000000000000fda8                OSFlagNodeSize
                0x000000000000fdaa                OSFlagWidth
                0x000000000000fdac                OSFlagMax
                0x000000000000fdae                OSFlagNameSize
                0x000000000000fdb0                OSLowestPrio
                0x000000000000fdb2                OSMboxEn
                0x000000000000fdb4                OSMemEn
                0x000000000000fdb6                OSMemMax
                0x000000000000fdb8                OSMemNameSize
                0x000000000000fdba                OSMemSize
                0x000000000000fdbc                OSMemTblSize
                0x000000000000fdbe                OSMutexEn
                0x000000000000fdc0                OSPtrSize
                0x000000000000fdc2                OSQEn
                0x000000000000fdc4                OSQMax
                0x000000000000fdc6                OSQSize
                0x000000000000fdc8                OSRdyTblSize
                0x000000000000fdca                OSSemEn
                0x000000000000fdcc                OSStkWidth
                0x000000000000fdce                OSTaskCreateEn
                0x000000000000fdd0                OSTaskCreateExtEn
                0x000000000000fdd2                OSTaskDelEn
                0x000000000000fdd4                OSTaskIdleStkSize
                0x000000000000fdd6                OSTaskProfileEn
                0x000000000000fdd8                OSTaskMax
                0x000000000000fdda                OSTaskNameSize
                0x000000000000fddc                OSTaskStatEn
                0x000000000000fdde                OSTaskStatStkSize
                0x000000000000fde0                OSTaskStatStkChkEn
                0x000000000000fde2                OSTaskSwHookEn
                0x000000000000fde4                OSTCBPrioTblMax
                0x000000000000fde6                OSTCBSize
                0x000000000000fde8                OSTicksPerSec
                0x000000000000fdea                OSTimeTickHookEn
                0x000000000000fdec                OSVersionNbr
                0x000000000000fdee                OSTmrEn
                0x000000000000fdf0                OSTmrCfgMax
                0x000000000000fdf2                OSTmrCfgNameSize
                0x000000000000fdf4                OSTmrCfgWheelSize
                0x000000000000fdf6                OSTmrCfgTicksPerSec
                0x000000000000fdf8                OSTmrSize
                0x000000000000fdfa                OSTmrTblSize
                0x000000000000fdfc                OSTmrWheelSize
                0x000000000000fdfe                OSTmrWheelTblSize
                0x000000000000fe00                OSDataSize
 .sdata         0x000000000000fe04        0x4 ../SimpleFlightController_bsp/\libucosii_bsp.a(alt_irq_vars.o)
                0x000000000000fe04                alt_priority_mask
 .sdata         0x000000000000fe08        0x8 ../SimpleFlightController_bsp/\libucosii_bsp.a(alt_tick.o)
                0x000000000000fe08                alt_alarm_list
 *(.sdata2 .sdata2.* .gnu.linkonce.s2.*)
                0x000000000000fe10                . = ALIGN (0x4)
                0x000000000000fe10                _edata = ABSOLUTE (.)
                0x000000000000fe10                PROVIDE (edata, ABSOLUTE (.))
                0x000000000000fe10                PROVIDE (__ram_rwdata_end, ABSOLUTE (.))
                0x000000000000fe10                PROVIDE (__flash_rwdata_start, LOADADDR (.rwdata))

.bss            0x0000000000011930     0x73d8
                0x0000000000011930                __bss_start = ABSOLUTE (.)
                0x0000000000011930                PROVIDE (__sbss_start, ABSOLUTE (.))
                0x0000000000011930                PROVIDE (___sbss_start, ABSOLUTE (.))
 *(.dynsbss)
 *(.sbss .sbss.* .gnu.linkonce.sb.*)
 .sbss          0x0000000000011930        0xc c:/altera/14.1/nios2eds/bin/gnu/h-x86_64-mingw32/bin/../lib/gcc/nios2-elf/4.8.3/../../../../../H-x86_64-mingw32/nios2-elf/lib\libc.a(lib_a-mallocr.o)
                0x0000000000011930                __malloc_max_total_mem
                0x0000000000011934                __malloc_max_sbrked_mem
                0x0000000000011938                __malloc_top_pad
 .sbss          0x000000000001193c        0x4 c:/altera/14.1/nios2eds/bin/gnu/h-x86_64-mingw32/bin/../lib/gcc/nios2-elf/4.8.3/../../../../../H-x86_64-mingw32/nios2-elf/lib\libc.a(lib_a-int_errno.o)
                0x000000000001193c                errno
 .sbss          0x0000000000011940        0x4 ../SimpleFlightController_bsp/\libucosii_bsp.a(alt_dev.o)
                0x0000000000011940                alt_fd_list_lock
 .sbss          0x0000000000011944        0xc ../SimpleFlightController_bsp/\libucosii_bsp.a(alt_main.o)
                0x0000000000011944                alt_argc
                0x0000000000011948                alt_argv
                0x000000000001194c                alt_envp
 .sbss          0x0000000000011950        0x8 ../SimpleFlightController_bsp/\libucosii_bsp.a(alt_env_lock.o)
                0x0000000000011954                alt_envsem
 .sbss          0x0000000000011958        0x8 ../SimpleFlightController_bsp/\libucosii_bsp.a(alt_malloc_lock.o)
                0x000000000001195c                alt_heapsem
 .sbss          0x0000000000011960       0x50 ../SimpleFlightController_bsp/\libucosii_bsp.a(os_core.o)
                0x0000000000011960                OSLockNesting
                0x0000000000011961                OSRunning
                0x0000000000011964                OSIdleCtr
                0x0000000000011968                OSPrioHighRdy
                0x0000000000011969                OSPrioCur
                0x000000000001196c                OSTCBList
                0x0000000000011970                OSTickStepState
                0x0000000000011974                OSCtxSwCtr
                0x0000000000011978                OSIdleCtrMax
                0x000000000001197c                OSTCBFreeList
                0x0000000000011980                OSCPUUsage
                0x0000000000011981                OSTaskCtr
                0x0000000000011984                OSMemFreeList
                0x0000000000011988                OSTCBHighRdy
                0x000000000001198c                OSQFreeList
                0x0000000000011990                OSRdyGrp
                0x0000000000011991                OSRdyTbl
                0x0000000000011994                OSEventFreeList
                0x0000000000011998                OSIntNesting
                0x000000000001199c                OSTCBCur
                0x00000000000119a0                OSTime
                0x00000000000119a4                OSFlagFreeList
                0x00000000000119a8                OSStatRdy
                0x00000000000119ac                OSIdleCtrRun
 .sbss          0x00000000000119b0        0x4 ../SimpleFlightController_bsp/\libucosii_bsp.a(alt_irq_vars.o)
                0x00000000000119b0                alt_irq_active
 .sbss          0x00000000000119b4        0x8 ../SimpleFlightController_bsp/\libucosii_bsp.a(alt_tick.o)
                0x00000000000119b4                _alt_tick_rate
                0x00000000000119b8                _alt_nticks
 *(.sbss2 .sbss2.* .gnu.linkonce.sb2.*)
 *(.scommon)
                0x00000000000119bc                PROVIDE (__sbss_end, ABSOLUTE (.))
                0x00000000000119bc                PROVIDE (___sbss_end, ABSOLUTE (.))
 *(.dynbss)
 *(.bss .bss.* .gnu.linkonce.b.*)
 .bss           0x00000000000119bc        0x0 ../SimpleFlightController_bsp//obj/HAL/src/crt0.o
 .bss           0x00000000000119bc        0x0 obj/default/main.o
 .bss           0x00000000000119bc        0x0 c:/altera/14.1/nios2eds/bin/gnu/h-x86_64-mingw32/bin/../lib/gcc/nios2-elf/4.8.3/../../../../../H-x86_64-mingw32/nios2-elf/lib\libc.a(lib_a-puts.o)
 .bss           0x00000000000119bc        0x0 c:/altera/14.1/nios2eds/bin/gnu/h-x86_64-mingw32/bin/../lib/gcc/nios2-elf/4.8.3/../../../../../H-x86_64-mingw32/nios2-elf/lib\libc.a(lib_a-strlen.o)
 .bss           0x00000000000119bc        0x0 c:/altera/14.1/nios2eds/bin/gnu/h-x86_64-mingw32/bin/../lib/gcc/nios2-elf/4.8.3/../../../../../H-x86_64-mingw32/nios2-elf/lib\libc.a(lib_a-fvwrite.o)
 .bss           0x00000000000119bc        0x0 c:/altera/14.1/nios2eds/bin/gnu/h-x86_64-mingw32/bin/../lib/gcc/nios2-elf/4.8.3/../../../../../H-x86_64-mingw32/nios2-elf/lib\libc.a(lib_a-impure.o)
 .bss           0x00000000000119bc       0x28 c:/altera/14.1/nios2eds/bin/gnu/h-x86_64-mingw32/bin/../lib/gcc/nios2-elf/4.8.3/../../../../../H-x86_64-mingw32/nios2-elf/lib\libc.a(lib_a-mallocr.o)
                0x00000000000119bc                __malloc_current_mallinfo
 .bss           0x00000000000119e4        0x0 c:/altera/14.1/nios2eds/bin/gnu/h-x86_64-mingw32/bin/../lib/gcc/nios2-elf/4.8.3/../../../../../H-x86_64-mingw32/nios2-elf/lib\libc.a(lib_a-memchr.o)
 .bss           0x00000000000119e4        0x0 c:/altera/14.1/nios2eds/bin/gnu/h-x86_64-mingw32/bin/../lib/gcc/nios2-elf/4.8.3/../../../../../H-x86_64-mingw32/nios2-elf/lib\libc.a(lib_a-memcpy.o)
 .bss           0x00000000000119e4        0x0 c:/altera/14.1/nios2eds/bin/gnu/h-x86_64-mingw32/bin/../lib/gcc/nios2-elf/4.8.3/../../../../../H-x86_64-mingw32/nios2-elf/lib\libc.a(lib_a-memmove.o)
 .bss           0x00000000000119e4        0x0 c:/altera/14.1/nios2eds/bin/gnu/h-x86_64-mingw32/bin/../lib/gcc/nios2-elf/4.8.3/../../../../../H-x86_64-mingw32/nios2-elf/lib\libc.a(lib_a-reallocr.o)
 .bss           0x00000000000119e4        0x0 c:/altera/14.1/nios2eds/bin/gnu/h-x86_64-mingw32/bin/../lib/gcc/nios2-elf/4.8.3/../../../../../H-x86_64-mingw32/nios2-elf/lib\libc.a(lib_a-sbrkr.o)
 .bss           0x00000000000119e4        0x0 c:/altera/14.1/nios2eds/bin/gnu/h-x86_64-mingw32/bin/../lib/gcc/nios2-elf/4.8.3/../../../../../H-x86_64-mingw32/nios2-elf/lib\libc.a(lib_a-wsetup.o)
 .bss           0x00000000000119e4        0x0 c:/altera/14.1/nios2eds/bin/gnu/h-x86_64-mingw32/bin/../lib/gcc/nios2-elf/4.8.3/../../../../../H-x86_64-mingw32/nios2-elf/lib\libc.a(lib_a-fflush.o)
 .bss           0x00000000000119e4        0x0 c:/altera/14.1/nios2eds/bin/gnu/h-x86_64-mingw32/bin/../lib/gcc/nios2-elf/4.8.3/../../../../../H-x86_64-mingw32/nios2-elf/lib\libc.a(lib_a-findfp.o)
 .bss           0x00000000000119e4        0x0 c:/altera/14.1/nios2eds/bin/gnu/h-x86_64-mingw32/bin/../lib/gcc/nios2-elf/4.8.3/../../../../../H-x86_64-mingw32/nios2-elf/lib\libc.a(lib_a-freer.o)
 .bss           0x00000000000119e4        0x0 c:/altera/14.1/nios2eds/bin/gnu/h-x86_64-mingw32/bin/../lib/gcc/nios2-elf/4.8.3/../../../../../H-x86_64-mingw32/nios2-elf/lib\libc.a(lib_a-fwalk.o)
 .bss           0x00000000000119e4        0x0 c:/altera/14.1/nios2eds/bin/gnu/h-x86_64-mingw32/bin/../lib/gcc/nios2-elf/4.8.3/../../../../../H-x86_64-mingw32/nios2-elf/lib\libc.a(lib_a-int_errno.o)
 .bss           0x00000000000119e4        0x0 c:/altera/14.1/nios2eds/bin/gnu/h-x86_64-mingw32/bin/../lib/gcc/nios2-elf/4.8.3/../../../../../H-x86_64-mingw32/nios2-elf/lib\libc.a(lib_a-makebuf.o)
 .bss           0x00000000000119e4        0x0 c:/altera/14.1/nios2eds/bin/gnu/h-x86_64-mingw32/bin/../lib/gcc/nios2-elf/4.8.3/../../../../../H-x86_64-mingw32/nios2-elf/lib\libc.a(lib_a-memset.o)
 .bss           0x00000000000119e4        0x0 c:/altera/14.1/nios2eds/bin/gnu/h-x86_64-mingw32/bin/../lib/gcc/nios2-elf/4.8.3/../../../../../H-x86_64-mingw32/nios2-elf/lib\libc.a(lib_a-stdio.o)
 .bss           0x00000000000119e4        0x0 c:/altera/14.1/nios2eds/bin/gnu/h-x86_64-mingw32/bin/../lib/gcc/nios2-elf/4.8.3/../../../../../H-x86_64-mingw32/nios2-elf/lib\libc.a(lib_a-writer.o)
 .bss           0x00000000000119e4        0x0 c:/altera/14.1/nios2eds/bin/gnu/h-x86_64-mingw32/bin/../lib/gcc/nios2-elf/4.8.3/../../../../../H-x86_64-mingw32/nios2-elf/lib\libc.a(closer.o)
 .bss           0x00000000000119e4        0x0 c:/altera/14.1/nios2eds/bin/gnu/h-x86_64-mingw32/bin/../lib/gcc/nios2-elf/4.8.3/../../../../../H-x86_64-mingw32/nios2-elf/lib\libc.a(lib_a-fclose.o)
 .bss           0x00000000000119e4        0x0 c:/altera/14.1/nios2eds/bin/gnu/h-x86_64-mingw32/bin/../lib/gcc/nios2-elf/4.8.3/../../../../../H-x86_64-mingw32/nios2-elf/lib\libc.a(lib_a-fstatr.o)
 .bss           0x00000000000119e4        0x0 c:/altera/14.1/nios2eds/bin/gnu/h-x86_64-mingw32/bin/../lib/gcc/nios2-elf/4.8.3/../../../../../H-x86_64-mingw32/nios2-elf/lib\libc.a(lib_a-isattyr.o)
 .bss           0x00000000000119e4        0x0 c:/altera/14.1/nios2eds/bin/gnu/h-x86_64-mingw32/bin/../lib/gcc/nios2-elf/4.8.3/../../../../../H-x86_64-mingw32/nios2-elf/lib\libc.a(lib_a-lseekr.o)
 .bss           0x00000000000119e4        0x0 c:/altera/14.1/nios2eds/bin/gnu/h-x86_64-mingw32/bin/../lib/gcc/nios2-elf/4.8.3/../../../../../H-x86_64-mingw32/nios2-elf/lib\libc.a(lib_a-readr.o)
 .bss           0x00000000000119e4        0x0 ../SimpleFlightController_bsp/\libucosii_bsp.a(alt_close.o)
 .bss           0x00000000000119e4        0x0 ../SimpleFlightController_bsp/\libucosii_bsp.a(alt_dev.o)
 .bss           0x00000000000119e4        0x0 ../SimpleFlightController_bsp/\libucosii_bsp.a(alt_errno.o)
 .bss           0x00000000000119e4        0x0 ../SimpleFlightController_bsp/\libucosii_bsp.a(alt_fstat.o)
 .bss           0x00000000000119e4        0x0 ../SimpleFlightController_bsp/\libucosii_bsp.a(alt_isatty.o)
 .bss           0x00000000000119e4        0x0 ../SimpleFlightController_bsp/\libucosii_bsp.a(alt_load.o)
 .bss           0x00000000000119e4        0x0 ../SimpleFlightController_bsp/\libucosii_bsp.a(alt_lseek.o)
 .bss           0x00000000000119e4        0x0 ../SimpleFlightController_bsp/\libucosii_bsp.a(alt_main.o)
 .bss           0x00000000000119e4        0x0 ../SimpleFlightController_bsp/\libucosii_bsp.a(alt_read.o)
 .bss           0x00000000000119e4        0x0 ../SimpleFlightController_bsp/\libucosii_bsp.a(alt_release_fd.o)
 .bss           0x00000000000119e4        0x0 ../SimpleFlightController_bsp/\libucosii_bsp.a(alt_sbrk.o)
 .bss           0x00000000000119e4        0x0 ../SimpleFlightController_bsp/\libucosii_bsp.a(alt_write.o)
 .bss           0x00000000000119e4        0x0 ../SimpleFlightController_bsp/\libucosii_bsp.a(alt_env_lock.o)
 .bss           0x00000000000119e4        0x0 ../SimpleFlightController_bsp/\libucosii_bsp.a(alt_malloc_lock.o)
 .bss           0x00000000000119e4        0x0 ../SimpleFlightController_bsp/\libucosii_bsp.a(os_core.o)
 .bss           0x00000000000119e4        0x0 ../SimpleFlightController_bsp/\libucosii_bsp.a(os_dbg.o)
 .bss           0x00000000000119e4        0x0 ../SimpleFlightController_bsp/\libucosii_bsp.a(os_flag.o)
 .bss           0x00000000000119e4        0x0 ../SimpleFlightController_bsp/\libucosii_bsp.a(os_mem.o)
 .bss           0x00000000000119e4        0x0 ../SimpleFlightController_bsp/\libucosii_bsp.a(os_q.o)
 .bss           0x00000000000119e4        0x0 ../SimpleFlightController_bsp/\libucosii_bsp.a(os_sem.o)
 .bss           0x00000000000119e4        0x0 ../SimpleFlightController_bsp/\libucosii_bsp.a(os_task.o)
 .bss           0x00000000000119e4        0x0 ../SimpleFlightController_bsp/\libucosii_bsp.a(os_time.o)
 .bss           0x00000000000119e4        0x0 ../SimpleFlightController_bsp/\libucosii_bsp.a(alt_sys_init.o)
 .bss           0x00000000000119e4        0x0 ../SimpleFlightController_bsp/\libucosii_bsp.a(altera_avalon_jtag_uart_fd.o)
 .bss           0x00000000000119e4        0x0 ../SimpleFlightController_bsp/\libucosii_bsp.a(altera_avalon_jtag_uart_init.o)
 .bss           0x00000000000119e4        0x0 ../SimpleFlightController_bsp/\libucosii_bsp.a(altera_avalon_jtag_uart_ioctl.o)
 .bss           0x00000000000119e4        0x0 ../SimpleFlightController_bsp/\libucosii_bsp.a(altera_avalon_jtag_uart_read.o)
 .bss           0x00000000000119e4        0x0 ../SimpleFlightController_bsp/\libucosii_bsp.a(altera_avalon_jtag_uart_write.o)
 .bss           0x00000000000119e4        0x0 ../SimpleFlightController_bsp/\libucosii_bsp.a(altera_avalon_timer_sc.o)
 .bss           0x00000000000119e4        0x0 ../SimpleFlightController_bsp/\libucosii_bsp.a(altera_avalon_uart_fd.o)
 .bss           0x00000000000119e4        0x0 ../SimpleFlightController_bsp/\libucosii_bsp.a(altera_avalon_uart_read.o)
 .bss           0x00000000000119e4        0x0 ../SimpleFlightController_bsp/\libucosii_bsp.a(altera_avalon_uart_write.o)
 .bss           0x00000000000119e4        0x0 ../SimpleFlightController_bsp/\libucosii_bsp.a(alt_alarm_start.o)
 .bss           0x00000000000119e4        0x0 ../SimpleFlightController_bsp/\libucosii_bsp.a(alt_dcache_flush_all.o)
 .bss           0x00000000000119e4        0x0 ../SimpleFlightController_bsp/\libucosii_bsp.a(alt_dev_llist_insert.o)
 .bss           0x00000000000119e4        0x0 ../SimpleFlightController_bsp/\libucosii_bsp.a(alt_do_ctors.o)
 .bss           0x00000000000119e4        0x0 ../SimpleFlightController_bsp/\libucosii_bsp.a(alt_do_dtors.o)
 .bss           0x00000000000119e4        0x0 ../SimpleFlightController_bsp/\libucosii_bsp.a(alt_icache_flush_all.o)
 .bss           0x00000000000119e4        0x0 ../SimpleFlightController_bsp/\libucosii_bsp.a(alt_iic.o)
 .bss           0x00000000000119e4        0x0 ../SimpleFlightController_bsp/\libucosii_bsp.a(alt_iic_isr_register.o)
 .bss           0x00000000000119e4        0x0 ../SimpleFlightController_bsp/\libucosii_bsp.a(alt_io_redirect.o)
 .bss           0x00000000000119e4        0x0 ../SimpleFlightController_bsp/\libucosii_bsp.a(alt_irq_entry.o)
 .bss           0x00000000000119e4        0x0 ../SimpleFlightController_bsp/\libucosii_bsp.a(alt_irq_handler.o)
 .bss           0x00000000000119e4        0x0 ../SimpleFlightController_bsp/\libucosii_bsp.a(alt_irq_vars.o)
 .bss           0x00000000000119e4        0x0 ../SimpleFlightController_bsp/\libucosii_bsp.a(alt_open.o)
 .bss           0x00000000000119e4        0x0 ../SimpleFlightController_bsp/\libucosii_bsp.a(alt_tick.o)
 .bss           0x00000000000119e4        0x0 ../SimpleFlightController_bsp/\libucosii_bsp.a(altera_nios2_qsys_irq.o)
 .bss           0x00000000000119e4        0x0 ../SimpleFlightController_bsp/\libucosii_bsp.a(os_cpu_a.o)
 .bss           0x00000000000119e4        0x0 ../SimpleFlightController_bsp/\libucosii_bsp.a(os_cpu_c.o)
 .bss           0x00000000000119e4        0x0 ../SimpleFlightController_bsp/\libucosii_bsp.a(alt_exception_entry.o)
 .bss           0x00000000000119e4        0x0 ../SimpleFlightController_bsp/\libucosii_bsp.a(alt_find_dev.o)
 .bss           0x00000000000119e4        0x0 ../SimpleFlightController_bsp/\libucosii_bsp.a(alt_find_file.o)
 .bss           0x00000000000119e4        0x0 ../SimpleFlightController_bsp/\libucosii_bsp.a(alt_get_fd.o)
 .bss           0x00000000000119e4        0x0 ../SimpleFlightController_bsp/\libucosii_bsp.a(alt_icache_flush.o)
 .bss           0x00000000000119e4        0x0 c:/altera/14.1/nios2eds/bin/gnu/h-x86_64-mingw32/bin/../lib/gcc/nios2-elf/4.8.3/../../../../../H-x86_64-mingw32/nios2-elf/lib\libc.a(lib_a-atexit.o)
 .bss           0x00000000000119e4        0x0 c:/altera/14.1/nios2eds/bin/gnu/h-x86_64-mingw32/bin/../lib/gcc/nios2-elf/4.8.3/../../../../../H-x86_64-mingw32/nios2-elf/lib\libc.a(lib_a-exit.o)
 .bss           0x00000000000119e4        0x0 c:/altera/14.1/nios2eds/bin/gnu/h-x86_64-mingw32/bin/../lib/gcc/nios2-elf/4.8.3/../../../../../H-x86_64-mingw32/nios2-elf/lib\libc.a(lib_a-memcmp.o)
 .bss           0x00000000000119e4        0x0 c:/altera/14.1/nios2eds/bin/gnu/h-x86_64-mingw32/bin/../lib/gcc/nios2-elf/4.8.3/../../../../../H-x86_64-mingw32/nios2-elf/lib\libc.a(lib_a-__atexit.o)
 .bss           0x00000000000119e4        0x0 c:/altera/14.1/nios2eds/bin/gnu/h-x86_64-mingw32/bin/../lib/gcc/nios2-elf/4.8.3/../../../../../H-x86_64-mingw32/nios2-elf/lib\libc.a(lib_a-__call_atexit.o)
 .bss           0x00000000000119e4        0x0 c:/altera/14.1/nios2eds/bin/gnu/h-x86_64-mingw32/bin/../lib/gcc/nios2-elf/4.8.3\libgcc.a(lib2-divmod.o)
 .bss           0x00000000000119e4        0x0 ../SimpleFlightController_bsp/\libucosii_bsp.a(alt_exit.o)
 *(COMMON)
 COMMON         0x00000000000119e4     0x4000 obj/default/main.o
                0x00000000000119e4                task1_stk
                0x00000000000139e4                task2_stk
 COMMON         0x00000000000159e4     0x3224 ../SimpleFlightController_bsp/\libucosii_bsp.a(os_core.o)
                0x00000000000159e4                OSFlagTbl
                0x0000000000015d54                OSMemTbl
                0x0000000000016984                OSTaskStatStk
                0x0000000000017184                OSQTbl
                0x0000000000017364                OSTaskIdleStk
                0x0000000000017b64                OSEventTbl
                0x00000000000186a4                OSTCBTbl
                0x0000000000018bb4                OSTCBPrioTbl
 COMMON         0x0000000000018c08      0x100 ../SimpleFlightController_bsp/\libucosii_bsp.a(alt_irq_handler.o)
                0x0000000000018c08                alt_irq
                0x0000000000018d08                . = ALIGN (0x4)
                0x0000000000018d08                __bss_end = ABSOLUTE (.)

.sdram          0x0000000000018d08        0x0
                0x0000000000018d08                PROVIDE (_alt_partition_sdram_start, ABSOLUTE (.))
 *(.sdram .sdram. sdram.*)
                0x0000000000018d08                . = ALIGN (0x4)
                0x0000000000018d08                PROVIDE (_alt_partition_sdram_end, ABSOLUTE (.))
                0x0000000000018d08                _end = ABSOLUTE (.)
                0x0000000000018d08                end = ABSOLUTE (.)
                0x0000000000018d08                __alt_stack_base = ABSOLUTE (.)
                0x0000000000018d08                PROVIDE (_alt_partition_sdram_load_addr, LOADADDR (.sdram))

.stab
 *(.stab)

.stabstr
 *(.stabstr)

.stab.excl
 *(.stab.excl)

.stab.exclstr
 *(.stab.exclstr)

.stab.index
 *(.stab.index)

.stab.indexstr
 *(.stab.indexstr)

.comment        0x0000000000000000       0x39
 *(.comment)
 .comment       0x0000000000000000       0x39 obj/default/main.o
                                         0x3a (size before relaxing)
 .comment       0x0000000000000000       0x3a c:/altera/14.1/nios2eds/bin/gnu/h-x86_64-mingw32/bin/../lib/gcc/nios2-elf/4.8.3/../../../../../H-x86_64-mingw32/nios2-elf/lib\libc.a(lib_a-puts.o)
 .comment       0x0000000000000000       0x3a c:/altera/14.1/nios2eds/bin/gnu/h-x86_64-mingw32/bin/../lib/gcc/nios2-elf/4.8.3/../../../../../H-x86_64-mingw32/nios2-elf/lib\libc.a(lib_a-strlen.o)
 .comment       0x0000000000000000       0x3a c:/altera/14.1/nios2eds/bin/gnu/h-x86_64-mingw32/bin/../lib/gcc/nios2-elf/4.8.3/../../../../../H-x86_64-mingw32/nios2-elf/lib\libc.a(lib_a-fvwrite.o)
 .comment       0x0000000000000000       0x3a c:/altera/14.1/nios2eds/bin/gnu/h-x86_64-mingw32/bin/../lib/gcc/nios2-elf/4.8.3/../../../../../H-x86_64-mingw32/nios2-elf/lib\libc.a(lib_a-impure.o)
 .comment       0x0000000000000000       0x3a c:/altera/14.1/nios2eds/bin/gnu/h-x86_64-mingw32/bin/../lib/gcc/nios2-elf/4.8.3/../../../../../H-x86_64-mingw32/nios2-elf/lib\libc.a(lib_a-mallocr.o)
 .comment       0x0000000000000000       0x3a c:/altera/14.1/nios2eds/bin/gnu/h-x86_64-mingw32/bin/../lib/gcc/nios2-elf/4.8.3/../../../../../H-x86_64-mingw32/nios2-elf/lib\libc.a(lib_a-memchr.o)
 .comment       0x0000000000000000       0x3a c:/altera/14.1/nios2eds/bin/gnu/h-x86_64-mingw32/bin/../lib/gcc/nios2-elf/4.8.3/../../../../../H-x86_64-mingw32/nios2-elf/lib\libc.a(lib_a-memcpy.o)
 .comment       0x0000000000000000       0x3a c:/altera/14.1/nios2eds/bin/gnu/h-x86_64-mingw32/bin/../lib/gcc/nios2-elf/4.8.3/../../../../../H-x86_64-mingw32/nios2-elf/lib\libc.a(lib_a-memmove.o)
 .comment       0x0000000000000000       0x3a c:/altera/14.1/nios2eds/bin/gnu/h-x86_64-mingw32/bin/../lib/gcc/nios2-elf/4.8.3/../../../../../H-x86_64-mingw32/nios2-elf/lib\libc.a(lib_a-reallocr.o)
 .comment       0x0000000000000000       0x3a c:/altera/14.1/nios2eds/bin/gnu/h-x86_64-mingw32/bin/../lib/gcc/nios2-elf/4.8.3/../../../../../H-x86_64-mingw32/nios2-elf/lib\libc.a(lib_a-sbrkr.o)
 .comment       0x0000000000000000       0x3a c:/altera/14.1/nios2eds/bin/gnu/h-x86_64-mingw32/bin/../lib/gcc/nios2-elf/4.8.3/../../../../../H-x86_64-mingw32/nios2-elf/lib\libc.a(lib_a-wsetup.o)
 .comment       0x0000000000000000       0x3a c:/altera/14.1/nios2eds/bin/gnu/h-x86_64-mingw32/bin/../lib/gcc/nios2-elf/4.8.3/../../../../../H-x86_64-mingw32/nios2-elf/lib\libc.a(lib_a-fflush.o)
 .comment       0x0000000000000000       0x3a c:/altera/14.1/nios2eds/bin/gnu/h-x86_64-mingw32/bin/../lib/gcc/nios2-elf/4.8.3/../../../../../H-x86_64-mingw32/nios2-elf/lib\libc.a(lib_a-findfp.o)
 .comment       0x0000000000000000       0x3a c:/altera/14.1/nios2eds/bin/gnu/h-x86_64-mingw32/bin/../lib/gcc/nios2-elf/4.8.3/../../../../../H-x86_64-mingw32/nios2-elf/lib\libc.a(lib_a-freer.o)
 .comment       0x0000000000000000       0x3a c:/altera/14.1/nios2eds/bin/gnu/h-x86_64-mingw32/bin/../lib/gcc/nios2-elf/4.8.3/../../../../../H-x86_64-mingw32/nios2-elf/lib\libc.a(lib_a-fwalk.o)
 .comment       0x0000000000000000       0x3a c:/altera/14.1/nios2eds/bin/gnu/h-x86_64-mingw32/bin/../lib/gcc/nios2-elf/4.8.3/../../../../../H-x86_64-mingw32/nios2-elf/lib\libc.a(lib_a-int_errno.o)
 .comment       0x0000000000000000       0x3a c:/altera/14.1/nios2eds/bin/gnu/h-x86_64-mingw32/bin/../lib/gcc/nios2-elf/4.8.3/../../../../../H-x86_64-mingw32/nios2-elf/lib\libc.a(lib_a-makebuf.o)
 .comment       0x0000000000000000       0x3a c:/altera/14.1/nios2eds/bin/gnu/h-x86_64-mingw32/bin/../lib/gcc/nios2-elf/4.8.3/../../../../../H-x86_64-mingw32/nios2-elf/lib\libc.a(lib_a-memset.o)
 .comment       0x0000000000000000       0x3a c:/altera/14.1/nios2eds/bin/gnu/h-x86_64-mingw32/bin/../lib/gcc/nios2-elf/4.8.3/../../../../../H-x86_64-mingw32/nios2-elf/lib\libc.a(lib_a-stdio.o)
 .comment       0x0000000000000000       0x3a c:/altera/14.1/nios2eds/bin/gnu/h-x86_64-mingw32/bin/../lib/gcc/nios2-elf/4.8.3/../../../../../H-x86_64-mingw32/nios2-elf/lib\libc.a(lib_a-writer.o)
 .comment       0x0000000000000000       0x3a c:/altera/14.1/nios2eds/bin/gnu/h-x86_64-mingw32/bin/../lib/gcc/nios2-elf/4.8.3/../../../../../H-x86_64-mingw32/nios2-elf/lib\libc.a(closer.o)
 .comment       0x0000000000000000       0x3a c:/altera/14.1/nios2eds/bin/gnu/h-x86_64-mingw32/bin/../lib/gcc/nios2-elf/4.8.3/../../../../../H-x86_64-mingw32/nios2-elf/lib\libc.a(lib_a-fclose.o)
 .comment       0x0000000000000000       0x3a c:/altera/14.1/nios2eds/bin/gnu/h-x86_64-mingw32/bin/../lib/gcc/nios2-elf/4.8.3/../../../../../H-x86_64-mingw32/nios2-elf/lib\libc.a(lib_a-fstatr.o)
 .comment       0x0000000000000000       0x3a c:/altera/14.1/nios2eds/bin/gnu/h-x86_64-mingw32/bin/../lib/gcc/nios2-elf/4.8.3/../../../../../H-x86_64-mingw32/nios2-elf/lib\libc.a(lib_a-isattyr.o)
 .comment       0x0000000000000000       0x3a c:/altera/14.1/nios2eds/bin/gnu/h-x86_64-mingw32/bin/../lib/gcc/nios2-elf/4.8.3/../../../../../H-x86_64-mingw32/nios2-elf/lib\libc.a(lib_a-lseekr.o)
 .comment       0x0000000000000000       0x3a c:/altera/14.1/nios2eds/bin/gnu/h-x86_64-mingw32/bin/../lib/gcc/nios2-elf/4.8.3/../../../../../H-x86_64-mingw32/nios2-elf/lib\libc.a(lib_a-readr.o)
 .comment       0x0000000000000000       0x3a ../SimpleFlightController_bsp/\libucosii_bsp.a(alt_close.o)
 .comment       0x0000000000000000       0x3a ../SimpleFlightController_bsp/\libucosii_bsp.a(alt_dev.o)
 .comment       0x0000000000000000       0x3a ../SimpleFlightController_bsp/\libucosii_bsp.a(alt_errno.o)
 .comment       0x0000000000000000       0x3a ../SimpleFlightController_bsp/\libucosii_bsp.a(alt_fstat.o)
 .comment       0x0000000000000000       0x3a ../SimpleFlightController_bsp/\libucosii_bsp.a(alt_isatty.o)
 .comment       0x0000000000000000       0x3a ../SimpleFlightController_bsp/\libucosii_bsp.a(alt_load.o)
 .comment       0x0000000000000000       0x3a ../SimpleFlightController_bsp/\libucosii_bsp.a(alt_lseek.o)
 .comment       0x0000000000000000       0x3a ../SimpleFlightController_bsp/\libucosii_bsp.a(alt_main.o)
 .comment       0x0000000000000000       0x3a ../SimpleFlightController_bsp/\libucosii_bsp.a(alt_read.o)
 .comment       0x0000000000000000       0x3a ../SimpleFlightController_bsp/\libucosii_bsp.a(alt_release_fd.o)
 .comment       0x0000000000000000       0x3a ../SimpleFlightController_bsp/\libucosii_bsp.a(alt_sbrk.o)
 .comment       0x0000000000000000       0x3a ../SimpleFlightController_bsp/\libucosii_bsp.a(alt_write.o)
 .comment       0x0000000000000000       0x3a ../SimpleFlightController_bsp/\libucosii_bsp.a(alt_env_lock.o)
 .comment       0x0000000000000000       0x3a ../SimpleFlightController_bsp/\libucosii_bsp.a(alt_malloc_lock.o)
 .comment       0x0000000000000000       0x3a ../SimpleFlightController_bsp/\libucosii_bsp.a(os_core.o)
 .comment       0x0000000000000000       0x3a ../SimpleFlightController_bsp/\libucosii_bsp.a(os_dbg.o)
 .comment       0x0000000000000000       0x3a ../SimpleFlightController_bsp/\libucosii_bsp.a(os_flag.o)
 .comment       0x0000000000000000       0x3a ../SimpleFlightController_bsp/\libucosii_bsp.a(os_mem.o)
 .comment       0x0000000000000000       0x3a ../SimpleFlightController_bsp/\libucosii_bsp.a(os_q.o)
 .comment       0x0000000000000000       0x3a ../SimpleFlightController_bsp/\libucosii_bsp.a(os_sem.o)
 .comment       0x0000000000000000       0x3a ../SimpleFlightController_bsp/\libucosii_bsp.a(os_task.o)
 .comment       0x0000000000000000       0x3a ../SimpleFlightController_bsp/\libucosii_bsp.a(os_time.o)
 .comment       0x0000000000000000       0x3a ../SimpleFlightController_bsp/\libucosii_bsp.a(alt_sys_init.o)
 .comment       0x0000000000000000       0x3a ../SimpleFlightController_bsp/\libucosii_bsp.a(altera_avalon_jtag_uart_fd.o)
 .comment       0x0000000000000000       0x3a ../SimpleFlightController_bsp/\libucosii_bsp.a(altera_avalon_jtag_uart_init.o)
 .comment       0x0000000000000000       0x3a ../SimpleFlightController_bsp/\libucosii_bsp.a(altera_avalon_jtag_uart_ioctl.o)
 .comment       0x0000000000000000       0x3a ../SimpleFlightController_bsp/\libucosii_bsp.a(altera_avalon_jtag_uart_read.o)
 .comment       0x0000000000000000       0x3a ../SimpleFlightController_bsp/\libucosii_bsp.a(altera_avalon_jtag_uart_write.o)
 .comment       0x0000000000000000       0x3a ../SimpleFlightController_bsp/\libucosii_bsp.a(altera_avalon_timer_sc.o)
 .comment       0x0000000000000000       0x3a ../SimpleFlightController_bsp/\libucosii_bsp.a(altera_avalon_uart_fd.o)
 .comment       0x0000000000000000       0x3a ../SimpleFlightController_bsp/\libucosii_bsp.a(altera_avalon_uart_read.o)
 .comment       0x0000000000000000       0x3a ../SimpleFlightController_bsp/\libucosii_bsp.a(altera_avalon_uart_write.o)
 .comment       0x0000000000000000       0x3a ../SimpleFlightController_bsp/\libucosii_bsp.a(alt_alarm_start.o)
 .comment       0x0000000000000000       0x3a ../SimpleFlightController_bsp/\libucosii_bsp.a(alt_dcache_flush_all.o)
 .comment       0x0000000000000000       0x3a ../SimpleFlightController_bsp/\libucosii_bsp.a(alt_dev_llist_insert.o)
 .comment       0x0000000000000000       0x3a ../SimpleFlightController_bsp/\libucosii_bsp.a(alt_do_ctors.o)
 .comment       0x0000000000000000       0x3a ../SimpleFlightController_bsp/\libucosii_bsp.a(alt_do_dtors.o)
 .comment       0x0000000000000000       0x3a ../SimpleFlightController_bsp/\libucosii_bsp.a(alt_icache_flush_all.o)
 .comment       0x0000000000000000       0x3a ../SimpleFlightController_bsp/\libucosii_bsp.a(alt_iic.o)
 .comment       0x0000000000000000       0x3a ../SimpleFlightController_bsp/\libucosii_bsp.a(alt_iic_isr_register.o)
 .comment       0x0000000000000000       0x3a ../SimpleFlightController_bsp/\libucosii_bsp.a(alt_io_redirect.o)
 .comment       0x0000000000000000       0x3a ../SimpleFlightController_bsp/\libucosii_bsp.a(alt_irq_handler.o)
 .comment       0x0000000000000000       0x3a ../SimpleFlightController_bsp/\libucosii_bsp.a(alt_irq_vars.o)
 .comment       0x0000000000000000       0x3a ../SimpleFlightController_bsp/\libucosii_bsp.a(alt_open.o)
 .comment       0x0000000000000000       0x3a ../SimpleFlightController_bsp/\libucosii_bsp.a(alt_tick.o)
 .comment       0x0000000000000000       0x3a ../SimpleFlightController_bsp/\libucosii_bsp.a(altera_nios2_qsys_irq.o)
 .comment       0x0000000000000000       0x3a ../SimpleFlightController_bsp/\libucosii_bsp.a(os_cpu_c.o)
 .comment       0x0000000000000000       0x3a ../SimpleFlightController_bsp/\libucosii_bsp.a(alt_find_dev.o)
 .comment       0x0000000000000000       0x3a ../SimpleFlightController_bsp/\libucosii_bsp.a(alt_find_file.o)
 .comment       0x0000000000000000       0x3a ../SimpleFlightController_bsp/\libucosii_bsp.a(alt_get_fd.o)
 .comment       0x0000000000000000       0x3a ../SimpleFlightController_bsp/\libucosii_bsp.a(alt_icache_flush.o)
 .comment       0x0000000000000000       0x3a c:/altera/14.1/nios2eds/bin/gnu/h-x86_64-mingw32/bin/../lib/gcc/nios2-elf/4.8.3/../../../../../H-x86_64-mingw32/nios2-elf/lib\libc.a(lib_a-atexit.o)
 .comment       0x0000000000000000       0x3a c:/altera/14.1/nios2eds/bin/gnu/h-x86_64-mingw32/bin/../lib/gcc/nios2-elf/4.8.3/../../../../../H-x86_64-mingw32/nios2-elf/lib\libc.a(lib_a-exit.o)
 .comment       0x0000000000000000       0x3a c:/altera/14.1/nios2eds/bin/gnu/h-x86_64-mingw32/bin/../lib/gcc/nios2-elf/4.8.3/../../../../../H-x86_64-mingw32/nios2-elf/lib\libc.a(lib_a-memcmp.o)
 .comment       0x0000000000000000       0x3a c:/altera/14.1/nios2eds/bin/gnu/h-x86_64-mingw32/bin/../lib/gcc/nios2-elf/4.8.3/../../../../../H-x86_64-mingw32/nios2-elf/lib\libc.a(lib_a-__atexit.o)
 .comment       0x0000000000000000       0x3a c:/altera/14.1/nios2eds/bin/gnu/h-x86_64-mingw32/bin/../lib/gcc/nios2-elf/4.8.3/../../../../../H-x86_64-mingw32/nios2-elf/lib\libc.a(lib_a-__call_atexit.o)
 .comment       0x0000000000000000       0x3a c:/altera/14.1/nios2eds/bin/gnu/h-x86_64-mingw32/bin/../lib/gcc/nios2-elf/4.8.3\libgcc.a(lib2-divmod.o)
 .comment       0x0000000000000000       0x3a ../SimpleFlightController_bsp/\libucosii_bsp.a(alt_exit.o)

.debug
 *(.debug)

.line
 *(.line)

.debug_srcinfo
 *(.debug_srcinfo)

.debug_sfnames
 *(.debug_sfnames)

.debug_aranges  0x0000000000000000      0xb30
 *(.debug_aranges)
 .debug_aranges
                0x0000000000000000       0x28 ../SimpleFlightController_bsp//obj/HAL/src/crt0.o
 .debug_aranges
                0x0000000000000028       0x20 obj/default/main.o
 .debug_aranges
                0x0000000000000048       0x20 c:/altera/14.1/nios2eds/bin/gnu/h-x86_64-mingw32/bin/../lib/gcc/nios2-elf/4.8.3/../../../../../H-x86_64-mingw32/nios2-elf/lib\libc.a(lib_a-puts.o)
 .debug_aranges
                0x0000000000000068       0x20 c:/altera/14.1/nios2eds/bin/gnu/h-x86_64-mingw32/bin/../lib/gcc/nios2-elf/4.8.3/../../../../../H-x86_64-mingw32/nios2-elf/lib\libc.a(lib_a-strlen.o)
 .debug_aranges
                0x0000000000000088       0x20 c:/altera/14.1/nios2eds/bin/gnu/h-x86_64-mingw32/bin/../lib/gcc/nios2-elf/4.8.3/../../../../../H-x86_64-mingw32/nios2-elf/lib\libc.a(lib_a-fvwrite.o)
 .debug_aranges
                0x00000000000000a8       0x18 c:/altera/14.1/nios2eds/bin/gnu/h-x86_64-mingw32/bin/../lib/gcc/nios2-elf/4.8.3/../../../../../H-x86_64-mingw32/nios2-elf/lib\libc.a(lib_a-impure.o)
 .debug_aranges
                0x00000000000000c0       0x20 c:/altera/14.1/nios2eds/bin/gnu/h-x86_64-mingw32/bin/../lib/gcc/nios2-elf/4.8.3/../../../../../H-x86_64-mingw32/nios2-elf/lib\libc.a(lib_a-mallocr.o)
 .debug_aranges
                0x00000000000000e0       0x20 c:/altera/14.1/nios2eds/bin/gnu/h-x86_64-mingw32/bin/../lib/gcc/nios2-elf/4.8.3/../../../../../H-x86_64-mingw32/nios2-elf/lib\libc.a(lib_a-memchr.o)
 .debug_aranges
                0x0000000000000100       0x20 c:/altera/14.1/nios2eds/bin/gnu/h-x86_64-mingw32/bin/../lib/gcc/nios2-elf/4.8.3/../../../../../H-x86_64-mingw32/nios2-elf/lib\libc.a(lib_a-memcpy.o)
 .debug_aranges
                0x0000000000000120       0x20 c:/altera/14.1/nios2eds/bin/gnu/h-x86_64-mingw32/bin/../lib/gcc/nios2-elf/4.8.3/../../../../../H-x86_64-mingw32/nios2-elf/lib\libc.a(lib_a-memmove.o)
 .debug_aranges
                0x0000000000000140       0x20 c:/altera/14.1/nios2eds/bin/gnu/h-x86_64-mingw32/bin/../lib/gcc/nios2-elf/4.8.3/../../../../../H-x86_64-mingw32/nios2-elf/lib\libc.a(lib_a-reallocr.o)
 .debug_aranges
                0x0000000000000160       0x20 c:/altera/14.1/nios2eds/bin/gnu/h-x86_64-mingw32/bin/../lib/gcc/nios2-elf/4.8.3/../../../../../H-x86_64-mingw32/nios2-elf/lib\libc.a(lib_a-sbrkr.o)
 .debug_aranges
                0x0000000000000180       0x20 c:/altera/14.1/nios2eds/bin/gnu/h-x86_64-mingw32/bin/../lib/gcc/nios2-elf/4.8.3/../../../../../H-x86_64-mingw32/nios2-elf/lib\libc.a(lib_a-wsetup.o)
 .debug_aranges
                0x00000000000001a0       0x20 c:/altera/14.1/nios2eds/bin/gnu/h-x86_64-mingw32/bin/../lib/gcc/nios2-elf/4.8.3/../../../../../H-x86_64-mingw32/nios2-elf/lib\libc.a(lib_a-fflush.o)
 .debug_aranges
                0x00000000000001c0       0x20 c:/altera/14.1/nios2eds/bin/gnu/h-x86_64-mingw32/bin/../lib/gcc/nios2-elf/4.8.3/../../../../../H-x86_64-mingw32/nios2-elf/lib\libc.a(lib_a-findfp.o)
 .debug_aranges
                0x00000000000001e0       0x20 c:/altera/14.1/nios2eds/bin/gnu/h-x86_64-mingw32/bin/../lib/gcc/nios2-elf/4.8.3/../../../../../H-x86_64-mingw32/nios2-elf/lib\libc.a(lib_a-freer.o)
 .debug_aranges
                0x0000000000000200       0x20 c:/altera/14.1/nios2eds/bin/gnu/h-x86_64-mingw32/bin/../lib/gcc/nios2-elf/4.8.3/../../../../../H-x86_64-mingw32/nios2-elf/lib\libc.a(lib_a-fwalk.o)
 .debug_aranges
                0x0000000000000220       0x18 c:/altera/14.1/nios2eds/bin/gnu/h-x86_64-mingw32/bin/../lib/gcc/nios2-elf/4.8.3/../../../../../H-x86_64-mingw32/nios2-elf/lib\libc.a(lib_a-int_errno.o)
 .debug_aranges
                0x0000000000000238       0x20 c:/altera/14.1/nios2eds/bin/gnu/h-x86_64-mingw32/bin/../lib/gcc/nios2-elf/4.8.3/../../../../../H-x86_64-mingw32/nios2-elf/lib\libc.a(lib_a-makebuf.o)
 .debug_aranges
                0x0000000000000258       0x20 c:/altera/14.1/nios2eds/bin/gnu/h-x86_64-mingw32/bin/../lib/gcc/nios2-elf/4.8.3/../../../../../H-x86_64-mingw32/nios2-elf/lib\libc.a(lib_a-memset.o)
 .debug_aranges
                0x0000000000000278       0x20 c:/altera/14.1/nios2eds/bin/gnu/h-x86_64-mingw32/bin/../lib/gcc/nios2-elf/4.8.3/../../../../../H-x86_64-mingw32/nios2-elf/lib\libc.a(lib_a-stdio.o)
 .debug_aranges
                0x0000000000000298       0x20 c:/altera/14.1/nios2eds/bin/gnu/h-x86_64-mingw32/bin/../lib/gcc/nios2-elf/4.8.3/../../../../../H-x86_64-mingw32/nios2-elf/lib\libc.a(lib_a-writer.o)
 .debug_aranges
                0x00000000000002b8       0x20 c:/altera/14.1/nios2eds/bin/gnu/h-x86_64-mingw32/bin/../lib/gcc/nios2-elf/4.8.3/../../../../../H-x86_64-mingw32/nios2-elf/lib\libc.a(closer.o)
 .debug_aranges
                0x00000000000002d8       0x20 c:/altera/14.1/nios2eds/bin/gnu/h-x86_64-mingw32/bin/../lib/gcc/nios2-elf/4.8.3/../../../../../H-x86_64-mingw32/nios2-elf/lib\libc.a(lib_a-fclose.o)
 .debug_aranges
                0x00000000000002f8       0x20 c:/altera/14.1/nios2eds/bin/gnu/h-x86_64-mingw32/bin/../lib/gcc/nios2-elf/4.8.3/../../../../../H-x86_64-mingw32/nios2-elf/lib\libc.a(lib_a-fstatr.o)
 .debug_aranges
                0x0000000000000318       0x20 c:/altera/14.1/nios2eds/bin/gnu/h-x86_64-mingw32/bin/../lib/gcc/nios2-elf/4.8.3/../../../../../H-x86_64-mingw32/nios2-elf/lib\libc.a(lib_a-isattyr.o)
 .debug_aranges
                0x0000000000000338       0x20 c:/altera/14.1/nios2eds/bin/gnu/h-x86_64-mingw32/bin/../lib/gcc/nios2-elf/4.8.3/../../../../../H-x86_64-mingw32/nios2-elf/lib\libc.a(lib_a-lseekr.o)
 .debug_aranges
                0x0000000000000358       0x20 c:/altera/14.1/nios2eds/bin/gnu/h-x86_64-mingw32/bin/../lib/gcc/nios2-elf/4.8.3/../../../../../H-x86_64-mingw32/nios2-elf/lib\libc.a(lib_a-readr.o)
 .debug_aranges
                0x0000000000000378       0x20 ../SimpleFlightController_bsp/\libucosii_bsp.a(alt_close.o)
 .debug_aranges
                0x0000000000000398       0x20 ../SimpleFlightController_bsp/\libucosii_bsp.a(alt_dev.o)
 .debug_aranges
                0x00000000000003b8       0x18 ../SimpleFlightController_bsp/\libucosii_bsp.a(alt_errno.o)
 .debug_aranges
                0x00000000000003d0       0x20 ../SimpleFlightController_bsp/\libucosii_bsp.a(alt_fstat.o)
 .debug_aranges
                0x00000000000003f0       0x20 ../SimpleFlightController_bsp/\libucosii_bsp.a(alt_isatty.o)
 .debug_aranges
                0x0000000000000410       0x20 ../SimpleFlightController_bsp/\libucosii_bsp.a(alt_load.o)
 .debug_aranges
                0x0000000000000430       0x20 ../SimpleFlightController_bsp/\libucosii_bsp.a(alt_lseek.o)
 .debug_aranges
                0x0000000000000450       0x20 ../SimpleFlightController_bsp/\libucosii_bsp.a(alt_main.o)
 .debug_aranges
                0x0000000000000470       0x20 ../SimpleFlightController_bsp/\libucosii_bsp.a(alt_read.o)
 .debug_aranges
                0x0000000000000490       0x20 ../SimpleFlightController_bsp/\libucosii_bsp.a(alt_release_fd.o)
 .debug_aranges
                0x00000000000004b0       0x20 ../SimpleFlightController_bsp/\libucosii_bsp.a(alt_sbrk.o)
 .debug_aranges
                0x00000000000004d0       0x20 ../SimpleFlightController_bsp/\libucosii_bsp.a(alt_write.o)
 .debug_aranges
                0x00000000000004f0       0x20 ../SimpleFlightController_bsp/\libucosii_bsp.a(alt_env_lock.o)
 .debug_aranges
                0x0000000000000510       0x20 ../SimpleFlightController_bsp/\libucosii_bsp.a(alt_malloc_lock.o)
 .debug_aranges
                0x0000000000000530       0x20 ../SimpleFlightController_bsp/\libucosii_bsp.a(os_core.o)
 .debug_aranges
                0x0000000000000550       0x20 ../SimpleFlightController_bsp/\libucosii_bsp.a(os_dbg.o)
 .debug_aranges
                0x0000000000000570       0x20 ../SimpleFlightController_bsp/\libucosii_bsp.a(os_flag.o)
 .debug_aranges
                0x0000000000000590       0x20 ../SimpleFlightController_bsp/\libucosii_bsp.a(os_mem.o)
 .debug_aranges
                0x00000000000005b0       0x20 ../SimpleFlightController_bsp/\libucosii_bsp.a(os_q.o)
 .debug_aranges
                0x00000000000005d0       0x20 ../SimpleFlightController_bsp/\libucosii_bsp.a(os_sem.o)
 .debug_aranges
                0x00000000000005f0       0x20 ../SimpleFlightController_bsp/\libucosii_bsp.a(os_task.o)
 .debug_aranges
                0x0000000000000610       0x20 ../SimpleFlightController_bsp/\libucosii_bsp.a(os_time.o)
 .debug_aranges
                0x0000000000000630       0x20 ../SimpleFlightController_bsp/\libucosii_bsp.a(alt_sys_init.o)
 .debug_aranges
                0x0000000000000650       0x20 ../SimpleFlightController_bsp/\libucosii_bsp.a(altera_avalon_jtag_uart_fd.o)
 .debug_aranges
                0x0000000000000670       0x20 ../SimpleFlightController_bsp/\libucosii_bsp.a(altera_avalon_jtag_uart_init.o)
 .debug_aranges
                0x0000000000000690       0x20 ../SimpleFlightController_bsp/\libucosii_bsp.a(altera_avalon_jtag_uart_ioctl.o)
 .debug_aranges
                0x00000000000006b0       0x20 ../SimpleFlightController_bsp/\libucosii_bsp.a(altera_avalon_jtag_uart_read.o)
 .debug_aranges
                0x00000000000006d0       0x20 ../SimpleFlightController_bsp/\libucosii_bsp.a(altera_avalon_jtag_uart_write.o)
 .debug_aranges
                0x00000000000006f0       0x20 ../SimpleFlightController_bsp/\libucosii_bsp.a(altera_avalon_timer_sc.o)
 .debug_aranges
                0x0000000000000710       0x20 ../SimpleFlightController_bsp/\libucosii_bsp.a(altera_avalon_uart_fd.o)
 .debug_aranges
                0x0000000000000730       0x20 ../SimpleFlightController_bsp/\libucosii_bsp.a(altera_avalon_uart_read.o)
 .debug_aranges
                0x0000000000000750       0x20 ../SimpleFlightController_bsp/\libucosii_bsp.a(altera_avalon_uart_write.o)
 .debug_aranges
                0x0000000000000770       0x20 ../SimpleFlightController_bsp/\libucosii_bsp.a(alt_alarm_start.o)
 .debug_aranges
                0x0000000000000790       0x20 ../SimpleFlightController_bsp/\libucosii_bsp.a(alt_dcache_flush_all.o)
 .debug_aranges
                0x00000000000007b0       0x20 ../SimpleFlightController_bsp/\libucosii_bsp.a(alt_dev_llist_insert.o)
 .debug_aranges
                0x00000000000007d0       0x20 ../SimpleFlightController_bsp/\libucosii_bsp.a(alt_do_ctors.o)
 .debug_aranges
                0x00000000000007f0       0x20 ../SimpleFlightController_bsp/\libucosii_bsp.a(alt_do_dtors.o)
 .debug_aranges
                0x0000000000000810       0x20 ../SimpleFlightController_bsp/\libucosii_bsp.a(alt_icache_flush_all.o)
 .debug_aranges
                0x0000000000000830       0x20 ../SimpleFlightController_bsp/\libucosii_bsp.a(alt_iic.o)
 .debug_aranges
                0x0000000000000850       0x20 ../SimpleFlightController_bsp/\libucosii_bsp.a(alt_iic_isr_register.o)
 .debug_aranges