Archive member included because of file (symbol)

c:/altera/13.1/nios2eds/bin/gnu/h-i686-mingw32/bin/../lib/gcc/nios2-elf/4.7.3/../../../../../H-i686-mingw32/nios2-elf/lib\libc.a(lib_a-puts.o)
                              obj/default/hello_ucosii.o (puts)
c:/altera/13.1/nios2eds/bin/gnu/h-i686-mingw32/bin/../lib/gcc/nios2-elf/4.7.3/../../../../../H-i686-mingw32/nios2-elf/lib\libc.a(lib_a-strlen.o)
                              c:/altera/13.1/nios2eds/bin/gnu/h-i686-mingw32/bin/../lib/gcc/nios2-elf/4.7.3/../../../../../H-i686-mingw32/nios2-elf/lib\libc.a(lib_a-puts.o) (strlen)
c:/altera/13.1/nios2eds/bin/gnu/h-i686-mingw32/bin/../lib/gcc/nios2-elf/4.7.3/../../../../../H-i686-mingw32/nios2-elf/lib\libc.a(lib_a-fvwrite.o)
                              c:/altera/13.1/nios2eds/bin/gnu/h-i686-mingw32/bin/../lib/gcc/nios2-elf/4.7.3/../../../../../H-i686-mingw32/nios2-elf/lib\libc.a(lib_a-puts.o) (__sfvwrite_r)
c:/altera/13.1/nios2eds/bin/gnu/h-i686-mingw32/bin/../lib/gcc/nios2-elf/4.7.3/../../../../../H-i686-mingw32/nios2-elf/lib\libc.a(lib_a-impure.o)
                              c:/altera/13.1/nios2eds/bin/gnu/h-i686-mingw32/bin/../lib/gcc/nios2-elf/4.7.3/../../../../../H-i686-mingw32/nios2-elf/lib\libc.a(lib_a-puts.o) (_impure_ptr)
c:/altera/13.1/nios2eds/bin/gnu/h-i686-mingw32/bin/../lib/gcc/nios2-elf/4.7.3/../../../../../H-i686-mingw32/nios2-elf/lib\libc.a(lib_a-mallocr.o)
                              c:/altera/13.1/nios2eds/bin/gnu/h-i686-mingw32/bin/../lib/gcc/nios2-elf/4.7.3/../../../../../H-i686-mingw32/nios2-elf/lib\libc.a(lib_a-fvwrite.o) (_malloc_r)
c:/altera/13.1/nios2eds/bin/gnu/h-i686-mingw32/bin/../lib/gcc/nios2-elf/4.7.3/../../../../../H-i686-mingw32/nios2-elf/lib\libc.a(lib_a-memchr.o)
                              c:/altera/13.1/nios2eds/bin/gnu/h-i686-mingw32/bin/../lib/gcc/nios2-elf/4.7.3/../../../../../H-i686-mingw32/nios2-elf/lib\libc.a(lib_a-fvwrite.o) (memchr)
c:/altera/13.1/nios2eds/bin/gnu/h-i686-mingw32/bin/../lib/gcc/nios2-elf/4.7.3/../../../../../H-i686-mingw32/nios2-elf/lib\libc.a(lib_a-memcpy.o)
                              c:/altera/13.1/nios2eds/bin/gnu/h-i686-mingw32/bin/../lib/gcc/nios2-elf/4.7.3/../../../../../H-i686-mingw32/nios2-elf/lib\libc.a(lib_a-fvwrite.o) (memcpy)
c:/altera/13.1/nios2eds/bin/gnu/h-i686-mingw32/bin/../lib/gcc/nios2-elf/4.7.3/../../../../../H-i686-mingw32/nios2-elf/lib\libc.a(lib_a-memmove.o)
                              c:/altera/13.1/nios2eds/bin/gnu/h-i686-mingw32/bin/../lib/gcc/nios2-elf/4.7.3/../../../../../H-i686-mingw32/nios2-elf/lib\libc.a(lib_a-fvwrite.o) (memmove)
c:/altera/13.1/nios2eds/bin/gnu/h-i686-mingw32/bin/../lib/gcc/nios2-elf/4.7.3/../../../../../H-i686-mingw32/nios2-elf/lib\libc.a(lib_a-reallocr.o)
                              c:/altera/13.1/nios2eds/bin/gnu/h-i686-mingw32/bin/../lib/gcc/nios2-elf/4.7.3/../../../../../H-i686-mingw32/nios2-elf/lib\libc.a(lib_a-fvwrite.o) (_realloc_r)
c:/altera/13.1/nios2eds/bin/gnu/h-i686-mingw32/bin/../lib/gcc/nios2-elf/4.7.3/../../../../../H-i686-mingw32/nios2-elf/lib\libc.a(lib_a-sbrkr.o)
                              c:/altera/13.1/nios2eds/bin/gnu/h-i686-mingw32/bin/../lib/gcc/nios2-elf/4.7.3/../../../../../H-i686-mingw32/nios2-elf/lib\libc.a(lib_a-mallocr.o) (_sbrk_r)
c:/altera/13.1/nios2eds/bin/gnu/h-i686-mingw32/bin/../lib/gcc/nios2-elf/4.7.3/../../../../../H-i686-mingw32/nios2-elf/lib\libc.a(lib_a-wsetup.o)
                              c:/altera/13.1/nios2eds/bin/gnu/h-i686-mingw32/bin/../lib/gcc/nios2-elf/4.7.3/../../../../../H-i686-mingw32/nios2-elf/lib\libc.a(lib_a-fvwrite.o) (__swsetup_r)
c:/altera/13.1/nios2eds/bin/gnu/h-i686-mingw32/bin/../lib/gcc/nios2-elf/4.7.3/../../../../../H-i686-mingw32/nios2-elf/lib\libc.a(lib_a-fflush.o)
                              c:/altera/13.1/nios2eds/bin/gnu/h-i686-mingw32/bin/../lib/gcc/nios2-elf/4.7.3/../../../../../H-i686-mingw32/nios2-elf/lib\libc.a(lib_a-fvwrite.o) (_fflush_r)
c:/altera/13.1/nios2eds/bin/gnu/h-i686-mingw32/bin/../lib/gcc/nios2-elf/4.7.3/../../../../../H-i686-mingw32/nios2-elf/lib\libc.a(lib_a-findfp.o)
                              c:/altera/13.1/nios2eds/bin/gnu/h-i686-mingw32/bin/../lib/gcc/nios2-elf/4.7.3/../../../../../H-i686-mingw32/nios2-elf/lib\libc.a(lib_a-wsetup.o) (__sinit)
c:/altera/13.1/nios2eds/bin/gnu/h-i686-mingw32/bin/../lib/gcc/nios2-elf/4.7.3/../../../../../H-i686-mingw32/nios2-elf/lib\libc.a(lib_a-freer.o)
                              c:/altera/13.1/nios2eds/bin/gnu/h-i686-mingw32/bin/../lib/gcc/nios2-elf/4.7.3/../../../../../H-i686-mingw32/nios2-elf/lib\libc.a(lib_a-fvwrite.o) (_free_r)
c:/altera/13.1/nios2eds/bin/gnu/h-i686-mingw32/bin/../lib/gcc/nios2-elf/4.7.3/../../../../../H-i686-mingw32/nios2-elf/lib\libc.a(lib_a-fwalk.o)
                              c:/altera/13.1/nios2eds/bin/gnu/h-i686-mingw32/bin/../lib/gcc/nios2-elf/4.7.3/../../../../../H-i686-mingw32/nios2-elf/lib\libc.a(lib_a-findfp.o) (_fwalk)
[...]
Memory Configuration

Name             Origin             Length             Attributes
reset            0x00000000         0x00000020
onchip_sram      0x00000020         0x00057fe0
*default*        0x00000000         0xffffffff

Linker script and memory map

LOAD ../UcosiiBSP_for_cpu_s1//obj/HAL/src/crt0.o
LOAD obj/default/hello_ucosii.o
LOAD c:/altera/13.1/nios2eds/bin/gnu/h-i686-mingw32/bin/../lib/gcc/nios2-elf/4.7.3/../../../../../H-i686-mingw32/nios2-elf/lib\libstdc++.a
LOAD c:/altera/13.1/nios2eds/bin/gnu/h-i686-mingw32/bin/../lib/gcc/nios2-elf/4.7.3/../../../../../H-i686-mingw32/nios2-elf/lib\libm.a
LOAD c:/altera/13.1/nios2eds/bin/gnu/h-i686-mingw32/bin/../lib/gcc/nios2-elf/4.7.3\libgcc.a
START GROUP
LOAD c:/altera/13.1/nios2eds/bin/gnu/h-i686-mingw32/bin/../lib/gcc/nios2-elf/4.7.3/../../../../../H-i686-mingw32/nios2-elf/lib\libc.a
LOAD c:/altera/13.1/nios2eds/bin/gnu/h-i686-mingw32/bin/../lib/gcc/nios2-elf/4.7.3\libgcc.a
LOAD ../UcosiiBSP_for_cpu_s1/\libucosii_bsp.a
END GROUP
LOAD c:/altera/13.1/nios2eds/bin/gnu/h-i686-mingw32/bin/../lib/gcc/nios2-elf/4.7.3\libgcc.a
                0x00000000                __alt_mem_onchip_sram = 0x0

.entry          0x00000000       0x20
 *(.entry)
 .entry         0x00000000       0x20 ../UcosiiBSP_for_cpu_s1//obj/HAL/src/crt0.o
                0x00000000                __reset

.exceptions     0x00000020      0x1a0
                0x00000020                PROVIDE (__ram_exceptions_start, ABSOLUTE (.))
                0x00000020                . = ALIGN (0x20)
 *(.irq)
 *(.exceptions.entry.label)
 .exceptions.entry.label
                0x00000020        0x0 ../UcosiiBSP_for_cpu_s1/\libucosii_bsp.a(alt_irq_entry.o)
                0x00000020                alt_irq_entry
 .exceptions.entry.label
                0x00000020        0x0 ../UcosiiBSP_for_cpu_s1/\libucosii_bsp.a(alt_exception_entry.o)
                0x00000020                alt_exception
 *(.exceptions.entry.user)
 *(.exceptions.entry.ecc_fatal)
 *(.exceptions.entry)
 .exceptions.entry
                0x00000020       0x54 ../UcosiiBSP_for_cpu_s1/\libucosii_bsp.a(alt_exception_entry.o)
 *(.exceptions.irqtest.user)
 *(.exceptions.irqtest)
 .exceptions.irqtest
                0x00000074       0x10 ../UcosiiBSP_for_cpu_s1/\libucosii_bsp.a(alt_irq_entry.o)
 *(.exceptions.irqhandler.user)
 *(.exceptions.irqhandler)
 .exceptions.irqhandler
                0x00000084        0x4 ../UcosiiBSP_for_cpu_s1/\libucosii_bsp.a(alt_irq_entry.o)
 *(.exceptions.irqreturn.user)
 *(.exceptions.irqreturn)
 .exceptions.irqreturn
                0x00000088        0x4 ../UcosiiBSP_for_cpu_s1/\libucosii_bsp.a(alt_irq_entry.o)
 *(.exceptions.notirq.label)
 .exceptions.notirq.label
                0x0000008c        0x0 ../UcosiiBSP_for_cpu_s1/\libucosii_bsp.a(alt_irq_entry.o)
 *(.exceptions.notirq.user)
 *(.exceptions.notirq)
 .exceptions.notirq
                0x0000008c        0x8 ../UcosiiBSP_for_cpu_s1/\libucosii_bsp.a(alt_exception_entry.o)
 *(.exceptions.soft.user)
 *(.exceptions.soft)
 *(.exceptions.unknown.user)
 *(.exceptions.unknown)
 .exceptions.unknown
                0x00000094        0x4 ../UcosiiBSP_for_cpu_s1/\libucosii_bsp.a(alt_exception_entry.o)
 *(.exceptions.exit.label)
 .exceptions.exit.label
                0x00000098        0x0 ../UcosiiBSP_for_cpu_s1/\libucosii_bsp.a(alt_irq_entry.o)
 .exceptions.exit.label
                0x00000098        0x0 ../UcosiiBSP_for_cpu_s1/\libucosii_bsp.a(alt_exception_entry.o)
 *(.exceptions.exit.user)
 *(.exceptions.exit)
 .exceptions.exit
                0x00000098       0x54 ../UcosiiBSP_for_cpu_s1/\libucosii_bsp.a(alt_exception_entry.o)
 *(.exceptions)
 .exceptions    0x000000ec       0xd4 ../UcosiiBSP_for_cpu_s1/\libucosii_bsp.a(alt_irq_handler.o)
                0x000000ec                alt_irq_handler
                0x000001c0                PROVIDE (__ram_exceptions_end, ABSOLUTE (.))
                0x00000020                PROVIDE (__flash_exceptions_start, LOADADDR (.exceptions))

.text           0x000001c0     0xed64
                0x000001c0                PROVIDE (stext, ABSOLUTE (.))
 *(.interp)
 *(.hash)
 *(.dynsym)
 *(.dynstr)
 *(.gnu.version)
 *(.gnu.version_d)
 *(.gnu.version_r)
 *(.rel.init)
 *(.rela.init)
 *(.rel.text .rel.text.* .rel.gnu.linkonce.t.*)
 *(.rela.text .rela.text.* .rela.gnu.linkonce.t.*)
 *(.rel.fini)
 *(.rela.fini)
 *(.rel.rodata .rel.rodata.* .rel.gnu.linkonce.r.*)
 *(.rela.rodata .rela.rodata.* .rela.gnu.linkonce.r.*)
 *(.rel.data .rel.data.* .rel.gnu.linkonce.d.*)
 *(.rela.data .rela.data.* .rela.gnu.linkonce.d.*)
 *(.rel.tdata .rel.tdata.* .rel.gnu.linkonce.td.*)
 *(.rela.tdata .rela.tdata.* .rela.gnu.linkonce.td.*)
 *(.rel.tbss .rel.tbss.* .rel.gnu.linkonce.tb.*)
 *(.rela.tbss .rela.tbss.* .rela.gnu.linkonce.tb.*)
 *(.rel.ctors)
 *(.rela.ctors)
 *(.rel.dtors)
 *(.rela.dtors)
 *(.rel.got)
 *(.rela.got)
 *(.rel.sdata .rel.sdata.* .rel.gnu.linkonce.s.*)
 *(.rela.sdata .rela.sdata.* .rela.gnu.linkonce.s.*)
 *(.rel.sbss .rel.sbss.* .rel.gnu.linkonce.sb.*)
 *(.rela.sbss .rela.sbss.* .rela.gnu.linkonce.sb.*)
 *(.rel.sdata2 .rel.sdata2.* .rel.gnu.linkonce.s2.*)
 *(.rela.sdata2 .rela.sdata2.* .rela.gnu.linkonce.s2.*)
 *(.rel.sbss2 .rel.sbss2.* .rel.gnu.linkonce.sb2.*)
 *(.rela.sbss2 .rela.sbss2.* .rela.gnu.linkonce.sb2.*)
 *(.rel.bss .rel.bss.* .rel.gnu.linkonce.b.*)
 *(.rela.bss .rela.bss.* .rela.gnu.linkonce.b.*)
 *(.rel.plt)
 *(.rela.plt)
 *(.rel.dyn)
 *(.init)
 *(.plt)
 *(.text .stub .text.* .gnu.linkonce.t.*)
 .text          0x000001c0       0x3c ../UcosiiBSP_for_cpu_s1//obj/HAL/src/crt0.o
                0x000001c0                _start
 .text          0x000001fc      0x11c obj/default/hello_ucosii.o
                0x000001fc                task1
                0x00000234                task2
                0x0000026c                main
 .text          0x00000318       0x98 c:/altera/13.1/nios2eds/bin/gnu/h-i686-mingw32/bin/../lib/gcc/nios2-elf/4.7.3/../../../../../H-i686-mingw32/nios2-elf/lib\libc.a(lib_a-puts.o)
                0x00000318                _puts_r
                0x0000039c                puts
 .text          0x000003b0       0x8c c:/altera/13.1/nios2eds/bin/gnu/h-i686-mingw32/bin/../lib/gcc/nios2-elf/4.7.3/../../../../../H-i686-mingw32/nios2-elf/lib\libc.a(lib_a-strlen.o)
                0x000003b0                strlen
 .text          0x0000043c      0x4e4 c:/altera/13.1/nios2eds/bin/gnu/h-i686-mingw32/bin/../lib/gcc/nios2-elf/4.7.3/../../../../../H-i686-mingw32/nios2-elf/lib\libc.a(lib_a-fvwrite.o)
                0x0000043c                __sfvwrite_r
 .text          0x00000920        0x0 c:/altera/13.1/nios2eds/bin/gnu/h-i686-mingw32/bin/../lib/gcc/nios2-elf/4.7.3/../../../../../H-i686-mingw32/nios2-elf/lib\libc.a(lib_a-impure.o)
 .text          0x00000920      0x784 c:/altera/13.1/nios2eds/bin/gnu/h-i686-mingw32/bin/../lib/gcc/nios2-elf/4.7.3/../../../../../H-i686-mingw32/nios2-elf/lib\libc.a(lib_a-mallocr.o)
                0x00000920                _malloc_r
 .text          0x000010a4       0xf8 c:/altera/13.1/nios2eds/bin/gnu/h-i686-mingw32/bin/../lib/gcc/nios2-elf/4.7.3/../../../../../H-i686-mingw32/nios2-elf/lib\libc.a(lib_a-memchr.o)
                0x000010a4                memchr
 .text          0x0000119c       0xf8 c:/altera/13.1/nios2eds/bin/gnu/h-i686-mingw32/bin/../lib/gcc/nios2-elf/4.7.3/../../../../../H-i686-mingw32/nios2-elf/lib\libc.a(lib_a-memcpy.o)
                0x0000119c                memcpy
 .text          0x00001294      0x128 c:/altera/13.1/nios2eds/bin/gnu/h-i686-mingw32/bin/../lib/gcc/nios2-elf/4.7.3/../../../../../H-i686-mingw32/nios2-elf/lib\libc.a(lib_a-memmove.o)
                0x00001294                memmove
 .text          0x000013bc      0x5fc c:/altera/13.1/nios2eds/bin/gnu/h-i686-mingw32/bin/../lib/gcc/nios2-elf/4.7.3/../../../../../H-i686-mingw32/nios2-elf/lib\libc.a(lib_a-reallocr.o)
                0x000013bc                _realloc_r
 .text          0x000019b8       0x64 c:/altera/13.1/nios2eds/bin/gnu/h-i686-mingw32/bin/../lib/gcc/nios2-elf/4.7.3/../../../../../H-i686-mingw32/nios2-elf/lib\libc.a(lib_a-sbrkr.o)
                0x000019b8                _sbrk_r
 .text          0x00001a1c      0x174 c:/altera/13.1/nios2eds/bin/gnu/h-i686-mingw32/bin/../lib/gcc/nios2-elf/4.7.3/../../../../../H-i686-mingw32/nios2-elf/lib\libc.a(lib_a-wsetup.o)
                0x00001a1c                __swsetup_r
 .text          0x00001b90      0x218 c:/altera/13.1/nios2eds/bin/gnu/h-i686-mingw32/bin/../lib/gcc/nios2-elf/4.7.3/../../../../../H-i686-mingw32/nios2-elf/lib\libc.a(lib_a-fflush.o)
                0x00001b90                _fflush_r
                0x00001d78                fflush
 .text          0x00001da8      0x2d8 c:/altera/13.1/nios2eds/bin/gnu/h-i686-mingw32/bin/../lib/gcc/nios2-elf/4.7.3/../../../../../H-i686-mingw32/nios2-elf/lib\libc.a(lib_a-findfp.o)
                0x00001db8                _cleanup_r
                0x00001dc4                __sfmoreglue
                0x00001e28                _cleanup
                0x00001e38                __sinit
                0x00001f44                __sfp
                0x00002040                __sfp_lock_acquire
                0x00002044                __sfp_lock_release
                0x00002048                __sinit_lock_acquire
                0x0000204c                __sinit_lock_release
                0x00002050                __fp_lock_all
                0x00002068                __fp_unlock_all
 .text          0x00002080      0x40c c:/altera/13.1/nios2eds/bin/gnu/h-i686-mingw32/bin/../lib/gcc/nios2-elf/4.7.3/../../../../../H-i686-mingw32/nios2-elf/lib\libc.a(lib_a-freer.o)
                0x00002080                _malloc_trim_r
                0x000021bc                _free_r
 .text          0x0000248c      0x160 c:/altera/13.1/nios2eds/bin/gnu/h-i686-mingw32/bin/../lib/gcc/nios2-elf/4.7.3/../../../../../H-i686-mingw32/nios2-elf/lib\libc.a(lib_a-fwalk.o)
                0x0000248c                _fwalk
                0x00002534                _fwalk_reent
 .text          0x000025ec        0x0 c:/altera/13.1/nios2eds/bin/gnu/h-i686-mingw32/bin/../lib/gcc/nios2-elf/4.7.3/../../../../../H-i686-mingw32/nios2-elf/lib\libc.a(lib_a-int_errno.o)
 .text          0x000025ec      0x1a8 c:/altera/13.1/nios2eds/bin/gnu/h-i686-mingw32/bin/../lib/gcc/nios2-elf/4.7.3/../../../../../H-i686-mingw32/nios2-elf/lib\libc.a(lib_a-makebuf.o)
                0x000025ec                __smakebuf_r
 .text          0x00002794       0xdc c:/altera/13.1/nios2eds/bin/gnu/h-i686-mingw32/bin/../lib/gcc/nios2-elf/4.7.3/../../../../../H-i686-mingw32/nios2-elf/lib\libc.a(lib_a-memset.o)
                0x00002794                memset
 .text          0x00002870      0x140 c:/altera/13.1/nios2eds/bin/gnu/h-i686-mingw32/bin/../lib/gcc/nios2-elf/4.7.3/../../../../../H-i686-mingw32/nios2-elf/lib\libc.a(lib_a-stdio.o)
                0x00002870                __sread
                0x000028c4                __swrite
                0x0000294c                __sseek
                0x000029a8                __sclose
 .text          0x000029b0       0x6c c:/altera/13.1/nios2eds/bin/gnu/h-i686-mingw32/bin/../lib/gcc/nios2-elf/4.7.3/../../../../../H-i686-mingw32/nios2-elf/lib\libc.a(lib_a-writer.o)
                0x000029b0                _write_r
 .text          0x00002a1c       0x64 c:/altera/13.1/nios2eds/bin/gnu/h-i686-mingw32/bin/../lib/gcc/nios2-elf/4.7.3/../../../../../H-i686-mingw32/nios2-elf/lib\libc.a(lib_a-closer.o)
                0x00002a1c                _close_r
 .text          0x00002a80      0x150 c:/altera/13.1/nios2eds/bin/gnu/h-i686-mingw32/bin/../lib/gcc/nios2-elf/4.7.3/../../../../../H-i686-mingw32/nios2-elf/lib\libc.a(lib_a-fclose.o)
                0x00002a80                _fclose_r
                0x00002bbc                fclose
 .text          0x00002bd0       0x68 c:/altera/13.1/nios2eds/bin/gnu/h-i686-mingw32/bin/../lib/gcc/nios2-elf/4.7.3/../../../../../H-i686-mingw32/nios2-elf/lib\libc.a(lib_a-fstatr.o)
                0x00002bd0                _fstat_r
 .text          0x00002c38       0x64 c:/altera/13.1/nios2eds/bin/gnu/h-i686-mingw32/bin/../lib/gcc/nios2-elf/4.7.3/../../../../../H-i686-mingw32/nios2-elf/lib\libc.a(lib_a-isattyr.o)
                0x00002c38                _isatty_r
 .text          0x00002c9c       0x6c c:/altera/13.1/nios2eds/bin/gnu/h-i686-mingw32/bin/../lib/gcc/nios2-elf/4.7.3/../../../../../H-i686-mingw32/nios2-elf/lib\libc.a(lib_a-lseekr.o)
                0x00002c9c                _lseek_r
 .text          0x00002d08       0x6c c:/altera/13.1/nios2eds/bin/gnu/h-i686-mingw32/bin/../lib/gcc/nios2-elf/4.7.3/../../../../../H-i686-mingw32/nios2-elf/lib\libc.a(lib_a-readr.o)
                0x00002d08                _read_r
 .text          0x00002d74      0x118 ../UcosiiBSP_for_cpu_s1/\libucosii_bsp.a(alt_close.o)
                0x00002dc4                close
 .text          0x00002e8c       0x2c ../UcosiiBSP_for_cpu_s1/\libucosii_bsp.a(alt_dev.o)
 .text          0x00002eb8        0x0 ../UcosiiBSP_for_cpu_s1/\libucosii_bsp.a(alt_errno.o)
 .text          0x00002eb8       0xfc ../UcosiiBSP_for_cpu_s1/\libucosii_bsp.a(alt_fstat.o)
                0x00002f08                fstat
 .text          0x00002fb4       0xf0 ../UcosiiBSP_for_cpu_s1/\libucosii_bsp.a(alt_isatty.o)
                0x00003004                isatty
 .text          0x000030a4       0xec ../UcosiiBSP_for_cpu_s1/\libucosii_bsp.a(alt_load.o)
                0x00003110                alt_load
 .text          0x00003190      0x120 ../UcosiiBSP_for_cpu_s1/\libucosii_bsp.a(alt_lseek.o)
                0x000031e0                lseek
 .text          0x000032b0       0xcc ../UcosiiBSP_for_cpu_s1/\libucosii_bsp.a(alt_main.o)
                0x000032b0                alt_main
 .text          0x0000337c      0x140 ../UcosiiBSP_for_cpu_s1/\libucosii_bsp.a(alt_read.o)
                0x000033cc                read
 .text          0x000034bc       0x60 ../UcosiiBSP_for_cpu_s1/\libucosii_bsp.a(alt_release_fd.o)
                0x000034bc                alt_release_fd
 .text          0x0000351c       0xb0 ../UcosiiBSP_for_cpu_s1/\libucosii_bsp.a(alt_sbrk.o)
                0x0000351c                sbrk
 .text          0x000035cc      0x13c ../UcosiiBSP_for_cpu_s1/\libucosii_bsp.a(alt_write.o)
                0x0000361c                write
 .text          0x00003708      0x118 ../UcosiiBSP_for_cpu_s1/\libucosii_bsp.a(alt_env_lock.o)
                0x00003708                __env_lock
                0x000037c0                __env_unlock
 .text          0x00003820      0x1e8 ../UcosiiBSP_for_cpu_s1/\libucosii_bsp.a(alt_malloc_lock.o)
                0x00003820                __malloc_lock
                0x00003934                __malloc_unlock
 .text          0x00003a08     0x2024 ../UcosiiBSP_for_cpu_s1/\libucosii_bsp.a(os_core.o)
                0x00003a08                OSEventNameGet
                0x00003b28                OSEventNameSet
                0x00003c6c                OSEventPendMulti
                0x000042a8                OSInit
                0x000042fc                OSIntEnter
                0x00004378                OSIntExit
                0x0000446c                OSSchedLock
                0x000044f4                OSSchedUnlock
                0x000045cc                OSStart
                0x00004638                OSStatInit
                0x000046e4                OSTimeTick
                0x00004904                OSVersion
                0x00004924                OS_Dummy
                0x00004940                OS_EventTaskRdy
                0x00004ad8                OS_EventTaskWait
                0x00004be0                OS_EventTaskWaitMulti
                0x00004d28                OS_EventTaskRemove
                0x00004dd8                OS_EventTaskRemoveMulti
                0x00004ed0                OS_EventWaitListInit
                0x0000529c                OS_MemClr
                0x000052f0                OS_MemCopy
                0x0000535c                OS_Sched
                0x00005498                OS_StrCopy
                0x00005514                OS_StrLen
                0x00005568                OS_TaskIdle
                0x000055c4                OS_TaskStat
                0x0000568c                OS_TaskStatStkChk
                0x00005754                OS_TCBInit
 .text          0x00005a2c      0x18c ../UcosiiBSP_for_cpu_s1/\libucosii_bsp.a(os_dbg.o)
                0x00005a2c                OSDebugInit
 .text          0x00005bb8     0x1834 ../UcosiiBSP_for_cpu_s1/\libucosii_bsp.a(os_flag.o)
                0x00005bb8                OSFlagAccept
                0x00005ec0                OSFlagCreate
                0x00005fe8                OSFlagDel
                0x00006258                OSFlagNameGet
                0x00006388                OSFlagNameSet
                0x000064dc                OSFlagPend
                0x00006adc                OSFlagPendGetFlagsRdy
                0x00006b44                OSFlagPost
                0x00006ed8                OSFlagQuery
                0x0000715c                OS_FlagInit
                0x0000734c                OS_FlagUnlink
 .text          0x000073ec      0x788 ../UcosiiBSP_for_cpu_s1/\libucosii_bsp.a(os_mem.o)
                0x000073ec                OSMemCreate
                0x000075e0                OSMemGet
                0x000076d0                OSMemNameGet
                0x000077c8                OSMemNameSet
                0x000078e4                OSMemPut
                0x000079bc                OSMemQuery
                0x00007aa4                OS_MemInit
 .text          0x00007b74     0x1224 ../UcosiiBSP_for_cpu_s1/\libucosii_bsp.a(os_q.o)
                0x00007b74                OSQAccept
                0x00007cb4                OSQCreate
                0x00007eac                OSQDel
                0x0000817c                OSQFlush
                0x00008234                OSQPend
                0x00008530                OSQPendAbort
                0x000086a4                OSQPost
                0x0000880c                OSQPostFront
                0x0000897c                OSQPostOpt
                0x00008b88                OSQQuery
                0x00008cec                OS_QInit
 .text          0x00008d98      0xb28 ../UcosiiBSP_for_cpu_s1/\libucosii_bsp.a(os_sem.o)
                0x00008d98                OSSemAccept
                0x00008e48                OSSemCreate
                0x00008f48                OSSemDel
                0x000091b8                OSSemPend
                0x00009424                OSSemPendAbort
                0x00009598                OSSemPost
                0x000096a8                OSSemQuery
                0x000097c0                OSSemSet
 .text          0x000098c0     0x18ec ../UcosiiBSP_for_cpu_s1/\libucosii_bsp.a(os_task.o)
                0x000098c0                OSTaskChangePrio
                0x00009de8                OSTaskCreate
                0x00009fa4                OSTaskCreateExt
                0x0000a198                OSTaskDel
                0x0000a574                OSTaskDelReq
                0x0000a6cc                OSTaskNameGet
                0x0000a874                OSTaskNameSet
                0x0000aa38                OSTaskResume
                0x0000ac2c                OSTaskStkChk
                0x0000ae00                OSTaskSuspend
                0x0000b010                OSTaskQuery
                0x0000b13c                OS_TaskStkClr
 .text          0x0000b1ac      0x62c ../UcosiiBSP_for_cpu_s1/\libucosii_bsp.a(os_time.o)
                0x0000b1ac                OSTimeDly
                0x0000b2f4                OSTimeDlyHMSM
                0x0000b524                OSTimeDlyResume
                0x0000b710                OSTimeGet
                0x0000b774                OSTimeSet
 .text          0x0000b7d8       0xc4 ../UcosiiBSP_for_cpu_s1/\libucosii_bsp.a(alt_sys_init.o)
                0x0000b810                alt_irq_init
                0x0000b844                alt_sys_init
 .text          0x0000b89c      0x164 ../UcosiiBSP_for_cpu_s1/\libucosii_bsp.a(altera_avalon_jtag_uart_fd.o)
                0x0000b89c                altera_avalon_jtag_uart_read_fd
                0x0000b8fc                altera_avalon_jtag_uart_write_fd
                0x0000b95c                altera_avalon_jtag_uart_close_fd
                0x0000b9ac                altera_avalon_jtag_uart_ioctl_fd
 .text          0x0000ba00      0x554 ../UcosiiBSP_for_cpu_s1/\libucosii_bsp.a(altera_avalon_jtag_uart_init.o)
                0x0000ba00                altera_avalon_jtag_uart_init
                0x0000beec                altera_avalon_jtag_uart_close
 .text          0x0000bf54       0xf4 ../UcosiiBSP_for_cpu_s1/\libucosii_bsp.a(altera_avalon_jtag_uart_ioctl.o)
                0x0000bf54                altera_avalon_jtag_uart_ioctl
 .text          0x0000c048      0x2c4 ../UcosiiBSP_for_cpu_s1/\libucosii_bsp.a(altera_avalon_jtag_uart_read.o)
                0x0000c048                altera_avalon_jtag_uart_read
 .text          0x0000c30c      0x2d0 ../UcosiiBSP_for_cpu_s1/\libucosii_bsp.a(altera_avalon_jtag_uart_write.o)
                0x0000c30c                altera_avalon_jtag_uart_write
 .text          0x0000c5dc       0xf8 ../UcosiiBSP_for_cpu_s1/\libucosii_bsp.a(altera_avalon_timer_sc.o)
                0x0000c654                alt_avalon_timer_sc_init
 .text          0x0000c6d4      0x140 ../UcosiiBSP_for_cpu_s1/\libucosii_bsp.a(alt_alarm_start.o)
                0x0000c6d4                alt_alarm_start
 .text          0x0000c814       0x1c ../UcosiiBSP_for_cpu_s1/\libucosii_bsp.a(alt_dcache_flush_all.o)
                0x0000c814                alt_dcache_flush_all
 .text          0x0000c830       0xf0 ../UcosiiBSP_for_cpu_s1/\libucosii_bsp.a(alt_dev_llist_insert.o)
                0x0000c880                alt_dev_llist_insert
 .text          0x0000c920       0x5c ../UcosiiBSP_for_cpu_s1/\libucosii_bsp.a(alt_do_ctors.o)
                0x0000c920                _do_ctors
 .text          0x0000c97c       0x5c ../UcosiiBSP_for_cpu_s1/\libucosii_bsp.a(alt_do_dtors.o)
                0x0000c97c                _do_dtors
 .text          0x0000c9d8       0x30 ../UcosiiBSP_for_cpu_s1/\libucosii_bsp.a(alt_icache_flush_all.o)
                0x0000c9d8                alt_icache_flush_all
 .text          0x0000ca08      0x138 ../UcosiiBSP_for_cpu_s1/\libucosii_bsp.a(alt_io_redirect.o)
                0x0000cac8                alt_io_redirect
 .text          0x0000cb40      0x1b0 ../UcosiiBSP_for_cpu_s1/\libucosii_bsp.a(alt_irq_register.o)
                0x0000cb40                alt_irq_register
 .text          0x0000ccf0        0x0 ../UcosiiBSP_for_cpu_s1/\libucosii_bsp.a(alt_irq_vars.o)
 .text          0x0000ccf0      0x270 ../UcosiiBSP_for_cpu_s1/\libucosii_bsp.a(alt_open.o)
                0x0000ce0c                open
 .text          0x0000cf60      0x19c ../UcosiiBSP_for_cpu_s1/\libucosii_bsp.a(alt_tick.o)
                0x0000cf60                alt_alarm_stop
                0x0000cff8                alt_tick
 .text          0x0000d0fc       0x20 ../UcosiiBSP_for_cpu_s1/\libucosii_bsp.a(altera_nios2_qsys_irq.o)
                0x0000d0fc                altera_nios2_qsys_irq_init
 .text          0x0000d11c       0xd0 ../UcosiiBSP_for_cpu_s1/\libucosii_bsp.a(os_cpu_a.o)
                0x0000d11c                OSCtxSw
                0x0000d11c                OSIntCtxSw
                0x0000d1a8                OSStartHighRdy
                0x0000d1c8                OSStartTsk
 .text          0x0000d1ec      0x3fc ../UcosiiBSP_for_cpu_s1/\libucosii_bsp.a(os_cpu_c.o)
                0x0000d1ec                OSTaskStkInit
                0x0000d4e0                OSTaskCreateHook
                0x0000d500                OSTaskDelHook
                0x0000d520                OSTaskSwHook
                0x0000d53c                OSTaskStatHook
                0x0000d558                OSTimeTickHook
                0x0000d574                OSInitHookBegin
                0x0000d590                OSInitHookEnd
                0x0000d5ac                OSTaskIdleHook
                0x0000d5c8                OSTCBInitHook
 .text          0x0000d5e8       0x90 ../UcosiiBSP_for_cpu_s1/\libucosii_bsp.a(alt_find_dev.o)
                0x0000d5e8                alt_find_dev
 .text          0x0000d678      0x114 ../UcosiiBSP_for_cpu_s1/\libucosii_bsp.a(alt_find_file.o)
                0x0000d678                alt_find_file
 .text          0x0000d78c       0xfc ../UcosiiBSP_for_cpu_s1/\libucosii_bsp.a(alt_get_fd.o)
                0x0000d78c                alt_get_fd
 .text          0x0000d888       0x8c ../UcosiiBSP_for_cpu_s1/\libucosii_bsp.a(alt_icache_flush.o)
                0x0000d888                alt_icache_flush
 .text          0x0000d914        0x0 ../UcosiiBSP_for_cpu_s1/\libucosii_bsp.a(alt_irq_entry.o)
 .text          0x0000d914        0x0 ../UcosiiBSP_for_cpu_s1/\libucosii_bsp.a(alt_irq_handler.o)
 .text          0x0000d914        0x0 ../UcosiiBSP_for_cpu_s1/\libucosii_bsp.a(alt_exception_entry.o)
 .text          0x0000d914       0x14 c:/altera/13.1/nios2eds/bin/gnu/h-i686-mingw32/bin/../lib/gcc/nios2-elf/4.7.3/../../../../../H-i686-mingw32/nios2-elf/lib\libc.a(lib_a-atexit.o)
                0x0000d914                atexit
 .text          0x0000d928       0x38 c:/altera/13.1/nios2eds/bin/gnu/h-i686-mingw32/bin/../lib/gcc/nios2-elf/4.7.3/../../../../../H-i686-mingw32/nios2-elf/lib\libc.a(lib_a-exit.o)
                0x0000d928                exit
 .text          0x0000d960       0x7c c:/altera/13.1/nios2eds/bin/gnu/h-i686-mingw32/bin/../lib/gcc/nios2-elf/4.7.3/../../../../../H-i686-mingw32/nios2-elf/lib\libc.a(lib_a-memcmp.o)
                0x0000d960                memcmp
 .text          0x0000d9dc      0x130 c:/altera/13.1/nios2eds/bin/gnu/h-i686-mingw32/bin/../lib/gcc/nios2-elf/4.7.3/../../../../../H-i686-mingw32/nios2-elf/lib\libc.a(lib_a-__atexit.o)
                0x0000d9dc                __register_exitproc
 .text          0x0000db0c      0x1a0 c:/altera/13.1/nios2eds/bin/gnu/h-i686-mingw32/bin/../lib/gcc/nios2-elf/4.7.3/../../../../../H-i686-mingw32/nios2-elf/lib\libc.a(lib_a-__call_atexit.o)
                0x0000db0c                __call_exitprocs
 .text          0x0000dcac       0x84 c:/altera/13.1/nios2eds/bin/gnu/h-i686-mingw32/bin/../lib/gcc/nios2-elf/4.7.3\libgcc.a(_fixunsdfsi.o)
                0x0000dcac                __fixunsdfsi
 .text          0x0000dd30      0x408 c:/altera/13.1/nios2eds/bin/gnu/h-i686-mingw32/bin/../lib/gcc/nios2-elf/4.7.3\libgcc.a(_addsub_df.o)
                0x0000e084                __adddf3
                0x0000e0d8                __subdf3
 .text          0x0000e138      0x2e4 c:/altera/13.1/nios2eds/bin/gnu/h-i686-mingw32/bin/../lib/gcc/nios2-elf/4.7.3\libgcc.a(_mul_df.o)
                0x0000e138                __muldf3
 .text          0x0000e41c      0x1b4 c:/altera/13.1/nios2eds/bin/gnu/h-i686-mingw32/bin/../lib/gcc/nios2-elf/4.7.3\libgcc.a(_div_df.o)
                0x0000e41c                __divdf3
 .text          0x0000e5d0       0x64 c:/altera/13.1/nios2eds/bin/gnu/h-i686-mingw32/bin/../lib/gcc/nios2-elf/4.7.3\libgcc.a(_ge_df.o)
                0x0000e5d0                __gedf2
 .text          0x0000e634       0xd4 c:/altera/13.1/nios2eds/bin/gnu/h-i686-mingw32/bin/../lib/gcc/nios2-elf/4.7.3\libgcc.a(_df_to_si.o)
                0x0000e634                __fixdfsi
 .text          0x0000e708        0x0 c:/altera/13.1/nios2eds/bin/gnu/h-i686-mingw32/bin/../lib/gcc/nios2-elf/4.7.3\libgcc.a(_thenan_df.o)
 .text          0x0000e708      0x11c c:/altera/13.1/nios2eds/bin/gnu/h-i686-mingw32/bin/../lib/gcc/nios2-elf/4.7.3\libgcc.a(_usi_to_df.o)
                0x0000e708                __floatunsidf
 .text          0x0000e824      0x130 c:/altera/13.1/nios2eds/bin/gnu/h-i686-mingw32/bin/../lib/gcc/nios2-elf/4.7.3\libgcc.a(lib2-divmod.o)
                0x0000e898                __divsi3
                0x0000e8e8                __modsi3
                0x0000e944                __udivsi3
                0x0000e94c                __umodsi3
 .text          0x0000e954       0x60 c:/altera/13.1/nios2eds/bin/gnu/h-i686-mingw32/bin/../lib/gcc/nios2-elf/4.7.3\libgcc.a(_muldi3.o)
                0x0000e954                __muldi3
 .text          0x0000e9b4       0xac c:/altera/13.1/nios2eds/bin/gnu/h-i686-mingw32/bin/../lib/gcc/nios2-elf/4.7.3\libgcc.a(_clzsi2.o)
                0x0000e9b4                __clzsi2
 .text          0x0000ea60      0x224 c:/altera/13.1/nios2eds/bin/gnu/h-i686-mingw32/bin/../lib/gcc/nios2-elf/4.7.3\libgcc.a(_pack_df.o)
                0x0000ea60                __pack_d
 .text          0x0000ec84      0x104 c:/altera/13.1/nios2eds/bin/gnu/h-i686-mingw32/bin/../lib/gcc/nios2-elf/4.7.3\libgcc.a(_unpack_df.o)
                0x0000ec84                __unpack_d
 .text          0x0000ed88       0xd0 c:/altera/13.1/nios2eds/bin/gnu/h-i686-mingw32/bin/../lib/gcc/nios2-elf/4.7.3\libgcc.a(_fpcmp_parts_df.o)
                0x0000ed88                __fpcmp_parts_d
 .text          0x0000ee58       0x44 c:/altera/13.1/nios2eds/bin/gnu/h-i686-mingw32/bin/../lib/gcc/nios2-elf/4.7.3\libgcc.a(_lshrdi3.o)
                0x0000ee58                __lshrdi3
 .text          0x0000ee9c       0x44 c:/altera/13.1/nios2eds/bin/gnu/h-i686-mingw32/bin/../lib/gcc/nios2-elf/4.7.3\libgcc.a(_ashldi3.o)
                0x0000ee9c                __ashldi3
 .text          0x0000eee0        0x0 c:/altera/13.1/nios2eds/bin/gnu/h-i686-mingw32/bin/../lib/gcc/nios2-elf/4.7.3\libgcc.a(_clz.o)
 .text          0x0000eee0       0x44 ../UcosiiBSP_for_cpu_s1/\libucosii_bsp.a(alt_exit.o)
                0x0000eee0                _exit
 *(.gnu.warning.*)
 *(.fini)
                0x0000ef24                PROVIDE (__etext, ABSOLUTE (.))
                0x0000ef24                PROVIDE (_etext, ABSOLUTE (.))
                0x0000ef24                PROVIDE (etext, ABSOLUTE (.))
 *(.eh_frame_hdr)
                0x0000ef24                . = ALIGN (0x4)
                0x0000ef24                PROVIDE (__preinit_array_start, ABSOLUTE (.))
 *(.preinit_array)
                0x0000ef24                PROVIDE (__preinit_array_end, ABSOLUTE (.))
                0x0000ef24                PROVIDE (__init_array_start, ABSOLUTE (.))
 *(.init_array)
                0x0000ef24                PROVIDE (__init_array_end, ABSOLUTE (.))
                0x0000ef24                PROVIDE (__fini_array_start, ABSOLUTE (.))
 *(.fini_array)
                0x0000ef24                PROVIDE (__fini_array_end, ABSOLUTE (.))
 *(.eh_frame)
 *(.gcc_except_table .gcc_except_table.*)
 *(.dynamic)
                0x0000ef24                PROVIDE (__CTOR_LIST__, ABSOLUTE (.))
 *(.ctors)
 *(SORT(.ctors.*))
                0x0000ef24                PROVIDE (__CTOR_END__, ABSOLUTE (.))
                0x0000ef24                PROVIDE (__DTOR_LIST__, ABSOLUTE (.))
 *(.dtors)
 *(SORT(.dtors.*))
                0x0000ef24                PROVIDE (__DTOR_END__, ABSOLUTE (.))
 *(.jcr)
                0x0000ef24                . = ALIGN (0x4)

.rodata         0x0000ef24      0x2a4
                0x0000ef24                PROVIDE (__ram_rodata_start, ABSOLUTE (.))
                0x0000ef24                . = ALIGN (0x4)
 *(.rodata .rodata.* .gnu.linkonce.r.*)
 .rodata        0x0000ef24       0x28 obj/default/hello_ucosii.o
 .rodata.str1.4
                0x0000ef4c        0x2 c:/altera/13.1/nios2eds/bin/gnu/h-i686-mingw32/bin/../lib/gcc/nios2-elf/4.7.3/../../../../../H-i686-mingw32/nios2-elf/lib\libc.a(lib_a-puts.o)
                                  0x4 (size before relaxing)
 *fill*         0x0000ef4e        0x2 
 .rodata.str1.4
                0x0000ef50        0x4 c:/altera/13.1/nios2eds/bin/gnu/h-i686-mingw32/bin/../lib/gcc/nios2-elf/4.7.3/../../../../../H-i686-mingw32/nios2-elf/lib\libc.a(lib_a-impure.o)
 .rodata        0x0000ef54        0xc ../UcosiiBSP_for_cpu_s1/\libucosii_bsp.a(alt_dev.o)
 .rodata        0x0000ef60       0x18 ../UcosiiBSP_for_cpu_s1/\libucosii_bsp.a(alt_main.o)
 .rodata        0x0000ef78      0x120 ../UcosiiBSP_for_cpu_s1/\libucosii_bsp.a(os_core.o)
                0x0000ef78                OSUnMapTbl
 .rodata        0x0000f098       0x18 ../UcosiiBSP_for_cpu_s1/\libucosii_bsp.a(alt_sys_init.o)
 .rodata        0x0000f0b0        0x4 ../UcosiiBSP_for_cpu_s1/\libucosii_bsp.a(os_cpu_c.o)
 .rodata        0x0000f0b4       0x14 c:/altera/13.1/nios2eds/bin/gnu/h-i686-mingw32/bin/../lib/gcc/nios2-elf/4.7.3\libgcc.a(_thenan_df.o)
                0x0000f0b4                __thenan_df
 .rodata        0x0000f0c8      0x100 c:/altera/13.1/nios2eds/bin/gnu/h-i686-mingw32/bin/../lib/gcc/nios2-elf/4.7.3\libgcc.a(_clz.o)
                0x0000f0c8                __clz_tab
 *(.rodata1)
                0x0000f1c8                . = ALIGN (0x4)
                0x0000f1c8                PROVIDE (__ram_rodata_end, ABSOLUTE (.))
                0x0000ef24                PROVIDE (__flash_rodata_start, LOADADDR (.rodata))

.rwdata         0x0000f1c8     0x1ad0 load address 0x00010c98
                0x0000f1c8                PROVIDE (__ram_rwdata_start, ABSOLUTE (.))
                0x0000f1c8                . = ALIGN (0x4)
 *(.got.plt)
 *(.got)
 *(.data1)
 *(.data .data.* .gnu.linkonce.d.*)
 .data          0x0000f1c8        0x0 ../UcosiiBSP_for_cpu_s1//obj/HAL/src/crt0.o
 .data          0x0000f1c8        0x0 obj/default/hello_ucosii.o
 .data          0x0000f1c8        0x0 c:/altera/13.1/nios2eds/bin/gnu/h-i686-mingw32/bin/../lib/gcc/nios2-elf/4.7.3/../../../../../H-i686-mingw32/nios2-elf/lib\libc.a(lib_a-puts.o)
 .data          0x0000f1c8        0x0 c:/altera/13.1/nios2eds/bin/gnu/h-i686-mingw32/bin/../lib/gcc/nios2-elf/4.7.3/../../../../../H-i686-mingw32/nios2-elf/lib\libc.a(lib_a-strlen.o)
 .data          0x0000f1c8        0x0 c:/altera/13.1/nios2eds/bin/gnu/h-i686-mingw32/bin/../lib/gcc/nios2-elf/4.7.3/../../../../../H-i686-mingw32/nios2-elf/lib\libc.a(lib_a-fvwrite.o)
 .data          0x0000f1c8      0x400 c:/altera/13.1/nios2eds/bin/gnu/h-i686-mingw32/bin/../lib/gcc/nios2-elf/4.7.3/../../../../../H-i686-mingw32/nios2-elf/lib\libc.a(lib_a-impure.o)
 .data          0x0000f5c8      0x408 c:/altera/13.1/nios2eds/bin/gnu/h-i686-mingw32/bin/../lib/gcc/nios2-elf/4.7.3/../../../../../H-i686-mingw32/nios2-elf/lib\libc.a(lib_a-mallocr.o)
                0x0000f5c8                __malloc_av_
 .data          0x0000f9d0        0x0 c:/altera/13.1/nios2eds/bin/gnu/h-i686-mingw32/bin/../lib/gcc/nios2-elf/4.7.3/../../../../../H-i686-mingw32/nios2-elf/lib\libc.a(lib_a-memchr.o)
 .data          0x0000f9d0        0x0 c:/altera/13.1/nios2eds/bin/gnu/h-i686-mingw32/bin/../lib/gcc/nios2-elf/4.7.3/../../../../../H-i686-mingw32/nios2-elf/lib\libc.a(lib_a-memcpy.o)
 .data          0x0000f9d0        0x0 c:/altera/13.1/nios2eds/bin/gnu/h-i686-mingw32/bin/../lib/gcc/nios2-elf/4.7.3/../../../../../H-i686-mingw32/nios2-elf/lib\libc.a(lib_a-memmove.o)
 .data          0x0000f9d0        0x0 c:/altera/13.1/nios2eds/bin/gnu/h-i686-mingw32/bin/../lib/gcc/nios2-elf/4.7.3/../../../../../H-i686-mingw32/nios2-elf/lib\libc.a(lib_a-reallocr.o)
 .data          0x0000f9d0        0x0 c:/altera/13.1/nios2eds/bin/gnu/h-i686-mingw32/bin/../lib/gcc/nios2-elf/4.7.3/../../../../../H-i686-mingw32/nios2-elf/lib\libc.a(lib_a-sbrkr.o)
 .data          0x0000f9d0        0x0 c:/altera/13.1/nios2eds/bin/gnu/h-i686-mingw32/bin/../lib/gcc/nios2-elf/4.7.3/../../../../../H-i686-mingw32/nios2-elf/lib\libc.a(lib_a-wsetup.o)
 .data          0x0000f9d0        0x0 c:/altera/13.1/nios2eds/bin/gnu/h-i686-mingw32/bin/../lib/gcc/nios2-elf/4.7.3/../../../../../H-i686-mingw32/nios2-elf/lib\libc.a(lib_a-fflush.o)
 .data          0x0000f9d0        0x0 c:/altera/13.1/nios2eds/bin/gnu/h-i686-mingw32/bin/../lib/gcc/nios2-elf/4.7.3/../../../../../H-i686-mingw32/nios2-elf/lib\libc.a(lib_a-findfp.o)
 .data          0x0000f9d0        0x0 c:/altera/13.1/nios2eds/bin/gnu/h-i686-mingw32/bin/../lib/gcc/nios2-elf/4.7.3/../../../../../H-i686-mingw32/nios2-elf/lib\libc.a(lib_a-freer.o)
 .data          0x0000f9d0        0x0 c:/altera/13.1/nios2eds/bin/gnu/h-i686-mingw32/bin/../lib/gcc/nios2-elf/4.7.3/../../../../../H-i686-mingw32/nios2-elf/lib\libc.a(lib_a-fwalk.o)
 .data          0x0000f9d0        0x0 c:/altera/13.1/nios2eds/bin/gnu/h-i686-mingw32/bin/../lib/gcc/nios2-elf/4.7.3/../../../../../H-i686-mingw32/nios2-elf/lib\libc.a(lib_a-int_errno.o)
 .data          0x0000f9d0        0x0 c:/altera/13.1/nios2eds/bin/gnu/h-i686-mingw32/bin/../lib/gcc/nios2-elf/4.7.3/../../../../../H-i686-mingw32/nios2-elf/lib\libc.a(lib_a-makebuf.o)
 .data          0x0000f9d0        0x0 c:/altera/13.1/nios2eds/bin/gnu/h-i686-mingw32/bin/../lib/gcc/nios2-elf/4.7.3/../../../../../H-i686-mingw32/nios2-elf/lib\libc.a(lib_a-memset.o)
 .data          0x0000f9d0        0x0 c:/altera/13.1/nios2eds/bin/gnu/h-i686-mingw32/bin/../lib/gcc/nios2-elf/4.7.3/../../../../../H-i686-mingw32/nios2-elf/lib\libc.a(lib_a-stdio.o)
 .data          0x0000f9d0        0x0 c:/altera/13.1/nios2eds/bin/gnu/h-i686-mingw32/bin/../lib/gcc/nios2-elf/4.7.3/../../../../../H-i686-mingw32/nios2-elf/lib\libc.a(lib_a-writer.o)
 .data          0x0000f9d0        0x0 c:/altera/13.1/nios2eds/bin/gnu/h-i686-mingw32/bin/../lib/gcc/nios2-elf/4.7.3/../../../../../H-i686-mingw32/nios2-elf/lib\libc.a(lib_a-closer.o)
 .data          0x0000f9d0        0x0 c:/altera/13.1/nios2eds/bin/gnu/h-i686-mingw32/bin/../lib/gcc/nios2-elf/4.7.3/../../../../../H-i686-mingw32/nios2-elf/lib\libc.a(lib_a-fclose.o)
 .data          0x0000f9d0        0x0 c:/altera/13.1/nios2eds/bin/gnu/h-i686-mingw32/bin/../lib/gcc/nios2-elf/4.7.3/../../../../../H-i686-mingw32/nios2-elf/lib\libc.a(lib_a-fstatr.o)
 .data          0x0000f9d0        0x0 c:/altera/13.1/nios2eds/bin/gnu/h-i686-mingw32/bin/../lib/gcc/nios2-elf/4.7.3/../../../../../H-i686-mingw32/nios2-elf/lib\libc.a(lib_a-isattyr.o)
 .data          0x0000f9d0        0x0 c:/altera/13.1/nios2eds/bin/gnu/h-i686-mingw32/bin/../lib/gcc/nios2-elf/4.7.3/../../../../../H-i686-mingw32/nios2-elf/lib\libc.a(lib_a-lseekr.o)
 .data          0x0000f9d0        0x0 c:/altera/13.1/nios2eds/bin/gnu/h-i686-mingw32/bin/../lib/gcc/nios2-elf/4.7.3/../../../../../H-i686-mingw32/nios2-elf/lib\libc.a(lib_a-readr.o)
 .data          0x0000f9d0        0x0 ../UcosiiBSP_for_cpu_s1/\libucosii_bsp.a(alt_close.o)
 .data          0x0000f9d0      0x1a8 ../UcosiiBSP_for_cpu_s1/\libucosii_bsp.a(alt_dev.o)
                0x0000f9d0                alt_dev_null
                0x0000f9f8                alt_fd_list
 .data          0x0000fb78        0x0 ../UcosiiBSP_for_cpu_s1/\libucosii_bsp.a(alt_errno.o)
 .data          0x0000fb78        0x0 ../UcosiiBSP_for_cpu_s1/\libucosii_bsp.a(alt_fstat.o)
 .data          0x0000fb78        0x0 ../UcosiiBSP_for_cpu_s1/\libucosii_bsp.a(alt_isatty.o)
 .data          0x0000fb78        0x0 ../UcosiiBSP_for_cpu_s1/\libucosii_bsp.a(alt_load.o)
 .data          0x0000fb78        0x0 ../UcosiiBSP_for_cpu_s1/\libucosii_bsp.a(alt_lseek.o)
 .data          0x0000fb78        0x0 ../UcosiiBSP_for_cpu_s1/\libucosii_bsp.a(alt_main.o)
 .data          0x0000fb78        0x0 ../UcosiiBSP_for_cpu_s1/\libucosii_bsp.a(alt_read.o)
 .data          0x0000fb78        0x0 ../UcosiiBSP_for_cpu_s1/\libucosii_bsp.a(alt_release_fd.o)
 .data          0x0000fb78        0x0 ../UcosiiBSP_for_cpu_s1/\libucosii_bsp.a(alt_sbrk.o)
 .data          0x0000fb78        0x0 ../UcosiiBSP_for_cpu_s1/\libucosii_bsp.a(alt_write.o)
 .data          0x0000fb78        0x0 ../UcosiiBSP_for_cpu_s1/\libucosii_bsp.a(alt_env_lock.o)
 .data          0x0000fb78        0x0 ../UcosiiBSP_for_cpu_s1/\libucosii_bsp.a(alt_malloc_lock.o)
 .data          0x0000fb78        0x0 ../UcosiiBSP_for_cpu_s1/\libucosii_bsp.a(os_core.o)
 .data          0x0000fb78        0x0 ../UcosiiBSP_for_cpu_s1/\libucosii_bsp.a(os_dbg.o)
 .data          0x0000fb78        0x0 ../UcosiiBSP_for_cpu_s1/\libucosii_bsp.a(os_flag.o)
 .data          0x0000fb78        0x0 ../UcosiiBSP_for_cpu_s1/\libucosii_bsp.a(os_mem.o)
 .data          0x0000fb78        0x0 ../UcosiiBSP_for_cpu_s1/\libucosii_bsp.a(os_q.o)
 .data          0x0000fb78        0x0 ../UcosiiBSP_for_cpu_s1/\libucosii_bsp.a(os_sem.o)
 .data          0x0000fb78        0x0 ../UcosiiBSP_for_cpu_s1/\libucosii_bsp.a(os_task.o)
 .data          0x0000fb78        0x0 ../UcosiiBSP_for_cpu_s1/\libucosii_bsp.a(os_time.o)
 .data          0x0000fb78     0x106c ../UcosiiBSP_for_cpu_s1/\libucosii_bsp.a(alt_sys_init.o)
 .data          0x00010be4        0x0 ../UcosiiBSP_for_cpu_s1/\libucosii_bsp.a(altera_avalon_jtag_uart_fd.o)
 .data          0x00010be4        0x0 ../UcosiiBSP_for_cpu_s1/\libucosii_bsp.a(altera_avalon_jtag_uart_init.o)
 .data          0x00010be4        0x0 ../UcosiiBSP_for_cpu_s1/\libucosii_bsp.a(altera_avalon_jtag_uart_ioctl.o)
 .data          0x00010be4        0x0 ../UcosiiBSP_for_cpu_s1/\libucosii_bsp.a(altera_avalon_jtag_uart_read.o)
 .data          0x00010be4        0x0 ../UcosiiBSP_for_cpu_s1/\libucosii_bsp.a(altera_avalon_jtag_uart_write.o)
 .data          0x00010be4        0x0 ../UcosiiBSP_for_cpu_s1/\libucosii_bsp.a(altera_avalon_timer_sc.o)
 .data          0x00010be4        0x0 ../UcosiiBSP_for_cpu_s1/\libucosii_bsp.a(alt_alarm_start.o)
 .data          0x00010be4        0x0 ../UcosiiBSP_for_cpu_s1/\libucosii_bsp.a(alt_dcache_flush_all.o)
 .data          0x00010be4        0x0 ../UcosiiBSP_for_cpu_s1/\libucosii_bsp.a(alt_dev_llist_insert.o)
 .data          0x00010be4        0x0 ../UcosiiBSP_for_cpu_s1/\libucosii_bsp.a(alt_do_ctors.o)
 .data          0x00010be4        0x0 ../UcosiiBSP_for_cpu_s1/\libucosii_bsp.a(alt_do_dtors.o)
 .data          0x00010be4        0x0 ../UcosiiBSP_for_cpu_s1/\libucosii_bsp.a(alt_icache_flush_all.o)
 .data          0x00010be4        0x0 ../UcosiiBSP_for_cpu_s1/\libucosii_bsp.a(alt_io_redirect.o)
 .data          0x00010be4        0x0 ../UcosiiBSP_for_cpu_s1/\libucosii_bsp.a(alt_irq_register.o)
 .data          0x00010be4        0x0 ../UcosiiBSP_for_cpu_s1/\libucosii_bsp.a(alt_irq_vars.o)
 .data          0x00010be4        0x0 ../UcosiiBSP_for_cpu_s1/\libucosii_bsp.a(alt_open.o)
 .data          0x00010be4        0x0 ../UcosiiBSP_for_cpu_s1/\libucosii_bsp.a(alt_tick.o)
 .data          0x00010be4        0x0 ../UcosiiBSP_for_cpu_s1/\libucosii_bsp.a(altera_nios2_qsys_irq.o)
 .data          0x00010be4        0x0 ../UcosiiBSP_for_cpu_s1/\libucosii_bsp.a(os_cpu_a.o)
 .data          0x00010be4        0x0 ../UcosiiBSP_for_cpu_s1/\libucosii_bsp.a(os_cpu_c.o)
 .data          0x00010be4        0x0 ../UcosiiBSP_for_cpu_s1/\libucosii_bsp.a(alt_find_dev.o)
 .data          0x00010be4        0x0 ../UcosiiBSP_for_cpu_s1/\libucosii_bsp.a(alt_find_file.o)
 .data          0x00010be4        0x0 ../UcosiiBSP_for_cpu_s1/\libucosii_bsp.a(alt_get_fd.o)
 .data          0x00010be4        0x0 ../UcosiiBSP_for_cpu_s1/\libucosii_bsp.a(alt_icache_flush.o)
 .data          0x00010be4        0x0 ../UcosiiBSP_for_cpu_s1/\libucosii_bsp.a(alt_irq_entry.o)
 .data          0x00010be4        0x0 ../UcosiiBSP_for_cpu_s1/\libucosii_bsp.a(alt_irq_handler.o)
 .data          0x00010be4        0x0 ../UcosiiBSP_for_cpu_s1/\libucosii_bsp.a(alt_exception_entry.o)
 .data          0x00010be4        0x0 c:/altera/13.1/nios2eds/bin/gnu/h-i686-mingw32/bin/../lib/gcc/nios2-elf/4.7.3/../../../../../H-i686-mingw32/nios2-elf/lib\libc.a(lib_a-atexit.o)
 .data          0x00010be4        0x0 c:/altera/13.1/nios2eds/bin/gnu/h-i686-mingw32/bin/../lib/gcc/nios2-elf/4.7.3/../../../../../H-i686-mingw32/nios2-elf/lib\libc.a(lib_a-exit.o)
 .data          0x00010be4        0x0 c:/altera/13.1/nios2eds/bin/gnu/h-i686-mingw32/bin/../lib/gcc/nios2-elf/4.7.3/../../../../../H-i686-mingw32/nios2-elf/lib\libc.a(lib_a-memcmp.o)
 .data          0x00010be4        0x0 c:/altera/13.1/nios2eds/bin/gnu/h-i686-mingw32/bin/../lib/gcc/nios2-elf/4.7.3/../../../../../H-i686-mingw32/nios2-elf/lib\libc.a(lib_a-__atexit.o)
 .data          0x00010be4        0x0 c:/altera/13.1/nios2eds/bin/gnu/h-i686-mingw32/bin/../lib/gcc/nios2-elf/4.7.3/../../../../../H-i686-mingw32/nios2-elf/lib\libc.a(lib_a-__call_atexit.o)
 .data          0x00010be4        0x0 c:/altera/13.1/nios2eds/bin/gnu/h-i686-mingw32/bin/../lib/gcc/nios2-elf/4.7.3\libgcc.a(_fixunsdfsi.o)
 .data          0x00010be4        0x0 c:/altera/13.1/nios2eds/bin/gnu/h-i686-mingw32/bin/../lib/gcc/nios2-elf/4.7.3\libgcc.a(_addsub_df.o)
 .data          0x00010be4        0x0 c:/altera/13.1/nios2eds/bin/gnu/h-i686-mingw32/bin/../lib/gcc/nios2-elf/4.7.3\libgcc.a(_mul_df.o)
 .data          0x00010be4        0x0 c:/altera/13.1/nios2eds/bin/gnu/h-i686-mingw32/bin/../lib/gcc/nios2-elf/4.7.3\libgcc.a(_div_df.o)
 .data          0x00010be4        0x0 c:/altera/13.1/nios2eds/bin/gnu/h-i686-mingw32/bin/../lib/gcc/nios2-elf/4.7.3\libgcc.a(_ge_df.o)
 .data          0x00010be4        0x0 c:/altera/13.1/nios2eds/bin/gnu/h-i686-mingw32/bin/../lib/gcc/nios2-elf/4.7.3\libgcc.a(_df_to_si.o)
 .data          0x00010be4        0x0 c:/altera/13.1/nios2eds/bin/gnu/h-i686-mingw32/bin/../lib/gcc/nios2-elf/4.7.3\libgcc.a(_thenan_df.o)
 .data          0x00010be4        0x0 c:/altera/13.1/nios2eds/bin/gnu/h-i686-mingw32/bin/../lib/gcc/nios2-elf/4.7.3\libgcc.a(_usi_to_df.o)
 .data          0x00010be4        0x0 c:/altera/13.1/nios2eds/bin/gnu/h-i686-mingw32/bin/../lib/gcc/nios2-elf/4.7.3\libgcc.a(lib2-divmod.o)
 .data          0x00010be4        0x0 c:/altera/13.1/nios2eds/bin/gnu/h-i686-mingw32/bin/../lib/gcc/nios2-elf/4.7.3\libgcc.a(_muldi3.o)
 .data          0x00010be4        0x0 c:/altera/13.1/nios2eds/bin/gnu/h-i686-mingw32/bin/../lib/gcc/nios2-elf/4.7.3\libgcc.a(_clzsi2.o)
 .data          0x00010be4        0x0 c:/altera/13.1/nios2eds/bin/gnu/h-i686-mingw32/bin/../lib/gcc/nios2-elf/4.7.3\libgcc.a(_pack_df.o)
 .data          0x00010be4        0x0 c:/altera/13.1/nios2eds/bin/gnu/h-i686-mingw32/bin/../lib/gcc/nios2-elf/4.7.3\libgcc.a(_unpack_df.o)
 .data          0x00010be4        0x0 c:/altera/13.1/nios2eds/bin/gnu/h-i686-mingw32/bin/../lib/gcc/nios2-elf/4.7.3\libgcc.a(_fpcmp_parts_df.o)
 .data          0x00010be4        0x0 c:/altera/13.1/nios2eds/bin/gnu/h-i686-mingw32/bin/../lib/gcc/nios2-elf/4.7.3\libgcc.a(_lshrdi3.o)
 .data          0x00010be4        0x0 c:/altera/13.1/nios2eds/bin/gnu/h-i686-mingw32/bin/../lib/gcc/nios2-elf/4.7.3\libgcc.a(_ashldi3.o)
 .data          0x00010be4        0x0 c:/altera/13.1/nios2eds/bin/gnu/h-i686-mingw32/bin/../lib/gcc/nios2-elf/4.7.3\libgcc.a(_clz.o)
 .data          0x00010be4        0x0 ../UcosiiBSP_for_cpu_s1/\libucosii_bsp.a(alt_exit.o)
                0x00018be4                _gp = ABSOLUTE ((. + 0x8000))
                0x00018be4                PROVIDE (gp, _gp)
 *(.rwdata .rwdata.*)
 *(.sdata .sdata.* .gnu.linkonce.s.*)
 .sdata         0x00010be4        0x8 c:/altera/13.1/nios2eds/bin/gnu/h-i686-mingw32/bin/../lib/gcc/nios2-elf/4.7.3/../../../../../H-i686-mingw32/nios2-elf/lib\libc.a(lib_a-impure.o)
                0x00010be4                _global_impure_ptr
                0x00010be8                _impure_ptr
 .sdata         0x00010bec        0x8 c:/altera/13.1/nios2eds/bin/gnu/h-i686-mingw32/bin/../lib/gcc/nios2-elf/4.7.3/../../../../../H-i686-mingw32/nios2-elf/lib\libc.a(lib_a-mallocr.o)
                0x00010bec                __malloc_sbrk_base
                0x00010bf0                __malloc_trim_threshold
 .sdata         0x00010bf4       0x14 ../UcosiiBSP_for_cpu_s1/\libucosii_bsp.a(alt_dev.o)
                0x00010bf4                alt_fs_list
                0x00010bfc                alt_dev_list
                0x00010c04                alt_max_fd
 .sdata         0x00010c08        0x4 ../UcosiiBSP_for_cpu_s1/\libucosii_bsp.a(alt_errno.o)
                0x00010c08                alt_errno
 .sdata         0x00010c0c        0x4 ../UcosiiBSP_for_cpu_s1/\libucosii_bsp.a(alt_sbrk.o)
 .sdata         0x00010c10        0x4 ../UcosiiBSP_for_cpu_s1/\libucosii_bsp.a(alt_env_lock.o)
 .sdata         0x00010c14        0x4 ../UcosiiBSP_for_cpu_s1/\libucosii_bsp.a(alt_malloc_lock.o)
 .sdata         0x00010c18       0x74 ../UcosiiBSP_for_cpu_s1/\libucosii_bsp.a(os_dbg.o)
                0x00010c18                OSDebugEn
                0x00010c1c                OSEndiannessTest
                0x00010c20                OSEventEn
                0x00010c22                OSEventMax
                0x00010c24                OSEventNameSize
                0x00010c26                OSEventSize
                0x00010c28                OSEventTblSize
                0x00010c2a                OSEventMultiEn
                0x00010c2c                OSFlagEn
                0x00010c2e                OSFlagGrpSize
                0x00010c30                OSFlagNodeSize
                0x00010c32                OSFlagWidth
                0x00010c34                OSFlagMax
                0x00010c36                OSFlagNameSize
                0x00010c38                OSLowestPrio
                0x00010c3a                OSMboxEn
                0x00010c3c                OSMemEn
                0x00010c3e                OSMemMax
                0x00010c40                OSMemNameSize
                0x00010c42                OSMemSize
                0x00010c44                OSMemTblSize
                0x00010c46                OSMutexEn
                0x00010c48                OSPtrSize
                0x00010c4a                OSQEn
                0x00010c4c                OSQMax
                0x00010c4e                OSQSize
                0x00010c50                OSRdyTblSize
                0x00010c52                OSSemEn
                0x00010c54                OSStkWidth
                0x00010c56                OSTaskCreateEn
                0x00010c58                OSTaskCreateExtEn
                0x00010c5a                OSTaskDelEn
                0x00010c5c                OSTaskIdleStkSize
                0x00010c5e                OSTaskProfileEn
                0x00010c60                OSTaskMax
                0x00010c62                OSTaskNameSize
                0x00010c64                OSTaskStatEn
                0x00010c66                OSTaskStatStkSize
                0x00010c68                OSTaskStatStkChkEn
                0x00010c6a                OSTaskSwHookEn
                0x00010c6c                OSTCBPrioTblMax
                0x00010c6e                OSTCBSize
                0x00010c70                OSTicksPerSec
                0x00010c72                OSTimeTickHookEn
                0x00010c74                OSVersionNbr
                0x00010c76                OSTmrEn
                0x00010c78                OSTmrCfgMax
                0x00010c7a                OSTmrCfgNameSize
                0x00010c7c                OSTmrCfgWheelSize
                0x00010c7e                OSTmrCfgTicksPerSec
                0x00010c80                OSTmrSize
                0x00010c82                OSTmrTblSize
                0x00010c84                OSTmrWheelSize
                0x00010c86                OSTmrWheelTblSize
                0x00010c88                OSDataSize
 .sdata         0x00010c8c        0x4 ../UcosiiBSP_for_cpu_s1/\libucosii_bsp.a(alt_irq_vars.o)
                0x00010c8c                alt_priority_mask
 .sdata         0x00010c90        0x8 ../UcosiiBSP_for_cpu_s1/\libucosii_bsp.a(alt_tick.o)
                0x00010c90                alt_alarm_list
 *(.sdata2 .sdata2.* .gnu.linkonce.s2.*)
                0x00010c98                . = ALIGN (0x4)
                0x00010c98                _edata = ABSOLUTE (.)
                0x00010c98                PROVIDE (edata, ABSOLUTE (.))
                0x00010c98                PROVIDE (__ram_rwdata_end, ABSOLUTE (.))
                0x00010c98                PROVIDE (__flash_rwdata_start, LOADADDR (.rwdata))

.bss            0x00012768     0x7f1c
                0x00012768                __bss_start = ABSOLUTE (.)
                0x00012768                PROVIDE (__sbss_start, ABSOLUTE (.))
                0x00012768                PROVIDE (___sbss_start, ABSOLUTE (.))
 *(.dynsbss)
 *(.sbss .sbss.* .gnu.linkonce.sb.*)
 .sbss          0x00012768        0xc c:/altera/13.1/nios2eds/bin/gnu/h-i686-mingw32/bin/../lib/gcc/nios2-elf/4.7.3/../../../../../H-i686-mingw32/nios2-elf/lib\libc.a(lib_a-mallocr.o)
                0x00012768                __malloc_max_total_mem
                0x0001276c                __malloc_max_sbrked_mem
                0x00012770                __malloc_top_pad
 .sbss          0x00012774        0x4 c:/altera/13.1/nios2eds/bin/gnu/h-i686-mingw32/bin/../lib/gcc/nios2-elf/4.7.3/../../../../../H-i686-mingw32/nios2-elf/lib\libc.a(lib_a-int_errno.o)
                0x00012774                errno
 .sbss          0x00012778        0x4 ../UcosiiBSP_for_cpu_s1/\libucosii_bsp.a(alt_dev.o)
                0x00012778                alt_fd_list_lock
 .sbss          0x0001277c        0xc ../UcosiiBSP_for_cpu_s1/\libucosii_bsp.a(alt_main.o)
                0x0001277c                alt_argc
                0x00012780                alt_argv
                0x00012784                alt_envp
 .sbss          0x00012788        0x8 ../UcosiiBSP_for_cpu_s1/\libucosii_bsp.a(alt_env_lock.o)
                0x0001278c                alt_envsem
 .sbss          0x00012790        0x8 ../UcosiiBSP_for_cpu_s1/\libucosii_bsp.a(alt_malloc_lock.o)
                0x00012794                alt_heapsem
 .sbss          0x00012798       0x54 ../UcosiiBSP_for_cpu_s1/\libucosii_bsp.a(os_core.o)
                0x00012798                OSLockNesting
                0x00012799                OSRunning
                0x0001279c                OSIdleCtr
                0x000127a0                OSPrioHighRdy
                0x000127a1                OSPrioCur
                0x000127a4                OSTCBList
                0x000127a8                OSTickStepState
                0x000127ac                OSCtxSwCtr
                0x000127b0                OSIdleCtrMax
                0x000127b4                OSTCBFreeList
                0x000127b8                OSCPUUsage
                0x000127b9                OSTaskCtr
                0x000127bc                OSMemFreeList
                0x000127c0                OSTCBHighRdy
                0x000127c4                OSQFreeList
                0x000127c8                OSRdyGrp
                0x000127c9                OSRdyTbl
                0x000127d0                OSEventFreeList
                0x000127d4                OSIntNesting
                0x000127d8                OSTCBCur
                0x000127dc                OSTime
                0x000127e0                OSFlagFreeList
                0x000127e4                OSStatRdy
                0x000127e8                OSIdleCtrRun
 .sbss          0x000127ec        0x4 ../UcosiiBSP_for_cpu_s1/\libucosii_bsp.a(alt_irq_vars.o)
                0x000127ec                alt_irq_active
 .sbss          0x000127f0        0x8 ../UcosiiBSP_for_cpu_s1/\libucosii_bsp.a(alt_tick.o)
                0x000127f0                _alt_tick_rate
                0x000127f4                _alt_nticks
 *(.sbss2 .sbss2.* .gnu.linkonce.sb2.*)
 *(.scommon)
                0x000127f8                PROVIDE (__sbss_end, ABSOLUTE (.))
                0x000127f8                PROVIDE (___sbss_end, ABSOLUTE (.))
 *(.dynbss)
 *(.bss .bss.* .gnu.linkonce.b.*)
 .bss           0x000127f8        0x0 ../UcosiiBSP_for_cpu_s1//obj/HAL/src/crt0.o
 .bss           0x000127f8        0x0 obj/default/hello_ucosii.o
 .bss           0x000127f8        0x0 c:/altera/13.1/nios2eds/bin/gnu/h-i686-mingw32/bin/../lib/gcc/nios2-elf/4.7.3/../../../../../H-i686-mingw32/nios2-elf/lib\libc.a(lib_a-puts.o)
 .bss           0x000127f8        0x0 c:/altera/13.1/nios2eds/bin/gnu/h-i686-mingw32/bin/../lib/gcc/nios2-elf/4.7.3/../../../../../H-i686-mingw32/nios2-elf/lib\libc.a(lib_a-strlen.o)
 .bss           0x000127f8        0x0 c:/altera/13.1/nios2eds/bin/gnu/h-i686-mingw32/bin/../lib/gcc/nios2-elf/4.7.3/../../../../../H-i686-mingw32/nios2-elf/lib\libc.a(lib_a-fvwrite.o)
 .bss           0x000127f8        0x0 c:/altera/13.1/nios2eds/bin/gnu/h-i686-mingw32/bin/../lib/gcc/nios2-elf/4.7.3/../../../../../H-i686-mingw32/nios2-elf/lib\libc.a(lib_a-impure.o)
 .bss           0x000127f8       0x28 c:/altera/13.1/nios2eds/bin/gnu/h-i686-mingw32/bin/../lib/gcc/nios2-elf/4.7.3/../../../../../H-i686-mingw32/nios2-elf/lib\libc.a(lib_a-mallocr.o)
                0x000127f8                __malloc_current_mallinfo
 .bss           0x00012820        0x0 c:/altera/13.1/nios2eds/bin/gnu/h-i686-mingw32/bin/../lib/gcc/nios2-elf/4.7.3/../../../../../H-i686-mingw32/nios2-elf/lib\libc.a(lib_a-memchr.o)
 .bss           0x00012820        0x0 c:/altera/13.1/nios2eds/bin/gnu/h-i686-mingw32/bin/../lib/gcc/nios2-elf/4.7.3/../../../../../H-i686-mingw32/nios2-elf/lib\libc.a(lib_a-memcpy.o)
 .bss           0x00012820        0x0 c:/altera/13.1/nios2eds/bin/gnu/h-i686-mingw32/bin/../lib/gcc/nios2-elf/4.7.3/../../../../../H-i686-mingw32/nios2-elf/lib\libc.a(lib_a-memmove.o)
 .bss           0x00012820        0x0 c:/altera/13.1/nios2eds/bin/gnu/h-i686-mingw32/bin/../lib/gcc/nios2-elf/4.7.3/../../../../../H-i686-mingw32/nios2-elf/lib\libc.a(lib_a-reallocr.o)
 .bss           0x00012820        0x0 c:/altera/13.1/nios2eds/bin/gnu/h-i686-mingw32/bin/../lib/gcc/nios2-elf/4.7.3/../../../../../H-i686-mingw32/nios2-elf/lib\libc.a(lib_a-sbrkr.o)
 .bss           0x00012820        0x0 c:/altera/13.1/nios2eds/bin/gnu/h-i686-mingw32/bin/../lib/gcc/nios2-elf/4.7.3/../../../../../H-i686-mingw32/nios2-elf/lib\libc.a(lib_a-wsetup.o)
 .bss           0x00012820        0x0 c:/altera/13.1/nios2eds/bin/gnu/h-i686-mingw32/bin/../lib/gcc/nios2-elf/4.7.3/../../../../../H-i686-mingw32/nios2-elf/lib\libc.a(lib_a-fflush.o)
 .bss           0x00012820        0x0 c:/altera/13.1/nios2eds/bin/gnu/h-i686-mingw32/bin/../lib/gcc/nios2-elf/4.7.3/../../../../../H-i686-mingw32/nios2-elf/lib\libc.a(lib_a-findfp.o)
 .bss           0x00012820        0x0 c:/altera/13.1/nios2eds/bin/gnu/h-i686-mingw32/bin/../lib/gcc/nios2-elf/4.7.3/../../../../../H-i686-mingw32/nios2-elf/lib\libc.a(lib_a-freer.o)
 .bss           0x00012820        0x0 c:/altera/13.1/nios2eds/bin/gnu/h-i686-mingw32/bin/../lib/gcc/nios2-elf/4.7.3/../../../../../H-i686-mingw32/nios2-elf/lib\libc.a(lib_a-fwalk.o)
 .bss           0x00012820        0x0 c:/altera/13.1/nios2eds/bin/gnu/h-i686-mingw32/bin/../lib/gcc/nios2-elf/4.7.3/../../../../../H-i686-mingw32/nios2-elf/lib\libc.a(lib_a-int_errno.o)
 .bss           0x00012820        0x0 c:/altera/13.1/nios2eds/bin/gnu/h-i686-mingw32/bin/../lib/gcc/nios2-elf/4.7.3/../../../../../H-i686-mingw32/nios2-elf/lib\libc.a(lib_a-makebuf.o)
 .bss           0x00012820        0x0 c:/altera/13.1/nios2eds/bin/gnu/h-i686-mingw32/bin/../lib/gcc/nios2-elf/4.7.3/../../../../../H-i686-mingw32/nios2-elf/lib\libc.a(lib_a-memset.o)
 .bss           0x00012820        0x0 c:/altera/13.1/nios2eds/bin/gnu/h-i686-mingw32/bin/../lib/gcc/nios2-elf/4.7.3/../../../../../H-i686-mingw32/nios2-elf/lib\libc.a(lib_a-stdio.o)
 .bss           0x00012820        0x0 c:/altera/13.1/nios2eds/bin/gnu/h-i686-mingw32/bin/../lib/gcc/nios2-elf/4.7.3/../../../../../H-i686-mingw32/nios2-elf/lib\libc.a(lib_a-writer.o)
 .bss           0x00012820        0x0 c:/altera/13.1/nios2eds/bin/gnu/h-i686-mingw32/bin/../lib/gcc/nios2-elf/4.7.3/../../../../../H-i686-mingw32/nios2-elf/lib\libc.a(lib_a-closer.o)
 .bss           0x00012820        0x0 c:/altera/13.1/nios2eds/bin/gnu/h-i686-mingw32/bin/../lib/gcc/nios2-elf/4.7.3/../../../../../H-i686-mingw32/nios2-elf/lib\libc.a(lib_a-fclose.o)
 .bss           0x00012820        0x0 c:/altera/13.1/nios2eds/bin/gnu/h-i686-mingw32/bin/../lib/gcc/nios2-elf/4.7.3/../../../../../H-i686-mingw32/nios2-elf/lib\libc.a(lib_a-fstatr.o)
 .bss           0x00012820        0x0 c:/altera/13.1/nios2eds/bin/gnu/h-i686-mingw32/bin/../lib/gcc/nios2-elf/4.7.3/../../../../../H-i686-mingw32/nios2-elf/lib\libc.a(lib_a-isattyr.o)
 .bss           0x00012820        0x0 c:/altera/13.1/nios2eds/bin/gnu/h-i686-mingw32/bin/../lib/gcc/nios2-elf/4.7.3/../../../../../H-i686-mingw32/nios2-elf/lib\libc.a(lib_a-lseekr.o)
 .bss           0x00012820        0x0 c:/altera/13.1/nios2eds/bin/gnu/h-i686-mingw32/bin/../lib/gcc/nios2-elf/4.7.3/../../../../../H-i686-mingw32/nios2-elf/lib\libc.a(lib_a-readr.o)
 .bss           0x00012820        0x0 ../UcosiiBSP_for_cpu_s1/\libucosii_bsp.a(alt_close.o)
 .bss           0x00012820        0x0 ../UcosiiBSP_for_cpu_s1/\libucosii_bsp.a(alt_dev.o)
 .bss           0x00012820        0x0 ../UcosiiBSP_for_cpu_s1/\libucosii_bsp.a(alt_errno.o)
 .bss           0x00012820        0x0 ../UcosiiBSP_for_cpu_s1/\libucosii_bsp.a(alt_fstat.o)
 .bss           0x00012820        0x0 ../UcosiiBSP_for_cpu_s1/\libucosii_bsp.a(alt_isatty.o)
 .bss           0x00012820        0x0 ../UcosiiBSP_for_cpu_s1/\libucosii_bsp.a(alt_load.o)
 .bss           0x00012820        0x0 ../UcosiiBSP_for_cpu_s1/\libucosii_bsp.a(alt_lseek.o)
 .bss           0x00012820        0x0 ../UcosiiBSP_for_cpu_s1/\libucosii_bsp.a(alt_main.o)
 .bss           0x00012820        0x0 ../UcosiiBSP_for_cpu_s1/\libucosii_bsp.a(alt_read.o)
 .bss           0x00012820        0x0 ../UcosiiBSP_for_cpu_s1/\libucosii_bsp.a(alt_release_fd.o)
 .bss           0x00012820        0x0 ../UcosiiBSP_for_cpu_s1/\libucosii_bsp.a(alt_sbrk.o)
 .bss           0x00012820        0x0 ../UcosiiBSP_for_cpu_s1/\libucosii_bsp.a(alt_write.o)
 .bss           0x00012820        0x0 ../UcosiiBSP_for_cpu_s1/\libucosii_bsp.a(alt_env_lock.o)
 .bss           0x00012820        0x0 ../UcosiiBSP_for_cpu_s1/\libucosii_bsp.a(alt_malloc_lock.o)
 .bss           0x00012820        0x0 ../UcosiiBSP_for_cpu_s1/\libucosii_bsp.a(os_core.o)
 .bss           0x00012820        0x0 ../UcosiiBSP_for_cpu_s1/\libucosii_bsp.a(os_dbg.o)
 .bss           0x00012820        0x0 ../UcosiiBSP_for_cpu_s1/\libucosii_bsp.a(os_flag.o)
 .bss           0x00012820        0x0 ../UcosiiBSP_for_cpu_s1/\libucosii_bsp.a(os_mem.o)
 .bss           0x00012820        0x0 ../UcosiiBSP_for_cpu_s1/\libucosii_bsp.a(os_q.o)
 .bss           0x00012820        0x0 ../UcosiiBSP_for_cpu_s1/\libucosii_bsp.a(os_sem.o)
 .bss           0x00012820        0x0 ../UcosiiBSP_for_cpu_s1/\libucosii_bsp.a(os_task.o)
 .bss           0x00012820        0x0 ../UcosiiBSP_for_cpu_s1/\libucosii_bsp.a(os_time.o)
 .bss           0x00012820        0x0 ../UcosiiBSP_for_cpu_s1/\libucosii_bsp.a(alt_sys_init.o)
 .bss           0x00012820        0x0 ../UcosiiBSP_for_cpu_s1/\libucosii_bsp.a(altera_avalon_jtag_uart_fd.o)
 .bss           0x00012820        0x0 ../UcosiiBSP_for_cpu_s1/\libucosii_bsp.a(altera_avalon_jtag_uart_init.o)
 .bss           0x00012820        0x0 ../UcosiiBSP_for_cpu_s1/\libucosii_bsp.a(altera_avalon_jtag_uart_ioctl.o)
 .bss           0x00012820        0x0 ../UcosiiBSP_for_cpu_s1/\libucosii_bsp.a(altera_avalon_jtag_uart_read.o)
 .bss           0x00012820        0x0 ../UcosiiBSP_for_cpu_s1/\libucosii_bsp.a(altera_avalon_jtag_uart_write.o)
 .bss           0x00012820        0x0 ../UcosiiBSP_for_cpu_s1/\libucosii_bsp.a(altera_avalon_timer_sc.o)
 .bss           0x00012820        0x0 ../UcosiiBSP_for_cpu_s1/\libucosii_bsp.a(alt_alarm_start.o)
 .bss           0x00012820        0x0 ../UcosiiBSP_for_cpu_s1/\libucosii_bsp.a(alt_dcache_flush_all.o)
 .bss           0x00012820        0x0 ../UcosiiBSP_for_cpu_s1/\libucosii_bsp.a(alt_dev_llist_insert.o)
 .bss           0x00012820        0x0 ../UcosiiBSP_for_cpu_s1/\libucosii_bsp.a(alt_do_ctors.o)
 .bss           0x00012820        0x0 ../UcosiiBSP_for_cpu_s1/\libucosii_bsp.a(alt_do_dtors.o)
 .bss           0x00012820        0x0 ../UcosiiBSP_for_cpu_s1/\libucosii_bsp.a(alt_icache_flush_all.o)
 .bss           0x00012820        0x0 ../UcosiiBSP_for_cpu_s1/\libucosii_bsp.a(alt_io_redirect.o)
 .bss           0x00012820        0x0 ../UcosiiBSP_for_cpu_s1/\libucosii_bsp.a(alt_irq_register.o)
 .bss           0x00012820        0x0 ../UcosiiBSP_for_cpu_s1/\libucosii_bsp.a(alt_irq_vars.o)
 .bss           0x00012820        0x0 ../UcosiiBSP_for_cpu_s1/\libucosii_bsp.a(alt_open.o)
 .bss           0x00012820        0x0 ../UcosiiBSP_for_cpu_s1/\libucosii_bsp.a(alt_tick.o)
 .bss           0x00012820        0x0 ../UcosiiBSP_for_cpu_s1/\libucosii_bsp.a(altera_nios2_qsys_irq.o)
 .bss           0x00012820        0x0 ../UcosiiBSP_for_cpu_s1/\libucosii_bsp.a(os_cpu_a.o)
 .bss           0x00012820        0x0 ../UcosiiBSP_for_cpu_s1/\libucosii_bsp.a(os_cpu_c.o)
 .bss           0x00012820        0x0 ../UcosiiBSP_for_cpu_s1/\libucosii_bsp.a(alt_find_dev.o)
 .bss           0x00012820        0x0 ../UcosiiBSP_for_cpu_s1/\libucosii_bsp.a(alt_find_file.o)
 .bss           0x00012820        0x0 ../UcosiiBSP_for_cpu_s1/\libucosii_bsp.a(alt_get_fd.o)
 .bss           0x00012820        0x0 ../UcosiiBSP_for_cpu_s1/\libucosii_bsp.a(alt_icache_flush.o)
 .bss           0x00012820        0x0 ../UcosiiBSP_for_cpu_s1/\libucosii_bsp.a(alt_irq_entry.o)
 .bss           0x00012820        0x0 ../UcosiiBSP_for_cpu_s1/\libucosii_bsp.a(alt_irq_handler.o)
 .bss           0x00012820        0x0 ../UcosiiBSP_for_cpu_s1/\libucosii_bsp.a(alt_exception_entry.o)
 .bss           0x00012820        0x0 c:/altera/13.1/nios2eds/bin/gnu/h-i686-mingw32/bin/../lib/gcc/nios2-elf/4.7.3/../../../../../H-i686-mingw32/nios2-elf/lib\libc.a(lib_a-atexit.o)
 .bss           0x00012820        0x0 c:/altera/13.1/nios2eds/bin/gnu/h-i686-mingw32/bin/../lib/gcc/nios2-elf/4.7.3/../../../../../H-i686-mingw32/nios2-elf/lib\libc.a(lib_a-exit.o)
 .bss           0x00012820        0x0 c:/altera/13.1/nios2eds/bin/gnu/h-i686-mingw32/bin/../lib/gcc/nios2-elf/4.7.3/../../../../../H-i686-mingw32/nios2-elf/lib\libc.a(lib_a-memcmp.o)
 .bss           0x00012820        0x0 c:/altera/13.1/nios2eds/bin/gnu/h-i686-mingw32/bin/../lib/gcc/nios2-elf/4.7.3/../../../../../H-i686-mingw32/nios2-elf/lib\libc.a(lib_a-__atexit.o)
 .bss           0x00012820        0x0 c:/altera/13.1/nios2eds/bin/gnu/h-i686-mingw32/bin/../lib/gcc/nios2-elf/4.7.3/../../../../../H-i686-mingw32/nios2-elf/lib\libc.a(lib_a-__call_atexit.o)
 .bss           0x00012820        0x0 c:/altera/13.1/nios2eds/bin/gnu/h-i686-mingw32/bin/../lib/gcc/nios2-elf/4.7.3\libgcc.a(_fixunsdfsi.o)
 .bss           0x00012820        0x0 c:/altera/13.1/nios2eds/bin/gnu/h-i686-mingw32/bin/../lib/gcc/nios2-elf/4.7.3\libgcc.a(_addsub_df.o)
 .bss           0x00012820        0x0 c:/altera/13.1/nios2eds/bin/gnu/h-i686-mingw32/bin/../lib/gcc/nios2-elf/4.7.3\libgcc.a(_mul_df.o)
 .bss           0x00012820        0x0 c:/altera/13.1/nios2eds/bin/gnu/h-i686-mingw32/bin/../lib/gcc/nios2-elf/4.7.3\libgcc.a(_div_df.o)
 .bss           0x00012820        0x0 c:/altera/13.1/nios2eds/bin/gnu/h-i686-mingw32/bin/../lib/gcc/nios2-elf/4.7.3\libgcc.a(_ge_df.o)
 .bss           0x00012820        0x0 c:/altera/13.1/nios2eds/bin/gnu/h-i686-mingw32/bin/../lib/gcc/nios2-elf/4.7.3\libgcc.a(_df_to_si.o)
 .bss           0x00012820        0x0 c:/altera/13.1/nios2eds/bin/gnu/h-i686-mingw32/bin/../lib/gcc/nios2-elf/4.7.3\libgcc.a(_thenan_df.o)
 .bss           0x00012820        0x0 c:/altera/13.1/nios2eds/bin/gnu/h-i686-mingw32/bin/../lib/gcc/nios2-elf/4.7.3\libgcc.a(_usi_to_df.o)
 .bss           0x00012820        0x0 c:/altera/13.1/nios2eds/bin/gnu/h-i686-mingw32/bin/../lib/gcc/nios2-elf/4.7.3\libgcc.a(lib2-divmod.o)
 .bss           0x00012820        0x0 c:/altera/13.1/nios2eds/bin/gnu/h-i686-mingw32/bin/../lib/gcc/nios2-elf/4.7.3\libgcc.a(_muldi3.o)
 .bss           0x00012820        0x0 c:/altera/13.1/nios2eds/bin/gnu/h-i686-mingw32/bin/../lib/gcc/nios2-elf/4.7.3\libgcc.a(_clzsi2.o)
 .bss           0x00012820        0x0 c:/altera/13.1/nios2eds/bin/gnu/h-i686-mingw32/bin/../lib/gcc/nios2-elf/4.7.3\libgcc.a(_pack_df.o)
 .bss           0x00012820        0x0 c:/altera/13.1/nios2eds/bin/gnu/h-i686-mingw32/bin/../lib/gcc/nios2-elf/4.7.3\libgcc.a(_unpack_df.o)
 .bss           0x00012820        0x0 c:/altera/13.1/nios2eds/bin/gnu/h-i686-mingw32/bin/../lib/gcc/nios2-elf/4.7.3\libgcc.a(_fpcmp_parts_df.o)
 .bss           0x00012820        0x0 c:/altera/13.1/nios2eds/bin/gnu/h-i686-mingw32/bin/../lib/gcc/nios2-elf/4.7.3\libgcc.a(_lshrdi3.o)
 .bss           0x00012820        0x0 c:/altera/13.1/nios2eds/bin/gnu/h-i686-mingw32/bin/../lib/gcc/nios2-elf/4.7.3\libgcc.a(_ashldi3.o)
 .bss           0x00012820        0x0 c:/altera/13.1/nios2eds/bin/gnu/h-i686-mingw32/bin/../lib/gcc/nios2-elf/4.7.3\libgcc.a(_clz.o)
 .bss           0x00012820        0x0 ../UcosiiBSP_for_cpu_s1/\libucosii_bsp.a(alt_exit.o)
 *(COMMON)
 COMMON         0x00012820     0x4000 obj/default/hello_ucosii.o
                0x00012820                task1_stk
                0x00014820                task2_stk
 COMMON         0x00016820     0x3bd4 ../UcosiiBSP_for_cpu_s1/\libucosii_bsp.a(os_core.o)
                0x00016820                OSFlagTbl
                0x00016b90                OSMemTbl
                0x000177c0                OSTaskStatStk
                0x00017fc0                OSQTbl
                0x000181a0                OSTaskIdleStk
                0x000189a0                OSEventTbl
                0x000195d0                OSTCBTbl
                0x0001a350                OSTCBPrioTbl
 COMMON         0x0001a3f4      0x100 ../UcosiiBSP_for_cpu_s1/\libucosii_bsp.a(alt_irq_handler.o)
                0x0001a3f4                alt_irq
 COMMON         0x0001a4f4      0x190 c:/altera/13.1/nios2eds/bin/gnu/h-i686-mingw32/bin/../lib/gcc/nios2-elf/4.7.3/../../../../../H-i686-mingw32/nios2-elf/lib\libc.a(lib_a-atexit.o)
                0x0001a4f4                _atexit0
                0x0001a684                . = ALIGN (0x4)
                0x0001a684                __bss_end = ABSOLUTE (.)

.onchip_sram    0x0001a684        0x0
                0x0001a684                PROVIDE (_alt_partition_onchip_sram_start, ABSOLUTE (.))
 *(.onchip_sram .onchip_sram. onchip_sram.*)
                0x0001a684                . = ALIGN (0x4)
                0x0001a684                PROVIDE (_alt_partition_onchip_sram_end, ABSOLUTE (.))
                0x0001a684                _end = ABSOLUTE (.)
                0x0001a684                end = ABSOLUTE (.)
                0x0001a684                __alt_stack_base = ABSOLUTE (.)
                0x0001a684                PROVIDE (_alt_partition_onchip_sram_load_addr, LOADADDR (.onchip_sram))

.stab
 *(.stab)

.stabstr
 *(.stabstr)

.stab.excl
 *(.stab.excl)

.stab.exclstr
 *(.stab.exclstr)

.stab.index
 *(.stab.index)

.stab.indexstr
 *(.stab.indexstr)

.comment        0x00000000       0x23
 *(.comment)
 .comment       0x00000000       0x23 obj/default/hello_ucosii.o
                                 0x24 (size before relaxing)
 .comment       0x00000000       0x24 c:/altera/13.1/nios2eds/bin/gnu/h-i686-mingw32/bin/../lib/gcc/nios2-elf/4.7.3/../../../../../H-i686-mingw32/nios2-elf/lib\libc.a(lib_a-puts.o)
 .comment       0x00000000       0x24 c:/altera/13.1/nios2eds/bin/gnu/h-i686-mingw32/bin/../lib/gcc/nios2-elf/4.7.3/../../../../../H-i686-mingw32/nios2-elf/lib\libc.a(lib_a-strlen.o)
 .comment       0x00000000       0x24 c:/altera/13.1/nios2eds/bin/gnu/h-i686-mingw32/bin/../lib/gcc/nios2-elf/4.7.3/../../../../../H-i686-mingw32/nios2-elf/lib\libc.a(lib_a-fvwrite.o)
 .comment       0x00000000       0x24 c:/altera/13.1/nios2eds/bin/gnu/h-i686-mingw32/bin/../lib/gcc/nios2-elf/4.7.3/../../../../../H-i686-mingw32/nios2-elf/lib\libc.a(lib_a-impure.o)
 .comment       0x00000000       0x24 c:/altera/13.1/nios2eds/bin/gnu/h-i686-mingw32/bin/../lib/gcc/nios2-elf/4.7.3/../../../../../H-i686-mingw32/nios2-elf/lib\libc.a(lib_a-mallocr.o)
 .comment       0x00000000       0x24 c:/altera/13.1/nios2eds/bin/gnu/h-i686-mingw32/bin/../lib/gcc/nios2-elf/4.7.3/../../../../../H-i686-mingw32/nios2-elf/lib\libc.a(lib_a-memchr.o)
 .comment       0x00000000       0x24 c:/altera/13.1/nios2eds/bin/gnu/h-i686-mingw32/bin/../lib/gcc/nios2-elf/4.7.3/../../../../../H-i686-mingw32/nios2-elf/lib\libc.a(lib_a-memcpy.o)
 .comment       0x00000000       0x24 c:/altera/13.1/nios2eds/bin/gnu/h-i686-mingw32/bin/../lib/gcc/nios2-elf/4.7.3/../../../../../H-i686-mingw32/nios2-elf/lib\libc.a(lib_a-memmove.o)
 .comment       0x00000000       0x24 c:/altera/13.1/nios2eds/bin/gnu/h-i686-mingw32/bin/../lib/gcc/nios2-elf/4.7.3/../../../../../H-i686-mingw32/nios2-elf/lib\libc.a(lib_a-reallocr.o)
 .comment       0x00000000       0x24 c:/altera/13.1/nios2eds/bin/gnu/h-i686-mingw32/bin/../lib/gcc/nios2-elf/4.7.3/../../../../../H-i686-mingw32/nios2-elf/lib\libc.a(lib_a-sbrkr.o)
 .comment       0x00000000       0x24 c:/altera/13.1/nios2eds/bin/gnu/h-i686-mingw32/bin/../lib/gcc/nios2-elf/4.7.3/../../../../../H-i686-mingw32/nios2-elf/lib\libc.a(lib_a-wsetup.o)
 .comment       0x00000000       0x24 c:/altera/13.1/nios2eds/bin/gnu/h-i686-mingw32/bin/../lib/gcc/nios2-elf/4.7.3/../../../../../H-i686-mingw32/nios2-elf/lib\libc.a(lib_a-fflush.o)
 .comment       0x00000000       0x24 c:/altera/13.1/nios2eds/bin/gnu/h-i686-mingw32/bin/../lib/gcc/nios2-elf/4.7.3/../../../../../H-i686-mingw32/nios2-elf/lib\libc.a(lib_a-findfp.o)
 .comment       0x00000000       0x24 c:/altera/13.1/nios2eds/bin/gnu/h-i686-mingw32/bin/../lib/gcc/nios2-elf/4.7.3/../../../../../H-i686-mingw32/nios2-elf/lib\libc.a(lib_a-freer.o)
 .comment       0x00000000       0x24 c:/altera/13.1/nios2eds/bin/gnu/h-i686-mingw32/bin/../lib/gcc/nios2-elf/4.7.3/../../../../../H-i686-mingw32/nios2-elf/lib\libc.a(lib_a-fwalk.o)
 .comment       0x00000000       0x24 c:/altera/13.1/nios2eds/bin/gnu/h-i686-mingw32/bin/../lib/gcc/nios2-elf/4.7.3/../../../../../H-i686-mingw32/nios2-elf/lib\libc.a(lib_a-int_errno.o)
 .comment       0x00000000       0x24 c:/altera/13.1/nios2eds/bin/gnu/h-i686-mingw32/bin/../lib/gcc/nios2-elf/4.7.3/../../../../../H-i686-mingw32/nios2-elf/lib\libc.a(lib_a-makebuf.o)
 .comment       0x00000000       0x24 c:/altera/13.1/nios2eds/bin/gnu/h-i686-mingw32/bin/../lib/gcc/nios2-elf/4.7.3/../../../../../H-i686-mingw32/nios2-elf/lib\libc.a(lib_a-memset.o)
 .comment       0x00000000       0x24 c:/altera/13.1/nios2eds/bin/gnu/h-i686-mingw32/bin/../lib/gcc/nios2-elf/4.7.3/../../../../../H-i686-mingw32/nios2-elf/lib\libc.a(lib_a-stdio.o)
 .comment       0x00000000       0x24 c:/altera/13.1/nios2eds/bin/gnu/h-i686-mingw32/bin/../lib/gcc/nios2-elf/4.7.3/../../../../../H-i686-mingw32/nios2-elf/lib\libc.a(lib_a-writer.o)
 .comment       0x00000000       0x24 c:/altera/13.1/nios2eds/bin/gnu/h-i686-mingw32/bin/../lib/gcc/nios2-elf/4.7.3/../../../../../H-i686-mingw32/nios2-elf/lib\libc.a(lib_a-closer.o)
 .comment       0x00000000       0x24 c:/altera/13.1/nios2eds/bin/gnu/h-i686-mingw32/bin/../lib/gcc/nios2-elf/4.7.3/../../../../../H-i686-mingw32/nios2-elf/lib\libc.a(lib_a-fclose.o)
 .comment       0x00000000       0x24 c:/altera/13.1/nios2eds/bin/gnu/h-i686-mingw32/bin/../lib/gcc/nios2-elf/4.7.3/../../../../../H-i686-mingw32/nios2-elf/lib\libc.a(lib_a-fstatr.o)
 .comment       0x00000000       0x24 c:/altera/13.1/nios2eds/bin/gnu/h-i686-mingw32/bin/../lib/gcc/nios2-elf/4.7.3/../../../../../H-i686-mingw32/nios2-elf/lib\libc.a(lib_a-isattyr.o)
 .comment       0x00000000       0x24 c:/altera/13.1/nios2eds/bin/gnu/h-i686-mingw32/bin/../lib/gcc/nios2-elf/4.7.3/../../../../../H-i686-mingw32/nios2-elf/lib\libc.a(lib_a-lseekr.o)
 .comment       0x00000000       0x24 c:/altera/13.1/nios2eds/bin/gnu/h-i686-mingw32/bin/../lib/gcc/nios2-elf/4.7.3/../../../../../H-i686-mingw32/nios2-elf/lib\libc.a(lib_a-readr.o)
 .comment       0x00000000       0x24 ../UcosiiBSP_for_cpu_s1/\libucosii_bsp.a(alt_close.o)
 .comment       0x00000000       0x24 ../UcosiiBSP_for_cpu_s1/\libucosii_bsp.a(alt_dev.o)
 .comment       0x00000000       0x24 ../UcosiiBSP_for_cpu_s1/\libucosii_bsp.a(alt_errno.o)
 .comment       0x00000000       0x24 ../UcosiiBSP_for_cpu_s1/\libucosii_bsp.a(alt_fstat.o)
 .comment       0x00000000       0x24 ../UcosiiBSP_for_cpu_s1/\libucosii_bsp.a(alt_isatty.o)
 .comment       0x00000000       0x24 ../UcosiiBSP_for_cpu_s1/\libucosii_bsp.a(alt_load.o)
 .comment       0x00000000       0x24 ../UcosiiBSP_for_cpu_s1/\libucosii_bsp.a(alt_lseek.o)
 .comment       0x00000000       0x24 ../UcosiiBSP_for_cpu_s1/\libucosii_bsp.a(alt_main.o)
 .comment       0x00000000       0x24 ../UcosiiBSP_for_cpu_s1/\libucosii_bsp.a(alt_read.o)
 .comment       0x00000000       0x24 ../UcosiiBSP_for_cpu_s1/\libucosii_bsp.a(alt_release_fd.o)
 .comment       0x00000000       0x24 ../UcosiiBSP_for_cpu_s1/\libucosii_bsp.a(alt_sbrk.o)
 .comment       0x00000000       0x24 ../UcosiiBSP_for_cpu_s1/\libucosii_bsp.a(alt_write.o)
 .comment       0x00000000       0x24 ../UcosiiBSP_for_cpu_s1/\libucosii_bsp.a(alt_env_lock.o)
 .comment       0x00000000       0x24 ../UcosiiBSP_for_cpu_s1/\libucosii_bsp.a(alt_malloc_lock.o)
 .comment       0x00000000       0x24 ../UcosiiBSP_for_cpu_s1/\libucosii_bsp.a(os_core.o)
 .comment       0x00000000       0x24 ../UcosiiBSP_for_cpu_s1/\libucosii_bsp.a(os_dbg.o)
 .comment       0x00000000       0x24 ../UcosiiBSP_for_cpu_s1/\libucosii_bsp.a(os_flag.o)
 .comment       0x00000000       0x24 ../UcosiiBSP_for_cpu_s1/\libucosii_bsp.a(os_mem.o)
 .comment       0x00000000       0x24 ../UcosiiBSP_for_cpu_s1/\libucosii_bsp.a(os_q.o)
 .comment       0x00000000       0x24 ../UcosiiBSP_for_cpu_s1/\libucosii_bsp.a(os_sem.o)
 .comment       0x00000000       0x24 ../UcosiiBSP_for_cpu_s1/\libucosii_bsp.a(os_task.o)
 .comment       0x00000000       0x24 ../UcosiiBSP_for_cpu_s1/\libucosii_bsp.a(os_time.o)
 .comment       0x00000000       0x24 ../UcosiiBSP_for_cpu_s1/\libucosii_bsp.a(alt_sys_init.o)
 .comment       0x00000000       0x24 ../UcosiiBSP_for_cpu_s1/\libucosii_bsp.a(altera_avalon_jtag_uart_fd.o)
 .comment       0x00000000       0x24 ../UcosiiBSP_for_cpu_s1/\libucosii_bsp.a(altera_avalon_jtag_uart_init.o)
 .comment       0x00000000       0x24 ../UcosiiBSP_for_cpu_s1/\libucosii_bsp.a(altera_avalon_jtag_uart_ioctl.o)
 .comment       0x00000000       0x24 ../UcosiiBSP_for_cpu_s1/\libucosii_bsp.a(altera_avalon_jtag_uart_read.o)
 .comment       0x00000000       0x24 ../UcosiiBSP_for_cpu_s1/\libucosii_bsp.a(altera_avalon_jtag_uart_write.o)
 .comment       0x00000000       0x24 ../UcosiiBSP_for_cpu_s1/\libucosii_bsp.a(altera_avalon_timer_sc.o)
 .comment       0x00000000       0x24 ../UcosiiBSP_for_cpu_s1/\libucosii_bsp.a(alt_alarm_start.o)
 .comment       0x00000000       0x24 ../UcosiiBSP_for_cpu_s1/\libucosii_bsp.a(alt_dcache_flush_all.o)
 .comment       0x00000000       0x24 ../UcosiiBSP_for_cpu_s1/\libucosii_bsp.a(alt_dev_llist_insert.o)
 .comment       0x00000000       0x24 ../UcosiiBSP_for_cpu_s1/\libucosii_bsp.a(alt_do_ctors.o)
 .comment       0x00000000       0x24 ../UcosiiBSP_for_cpu_s1/\libucosii_bsp.a(alt_do_dtors.o)
 .comment       0x00000000       0x24 ../UcosiiBSP_for_cpu_s1/\libucosii_bsp.a(alt_icache_flush_all.o)
 .comment       0x00000000       0x24 ../UcosiiBSP_for_cpu_s1/\libucosii_bsp.a(alt_io_redirect.o)
 .comment       0x00000000       0x24 ../UcosiiBSP_for_cpu_s1/\libucosii_bsp.a(alt_irq_register.o)
 .comment       0x00000000       0x24 ../UcosiiBSP_for_cpu_s1/\libucosii_bsp.a(alt_irq_vars.o)
 .comment       0x00000000       0x24 ../UcosiiBSP_for_cpu_s1/\libucosii_bsp.a(alt_open.o)
 .comment       0x00000000       0x24 ../UcosiiBSP_for_cpu_s1/\libucosii_bsp.a(alt_tick.o)
 .comment       0x00000000       0x24 ../UcosiiBSP_for_cpu_s1/\libucosii_bsp.a(altera_nios2_qsys_irq.o)
 .comment       0x00000000       0x24 ../UcosiiBSP_for_cpu_s1/\libucosii_bsp.a(os_cpu_c.o)
 .comment       0x00000000       0x24 ../UcosiiBSP_for_cpu_s1/\libucosii_bsp.a(alt_find_dev.o)
 .comment       0x00000000       0x24 ../UcosiiBSP_for_cpu_s1/\libucosii_bsp.a(alt_find_file.o)
 .comment       0x00000000       0x24 ../UcosiiBSP_for_cpu_s1/\libucosii_bsp.a(alt_get_fd.o)
 .comment       0x00000000       0x24 ../UcosiiBSP_for_cpu_s1/\libucosii_bsp.a(alt_icache_flush.o)
 .comment       0x00000000       0x24 ../UcosiiBSP_for_cpu_s1/\libucosii_bsp.a(alt_irq_handler.o)
 .comment       0x00000000       0x24 c:/altera/13.1/nios2eds/bin/gnu/h-i686-mingw32/bin/../lib/gcc/nios2-elf/4.7.3/../../../../../H-i686-mingw32/nios2-elf/lib\libc.a(lib_a-atexit.o)
 .comment       0x00000000       0x24 c:/altera/13.1/nios2eds/bin/gnu/h-i686-mingw32/bin/../lib/gcc/nios2-elf/4.7.3/../../../../../H-i686-mingw32/nios2-elf/lib\libc.a(lib_a-exit.o)
 .comment       0x00000000       0x24 c:/altera/13.1/nios2eds/bin/gnu/h-i686-mingw32/bin/../lib/gcc/nios2-elf/4.7.3/../../../../../H-i686-mingw32/nios2-elf/lib\libc.a(lib_a-memcmp.o)
 .comment       0x00000000       0x24 c:/altera/13.1/nios2eds/bin/gnu/h-i686-mingw32/bin/../lib/gcc/nios2-elf/4.7.3/../../../../../H-i686-mingw32/nios2-elf/lib\libc.a(lib_a-__atexit.o)
 .comment       0x00000000       0x24 c:/altera/13.1/nios2eds/bin/gnu/h-i686-mingw32/bin/../lib/gcc/nios2-elf/4.7.3/../../../../../H-i686-mingw32/nios2-elf/lib\libc.a(lib_a-__call_atexit.o)
 .comment       0x00000000       0x24 c:/altera/13.1/nios2eds/bin/gnu/h-i686-mingw32/bin/../lib/gcc/nios2-elf/4.7.3\libgcc.a(_fixunsdfsi.o)
 .comment       0x00000000       0x24 c:/altera/13.1/nios2eds/bin/gnu/h-i686-mingw32/bin/../lib/gcc/nios2-elf/4.7.3\libgcc.a(_addsub_df.o)
 .comment       0x00000000       0x24 c:/altera/13.1/nios2eds/bin/gnu/h-i686-mingw32/bin/../lib/gcc/nios2-elf/4.7.3\libgcc.a(_mul_df.o)
 .comment       0x00000000       0x24 c:/altera/13.1/nios2eds/bin/gnu/h-i686-mingw32/bin/../lib/gcc/nios2-elf/4.7.3\libgcc.a(_div_df.o)
 .comment       0x00000000       0x24 c:/altera/13.1/nios2eds/bin/gnu/h-i686-mingw32/bin/../lib/gcc/nios2-elf/4.7.3\libgcc.a(_ge_df.o)
 .comment       0x00000000       0x24 c:/altera/13.1/nios2eds/bin/gnu/h-i686-mingw32/bin/../lib/gcc/nios2-elf/4.7.3\libgcc.a(_df_to_si.o)
 .comment       0x00000000       0x24 c:/altera/13.1/nios2eds/bin/gnu/h-i686-mingw32/bin/../lib/gcc/nios2-elf/4.7.3\libgcc.a(_thenan_df.o)
 .comment       0x00000000       0x24 c:/altera/13.1/nios2eds/bin/gnu/h-i686-mingw32/bin/../lib/gcc/nios2-elf/4.7.3\libgcc.a(_usi_to_df.o)
 .comment       0x00000000       0x24 c:/altera/13.1/nios2eds/bin/gnu/h-i686-mingw32/bin/../lib/gcc/nios2-elf/4.7.3\libgcc.a(lib2-divmod.o)
 .comment       0x00000000       0x24 c:/altera/13.1/nios2eds/bin/gnu/h-i686-mingw32/bin/../lib/gcc/nios2-elf/4.7.3\libgcc.a(_muldi3.o)
 .comment       0x00000000       0x24 c:/altera/13.1/nios2eds/bin/gnu/h-i686-mingw32/bin/../lib/gcc/nios2-elf/4.7.3\libgcc.a(_clzsi2.o)
 .comment       0x00000000       0x24 c:/altera/13.1/nios2eds/bin/gnu/h-i686-mingw32/bin/../lib/gcc/nios2-elf/4.7.3\libgcc.a(_pack_df.o)
 .comment       0x00000000       0x24 c:/altera/13.1/nios2eds/bin/gnu/h-i686-mingw32/bin/../lib/gcc/nios2-elf/4.7.3\libgcc.a(_unpack_df.o)
 .comment       0x00000000       0x24 c:/altera/13.1/nios2eds/bin/gnu/h-i686-mingw32/bin/../lib/gcc/nios2-elf/4.7.3\libgcc.a(_fpcmp_parts_df.o)
 .comment       0x00000000       0x24 c:/altera/13.1/nios2eds/bin/gnu/h-i686-mingw32/bin/../lib/gcc/nios2-elf/4.7.3\libgcc.a(_lshrdi3.o)
 .comment       0x00000000       0x24 c:/altera/13.1/nios2eds/bin/gnu/h-i686-mingw32/bin/../lib/gcc/nios2-elf/4.7.3\libgcc.a(_ashldi3.o)
 .comment       0x00000000       0x24 c:/altera/13.1/nios2eds/bin/gnu/h-i686-mingw32/bin/../lib/gcc/nios2-elf/4.7.3\libgcc.a(_clz.o)
 .comment       0x00000000       0x24 ../UcosiiBSP_for_cpu_s1/\libucosii_bsp.a(alt_exit.o)

.debug
 *(.debug)

.line
 *(.line)

.debug_srcinfo
 *(.debug_srcinfo)

.debug_sfnames
 *(.debug_sfnames)

.debug_aranges  0x00000000      0xca0
 *(.debug_aranges)
 .debug_aranges
                0x00000000       0x28 ../UcosiiBSP_for_cpu_s1//obj/HAL/src/crt0.o
 .debug_aranges
                0x00000028       0x20 obj/default/hello_ucosii.o
 .debug_aranges
                0x00000048       0x20 c:/altera/13.1/nios2eds/bin/gnu/h-i686-mingw32/bin/../lib/gcc/nios2-elf/4.7.3/../../../../../H-i686-mingw32/nios2-elf/lib\libc.a(lib_a-puts.o)
 .debug_aranges
                0x00000068       0x20 c:/altera/13.1/nios2eds/bin/gnu/h-i686-mingw32/bin/../lib/gcc/nios2-elf/4.7.3/../../../../../H-i686-mingw32/nios2-elf/lib\libc.a(lib_a-strlen.o)
 .debug_aranges
                0x00000088       0x20 c:/altera/13.1/nios2eds/bin/gnu/h-i686-mingw32/bin/../lib/gcc/nios2-elf/4.7.3/../../../../../H-i686-mingw32/nios2-elf/lib\libc.a(lib_a-fvwrite.o)
 .debug_aranges
                0x000000a8       0x18 c:/altera/13.1/nios2eds/bin/gnu/h-i686-mingw32/bin/../lib/gcc/nios2-elf/4.7.3/../../../../../H-i686-mingw32/nios2-elf/lib\libc.a(lib_a-impure.o)
 .debug_aranges
                0x000000c0       0x20 c:/altera/13.1/nios2eds/bin/gnu/h-i686-mingw32/bin/../lib/gcc/nios2-elf/4.7.3/../../../../../H-i686-mingw32/nios2-elf/lib\libc.a(lib_a-mallocr.o)
 .debug_aranges
                0x000000e0       0x20 c:/altera/13.1/nios2eds/bin/gnu/h-i686-mingw32/bin/../lib/gcc/nios2-elf/4.7.3/../../../../../H-i686-mingw32/nios2-elf/lib\libc.a(lib_a-memchr.o)
 .debug_aranges
                0x00000100       0x20 c:/altera/13.1/nios2eds/bin/gnu/h-i686-mingw32/bin/../lib/gcc/nios2-elf/4.7.3/../../../../../H-i686-mingw32/nios2-elf/lib\libc.a(lib_a-memcpy.o)
 .debug_aranges
                0x00000120       0x20 c:/altera/13.1/nios2eds/bin/gnu/h-i686-mingw32/bin/../lib/gcc/nios2-elf/4.7.3/../../../../../H-i686-mingw32/nios2-elf/lib\libc.a(lib_a-memmove.o)
 .debug_aranges
                0x00000140       0x20 c:/altera/13.1/nios2eds/bin/gnu/h-i686-mingw32/bin/../lib/gcc/nios2-elf/4.7.3/../../../../../H-i686-mingw32/nios2-elf/lib\libc.a(lib_a-reallocr.o)
 .debug_aranges
                0x00000160       0x20 c:/altera/13.1/nios2eds/bin/gnu/h-i686-mingw32/bin/../lib/gcc/nios2-elf/4.7.3/../../../../../H-i686-mingw32/nios2-elf/lib\libc.a(lib_a-sbrkr.o)
 .debug_aranges
                0x00000180       0x20 c:/altera/13.1/nios2eds/bin/gnu/h-i686-mingw32/bin/../lib/gcc/nios2-elf/4.7.3/../../../../../H-i686-mingw32/nios2-elf/lib\libc.a(lib_a-wsetup.o)
 .debug_aranges
                0x000001a0       0x20 c:/altera/13.1/nios2eds/bin/gnu/h-i686-mingw32/bin/../lib/gcc/nios2-elf/4.7.3/../../../../../H-i686-mingw32/nios2-elf/lib\libc.a(lib_a-fflush.o)
 .debug_aranges
                0x000001c0       0x20 c:/altera/13.1/nios2eds/bin/gnu/h-i686-mingw32/bin/../lib/gcc/nios2-elf/4.7.3/../../../../../H-i686-mingw32/nios2-elf/lib\libc.a(lib_a-findfp.o)
 .debug_aranges
                0x000001e0       0x20 c:/altera/13.1/nios2eds/bin/gnu/h-i686-mingw32/bin/../lib/gcc/nios2-elf/4.7.3/../../../../../H-i686-mingw32/nios2-elf/lib\libc.a(lib_a-freer.o)
 .debug_aranges
                0x00000200       0x20 c:/altera/13.1/nios2eds/bin/gnu/h-i686-mingw32/bin/../lib/gcc/nios2-elf/4.7.3/../../../../../H-i686-mingw32/nios2-elf/lib\libc.a(lib_a-fwalk.o)
 .debug_aranges
                0x00000220       0x18 c:/altera/13.1/nios2eds/bin/gnu/h-i686-mingw32/bin/../lib/gcc/nios2-elf/4.7.3/../../../../../H-i686-mingw32/nios2-elf/lib\libc.a(lib_a-int_errno.o)
 .debug_aranges
                0x00000238       0x20 c:/altera/13.1/nios2eds/bin/gnu/h-i686-mingw32/bin/../lib/gcc/nios2-elf/4.7.3/../../../../../H-i686-mingw32/nios2-elf/lib\libc.a(lib_a-makebuf.o)
 .debug_aranges
                0x00000258       0x20 c:/altera/13.1/nios2eds/bin/gnu/h-i686-mingw32/bin/../lib/gcc/nios2-elf/4.7.3/../../../../../H-i686-mingw32/nios2-elf/lib\libc.a(lib_a-memset.o)
 .debug_aranges
                0x00000278       0x20 c:/altera/13.1/nios2eds/bin/gnu/h-i686-mingw32/bin/../lib/gcc/nios2-elf/4.7.3/../../../../../H-i686-mingw32/nios2-elf/lib\libc.a(lib_a-stdio.o)
 .debug_aranges
                0x00000298       0x20 c:/altera/13.1/nios2eds/bin/gnu/h-i686-mingw32/bin/../lib/gcc/nios2-elf/4.7.3/../../../../../H-i686-mingw32/nios2-elf/lib\libc.a(lib_a-writer.o)
 .debug_aranges
                0x000002b8       0x20 c:/altera/13.1/nios2eds/bin/gnu/h-i686-mingw32/bin/../lib/gcc/nios2-elf/4.7.3/../../../../../H-i686-mingw32/nios2-elf/lib\libc.a(lib_a-closer.o)
 .debug_aranges
                0x000002d8       0x20 c:/altera/13.1/nios2eds/bin/gnu/h-i686-mingw32/bin/../lib/gcc/nios2-elf/4.7.3/../../../../../H-i686-mingw32/nios2-elf/lib\libc.a(lib_a-fclose.o)
 .debug_aranges
                0x000002f8       0x20 c:/altera/13.1/nios2eds/bin/gnu/h-i686-mingw32/bin/../lib/gcc/nios2-elf/4.7.3/../../../../../H-i686-mingw32/nios2-elf/lib\libc.a(lib_a-fstatr.o)
 .debug_aranges
                0x00000318       0x20 c:/altera/13.1/nios2eds/bin/gnu/h-i686-mingw32/bin/../lib/gcc/nios2-elf/4.7.3/../../../../../H-i686-mingw32/nios2-elf/lib\libc.a(lib_a-isattyr.o)
 .debug_aranges
                0x00000338       0x20 c:/altera/13.1/nios2eds/bin/gnu/h-i686-mingw32/bin/../lib/gcc/nios2-elf/4.7.3/../../../../../H-i686-mingw32/nios2-elf/lib\libc.a(lib_a-lseekr.o)
 .debug_aranges
                0x00000358       0x20 c:/altera/13.1/nios2eds/bin/gnu/h-i686-mingw32/bin/../lib/gcc/nios2-elf/4.7.3/../../../../../H-i686-mingw32/nios2-elf/lib\libc.a(lib_a-readr.o)
 .debug_aranges
                0x00000378       0x20 ../UcosiiBSP_for_cpu_s1/\libucosii_bsp.a(alt_close.o)
 .debug_aranges
                0x00000398       0x20 ../UcosiiBSP_for_cpu_s1/\libucosii_bsp.a(alt_dev.o)
 .debug_aranges
                0x000003b8       0x18 ../UcosiiBSP_for_cpu_s1/\libucosii_bsp.a(alt_errno.o)
 .debug_aranges
                0x000003d0       0x20 ../UcosiiBSP_for_cpu_s1/\libucosii_bsp.a(alt_fstat.o)
 .debug_aranges
                0x000003f0       0x20 ../UcosiiBSP_for_cpu_s1/\libucosii_bsp.a(alt_isatty.o)
 .debug_aranges
                0x00000410       0x20 ../UcosiiBSP_for_cpu_s1/\libucosii_bsp.a(alt_load.o)
 .debug_aranges
                0x00000430       0x20 ../UcosiiBSP_for_cpu_s1/\libucosii_bsp.a(alt_lseek.o)
 .debug_aranges
                0x00000450       0x20 ../UcosiiBSP_for_cpu_s1/\libucosii_bsp.a(alt_main.o)
 .debug_aranges
                0x00000470       0x20 ../UcosiiBSP_for_cpu_s1/\libucosii_bsp.a(alt_read.o)
 .debug_aranges
                0x00000490       0x20 ../UcosiiBSP_for_cpu_s1/\libucosii_bsp.a(alt_release_fd.o)
 .debug_aranges
                0x000004b0       0x20 ../UcosiiBSP_for_cpu_s1/\libucosii_bsp.a(alt_sbrk.o)
 .debug_aranges
                0x000004d0       0x20 ../UcosiiBSP_for_cpu_s1/\libucosii_bsp.a(alt_write.o)
 .debug_aranges
                0x000004f0       0x20 ../UcosiiBSP_for_cpu_s1/\libucosii_bsp.a(alt_env_lock.o)
 .debug_aranges
                0x00000510       0x20 ../UcosiiBSP_for_cpu_s1/\libucosii_bsp.a(alt_malloc_lock.o)
 .debug_aranges
                0x00000530       0x20 ../UcosiiBSP_for_cpu_s1/\libucosii_bsp.a(os_core.o)
 .debug_aranges
                0x00000550       0x20 ../UcosiiBSP_for_cpu_s1/\libucosii_bsp.a(os_dbg.o)
 .debug_aranges
                0x00000570       0x20 ../UcosiiBSP_for_cpu_s1/\libucosii_bsp.a(os_flag.o)
 .debug_aranges
                0x00000590       0x20 ../UcosiiBSP_for_cpu_s1/\libucosii_bsp.a(os_mem.o)
 .debug_aranges
                0x000005b0       0x20 ../UcosiiBSP_for_cpu_s1/\libucosii_bsp.a(os_q.o)
 .debug_aranges
                0x000005d0       0x20 ../UcosiiBSP_for_cpu_s1/\libucosii_bsp.a(os_sem.o)
 .debug_aranges
                0x000005f0       0x20 ../UcosiiBSP_for_cpu_s1/\libucosii_bsp.a(os_task.o)
 .debug_aranges
                0x00000610       0x20 ../UcosiiBSP_for_cpu_s1/\libucosii_bsp.a(os_time.o)
 .debug_aranges
                0x00000630       0x20 ../UcosiiBSP_for_cpu_s1/\libucosii_bsp.a(alt_sys_init.o)
 .debug_aranges
                0x00000650       0x20 ../UcosiiBSP_for_cpu_s1/\libucosii_bsp.a(altera_avalon_jtag_uart_fd.o)
 .debug_aranges
                0x00000670       0x20 ../UcosiiBSP_for_cpu_s1/\libucosii_bsp.a(altera_avalon_jtag_uart_init.o)
 .debug_aranges
                0x00000690       0x20 ../UcosiiBSP_for_cpu_s1/\libucosii_bsp.a(altera_avalon_jtag_uart_ioctl.o)
 .debug_aranges
                0x000006b0       0x20 ../UcosiiBSP_for_cpu_s1/\libucosii_bsp.a(altera_avalon_jtag_uart_read.o)
 .debug_aranges
                0x000006d0       0x20 ../UcosiiBSP_for_cpu_s1/\libucosii_bsp.a(altera_avalon_jtag_uart_write.o)
 .debug_aranges
                0x000006f0       0x20 ../UcosiiBSP_for_cpu_s1/\libucosii_bsp.a(altera_avalon_timer_sc.o)
 .debug_aranges
                0x00000710       0x20 ../UcosiiBSP_for_cpu_s1/\libucosii_bsp.a(alt_alarm_start.o)
 .debug_aranges
                0x00000730       0x20 ../UcosiiBSP_for_cpu_s1/\libucosii_bsp.a(alt_dcache_flush_all.o)
 .debug_aranges
                0x00000750       0x20 ../UcosiiBSP_for_cpu_s1/\libucosii_bsp.a(alt_dev_llist_insert.o)
 .debug_aranges
                0x00000770       0x20 ../UcosiiBSP_for_cpu_s1/\libucosii_bsp.a(alt_do_ctors.o)
 .debug_aranges
                0x00000790       0x20 ../UcosiiBSP_for_cpu_s1/\libucosii_bsp.a(alt_do_dtors.o)
 .debug_aranges
                0x000007b0       0x20 ../UcosiiBSP_for_cpu_s1/\libucosii_bsp.a(alt_icache_flush_all.o)
 .debug_aranges
                0x000007d0       0x20 ../UcosiiBSP_for_cpu_s1/\libucosii_bsp.a(alt_io_redirect.o)
 .debug_aranges
                0x000007f0       0x20 ../UcosiiBSP_for_cpu_s1/\libucosii_bsp.a(alt_irq_register.o)
 .debug_aranges
                0x00000810       0x18 ../UcosiiBSP_for_cpu_s1/\libucosii_bsp.a(alt_irq_vars.o)
 .debug_aranges
                0x00000828       0x20 ../UcosiiBSP_for_cpu_s1/\libucosii_bsp.a(alt_open.o)
 .debug_aranges
                0x00000848       0x20 ../UcosiiBSP_for_cpu_s1/\libucosii_bsp.a(alt_tick.o)
 .debug_aranges
                0x00000868       0x20 ../UcosiiBSP_for_cpu_s1/\libucosii_bsp.a(altera_nios2_qsys_irq.o)
 .debug_aranges
                0x00000888       0x20 ../UcosiiBSP_for_cpu_s1/\libucosii_bsp.a(os_cpu_a.o)
 .debug_aranges
                0x000008a8       0x20 ../UcosiiBSP_for_cpu_s1/\libucosii_bsp.a(os_cpu_c.o)
 .debug_aranges
                0x000008c8       0x20 ../UcosiiBSP_for_cpu_s1/\libucosii_bsp.a(alt_find_dev.o)
 .debug_aranges
                0x000008e8       0x20 ../UcosiiBSP_for_cpu_s1/\libucosii_bsp.a(alt_find_file.o)
 .debug_aranges
                0x00000908       0x20 ../UcosiiBSP_for_cpu_s1/\libucosii_bsp.a(alt_get_fd.o)
 .debug_aranges
                0x00000928       0x20 ../UcosiiBSP_for_cpu_s1/\libucosii_bsp.a(alt_icache_flush.o)
 .debug_aranges
                0x00000948       0x30 ../UcosiiBSP_for_cpu_s1/\libucosii_bsp.a(alt_irq_entry.o)
 .debug_aranges
                0x00000978       0x20 ../UcosiiBSP_for_cpu_s1/\libucosii_bsp.a(alt_irq_handler.o)
 .debug_aranges
                0x00000998       0x38 ../UcosiiBSP_for_cpu_s1/\libucosii_bsp.a(alt_exception_entry.o)
 .debug_aranges