Archive member included because of file (symbol)

c:/altera/13.1/nios2eds/bin/gnu/h-i686-mingw32/bin/../lib/gcc/nios2-elf/4.7.3/../../../../../H-i686-mingw32/nios2-elf/lib\libc.a(lib_a-printf.o)
                              obj/default/main.o (printf)
c:/altera/13.1/nios2eds/bin/gnu/h-i686-mingw32/bin/../lib/gcc/nios2-elf/4.7.3/../../../../../H-i686-mingw32/nios2-elf/lib\libc.a(lib_a-vfprintf.o)
                              c:/altera/13.1/nios2eds/bin/gnu/h-i686-mingw32/bin/../lib/gcc/nios2-elf/4.7.3/../../../../../H-i686-mingw32/nios2-elf/lib\libc.a(lib_a-printf.o) (___vfprintf_internal_r)
c:/altera/13.1/nios2eds/bin/gnu/h-i686-mingw32/bin/../lib/gcc/nios2-elf/4.7.3/../../../../../H-i686-mingw32/nios2-elf/lib\libc.a(lib_a-wsetup.o)
                              c:/altera/13.1/nios2eds/bin/gnu/h-i686-mingw32/bin/../lib/gcc/nios2-elf/4.7.3/../../../../../H-i686-mingw32/nios2-elf/lib\libc.a(lib_a-vfprintf.o) (__swsetup_r)
c:/altera/13.1/nios2eds/bin/gnu/h-i686-mingw32/bin/../lib/gcc/nios2-elf/4.7.3/../../../../../H-i686-mingw32/nios2-elf/lib\libc.a(lib_a-dtoa.o)
                              c:/altera/13.1/nios2eds/bin/gnu/h-i686-mingw32/bin/../lib/gcc/nios2-elf/4.7.3/../../../../../H-i686-mingw32/nios2-elf/lib\libc.a(lib_a-vfprintf.o) (_dtoa_r)
c:/altera/13.1/nios2eds/bin/gnu/h-i686-mingw32/bin/../lib/gcc/nios2-elf/4.7.3/../../../../../H-i686-mingw32/nios2-elf/lib\libc.a(lib_a-fflush.o)
                              c:/altera/13.1/nios2eds/bin/gnu/h-i686-mingw32/bin/../lib/gcc/nios2-elf/4.7.3/../../../../../H-i686-mingw32/nios2-elf/lib\libc.a(lib_a-vfprintf.o) (_fflush_r)
c:/altera/13.1/nios2eds/bin/gnu/h-i686-mingw32/bin/../lib/gcc/nios2-elf/4.7.3/../../../../../H-i686-mingw32/nios2-elf/lib\libc.a(lib_a-findfp.o)
                              c:/altera/13.1/nios2eds/bin/gnu/h-i686-mingw32/bin/../lib/gcc/nios2-elf/4.7.3/../../../../../H-i686-mingw32/nios2-elf/lib\libc.a(lib_a-vfprintf.o) (__sinit)
c:/altera/13.1/nios2eds/bin/gnu/h-i686-mingw32/bin/../lib/gcc/nios2-elf/4.7.3/../../../../../H-i686-mingw32/nios2-elf/lib\libc.a(lib_a-freer.o)
                              c:/altera/13.1/nios2eds/bin/gnu/h-i686-mingw32/bin/../lib/gcc/nios2-elf/4.7.3/../../../../../H-i686-mingw32/nios2-elf/lib\libc.a(lib_a-wsetup.o) (_free_r)
c:/altera/13.1/nios2eds/bin/gnu/h-i686-mingw32/bin/../lib/gcc/nios2-elf/4.7.3/../../../../../H-i686-mingw32/nios2-elf/lib\libc.a(lib_a-fvwrite.o)
                              c:/altera/13.1/nios2eds/bin/gnu/h-i686-mingw32/bin/../lib/gcc/nios2-elf/4.7.3/../../../../../H-i686-mingw32/nios2-elf/lib\libc.a(lib_a-vfprintf.o) (__sfvwrite_r)
c:/altera/13.1/nios2eds/bin/gnu/h-i686-mingw32/bin/../lib/gcc/nios2-elf/4.7.3/../../../../../H-i686-mingw32/nios2-elf/lib\libc.a(lib_a-fwalk.o)
                              c:/altera/13.1/nios2eds/bin/gnu/h-i686-mingw32/bin/../lib/gcc/nios2-elf/4.7.3/../../../../../H-i686-mingw32/nios2-elf/lib\libc.a(lib_a-findfp.o) (_fwalk)
c:/altera/13.1/nios2eds/bin/gnu/h-i686-mingw32/bin/../lib/gcc/nios2-elf/4.7.3/../../../../../H-i686-mingw32/nios2-elf/lib\libc.a(lib_a-impure.o)
                              c:/altera/13.1/nios2eds/bin/gnu/h-i686-mingw32/bin/../lib/gcc/nios2-elf/4.7.3/../../../../../H-i686-mingw32/nios2-elf/lib\libc.a(lib_a-fflush.o) (_global_impure_ptr)
c:/altera/13.1/nios2eds/bin/gnu/h-i686-mingw32/bin/../lib/gcc/nios2-elf/4.7.3/../../../../../H-i686-mingw32/nios2-elf/lib\libc.a(lib_a-locale.o)
                              c:/altera/13.1/nios2eds/bin/gnu/h-i686-mingw32/bin/../lib/gcc/nios2-elf/4.7.3/../../../../../H-i686-mingw32/nios2-elf/lib\libc.a(lib_a-vfprintf.o) (_localeconv_r)
c:/altera/13.1/nios2eds/bin/gnu/h-i686-mingw32/bin/../lib/gcc/nios2-elf/4.7.3/../../../../../H-i686-mingw32/nios2-elf/lib\libc.a(lib_a-makebuf.o)
                              c:/altera/13.1/nios2eds/bin/gnu/h-i686-mingw32/bin/../lib/gcc/nios2-elf/4.7.3/../../../../../H-i686-mingw32/nios2-elf/lib\libc.a(lib_a-wsetup.o) (__smakebuf_r)
c:/altera/13.1/nios2eds/bin/gnu/h-i686-mingw32/bin/../lib/gcc/nios2-elf/4.7.3/../../../../../H-i686-mingw32/nios2-elf/lib\libc.a(lib_a-mallocr.o)
                              c:/altera/13.1/nios2eds/bin/gnu/h-i686-mingw32/bin/../lib/gcc/nios2-elf/4.7.3/../../../../../H-i686-mingw32/nios2-elf/lib\libc.a(lib_a-findfp.o) (_malloc_r)
c:/altera/13.1/nios2eds/bin/gnu/h-i686-mingw32/bin/../lib/gcc/nios2-elf/4.7.3/../../../../../H-i686-mingw32/nios2-elf/lib\libc.a(lib_a-memchr.o)
                              c:/altera/13.1/nios2eds/bin/gnu/h-i686-mingw32/bin/../lib/gcc/nios2-elf/4.7.3/../../../../../H-i686-mingw32/nios2-elf/lib\libc.a(lib_a-vfprintf.o) (memchr)
c:/altera/13.1/nios2eds/bin/gnu/h-i686-mingw32/bin/../lib/gcc/nios2-elf/4.7.3/../../../../../H-i686-mingw32/nios2-elf/lib\libc.a(lib_a-memcpy.o)
                              c:/altera/13.1/nios2eds/bin/gnu/h-i686-mingw32/bin/../lib/gcc/nios2-elf/4.7.3/../../../../../H-i686-mingw32/nios2-elf/lib\libc.a(lib_a-dtoa.o) (memcpy)
[...]
Memory Configuration

Name             Origin             Length             Attributes
reset            0x00000000         0x00000020
sdram            0x00000020         0x03ffffe0
*default*        0x00000000         0xffffffff

Linker script and memory map

LOAD ../BSP_CPU_S0_V01//obj/HAL/src/crt0.o
LOAD obj/default/main.o
LOAD c:/altera/13.1/nios2eds/bin/gnu/h-i686-mingw32/bin/../lib/gcc/nios2-elf/4.7.3/../../../../../H-i686-mingw32/nios2-elf/lib\libstdc++.a
LOAD c:/altera/13.1/nios2eds/bin/gnu/h-i686-mingw32/bin/../lib/gcc/nios2-elf/4.7.3/../../../../../H-i686-mingw32/nios2-elf/lib\libm.a
LOAD c:/altera/13.1/nios2eds/bin/gnu/h-i686-mingw32/bin/../lib/gcc/nios2-elf/4.7.3\libgcc.a
START GROUP
LOAD c:/altera/13.1/nios2eds/bin/gnu/h-i686-mingw32/bin/../lib/gcc/nios2-elf/4.7.3/../../../../../H-i686-mingw32/nios2-elf/lib\libc.a
LOAD c:/altera/13.1/nios2eds/bin/gnu/h-i686-mingw32/bin/../lib/gcc/nios2-elf/4.7.3\libgcc.a
LOAD ../BSP_CPU_S0_V01/\libucosii_bsp.a
END GROUP
LOAD c:/altera/13.1/nios2eds/bin/gnu/h-i686-mingw32/bin/../lib/gcc/nios2-elf/4.7.3\libgcc.a
                0x00000000                __alt_mem_sdram = 0x0

.entry          0x00000000       0x20
 *(.entry)
 .entry         0x00000000       0x20 ../BSP_CPU_S0_V01//obj/HAL/src/crt0.o
                0x00000000                __reset

.exceptions     0x00000020      0x1a0
                0x00000020                PROVIDE (__ram_exceptions_start, ABSOLUTE (.))
                0x00000020                . = ALIGN (0x20)
 *(.irq)
 *(.exceptions.entry.label)
 .exceptions.entry.label
                0x00000020        0x0 ../BSP_CPU_S0_V01/\libucosii_bsp.a(alt_irq_entry.o)
                0x00000020                alt_irq_entry
 .exceptions.entry.label
                0x00000020        0x0 ../BSP_CPU_S0_V01/\libucosii_bsp.a(alt_exception_entry.o)
                0x00000020                alt_exception
 *(.exceptions.entry.user)
 *(.exceptions.entry.ecc_fatal)
 *(.exceptions.entry)
 .exceptions.entry
                0x00000020       0x54 ../BSP_CPU_S0_V01/\libucosii_bsp.a(alt_exception_entry.o)
 *(.exceptions.irqtest.user)
 *(.exceptions.irqtest)
 .exceptions.irqtest
                0x00000074       0x10 ../BSP_CPU_S0_V01/\libucosii_bsp.a(alt_irq_entry.o)
 *(.exceptions.irqhandler.user)
 *(.exceptions.irqhandler)
 .exceptions.irqhandler
                0x00000084        0x4 ../BSP_CPU_S0_V01/\libucosii_bsp.a(alt_irq_entry.o)
 *(.exceptions.irqreturn.user)
 *(.exceptions.irqreturn)
 .exceptions.irqreturn
                0x00000088        0x4 ../BSP_CPU_S0_V01/\libucosii_bsp.a(alt_irq_entry.o)
 *(.exceptions.notirq.label)
 .exceptions.notirq.label
                0x0000008c        0x0 ../BSP_CPU_S0_V01/\libucosii_bsp.a(alt_irq_entry.o)
 *(.exceptions.notirq.user)
 *(.exceptions.notirq)
 .exceptions.notirq
                0x0000008c        0x8 ../BSP_CPU_S0_V01/\libucosii_bsp.a(alt_exception_entry.o)
 *(.exceptions.soft.user)
 *(.exceptions.soft)
 *(.exceptions.unknown.user)
 *(.exceptions.unknown)
 .exceptions.unknown
                0x00000094        0x4 ../BSP_CPU_S0_V01/\libucosii_bsp.a(alt_exception_entry.o)
 *(.exceptions.exit.label)
 .exceptions.exit.label
                0x00000098        0x0 ../BSP_CPU_S0_V01/\libucosii_bsp.a(alt_irq_entry.o)
 .exceptions.exit.label
                0x00000098        0x0 ../BSP_CPU_S0_V01/\libucosii_bsp.a(alt_exception_entry.o)
 *(.exceptions.exit.user)
 *(.exceptions.exit)
 .exceptions.exit
                0x00000098       0x54 ../BSP_CPU_S0_V01/\libucosii_bsp.a(alt_exception_entry.o)
 *(.exceptions)
 .exceptions    0x000000ec       0xd4 ../BSP_CPU_S0_V01/\libucosii_bsp.a(alt_irq_handler.o)
                0x000000ec                alt_irq_handler
                0x000001c0                PROVIDE (__ram_exceptions_end, ABSOLUTE (.))
                0x00000020                PROVIDE (__flash_exceptions_start, LOADADDR (.exceptions))

.text           0x000001c0    0x142ac
                0x000001c0                PROVIDE (stext, ABSOLUTE (.))
 *(.interp)
 *(.hash)
 *(.dynsym)
 *(.dynstr)
 *(.gnu.version)
 *(.gnu.version_d)
 *(.gnu.version_r)
 *(.rel.init)
 *(.rela.init)
 *(.rel.text .rel.text.* .rel.gnu.linkonce.t.*)
 *(.rela.text .rela.text.* .rela.gnu.linkonce.t.*)
 *(.rel.fini)
 *(.rela.fini)
 *(.rel.rodata .rel.rodata.* .rel.gnu.linkonce.r.*)
 *(.rela.rodata .rela.rodata.* .rela.gnu.linkonce.r.*)
 *(.rel.data .rel.data.* .rel.gnu.linkonce.d.*)
 *(.rela.data .rela.data.* .rela.gnu.linkonce.d.*)
 *(.rel.tdata .rel.tdata.* .rel.gnu.linkonce.td.*)
 *(.rela.tdata .rela.tdata.* .rela.gnu.linkonce.td.*)
 *(.rel.tbss .rel.tbss.* .rel.gnu.linkonce.tb.*)
 *(.rela.tbss .rela.tbss.* .rela.gnu.linkonce.tb.*)
 *(.rel.ctors)
 *(.rela.ctors)
 *(.rel.dtors)
 *(.rela.dtors)
 *(.rel.got)
 *(.rela.got)
 *(.rel.sdata .rel.sdata.* .rel.gnu.linkonce.s.*)
 *(.rela.sdata .rela.sdata.* .rela.gnu.linkonce.s.*)
 *(.rel.sbss .rel.sbss.* .rel.gnu.linkonce.sb.*)
 *(.rela.sbss .rela.sbss.* .rela.gnu.linkonce.sb.*)
 *(.rel.sdata2 .rel.sdata2.* .rel.gnu.linkonce.s2.*)
 *(.rela.sdata2 .rela.sdata2.* .rela.gnu.linkonce.s2.*)
 *(.rel.sbss2 .rel.sbss2.* .rel.gnu.linkonce.sb2.*)
 *(.rela.sbss2 .rela.sbss2.* .rela.gnu.linkonce.sb2.*)
 *(.rel.bss .rel.bss.* .rel.gnu.linkonce.b.*)
 *(.rela.bss .rela.bss.* .rela.gnu.linkonce.b.*)
 *(.rel.plt)
 *(.rela.plt)
 *(.rel.dyn)
 *(.init)
 *(.plt)
 *(.text .stub .text.* .gnu.linkonce.t.*)
 .text          0x000001c0       0x3c ../BSP_CPU_S0_V01//obj/HAL/src/crt0.o
                0x000001c0                _start
 .text          0x000001fc       0x38 obj/default/main.o
                0x000001fc                main
 .text          0x00000234       0x68 c:/altera/13.1/nios2eds/bin/gnu/h-i686-mingw32/bin/../lib/gcc/nios2-elf/4.7.3/../../../../../H-i686-mingw32/nios2-elf/lib\libc.a(lib_a-printf.o)
                0x00000234                _printf_r
                0x00000260                printf
 .text          0x0000029c     0x1e50 c:/altera/13.1/nios2eds/bin/gnu/h-i686-mingw32/bin/../lib/gcc/nios2-elf/4.7.3/../../../../../H-i686-mingw32/nios2-elf/lib\libc.a(lib_a-vfprintf.o)
                0x000002d0                ___vfprintf_internal_r
                0x000020c8                __vfprintf_internal
 .text          0x000020ec      0x174 c:/altera/13.1/nios2eds/bin/gnu/h-i686-mingw32/bin/../lib/gcc/nios2-elf/4.7.3/../../../../../H-i686-mingw32/nios2-elf/lib\libc.a(lib_a-wsetup.o)
                0x000020ec                __swsetup_r
 .text          0x00002260     0x1824 c:/altera/13.1/nios2eds/bin/gnu/h-i686-mingw32/bin/../lib/gcc/nios2-elf/4.7.3/../../../../../H-i686-mingw32/nios2-elf/lib\libc.a(lib_a-dtoa.o)
                0x00002468                _dtoa_r
 .text          0x00003a84      0x218 c:/altera/13.1/nios2eds/bin/gnu/h-i686-mingw32/bin/../lib/gcc/nios2-elf/4.7.3/../../../../../H-i686-mingw32/nios2-elf/lib\libc.a(lib_a-fflush.o)
                0x00003a84                _fflush_r
                0x00003c6c                fflush
 .text          0x00003c9c      0x2d8 c:/altera/13.1/nios2eds/bin/gnu/h-i686-mingw32/bin/../lib/gcc/nios2-elf/4.7.3/../../../../../H-i686-mingw32/nios2-elf/lib\libc.a(lib_a-findfp.o)
                0x00003cac                _cleanup_r
                0x00003cb8                __sfmoreglue
                0x00003d1c                _cleanup
                0x00003d2c                __sinit
                0x00003e38                __sfp
                0x00003f34                __sfp_lock_acquire
                0x00003f38                __sfp_lock_release
                0x00003f3c                __sinit_lock_acquire
                0x00003f40                __sinit_lock_release
                0x00003f44                __fp_lock_all
                0x00003f5c                __fp_unlock_all
 .text          0x00003f74      0x40c c:/altera/13.1/nios2eds/bin/gnu/h-i686-mingw32/bin/../lib/gcc/nios2-elf/4.7.3/../../../../../H-i686-mingw32/nios2-elf/lib\libc.a(lib_a-freer.o)
                0x00003f74                _malloc_trim_r
                0x000040b0                _free_r
 .text          0x00004380      0x4e4 c:/altera/13.1/nios2eds/bin/gnu/h-i686-mingw32/bin/../lib/gcc/nios2-elf/4.7.3/../../../../../H-i686-mingw32/nios2-elf/lib\libc.a(lib_a-fvwrite.o)
                0x00004380                __sfvwrite_r
 .text          0x00004864      0x160 c:/altera/13.1/nios2eds/bin/gnu/h-i686-mingw32/bin/../lib/gcc/nios2-elf/4.7.3/../../../../../H-i686-mingw32/nios2-elf/lib\libc.a(lib_a-fwalk.o)
                0x00004864                _fwalk
                0x0000490c                _fwalk_reent
 .text          0x000049c4        0x0 c:/altera/13.1/nios2eds/bin/gnu/h-i686-mingw32/bin/../lib/gcc/nios2-elf/4.7.3/../../../../../H-i686-mingw32/nios2-elf/lib\libc.a(lib_a-impure.o)
 .text          0x000049c4       0xdc c:/altera/13.1/nios2eds/bin/gnu/h-i686-mingw32/bin/../lib/gcc/nios2-elf/4.7.3/../../../../../H-i686-mingw32/nios2-elf/lib\libc.a(lib_a-locale.o)
                0x000049c4                _setlocale_r
                0x00004a60                __locale_charset
                0x00004a6c                _localeconv_r
                0x00004a78                setlocale
                0x00004a94                localeconv
 .text          0x00004aa0      0x1a8 c:/altera/13.1/nios2eds/bin/gnu/h-i686-mingw32/bin/../lib/gcc/nios2-elf/4.7.3/../../../../../H-i686-mingw32/nios2-elf/lib\libc.a(lib_a-makebuf.o)
                0x00004aa0                __smakebuf_r
 .text          0x00004c48      0x784 c:/altera/13.1/nios2eds/bin/gnu/h-i686-mingw32/bin/../lib/gcc/nios2-elf/4.7.3/../../../../../H-i686-mingw32/nios2-elf/lib\libc.a(lib_a-mallocr.o)
                0x00004c48                _malloc_r
 .text          0x000053cc       0xf8 c:/altera/13.1/nios2eds/bin/gnu/h-i686-mingw32/bin/../lib/gcc/nios2-elf/4.7.3/../../../../../H-i686-mingw32/nios2-elf/lib\libc.a(lib_a-memchr.o)
                0x000053cc                memchr
 .text          0x000054c4       0xf8 c:/altera/13.1/nios2eds/bin/gnu/h-i686-mingw32/bin/../lib/gcc/nios2-elf/4.7.3/../../../../../H-i686-mingw32/nios2-elf/lib\libc.a(lib_a-memcpy.o)
                0x000054c4                memcpy
 .text          0x000055bc      0x128 c:/altera/13.1/nios2eds/bin/gnu/h-i686-mingw32/bin/../lib/gcc/nios2-elf/4.7.3/../../../../../H-i686-mingw32/nios2-elf/lib\libc.a(lib_a-memmove.o)
                0x000055bc                memmove
 .text          0x000056e4       0xdc c:/altera/13.1/nios2eds/bin/gnu/h-i686-mingw32/bin/../lib/gcc/nios2-elf/4.7.3/../../../../../H-i686-mingw32/nios2-elf/lib\libc.a(lib_a-memset.o)
                0x000056e4                memset
 .text          0x000057c0      0xfa8 c:/altera/13.1/nios2eds/bin/gnu/h-i686-mingw32/bin/../lib/gcc/nios2-elf/4.7.3/../../../../../H-i686-mingw32/nios2-elf/lib\libc.a(lib_a-mprec.o)
                0x000057c0                _Balloc
                0x00005868                _Bfree
                0x00005890                __multadd
                0x000059a4                __s2b
                0x00005aa8                __hi0bits
                0x00005b10                __lo0bits
                0x00005bc0                __i2b
                0x00005bfc                __multiply
                0x00005ddc                __pow5mult
                0x00005f08                __lshift
                0x00006064                __mcmp
                0x000060bc                __mdiff
                0x00006264                __ulp
                0x000062c4                __b2d
                0x0000640c                __d2b
                0x00006550                __ratio
                0x000065f4                _mprec_log10
                0x00006668                __copybits
                0x000066e4                __any_on
 .text          0x00006768      0x5fc c:/altera/13.1/nios2eds/bin/gnu/h-i686-mingw32/bin/../lib/gcc/nios2-elf/4.7.3/../../../../../H-i686-mingw32/nios2-elf/lib\libc.a(lib_a-reallocr.o)
                0x00006768                _realloc_r
 .text          0x00006d64       0x38 c:/altera/13.1/nios2eds/bin/gnu/h-i686-mingw32/bin/../lib/gcc/nios2-elf/4.7.3/../../../../../H-i686-mingw32/nios2-elf/lib\libc.a(lib_a-s_isinfd.o)
                0x00006d64                __isinfd
 .text          0x00006d9c       0x2c c:/altera/13.1/nios2eds/bin/gnu/h-i686-mingw32/bin/../lib/gcc/nios2-elf/4.7.3/../../../../../H-i686-mingw32/nios2-elf/lib\libc.a(lib_a-s_isnand.o)
                0x00006d9c                __isnand
 .text          0x00006dc8       0x64 c:/altera/13.1/nios2eds/bin/gnu/h-i686-mingw32/bin/../lib/gcc/nios2-elf/4.7.3/../../../../../H-i686-mingw32/nios2-elf/lib\libc.a(lib_a-sbrkr.o)
                0x00006dc8                _sbrk_r
 .text          0x00006e2c      0x140 c:/altera/13.1/nios2eds/bin/gnu/h-i686-mingw32/bin/../lib/gcc/nios2-elf/4.7.3/../../../../../H-i686-mingw32/nios2-elf/lib\libc.a(lib_a-stdio.o)
                0x00006e2c                __sread
                0x00006e80                __swrite
                0x00006f08                __sseek
                0x00006f64                __sclose
 .text          0x00006f6c       0xa4 c:/altera/13.1/nios2eds/bin/gnu/h-i686-mingw32/bin/../lib/gcc/nios2-elf/4.7.3/../../../../../H-i686-mingw32/nios2-elf/lib\libc.a(lib_a-strcmp.o)
                0x00006f6c                strcmp
 .text          0x00007010       0x8c c:/altera/13.1/nios2eds/bin/gnu/h-i686-mingw32/bin/../lib/gcc/nios2-elf/4.7.3/../../../../../H-i686-mingw32/nios2-elf/lib\libc.a(lib_a-strlen.o)
                0x00007010                strlen
 .text          0x0000709c       0x6c c:/altera/13.1/nios2eds/bin/gnu/h-i686-mingw32/bin/../lib/gcc/nios2-elf/4.7.3/../../../../../H-i686-mingw32/nios2-elf/lib\libc.a(lib_a-writer.o)
                0x0000709c                _write_r
 .text          0x00007108       0xbc c:/altera/13.1/nios2eds/bin/gnu/h-i686-mingw32/bin/../lib/gcc/nios2-elf/4.7.3/../../../../../H-i686-mingw32/nios2-elf/lib\libc.a(lib_a-callocr.o)
                0x00007108                _calloc_r
 .text          0x000071c4       0x64 c:/altera/13.1/nios2eds/bin/gnu/h-i686-mingw32/bin/../lib/gcc/nios2-elf/4.7.3/../../../../../H-i686-mingw32/nios2-elf/lib\libc.a(lib_a-closer.o)
                0x000071c4                _close_r
 .text          0x00007228      0x150 c:/altera/13.1/nios2eds/bin/gnu/h-i686-mingw32/bin/../lib/gcc/nios2-elf/4.7.3/../../../../../H-i686-mingw32/nios2-elf/lib\libc.a(lib_a-fclose.o)
                0x00007228                _fclose_r
                0x00007364                fclose
 .text          0x00007378       0x68 c:/altera/13.1/nios2eds/bin/gnu/h-i686-mingw32/bin/../lib/gcc/nios2-elf/4.7.3/../../../../../H-i686-mingw32/nios2-elf/lib\libc.a(lib_a-fstatr.o)
                0x00007378                _fstat_r
 .text          0x000073e0        0x0 c:/altera/13.1/nios2eds/bin/gnu/h-i686-mingw32/bin/../lib/gcc/nios2-elf/4.7.3/../../../../../H-i686-mingw32/nios2-elf/lib\libc.a(lib_a-int_errno.o)
 .text          0x000073e0       0x64 c:/altera/13.1/nios2eds/bin/gnu/h-i686-mingw32/bin/../lib/gcc/nios2-elf/4.7.3/../../../../../H-i686-mingw32/nios2-elf/lib\libc.a(lib_a-isattyr.o)
                0x000073e0                _isatty_r
 .text          0x00007444       0x6c c:/altera/13.1/nios2eds/bin/gnu/h-i686-mingw32/bin/../lib/gcc/nios2-elf/4.7.3/../../../../../H-i686-mingw32/nios2-elf/lib\libc.a(lib_a-lseekr.o)
                0x00007444                _lseek_r
 .text          0x000074b0       0x6c c:/altera/13.1/nios2eds/bin/gnu/h-i686-mingw32/bin/../lib/gcc/nios2-elf/4.7.3/../../../../../H-i686-mingw32/nios2-elf/lib\libc.a(lib_a-readr.o)
                0x000074b0                _read_r
 .text          0x0000751c      0x5c8 c:/altera/13.1/nios2eds/bin/gnu/h-i686-mingw32/bin/../lib/gcc/nios2-elf/4.7.3\libgcc.a(_udivdi3.o)
                0x0000751c                __udivdi3
 .text          0x00007ae4      0x58c c:/altera/13.1/nios2eds/bin/gnu/h-i686-mingw32/bin/../lib/gcc/nios2-elf/4.7.3\libgcc.a(_umoddi3.o)
                0x00007ae4                __umoddi3
 .text          0x00008070      0x408 c:/altera/13.1/nios2eds/bin/gnu/h-i686-mingw32/bin/../lib/gcc/nios2-elf/4.7.3\libgcc.a(_addsub_df.o)
                0x000083c4                __adddf3
                0x00008418                __subdf3
 .text          0x00008478      0x2e4 c:/altera/13.1/nios2eds/bin/gnu/h-i686-mingw32/bin/../lib/gcc/nios2-elf/4.7.3\libgcc.a(_mul_df.o)
                0x00008478                __muldf3
 .text          0x0000875c      0x1b4 c:/altera/13.1/nios2eds/bin/gnu/h-i686-mingw32/bin/../lib/gcc/nios2-elf/4.7.3\libgcc.a(_div_df.o)
                0x0000875c                __divdf3
 .text          0x00008910       0x5c c:/altera/13.1/nios2eds/bin/gnu/h-i686-mingw32/bin/../lib/gcc/nios2-elf/4.7.3\libgcc.a(_eq_df.o)
                0x00008910                __eqdf2
 .text          0x0000896c       0x5c c:/altera/13.1/nios2eds/bin/gnu/h-i686-mingw32/bin/../lib/gcc/nios2-elf/4.7.3\libgcc.a(_ne_df.o)
                0x0000896c                __nedf2
 .text          0x000089c8       0x64 c:/altera/13.1/nios2eds/bin/gnu/h-i686-mingw32/bin/../lib/gcc/nios2-elf/4.7.3\libgcc.a(_gt_df.o)
                0x000089c8                __gtdf2
 .text          0x00008a2c       0x64 c:/altera/13.1/nios2eds/bin/gnu/h-i686-mingw32/bin/../lib/gcc/nios2-elf/4.7.3\libgcc.a(_ge_df.o)
                0x00008a2c                __gedf2
 .text          0x00008a90       0x5c c:/altera/13.1/nios2eds/bin/gnu/h-i686-mingw32/bin/../lib/gcc/nios2-elf/4.7.3\libgcc.a(_lt_df.o)
                0x00008a90                __ltdf2
 .text          0x00008aec       0xd4 c:/altera/13.1/nios2eds/bin/gnu/h-i686-mingw32/bin/../lib/gcc/nios2-elf/4.7.3\libgcc.a(_si_to_df.o)
                0x00008aec                __floatsidf
 .text          0x00008bc0       0xd4 c:/altera/13.1/nios2eds/bin/gnu/h-i686-mingw32/bin/../lib/gcc/nios2-elf/4.7.3\libgcc.a(_df_to_si.o)
                0x00008bc0                __fixdfsi
 .text          0x00008c94        0x0 c:/altera/13.1/nios2eds/bin/gnu/h-i686-mingw32/bin/../lib/gcc/nios2-elf/4.7.3\libgcc.a(_thenan_df.o)
 .text          0x00008c94      0x11c c:/altera/13.1/nios2eds/bin/gnu/h-i686-mingw32/bin/../lib/gcc/nios2-elf/4.7.3\libgcc.a(_usi_to_df.o)
                0x00008c94                __floatunsidf
 .text          0x00008db0      0x130 c:/altera/13.1/nios2eds/bin/gnu/h-i686-mingw32/bin/../lib/gcc/nios2-elf/4.7.3\libgcc.a(lib2-divmod.o)
                0x00008e24                __divsi3
                0x00008e74                __modsi3
                0x00008ed0                __udivsi3
                0x00008ed8                __umodsi3
 .text          0x00008ee0       0x60 c:/altera/13.1/nios2eds/bin/gnu/h-i686-mingw32/bin/../lib/gcc/nios2-elf/4.7.3\libgcc.a(_muldi3.o)
                0x00008ee0                __muldi3
 .text          0x00008f40        0x0 c:/altera/13.1/nios2eds/bin/gnu/h-i686-mingw32/bin/../lib/gcc/nios2-elf/4.7.3\libgcc.a(_clz.o)
 .text          0x00008f40       0xac c:/altera/13.1/nios2eds/bin/gnu/h-i686-mingw32/bin/../lib/gcc/nios2-elf/4.7.3\libgcc.a(_clzsi2.o)
                0x00008f40                __clzsi2
 .text          0x00008fec      0x224 c:/altera/13.1/nios2eds/bin/gnu/h-i686-mingw32/bin/../lib/gcc/nios2-elf/4.7.3\libgcc.a(_pack_df.o)
                0x00008fec                __pack_d
 .text          0x00009210      0x104 c:/altera/13.1/nios2eds/bin/gnu/h-i686-mingw32/bin/../lib/gcc/nios2-elf/4.7.3\libgcc.a(_unpack_df.o)
                0x00009210                __unpack_d
 .text          0x00009314       0xd0 c:/altera/13.1/nios2eds/bin/gnu/h-i686-mingw32/bin/../lib/gcc/nios2-elf/4.7.3\libgcc.a(_fpcmp_parts_df.o)
                0x00009314                __fpcmp_parts_d
 .text          0x000093e4       0x44 c:/altera/13.1/nios2eds/bin/gnu/h-i686-mingw32/bin/../lib/gcc/nios2-elf/4.7.3\libgcc.a(_lshrdi3.o)
                0x000093e4                __lshrdi3
 .text          0x00009428       0x44 c:/altera/13.1/nios2eds/bin/gnu/h-i686-mingw32/bin/../lib/gcc/nios2-elf/4.7.3\libgcc.a(_ashldi3.o)
                0x00009428                __ashldi3
 .text          0x0000946c      0x118 ../BSP_CPU_S0_V01/\libucosii_bsp.a(alt_close.o)
                0x000094bc                close
 .text          0x00009584       0x2c ../BSP_CPU_S0_V01/\libucosii_bsp.a(alt_dev.o)
 .text          0x000095b0        0x0 ../BSP_CPU_S0_V01/\libucosii_bsp.a(alt_errno.o)
 .text          0x000095b0       0xfc ../BSP_CPU_S0_V01/\libucosii_bsp.a(alt_fstat.o)
                0x00009600                fstat
 .text          0x000096ac       0xf0 ../BSP_CPU_S0_V01/\libucosii_bsp.a(alt_isatty.o)
                0x000096fc                isatty
 .text          0x0000979c       0xec ../BSP_CPU_S0_V01/\libucosii_bsp.a(alt_load.o)
                0x00009808                alt_load
 .text          0x00009888      0x120 ../BSP_CPU_S0_V01/\libucosii_bsp.a(alt_lseek.o)
                0x000098d8                lseek
 .text          0x000099a8       0xcc ../BSP_CPU_S0_V01/\libucosii_bsp.a(alt_main.o)
                0x000099a8                alt_main
 .text          0x00009a74      0x140 ../BSP_CPU_S0_V01/\libucosii_bsp.a(alt_read.o)
                0x00009ac4                read
 .text          0x00009bb4       0x60 ../BSP_CPU_S0_V01/\libucosii_bsp.a(alt_release_fd.o)
                0x00009bb4                alt_release_fd
 .text          0x00009c14       0xb0 ../BSP_CPU_S0_V01/\libucosii_bsp.a(alt_sbrk.o)
                0x00009c14                sbrk
 .text          0x00009cc4      0x13c ../BSP_CPU_S0_V01/\libucosii_bsp.a(alt_write.o)
                0x00009d14                write
 .text          0x00009e00      0x118 ../BSP_CPU_S0_V01/\libucosii_bsp.a(alt_env_lock.o)
                0x00009e00                __env_lock
                0x00009eb8                __env_unlock
 .text          0x00009f18      0x1e8 ../BSP_CPU_S0_V01/\libucosii_bsp.a(alt_malloc_lock.o)
                0x00009f18                __malloc_lock
                0x0000a02c                __malloc_unlock
 .text          0x0000a100     0x2024 ../BSP_CPU_S0_V01/\libucosii_bsp.a(os_core.o)
                0x0000a100                OSEventNameGet
                0x0000a220                OSEventNameSet
                0x0000a364                OSEventPendMulti
                0x0000a9a0                OSInit
                0x0000a9f4                OSIntEnter
                0x0000aa70                OSIntExit
                0x0000ab64                OSSchedLock
                0x0000abec                OSSchedUnlock
                0x0000acc4                OSStart
                0x0000ad30                OSStatInit
                0x0000addc                OSTimeTick
                0x0000affc                OSVersion
                0x0000b01c                OS_Dummy
                0x0000b038                OS_EventTaskRdy
                0x0000b1d0                OS_EventTaskWait
                0x0000b2d8                OS_EventTaskWaitMulti
                0x0000b420                OS_EventTaskRemove
                0x0000b4d0                OS_EventTaskRemoveMulti
                0x0000b5c8                OS_EventWaitListInit
                0x0000b994                OS_MemClr
                0x0000b9e8                OS_MemCopy
                0x0000ba54                OS_Sched
                0x0000bb90                OS_StrCopy
                0x0000bc0c                OS_StrLen
                0x0000bc60                OS_TaskIdle
                0x0000bcbc                OS_TaskStat
                0x0000bd84                OS_TaskStatStkChk
                0x0000be4c                OS_TCBInit
 .text          0x0000c124      0x18c ../BSP_CPU_S0_V01/\libucosii_bsp.a(os_dbg.o)
                0x0000c124                OSDebugInit
 .text          0x0000c2b0     0x1834 ../BSP_CPU_S0_V01/\libucosii_bsp.a(os_flag.o)
                0x0000c2b0                OSFlagAccept
                0x0000c5b8                OSFlagCreate
                0x0000c6e0                OSFlagDel
                0x0000c950                OSFlagNameGet
                0x0000ca80                OSFlagNameSet
                0x0000cbd4                OSFlagPend
                0x0000d1d4                OSFlagPendGetFlagsRdy
                0x0000d23c                OSFlagPost
                0x0000d5d0                OSFlagQuery
                0x0000d854                OS_FlagInit
                0x0000da44                OS_FlagUnlink
 .text          0x0000dae4      0x788 ../BSP_CPU_S0_V01/\libucosii_bsp.a(os_mem.o)
                0x0000dae4                OSMemCreate
                0x0000dcd8                OSMemGet
                0x0000ddc8                OSMemNameGet
                0x0000dec0                OSMemNameSet
                0x0000dfdc                OSMemPut
                0x0000e0b4                OSMemQuery
                0x0000e19c                OS_MemInit
 .text          0x0000e26c     0x1224 ../BSP_CPU_S0_V01/\libucosii_bsp.a(os_q.o)
                0x0000e26c                OSQAccept
                0x0000e3ac                OSQCreate
                0x0000e5a4                OSQDel
                0x0000e874                OSQFlush
                0x0000e92c                OSQPend
                0x0000ec28                OSQPendAbort
                0x0000ed9c                OSQPost
                0x0000ef04                OSQPostFront
                0x0000f074                OSQPostOpt
                0x0000f280                OSQQuery
                0x0000f3e4                OS_QInit
 .text          0x0000f490      0xb28 ../BSP_CPU_S0_V01/\libucosii_bsp.a(os_sem.o)
                0x0000f490                OSSemAccept
                0x0000f540                OSSemCreate
                0x0000f640                OSSemDel
                0x0000f8b0                OSSemPend
                0x0000fb1c                OSSemPendAbort
                0x0000fc90                OSSemPost
                0x0000fda0                OSSemQuery
                0x0000feb8                OSSemSet
 .text          0x0000ffb8     0x18ec ../BSP_CPU_S0_V01/\libucosii_bsp.a(os_task.o)
                0x0000ffb8                OSTaskChangePrio
                0x000104e0                OSTaskCreate
                0x0001069c                OSTaskCreateExt
                0x00010890                OSTaskDel
                0x00010c6c                OSTaskDelReq
                0x00010dc4                OSTaskNameGet
                0x00010f6c                OSTaskNameSet
                0x00011130                OSTaskResume
                0x00011324                OSTaskStkChk
                0x000114f8                OSTaskSuspend
                0x00011708                OSTaskQuery
                0x00011834                OS_TaskStkClr
 .text          0x000118a4      0x62c ../BSP_CPU_S0_V01/\libucosii_bsp.a(os_time.o)
                0x000118a4                OSTimeDly
                0x000119ec                OSTimeDlyHMSM
                0x00011c1c                OSTimeDlyResume
                0x00011e08                OSTimeGet
                0x00011e6c                OSTimeSet
 .text          0x00011ed0       0xc4 ../BSP_CPU_S0_V01/\libucosii_bsp.a(alt_sys_init.o)
                0x00011f08                alt_irq_init
                0x00011f3c                alt_sys_init
 .text          0x00011f94      0x164 ../BSP_CPU_S0_V01/\libucosii_bsp.a(altera_avalon_jtag_uart_fd.o)
                0x00011f94                altera_avalon_jtag_uart_read_fd
                0x00011ff4                altera_avalon_jtag_uart_write_fd
                0x00012054                altera_avalon_jtag_uart_close_fd
                0x000120a4                altera_avalon_jtag_uart_ioctl_fd
 .text          0x000120f8      0x554 ../BSP_CPU_S0_V01/\libucosii_bsp.a(altera_avalon_jtag_uart_init.o)
                0x000120f8                altera_avalon_jtag_uart_init
                0x000125e4                altera_avalon_jtag_uart_close
 .text          0x0001264c       0xf4 ../BSP_CPU_S0_V01/\libucosii_bsp.a(altera_avalon_jtag_uart_ioctl.o)
                0x0001264c                altera_avalon_jtag_uart_ioctl
 .text          0x00012740      0x2c4 ../BSP_CPU_S0_V01/\libucosii_bsp.a(altera_avalon_jtag_uart_read.o)
                0x00012740                altera_avalon_jtag_uart_read
 .text          0x00012a04      0x2d0 ../BSP_CPU_S0_V01/\libucosii_bsp.a(altera_avalon_jtag_uart_write.o)
                0x00012a04                altera_avalon_jtag_uart_write
 .text          0x00012cd4       0xf8 ../BSP_CPU_S0_V01/\libucosii_bsp.a(altera_avalon_timer_sc.o)
                0x00012d4c                alt_avalon_timer_sc_init
 .text          0x00012dcc      0x140 ../BSP_CPU_S0_V01/\libucosii_bsp.a(alt_alarm_start.o)
                0x00012dcc                alt_alarm_start
 .text          0x00012f0c       0x1c ../BSP_CPU_S0_V01/\libucosii_bsp.a(alt_dcache_flush_all.o)
                0x00012f0c                alt_dcache_flush_all
 .text          0x00012f28       0xf0 ../BSP_CPU_S0_V01/\libucosii_bsp.a(alt_dev_llist_insert.o)
                0x00012f78                alt_dev_llist_insert
 .text          0x00013018       0x5c ../BSP_CPU_S0_V01/\libucosii_bsp.a(alt_do_ctors.o)
                0x00013018                _do_ctors
 .text          0x00013074       0x5c ../BSP_CPU_S0_V01/\libucosii_bsp.a(alt_do_dtors.o)
                0x00013074                _do_dtors
 .text          0x000130d0       0x30 ../BSP_CPU_S0_V01/\libucosii_bsp.a(alt_icache_flush_all.o)
                0x000130d0                alt_icache_flush_all
 .text          0x00013100      0x138 ../BSP_CPU_S0_V01/\libucosii_bsp.a(alt_io_redirect.o)
                0x000131c0                alt_io_redirect
 .text          0x00013238      0x1b0 ../BSP_CPU_S0_V01/\libucosii_bsp.a(alt_irq_register.o)
                0x00013238                alt_irq_register
 .text          0x000133e8        0x0 ../BSP_CPU_S0_V01/\libucosii_bsp.a(alt_irq_vars.o)
 .text          0x000133e8      0x270 ../BSP_CPU_S0_V01/\libucosii_bsp.a(alt_open.o)
                0x00013504                open
 .text          0x00013658      0x19c ../BSP_CPU_S0_V01/\libucosii_bsp.a(alt_tick.o)
                0x00013658                alt_alarm_stop
                0x000136f0                alt_tick
 .text          0x000137f4       0x20 ../BSP_CPU_S0_V01/\libucosii_bsp.a(altera_nios2_qsys_irq.o)
                0x000137f4                altera_nios2_qsys_irq_init
 .text          0x00013814       0xd0 ../BSP_CPU_S0_V01/\libucosii_bsp.a(os_cpu_a.o)
                0x00013814                OSCtxSw
                0x00013814                OSIntCtxSw
                0x000138a0                OSStartHighRdy
                0x000138c0                OSStartTsk
 .text          0x000138e4      0x3fc ../BSP_CPU_S0_V01/\libucosii_bsp.a(os_cpu_c.o)
                0x000138e4                OSTaskStkInit
                0x00013bd8                OSTaskCreateHook
                0x00013bf8                OSTaskDelHook
                0x00013c18                OSTaskSwHook
                0x00013c34                OSTaskStatHook
                0x00013c50                OSTimeTickHook
                0x00013c6c                OSInitHookBegin
                0x00013c88                OSInitHookEnd
                0x00013ca4                OSTaskIdleHook
                0x00013cc0                OSTCBInitHook
 .text          0x00013ce0       0x90 ../BSP_CPU_S0_V01/\libucosii_bsp.a(alt_find_dev.o)
                0x00013ce0                alt_find_dev
 .text          0x00013d70      0x114 ../BSP_CPU_S0_V01/\libucosii_bsp.a(alt_find_file.o)
                0x00013d70                alt_find_file
 .text          0x00013e84       0xfc ../BSP_CPU_S0_V01/\libucosii_bsp.a(alt_get_fd.o)
                0x00013e84                alt_get_fd
 .text          0x00013f80       0x8c ../BSP_CPU_S0_V01/\libucosii_bsp.a(alt_icache_flush.o)
                0x00013f80                alt_icache_flush
 .text          0x0001400c        0x0 ../BSP_CPU_S0_V01/\libucosii_bsp.a(alt_irq_entry.o)
 .text          0x0001400c        0x0 ../BSP_CPU_S0_V01/\libucosii_bsp.a(alt_irq_handler.o)
 .text          0x0001400c        0x0 ../BSP_CPU_S0_V01/\libucosii_bsp.a(alt_exception_entry.o)
 .text          0x0001400c       0x14 c:/altera/13.1/nios2eds/bin/gnu/h-i686-mingw32/bin/../lib/gcc/nios2-elf/4.7.3/../../../../../H-i686-mingw32/nios2-elf/lib\libc.a(lib_a-atexit.o)
                0x0001400c                atexit
 .text          0x00014020       0x38 c:/altera/13.1/nios2eds/bin/gnu/h-i686-mingw32/bin/../lib/gcc/nios2-elf/4.7.3/../../../../../H-i686-mingw32/nios2-elf/lib\libc.a(lib_a-exit.o)
                0x00014020                exit
 .text          0x00014058       0x7c c:/altera/13.1/nios2eds/bin/gnu/h-i686-mingw32/bin/../lib/gcc/nios2-elf/4.7.3/../../../../../H-i686-mingw32/nios2-elf/lib\libc.a(lib_a-memcmp.o)
                0x00014058                memcmp
 .text          0x000140d4      0x130 c:/altera/13.1/nios2eds/bin/gnu/h-i686-mingw32/bin/../lib/gcc/nios2-elf/4.7.3/../../../../../H-i686-mingw32/nios2-elf/lib\libc.a(lib_a-__atexit.o)
                0x000140d4                __register_exitproc
 .text          0x00014204      0x1a0 c:/altera/13.1/nios2eds/bin/gnu/h-i686-mingw32/bin/../lib/gcc/nios2-elf/4.7.3/../../../../../H-i686-mingw32/nios2-elf/lib\libc.a(lib_a-__call_atexit.o)
                0x00014204                __call_exitprocs
 .text          0x000143a4       0x84 c:/altera/13.1/nios2eds/bin/gnu/h-i686-mingw32/bin/../lib/gcc/nios2-elf/4.7.3\libgcc.a(_fixunsdfsi.o)
                0x000143a4                __fixunsdfsi
 .text          0x00014428       0x44 ../BSP_CPU_S0_V01/\libucosii_bsp.a(alt_exit.o)
                0x00014428                _exit
 *(.gnu.warning.*)
 *(.fini)
                0x0001446c                PROVIDE (__etext, ABSOLUTE (.))
                0x0001446c                PROVIDE (_etext, ABSOLUTE (.))
                0x0001446c                PROVIDE (etext, ABSOLUTE (.))
 *(.eh_frame_hdr)
                0x0001446c                . = ALIGN (0x4)
                0x0001446c                PROVIDE (__preinit_array_start, ABSOLUTE (.))
 *(.preinit_array)
                0x0001446c                PROVIDE (__preinit_array_end, ABSOLUTE (.))
                0x0001446c                PROVIDE (__init_array_start, ABSOLUTE (.))
 *(.init_array)
                0x0001446c                PROVIDE (__init_array_end, ABSOLUTE (.))
                0x0001446c                PROVIDE (__fini_array_start, ABSOLUTE (.))
 *(.fini_array)
                0x0001446c                PROVIDE (__fini_array_end, ABSOLUTE (.))
 *(.eh_frame)
 *(.gcc_except_table .gcc_except_table.*)
 *(.dynamic)
                0x0001446c                PROVIDE (__CTOR_LIST__, ABSOLUTE (.))
 *(.ctors)
 *(SORT(.ctors.*))
                0x0001446c                PROVIDE (__CTOR_END__, ABSOLUTE (.))
                0x0001446c                PROVIDE (__DTOR_LIST__, ABSOLUTE (.))
 *(.dtors)
 *(SORT(.dtors.*))
                0x0001446c                PROVIDE (__DTOR_END__, ABSOLUTE (.))
 *(.jcr)
                0x0001446c                . = ALIGN (0x4)

.rodata         0x0001446c      0x46c
                0x0001446c                PROVIDE (__ram_rodata_start, ABSOLUTE (.))
                0x0001446c                . = ALIGN (0x4)
 *(.rodata .rodata.* .gnu.linkonce.r.*)
 .rodata        0x0001446c       0x1c obj/default/main.o
 .rodata.str1.4
                0x00014488       0x42 c:/altera/13.1/nios2eds/bin/gnu/h-i686-mingw32/bin/../lib/gcc/nios2-elf/4.7.3/../../../../../H-i686-mingw32/nios2-elf/lib\libc.a(lib_a-vfprintf.o)
                                 0x44 (size before relaxing)
 .rodata        0x000144ca       0x20 c:/altera/13.1/nios2eds/bin/gnu/h-i686-mingw32/bin/../lib/gcc/nios2-elf/4.7.3/../../../../../H-i686-mingw32/nios2-elf/lib\libc.a(lib_a-vfprintf.o)
 *fill*         0x000144ea        0x2 
 .rodata.str1.4
                0x000144ec       0x10 c:/altera/13.1/nios2eds/bin/gnu/h-i686-mingw32/bin/../lib/gcc/nios2-elf/4.7.3/../../../../../H-i686-mingw32/nios2-elf/lib\libc.a(lib_a-dtoa.o)
                                 0x14 (size before relaxing)
 .rodata.str1.4
                0x000144fc        0x2 c:/altera/13.1/nios2eds/bin/gnu/h-i686-mingw32/bin/../lib/gcc/nios2-elf/4.7.3/../../../../../H-i686-mingw32/nios2-elf/lib\libc.a(lib_a-impure.o)
                                  0x4 (size before relaxing)
 *fill*         0x000144fe        0x2 
 .rodata.str1.4
                0x00014500       0x10 c:/altera/13.1/nios2eds/bin/gnu/h-i686-mingw32/bin/../lib/gcc/nios2-elf/4.7.3/../../../../../H-i686-mingw32/nios2-elf/lib\libc.a(lib_a-locale.o)
                                 0x18 (size before relaxing)
 .rodata        0x00014510       0x30 c:/altera/13.1/nios2eds/bin/gnu/h-i686-mingw32/bin/../lib/gcc/nios2-elf/4.7.3/../../../../../H-i686-mingw32/nios2-elf/lib\libc.a(lib_a-locale.o)
 .rodata        0x00014540      0x124 c:/altera/13.1/nios2eds/bin/gnu/h-i686-mingw32/bin/../lib/gcc/nios2-elf/4.7.3/../../../../../H-i686-mingw32/nios2-elf/lib\libc.a(lib_a-mprec.o)
                0x00014540                __mprec_tinytens
                0x00014568                __mprec_bigtens
                0x00014590                __mprec_tens
 .rodata        0x00014664       0x14 c:/altera/13.1/nios2eds/bin/gnu/h-i686-mingw32/bin/../lib/gcc/nios2-elf/4.7.3\libgcc.a(_thenan_df.o)
                0x00014664                __thenan_df
 .rodata        0x00014678      0x100 c:/altera/13.1/nios2eds/bin/gnu/h-i686-mingw32/bin/../lib/gcc/nios2-elf/4.7.3\libgcc.a(_clz.o)
                0x00014678                __clz_tab
 .rodata        0x00014778        0xc ../BSP_CPU_S0_V01/\libucosii_bsp.a(alt_dev.o)
 .rodata        0x00014784       0x18 ../BSP_CPU_S0_V01/\libucosii_bsp.a(alt_main.o)
 .rodata        0x0001479c      0x120 ../BSP_CPU_S0_V01/\libucosii_bsp.a(os_core.o)
                0x0001479c                OSUnMapTbl
 .rodata        0x000148bc       0x18 ../BSP_CPU_S0_V01/\libucosii_bsp.a(alt_sys_init.o)
 .rodata        0x000148d4        0x4 ../BSP_CPU_S0_V01/\libucosii_bsp.a(os_cpu_c.o)
 *(.rodata1)
                0x000148d8                . = ALIGN (0x4)
                0x000148d8                PROVIDE (__ram_rodata_end, ABSOLUTE (.))
                0x0001446c                PROVIDE (__flash_rodata_start, LOADADDR (.rodata))

.rwdata         0x000148d8     0x1ae0 load address 0x000163b8
                0x000148d8                PROVIDE (__ram_rwdata_start, ABSOLUTE (.))
                0x000148d8                . = ALIGN (0x4)
 *(.got.plt)
 *(.got)
 *(.data1)
 *(.data .data.* .gnu.linkonce.d.*)
 .data          0x000148d8        0x0 ../BSP_CPU_S0_V01//obj/HAL/src/crt0.o
 .data          0x000148d8        0x0 obj/default/main.o
 .data          0x000148d8        0x0 c:/altera/13.1/nios2eds/bin/gnu/h-i686-mingw32/bin/../lib/gcc/nios2-elf/4.7.3/../../../../../H-i686-mingw32/nios2-elf/lib\libc.a(lib_a-printf.o)
 .data          0x000148d8        0x0 c:/altera/13.1/nios2eds/bin/gnu/h-i686-mingw32/bin/../lib/gcc/nios2-elf/4.7.3/../../../../../H-i686-mingw32/nios2-elf/lib\libc.a(lib_a-vfprintf.o)
 .data          0x000148d8        0x0 c:/altera/13.1/nios2eds/bin/gnu/h-i686-mingw32/bin/../lib/gcc/nios2-elf/4.7.3/../../../../../H-i686-mingw32/nios2-elf/lib\libc.a(lib_a-wsetup.o)
 .data          0x000148d8        0x0 c:/altera/13.1/nios2eds/bin/gnu/h-i686-mingw32/bin/../lib/gcc/nios2-elf/4.7.3/../../../../../H-i686-mingw32/nios2-elf/lib\libc.a(lib_a-dtoa.o)
 .data          0x000148d8        0x0 c:/altera/13.1/nios2eds/bin/gnu/h-i686-mingw32/bin/../lib/gcc/nios2-elf/4.7.3/../../../../../H-i686-mingw32/nios2-elf/lib\libc.a(lib_a-fflush.o)
 .data          0x000148d8        0x0 c:/altera/13.1/nios2eds/bin/gnu/h-i686-mingw32/bin/../lib/gcc/nios2-elf/4.7.3/../../../../../H-i686-mingw32/nios2-elf/lib\libc.a(lib_a-findfp.o)
 .data          0x000148d8        0x0 c:/altera/13.1/nios2eds/bin/gnu/h-i686-mingw32/bin/../lib/gcc/nios2-elf/4.7.3/../../../../../H-i686-mingw32/nios2-elf/lib\libc.a(lib_a-freer.o)
 .data          0x000148d8        0x0 c:/altera/13.1/nios2eds/bin/gnu/h-i686-mingw32/bin/../lib/gcc/nios2-elf/4.7.3/../../../../../H-i686-mingw32/nios2-elf/lib\libc.a(lib_a-fvwrite.o)
 .data          0x000148d8        0x0 c:/altera/13.1/nios2eds/bin/gnu/h-i686-mingw32/bin/../lib/gcc/nios2-elf/4.7.3/../../../../../H-i686-mingw32/nios2-elf/lib\libc.a(lib_a-fwalk.o)
 .data          0x000148d8      0x400 c:/altera/13.1/nios2eds/bin/gnu/h-i686-mingw32/bin/../lib/gcc/nios2-elf/4.7.3/../../../../../H-i686-mingw32/nios2-elf/lib\libc.a(lib_a-impure.o)
 .data          0x00014cd8        0xc c:/altera/13.1/nios2eds/bin/gnu/h-i686-mingw32/bin/../lib/gcc/nios2-elf/4.7.3/../../../../../H-i686-mingw32/nios2-elf/lib\libc.a(lib_a-locale.o)
                0x00014cd8                __lc_ctype
 .data          0x00014ce4        0x0 c:/altera/13.1/nios2eds/bin/gnu/h-i686-mingw32/bin/../lib/gcc/nios2-elf/4.7.3/../../../../../H-i686-mingw32/nios2-elf/lib\libc.a(lib_a-makebuf.o)
 .data          0x00014ce4      0x408 c:/altera/13.1/nios2eds/bin/gnu/h-i686-mingw32/bin/../lib/gcc/nios2-elf/4.7.3/../../../../../H-i686-mingw32/nios2-elf/lib\libc.a(lib_a-mallocr.o)
                0x00014ce4                __malloc_av_
 .data          0x000150ec        0x0 c:/altera/13.1/nios2eds/bin/gnu/h-i686-mingw32/bin/../lib/gcc/nios2-elf/4.7.3/../../../../../H-i686-mingw32/nios2-elf/lib\libc.a(lib_a-memchr.o)
 .data          0x000150ec        0x0 c:/altera/13.1/nios2eds/bin/gnu/h-i686-mingw32/bin/../lib/gcc/nios2-elf/4.7.3/../../../../../H-i686-mingw32/nios2-elf/lib\libc.a(lib_a-memcpy.o)
 .data          0x000150ec        0x0 c:/altera/13.1/nios2eds/bin/gnu/h-i686-mingw32/bin/../lib/gcc/nios2-elf/4.7.3/../../../../../H-i686-mingw32/nios2-elf/lib\libc.a(lib_a-memmove.o)
 .data          0x000150ec        0x0 c:/altera/13.1/nios2eds/bin/gnu/h-i686-mingw32/bin/../lib/gcc/nios2-elf/4.7.3/../../../../../H-i686-mingw32/nios2-elf/lib\libc.a(lib_a-memset.o)
 .data          0x000150ec        0x0 c:/altera/13.1/nios2eds/bin/gnu/h-i686-mingw32/bin/../lib/gcc/nios2-elf/4.7.3/../../../../../H-i686-mingw32/nios2-elf/lib\libc.a(lib_a-mprec.o)
 .data          0x000150ec        0x0 c:/altera/13.1/nios2eds/bin/gnu/h-i686-mingw32/bin/../lib/gcc/nios2-elf/4.7.3/../../../../../H-i686-mingw32/nios2-elf/lib\libc.a(lib_a-reallocr.o)
 .data          0x000150ec        0x0 c:/altera/13.1/nios2eds/bin/gnu/h-i686-mingw32/bin/../lib/gcc/nios2-elf/4.7.3/../../../../../H-i686-mingw32/nios2-elf/lib\libc.a(lib_a-s_isinfd.o)
 .data          0x000150ec        0x0 c:/altera/13.1/nios2eds/bin/gnu/h-i686-mingw32/bin/../lib/gcc/nios2-elf/4.7.3/../../../../../H-i686-mingw32/nios2-elf/lib\libc.a(lib_a-s_isnand.o)
 .data          0x000150ec        0x0 c:/altera/13.1/nios2eds/bin/gnu/h-i686-mingw32/bin/../lib/gcc/nios2-elf/4.7.3/../../../../../H-i686-mingw32/nios2-elf/lib\libc.a(lib_a-sbrkr.o)
 .data          0x000150ec        0x0 c:/altera/13.1/nios2eds/bin/gnu/h-i686-mingw32/bin/../lib/gcc/nios2-elf/4.7.3/../../../../../H-i686-mingw32/nios2-elf/lib\libc.a(lib_a-stdio.o)
 .data          0x000150ec        0x0 c:/altera/13.1/nios2eds/bin/gnu/h-i686-mingw32/bin/../lib/gcc/nios2-elf/4.7.3/../../../../../H-i686-mingw32/nios2-elf/lib\libc.a(lib_a-strcmp.o)
 .data          0x000150ec        0x0 c:/altera/13.1/nios2eds/bin/gnu/h-i686-mingw32/bin/../lib/gcc/nios2-elf/4.7.3/../../../../../H-i686-mingw32/nios2-elf/lib\libc.a(lib_a-strlen.o)
 .data          0x000150ec        0x0 c:/altera/13.1/nios2eds/bin/gnu/h-i686-mingw32/bin/../lib/gcc/nios2-elf/4.7.3/../../../../../H-i686-mingw32/nios2-elf/lib\libc.a(lib_a-writer.o)
 .data          0x000150ec        0x0 c:/altera/13.1/nios2eds/bin/gnu/h-i686-mingw32/bin/../lib/gcc/nios2-elf/4.7.3/../../../../../H-i686-mingw32/nios2-elf/lib\libc.a(lib_a-callocr.o)
 .data          0x000150ec        0x0 c:/altera/13.1/nios2eds/bin/gnu/h-i686-mingw32/bin/../lib/gcc/nios2-elf/4.7.3/../../../../../H-i686-mingw32/nios2-elf/lib\libc.a(lib_a-closer.o)
 .data          0x000150ec        0x0 c:/altera/13.1/nios2eds/bin/gnu/h-i686-mingw32/bin/../lib/gcc/nios2-elf/4.7.3/../../../../../H-i686-mingw32/nios2-elf/lib\libc.a(lib_a-fclose.o)
 .data          0x000150ec        0x0 c:/altera/13.1/nios2eds/bin/gnu/h-i686-mingw32/bin/../lib/gcc/nios2-elf/4.7.3/../../../../../H-i686-mingw32/nios2-elf/lib\libc.a(lib_a-fstatr.o)
 .data          0x000150ec        0x0 c:/altera/13.1/nios2eds/bin/gnu/h-i686-mingw32/bin/../lib/gcc/nios2-elf/4.7.3/../../../../../H-i686-mingw32/nios2-elf/lib\libc.a(lib_a-int_errno.o)
 .data          0x000150ec        0x0 c:/altera/13.1/nios2eds/bin/gnu/h-i686-mingw32/bin/../lib/gcc/nios2-elf/4.7.3/../../../../../H-i686-mingw32/nios2-elf/lib\libc.a(lib_a-isattyr.o)
 .data          0x000150ec        0x0 c:/altera/13.1/nios2eds/bin/gnu/h-i686-mingw32/bin/../lib/gcc/nios2-elf/4.7.3/../../../../../H-i686-mingw32/nios2-elf/lib\libc.a(lib_a-lseekr.o)
 .data          0x000150ec        0x0 c:/altera/13.1/nios2eds/bin/gnu/h-i686-mingw32/bin/../lib/gcc/nios2-elf/4.7.3/../../../../../H-i686-mingw32/nios2-elf/lib\libc.a(lib_a-readr.o)
 .data          0x000150ec        0x0 c:/altera/13.1/nios2eds/bin/gnu/h-i686-mingw32/bin/../lib/gcc/nios2-elf/4.7.3\libgcc.a(_udivdi3.o)
 .data          0x000150ec        0x0 c:/altera/13.1/nios2eds/bin/gnu/h-i686-mingw32/bin/../lib/gcc/nios2-elf/4.7.3\libgcc.a(_umoddi3.o)
 .data          0x000150ec        0x0 c:/altera/13.1/nios2eds/bin/gnu/h-i686-mingw32/bin/../lib/gcc/nios2-elf/4.7.3\libgcc.a(_addsub_df.o)
 .data          0x000150ec        0x0 c:/altera/13.1/nios2eds/bin/gnu/h-i686-mingw32/bin/../lib/gcc/nios2-elf/4.7.3\libgcc.a(_mul_df.o)
 .data          0x000150ec        0x0 c:/altera/13.1/nios2eds/bin/gnu/h-i686-mingw32/bin/../lib/gcc/nios2-elf/4.7.3\libgcc.a(_div_df.o)
 .data          0x000150ec        0x0 c:/altera/13.1/nios2eds/bin/gnu/h-i686-mingw32/bin/../lib/gcc/nios2-elf/4.7.3\libgcc.a(_eq_df.o)
 .data          0x000150ec        0x0 c:/altera/13.1/nios2eds/bin/gnu/h-i686-mingw32/bin/../lib/gcc/nios2-elf/4.7.3\libgcc.a(_ne_df.o)
 .data          0x000150ec        0x0 c:/altera/13.1/nios2eds/bin/gnu/h-i686-mingw32/bin/../lib/gcc/nios2-elf/4.7.3\libgcc.a(_gt_df.o)
 .data          0x000150ec        0x0 c:/altera/13.1/nios2eds/bin/gnu/h-i686-mingw32/bin/../lib/gcc/nios2-elf/4.7.3\libgcc.a(_ge_df.o)
 .data          0x000150ec        0x0 c:/altera/13.1/nios2eds/bin/gnu/h-i686-mingw32/bin/../lib/gcc/nios2-elf/4.7.3\libgcc.a(_lt_df.o)
 .data          0x000150ec        0x0 c:/altera/13.1/nios2eds/bin/gnu/h-i686-mingw32/bin/../lib/gcc/nios2-elf/4.7.3\libgcc.a(_si_to_df.o)
 .data          0x000150ec        0x0 c:/altera/13.1/nios2eds/bin/gnu/h-i686-mingw32/bin/../lib/gcc/nios2-elf/4.7.3\libgcc.a(_df_to_si.o)
 .data          0x000150ec        0x0 c:/altera/13.1/nios2eds/bin/gnu/h-i686-mingw32/bin/../lib/gcc/nios2-elf/4.7.3\libgcc.a(_thenan_df.o)
 .data          0x000150ec        0x0 c:/altera/13.1/nios2eds/bin/gnu/h-i686-mingw32/bin/../lib/gcc/nios2-elf/4.7.3\libgcc.a(_usi_to_df.o)
 .data          0x000150ec        0x0 c:/altera/13.1/nios2eds/bin/gnu/h-i686-mingw32/bin/../lib/gcc/nios2-elf/4.7.3\libgcc.a(lib2-divmod.o)
 .data          0x000150ec        0x0 c:/altera/13.1/nios2eds/bin/gnu/h-i686-mingw32/bin/../lib/gcc/nios2-elf/4.7.3\libgcc.a(_muldi3.o)
 .data          0x000150ec        0x0 c:/altera/13.1/nios2eds/bin/gnu/h-i686-mingw32/bin/../lib/gcc/nios2-elf/4.7.3\libgcc.a(_clz.o)
 .data          0x000150ec        0x0 c:/altera/13.1/nios2eds/bin/gnu/h-i686-mingw32/bin/../lib/gcc/nios2-elf/4.7.3\libgcc.a(_clzsi2.o)
 .data          0x000150ec        0x0 c:/altera/13.1/nios2eds/bin/gnu/h-i686-mingw32/bin/../lib/gcc/nios2-elf/4.7.3\libgcc.a(_pack_df.o)
 .data          0x000150ec        0x0 c:/altera/13.1/nios2eds/bin/gnu/h-i686-mingw32/bin/../lib/gcc/nios2-elf/4.7.3\libgcc.a(_unpack_df.o)
 .data          0x000150ec        0x0 c:/altera/13.1/nios2eds/bin/gnu/h-i686-mingw32/bin/../lib/gcc/nios2-elf/4.7.3\libgcc.a(_fpcmp_parts_df.o)
 .data          0x000150ec        0x0 c:/altera/13.1/nios2eds/bin/gnu/h-i686-mingw32/bin/../lib/gcc/nios2-elf/4.7.3\libgcc.a(_lshrdi3.o)
 .data          0x000150ec        0x0 c:/altera/13.1/nios2eds/bin/gnu/h-i686-mingw32/bin/../lib/gcc/nios2-elf/4.7.3\libgcc.a(_ashldi3.o)
 .data          0x000150ec        0x0 ../BSP_CPU_S0_V01/\libucosii_bsp.a(alt_close.o)
 .data          0x000150ec      0x1a8 ../BSP_CPU_S0_V01/\libucosii_bsp.a(alt_dev.o)
                0x000150ec                alt_dev_null
                0x00015114                alt_fd_list
 .data          0x00015294        0x0 ../BSP_CPU_S0_V01/\libucosii_bsp.a(alt_errno.o)
 .data          0x00015294        0x0 ../BSP_CPU_S0_V01/\libucosii_bsp.a(alt_fstat.o)
 .data          0x00015294        0x0 ../BSP_CPU_S0_V01/\libucosii_bsp.a(alt_isatty.o)
 .data          0x00015294        0x0 ../BSP_CPU_S0_V01/\libucosii_bsp.a(alt_load.o)
 .data          0x00015294        0x0 ../BSP_CPU_S0_V01/\libucosii_bsp.a(alt_lseek.o)
 .data          0x00015294        0x0 ../BSP_CPU_S0_V01/\libucosii_bsp.a(alt_main.o)
 .data          0x00015294        0x0 ../BSP_CPU_S0_V01/\libucosii_bsp.a(alt_read.o)
 .data          0x00015294        0x0 ../BSP_CPU_S0_V01/\libucosii_bsp.a(alt_release_fd.o)
 .data          0x00015294        0x0 ../BSP_CPU_S0_V01/\libucosii_bsp.a(alt_sbrk.o)
 .data          0x00015294        0x0 ../BSP_CPU_S0_V01/\libucosii_bsp.a(alt_write.o)
 .data          0x00015294        0x0 ../BSP_CPU_S0_V01/\libucosii_bsp.a(alt_env_lock.o)
 .data          0x00015294        0x0 ../BSP_CPU_S0_V01/\libucosii_bsp.a(alt_malloc_lock.o)
 .data          0x00015294        0x0 ../BSP_CPU_S0_V01/\libucosii_bsp.a(os_core.o)
 .data          0x00015294        0x0 ../BSP_CPU_S0_V01/\libucosii_bsp.a(os_dbg.o)
 .data          0x00015294        0x0 ../BSP_CPU_S0_V01/\libucosii_bsp.a(os_flag.o)
 .data          0x00015294        0x0 ../BSP_CPU_S0_V01/\libucosii_bsp.a(os_mem.o)
 .data          0x00015294        0x0 ../BSP_CPU_S0_V01/\libucosii_bsp.a(os_q.o)
 .data          0x00015294        0x0 ../BSP_CPU_S0_V01/\libucosii_bsp.a(os_sem.o)
 .data          0x00015294        0x0 ../BSP_CPU_S0_V01/\libucosii_bsp.a(os_task.o)
 .data          0x00015294        0x0 ../BSP_CPU_S0_V01/\libucosii_bsp.a(os_time.o)
 .data          0x00015294     0x106c ../BSP_CPU_S0_V01/\libucosii_bsp.a(alt_sys_init.o)
 .data          0x00016300        0x0 ../BSP_CPU_S0_V01/\libucosii_bsp.a(altera_avalon_jtag_uart_fd.o)
 .data          0x00016300        0x0 ../BSP_CPU_S0_V01/\libucosii_bsp.a(altera_avalon_jtag_uart_init.o)
 .data          0x00016300        0x0 ../BSP_CPU_S0_V01/\libucosii_bsp.a(altera_avalon_jtag_uart_ioctl.o)
 .data          0x00016300        0x0 ../BSP_CPU_S0_V01/\libucosii_bsp.a(altera_avalon_jtag_uart_read.o)
 .data          0x00016300        0x0 ../BSP_CPU_S0_V01/\libucosii_bsp.a(altera_avalon_jtag_uart_write.o)
 .data          0x00016300        0x0 ../BSP_CPU_S0_V01/\libucosii_bsp.a(altera_avalon_timer_sc.o)
 .data          0x00016300        0x0 ../BSP_CPU_S0_V01/\libucosii_bsp.a(alt_alarm_start.o)
 .data          0x00016300        0x0 ../BSP_CPU_S0_V01/\libucosii_bsp.a(alt_dcache_flush_all.o)
 .data          0x00016300        0x0 ../BSP_CPU_S0_V01/\libucosii_bsp.a(alt_dev_llist_insert.o)
 .data          0x00016300        0x0 ../BSP_CPU_S0_V01/\libucosii_bsp.a(alt_do_ctors.o)
 .data          0x00016300        0x0 ../BSP_CPU_S0_V01/\libucosii_bsp.a(alt_do_dtors.o)
 .data          0x00016300        0x0 ../BSP_CPU_S0_V01/\libucosii_bsp.a(alt_icache_flush_all.o)
 .data          0x00016300        0x0 ../BSP_CPU_S0_V01/\libucosii_bsp.a(alt_io_redirect.o)
 .data          0x00016300        0x0 ../BSP_CPU_S0_V01/\libucosii_bsp.a(alt_irq_register.o)
 .data          0x00016300        0x0 ../BSP_CPU_S0_V01/\libucosii_bsp.a(alt_irq_vars.o)
 .data          0x00016300        0x0 ../BSP_CPU_S0_V01/\libucosii_bsp.a(alt_open.o)
 .data          0x00016300        0x0 ../BSP_CPU_S0_V01/\libucosii_bsp.a(alt_tick.o)
 .data          0x00016300        0x0 ../BSP_CPU_S0_V01/\libucosii_bsp.a(altera_nios2_qsys_irq.o)
 .data          0x00016300        0x0 ../BSP_CPU_S0_V01/\libucosii_bsp.a(os_cpu_a.o)
 .data          0x00016300        0x0 ../BSP_CPU_S0_V01/\libucosii_bsp.a(os_cpu_c.o)
 .data          0x00016300        0x0 ../BSP_CPU_S0_V01/\libucosii_bsp.a(alt_find_dev.o)
 .data          0x00016300        0x0 ../BSP_CPU_S0_V01/\libucosii_bsp.a(alt_find_file.o)
 .data          0x00016300        0x0 ../BSP_CPU_S0_V01/\libucosii_bsp.a(alt_get_fd.o)
 .data          0x00016300        0x0 ../BSP_CPU_S0_V01/\libucosii_bsp.a(alt_icache_flush.o)
 .data          0x00016300        0x0 ../BSP_CPU_S0_V01/\libucosii_bsp.a(alt_irq_entry.o)
 .data          0x00016300        0x0 ../BSP_CPU_S0_V01/\libucosii_bsp.a(alt_irq_handler.o)
 .data          0x00016300        0x0 ../BSP_CPU_S0_V01/\libucosii_bsp.a(alt_exception_entry.o)
 .data          0x00016300        0x0 c:/altera/13.1/nios2eds/bin/gnu/h-i686-mingw32/bin/../lib/gcc/nios2-elf/4.7.3/../../../../../H-i686-mingw32/nios2-elf/lib\libc.a(lib_a-atexit.o)
 .data          0x00016300        0x0 c:/altera/13.1/nios2eds/bin/gnu/h-i686-mingw32/bin/../lib/gcc/nios2-elf/4.7.3/../../../../../H-i686-mingw32/nios2-elf/lib\libc.a(lib_a-exit.o)
 .data          0x00016300        0x0 c:/altera/13.1/nios2eds/bin/gnu/h-i686-mingw32/bin/../lib/gcc/nios2-elf/4.7.3/../../../../../H-i686-mingw32/nios2-elf/lib\libc.a(lib_a-memcmp.o)
 .data          0x00016300        0x0 c:/altera/13.1/nios2eds/bin/gnu/h-i686-mingw32/bin/../lib/gcc/nios2-elf/4.7.3/../../../../../H-i686-mingw32/nios2-elf/lib\libc.a(lib_a-__atexit.o)
 .data          0x00016300        0x0 c:/altera/13.1/nios2eds/bin/gnu/h-i686-mingw32/bin/../lib/gcc/nios2-elf/4.7.3/../../../../../H-i686-mingw32/nios2-elf/lib\libc.a(lib_a-__call_atexit.o)
 .data          0x00016300        0x0 c:/altera/13.1/nios2eds/bin/gnu/h-i686-mingw32/bin/../lib/gcc/nios2-elf/4.7.3\libgcc.a(_fixunsdfsi.o)
 .data          0x00016300        0x0 ../BSP_CPU_S0_V01/\libucosii_bsp.a(alt_exit.o)
                0x0001e300                _gp = ABSOLUTE ((. + 0x8000))
                0x0001e300                PROVIDE (gp, _gp)
 *(.rwdata .rwdata.*)
 *(.sdata .sdata.* .gnu.linkonce.s.*)
 .sdata         0x00016300        0x8 c:/altera/13.1/nios2eds/bin/gnu/h-i686-mingw32/bin/../lib/gcc/nios2-elf/4.7.3/../../../../../H-i686-mingw32/nios2-elf/lib\libc.a(lib_a-impure.o)
                0x00016300                _global_impure_ptr
                0x00016304                _impure_ptr
 .sdata         0x00016308        0x4 c:/altera/13.1/nios2eds/bin/gnu/h-i686-mingw32/bin/../lib/gcc/nios2-elf/4.7.3/../../../../../H-i686-mingw32/nios2-elf/lib\libc.a(lib_a-locale.o)
                0x00016308                __mb_cur_max
 .sdata         0x0001630c        0x8 c:/altera/13.1/nios2eds/bin/gnu/h-i686-mingw32/bin/../lib/gcc/nios2-elf/4.7.3/../../../../../H-i686-mingw32/nios2-elf/lib\libc.a(lib_a-mallocr.o)
                0x0001630c                __malloc_sbrk_base
                0x00016310                __malloc_trim_threshold
 .sdata         0x00016314       0x14 ../BSP_CPU_S0_V01/\libucosii_bsp.a(alt_dev.o)
                0x00016314                alt_fs_list
                0x0001631c                alt_dev_list
                0x00016324                alt_max_fd
 .sdata         0x00016328        0x4 ../BSP_CPU_S0_V01/\libucosii_bsp.a(alt_errno.o)
                0x00016328                alt_errno
 .sdata         0x0001632c        0x4 ../BSP_CPU_S0_V01/\libucosii_bsp.a(alt_sbrk.o)
 .sdata         0x00016330        0x4 ../BSP_CPU_S0_V01/\libucosii_bsp.a(alt_env_lock.o)
 .sdata         0x00016334        0x4 ../BSP_CPU_S0_V01/\libucosii_bsp.a(alt_malloc_lock.o)
 .sdata         0x00016338       0x74 ../BSP_CPU_S0_V01/\libucosii_bsp.a(os_dbg.o)
                0x00016338                OSDebugEn
                0x0001633c                OSEndiannessTest
                0x00016340                OSEventEn
                0x00016342                OSEventMax
                0x00016344                OSEventNameSize
                0x00016346                OSEventSize
                0x00016348                OSEventTblSize
                0x0001634a                OSEventMultiEn
                0x0001634c                OSFlagEn
                0x0001634e                OSFlagGrpSize
                0x00016350                OSFlagNodeSize
                0x00016352                OSFlagWidth
                0x00016354                OSFlagMax
                0x00016356                OSFlagNameSize
                0x00016358                OSLowestPrio
                0x0001635a                OSMboxEn
                0x0001635c                OSMemEn
                0x0001635e                OSMemMax
                0x00016360                OSMemNameSize
                0x00016362                OSMemSize
                0x00016364                OSMemTblSize
                0x00016366                OSMutexEn
                0x00016368                OSPtrSize
                0x0001636a                OSQEn
                0x0001636c                OSQMax
                0x0001636e                OSQSize
                0x00016370                OSRdyTblSize
                0x00016372                OSSemEn
                0x00016374                OSStkWidth
                0x00016376                OSTaskCreateEn
                0x00016378                OSTaskCreateExtEn
                0x0001637a                OSTaskDelEn
                0x0001637c                OSTaskIdleStkSize
                0x0001637e                OSTaskProfileEn
                0x00016380                OSTaskMax
                0x00016382                OSTaskNameSize
                0x00016384                OSTaskStatEn
                0x00016386                OSTaskStatStkSize
                0x00016388                OSTaskStatStkChkEn
                0x0001638a                OSTaskSwHookEn
                0x0001638c                OSTCBPrioTblMax
                0x0001638e                OSTCBSize
                0x00016390                OSTicksPerSec
                0x00016392                OSTimeTickHookEn
                0x00016394                OSVersionNbr
                0x00016396                OSTmrEn
                0x00016398                OSTmrCfgMax
                0x0001639a                OSTmrCfgNameSize
                0x0001639c                OSTmrCfgWheelSize
                0x0001639e                OSTmrCfgTicksPerSec
                0x000163a0                OSTmrSize
                0x000163a2                OSTmrTblSize
                0x000163a4                OSTmrWheelSize
                0x000163a6                OSTmrWheelTblSize
                0x000163a8                OSDataSize
 .sdata         0x000163ac        0x4 ../BSP_CPU_S0_V01/\libucosii_bsp.a(alt_irq_vars.o)
                0x000163ac                alt_priority_mask
 .sdata         0x000163b0        0x8 ../BSP_CPU_S0_V01/\libucosii_bsp.a(alt_tick.o)
                0x000163b0                alt_alarm_list
 *(.sdata2 .sdata2.* .gnu.linkonce.s2.*)
                0x000163b8                . = ALIGN (0x4)
                0x000163b8                _edata = ABSOLUTE (.)
                0x000163b8                PROVIDE (edata, ABSOLUTE (.))
                0x000163b8                PROVIDE (__ram_rwdata_end, ABSOLUTE (.))
                0x000163b8                PROVIDE (__flash_rwdata_start, LOADADDR (.rwdata))

.bss            0x00017e98     0x3574
                0x00017e98                __bss_start = ABSOLUTE (.)
                0x00017e98                PROVIDE (__sbss_start, ABSOLUTE (.))
                0x00017e98                PROVIDE (___sbss_start, ABSOLUTE (.))
 *(.dynsbss)
 *(.sbss .sbss.* .gnu.linkonce.sb.*)
 .sbss          0x00017e98        0xc c:/altera/13.1/nios2eds/bin/gnu/h-i686-mingw32/bin/../lib/gcc/nios2-elf/4.7.3/../../../../../H-i686-mingw32/nios2-elf/lib\libc.a(lib_a-locale.o)
                0x00017e98                _PathLocale
                0x00017e9c                __mlocale_changed
                0x00017ea0                __nlocale_changed
 .sbss          0x00017ea4        0xc c:/altera/13.1/nios2eds/bin/gnu/h-i686-mingw32/bin/../lib/gcc/nios2-elf/4.7.3/../../../../../H-i686-mingw32/nios2-elf/lib\libc.a(lib_a-mallocr.o)
                0x00017ea4                __malloc_max_total_mem
                0x00017ea8                __malloc_max_sbrked_mem
                0x00017eac                __malloc_top_pad
 .sbss          0x00017eb0        0x4 c:/altera/13.1/nios2eds/bin/gnu/h-i686-mingw32/bin/../lib/gcc/nios2-elf/4.7.3/../../../../../H-i686-mingw32/nios2-elf/lib\libc.a(lib_a-int_errno.o)
                0x00017eb0                errno
 .sbss          0x00017eb4        0x4 ../BSP_CPU_S0_V01/\libucosii_bsp.a(alt_dev.o)
                0x00017eb4                alt_fd_list_lock
 .sbss          0x00017eb8        0xc ../BSP_CPU_S0_V01/\libucosii_bsp.a(alt_main.o)
                0x00017eb8                alt_argc
                0x00017ebc                alt_argv
                0x00017ec0                alt_envp
 .sbss          0x00017ec4        0x8 ../BSP_CPU_S0_V01/\libucosii_bsp.a(alt_env_lock.o)
                0x00017ec8                alt_envsem
 .sbss          0x00017ecc        0x8 ../BSP_CPU_S0_V01/\libucosii_bsp.a(alt_malloc_lock.o)
                0x00017ed0                alt_heapsem
 .sbss          0x00017ed4       0x50 ../BSP_CPU_S0_V01/\libucosii_bsp.a(os_core.o)
                0x00017ed4                OSLockNesting
                0x00017ed5                OSRunning
                0x00017ed8                OSIdleCtr
                0x00017edc                OSPrioHighRdy
                0x00017edd                OSPrioCur
                0x00017ee0                OSTCBList
                0x00017ee4                OSTickStepState
                0x00017ee8                OSCtxSwCtr
                0x00017eec                OSIdleCtrMax
                0x00017ef0                OSTCBFreeList
                0x00017ef4                OSCPUUsage
                0x00017ef5                OSTaskCtr
                0x00017ef8                OSMemFreeList
                0x00017efc                OSTCBHighRdy
                0x00017f00                OSQFreeList
                0x00017f04                OSRdyGrp
                0x00017f05                OSRdyTbl
                0x00017f08                OSEventFreeList
                0x00017f0c                OSIntNesting
                0x00017f10                OSTCBCur
                0x00017f14                OSTime
                0x00017f18                OSFlagFreeList
                0x00017f1c                OSStatRdy
                0x00017f20                OSIdleCtrRun
 .sbss          0x00017f24        0x4 ../BSP_CPU_S0_V01/\libucosii_bsp.a(alt_irq_vars.o)
                0x00017f24                alt_irq_active
 .sbss          0x00017f28        0x8 ../BSP_CPU_S0_V01/\libucosii_bsp.a(alt_tick.o)
                0x00017f28                _alt_tick_rate
                0x00017f2c                _alt_nticks
 *(.sbss2 .sbss2.* .gnu.linkonce.sb2.*)
 *(.scommon)
                0x00017f30                PROVIDE (__sbss_end, ABSOLUTE (.))
                0x00017f30                PROVIDE (___sbss_end, ABSOLUTE (.))
 *(.dynbss)
 *(.bss .bss.* .gnu.linkonce.b.*)
 .bss           0x00017f30        0x0 ../BSP_CPU_S0_V01//obj/HAL/src/crt0.o
 .bss           0x00017f30        0x0 obj/default/main.o
 .bss           0x00017f30        0x0 c:/altera/13.1/nios2eds/bin/gnu/h-i686-mingw32/bin/../lib/gcc/nios2-elf/4.7.3/../../../../../H-i686-mingw32/nios2-elf/lib\libc.a(lib_a-printf.o)
 .bss           0x00017f30        0x0 c:/altera/13.1/nios2eds/bin/gnu/h-i686-mingw32/bin/../lib/gcc/nios2-elf/4.7.3/../../../../../H-i686-mingw32/nios2-elf/lib\libc.a(lib_a-vfprintf.o)
 .bss           0x00017f30        0x0 c:/altera/13.1/nios2eds/bin/gnu/h-i686-mingw32/bin/../lib/gcc/nios2-elf/4.7.3/../../../../../H-i686-mingw32/nios2-elf/lib\libc.a(lib_a-wsetup.o)
 .bss           0x00017f30        0x0 c:/altera/13.1/nios2eds/bin/gnu/h-i686-mingw32/bin/../lib/gcc/nios2-elf/4.7.3/../../../../../H-i686-mingw32/nios2-elf/lib\libc.a(lib_a-dtoa.o)
 .bss           0x00017f30        0x0 c:/altera/13.1/nios2eds/bin/gnu/h-i686-mingw32/bin/../lib/gcc/nios2-elf/4.7.3/../../../../../H-i686-mingw32/nios2-elf/lib\libc.a(lib_a-fflush.o)
 .bss           0x00017f30        0x0 c:/altera/13.1/nios2eds/bin/gnu/h-i686-mingw32/bin/../lib/gcc/nios2-elf/4.7.3/../../../../../H-i686-mingw32/nios2-elf/lib\libc.a(lib_a-findfp.o)
 .bss           0x00017f30        0x0 c:/altera/13.1/nios2eds/bin/gnu/h-i686-mingw32/bin/../lib/gcc/nios2-elf/4.7.3/../../../../../H-i686-mingw32/nios2-elf/lib\libc.a(lib_a-freer.o)
 .bss           0x00017f30        0x0 c:/altera/13.1/nios2eds/bin/gnu/h-i686-mingw32/bin/../lib/gcc/nios2-elf/4.7.3/../../../../../H-i686-mingw32/nios2-elf/lib\libc.a(lib_a-fvwrite.o)
 .bss           0x00017f30        0x0 c:/altera/13.1/nios2eds/bin/gnu/h-i686-mingw32/bin/../lib/gcc/nios2-elf/4.7.3/../../../../../H-i686-mingw32/nios2-elf/lib\libc.a(lib_a-fwalk.o)
 .bss           0x00017f30        0x0 c:/altera/13.1/nios2eds/bin/gnu/h-i686-mingw32/bin/../lib/gcc/nios2-elf/4.7.3/../../../../../H-i686-mingw32/nios2-elf/lib\libc.a(lib_a-impure.o)
 .bss           0x00017f30        0x0 c:/altera/13.1/nios2eds/bin/gnu/h-i686-mingw32/bin/../lib/gcc/nios2-elf/4.7.3/../../../../../H-i686-mingw32/nios2-elf/lib\libc.a(lib_a-locale.o)
 .bss           0x00017f30        0x0 c:/altera/13.1/nios2eds/bin/gnu/h-i686-mingw32/bin/../lib/gcc/nios2-elf/4.7.3/../../../../../H-i686-mingw32/nios2-elf/lib\libc.a(lib_a-makebuf.o)
 .bss           0x00017f30       0x28 c:/altera/13.1/nios2eds/bin/gnu/h-i686-mingw32/bin/../lib/gcc/nios2-elf/4.7.3/../../../../../H-i686-mingw32/nios2-elf/lib\libc.a(lib_a-mallocr.o)
                0x00017f30                __malloc_current_mallinfo
 .bss           0x00017f58        0x0 c:/altera/13.1/nios2eds/bin/gnu/h-i686-mingw32/bin/../lib/gcc/nios2-elf/4.7.3/../../../../../H-i686-mingw32/nios2-elf/lib\libc.a(lib_a-memchr.o)
 .bss           0x00017f58        0x0 c:/altera/13.1/nios2eds/bin/gnu/h-i686-mingw32/bin/../lib/gcc/nios2-elf/4.7.3/../../../../../H-i686-mingw32/nios2-elf/lib\libc.a(lib_a-memcpy.o)
 .bss           0x00017f58        0x0 c:/altera/13.1/nios2eds/bin/gnu/h-i686-mingw32/bin/../lib/gcc/nios2-elf/4.7.3/../../../../../H-i686-mingw32/nios2-elf/lib\libc.a(lib_a-memmove.o)
 .bss           0x00017f58        0x0 c:/altera/13.1/nios2eds/bin/gnu/h-i686-mingw32/bin/../lib/gcc/nios2-elf/4.7.3/../../../../../H-i686-mingw32/nios2-elf/lib\libc.a(lib_a-memset.o)
 .bss           0x00017f58        0x0 c:/altera/13.1/nios2eds/bin/gnu/h-i686-mingw32/bin/../lib/gcc/nios2-elf/4.7.3/../../../../../H-i686-mingw32/nios2-elf/lib\libc.a(lib_a-mprec.o)
 .bss           0x00017f58        0x0 c:/altera/13.1/nios2eds/bin/gnu/h-i686-mingw32/bin/../lib/gcc/nios2-elf/4.7.3/../../../../../H-i686-mingw32/nios2-elf/lib\libc.a(lib_a-reallocr.o)
 .bss           0x00017f58        0x0 c:/altera/13.1/nios2eds/bin/gnu/h-i686-mingw32/bin/../lib/gcc/nios2-elf/4.7.3/../../../../../H-i686-mingw32/nios2-elf/lib\libc.a(lib_a-s_isinfd.o)
 .bss           0x00017f58        0x0 c:/altera/13.1/nios2eds/bin/gnu/h-i686-mingw32/bin/../lib/gcc/nios2-elf/4.7.3/../../../../../H-i686-mingw32/nios2-elf/lib\libc.a(lib_a-s_isnand.o)
 .bss           0x00017f58        0x0 c:/altera/13.1/nios2eds/bin/gnu/h-i686-mingw32/bin/../lib/gcc/nios2-elf/4.7.3/../../../../../H-i686-mingw32/nios2-elf/lib\libc.a(lib_a-sbrkr.o)
 .bss           0x00017f58        0x0 c:/altera/13.1/nios2eds/bin/gnu/h-i686-mingw32/bin/../lib/gcc/nios2-elf/4.7.3/../../../../../H-i686-mingw32/nios2-elf/lib\libc.a(lib_a-stdio.o)
 .bss           0x00017f58        0x0 c:/altera/13.1/nios2eds/bin/gnu/h-i686-mingw32/bin/../lib/gcc/nios2-elf/4.7.3/../../../../../H-i686-mingw32/nios2-elf/lib\libc.a(lib_a-strcmp.o)
 .bss           0x00017f58        0x0 c:/altera/13.1/nios2eds/bin/gnu/h-i686-mingw32/bin/../lib/gcc/nios2-elf/4.7.3/../../../../../H-i686-mingw32/nios2-elf/lib\libc.a(lib_a-strlen.o)
 .bss           0x00017f58        0x0 c:/altera/13.1/nios2eds/bin/gnu/h-i686-mingw32/bin/../lib/gcc/nios2-elf/4.7.3/../../../../../H-i686-mingw32/nios2-elf/lib\libc.a(lib_a-writer.o)
 .bss           0x00017f58        0x0 c:/altera/13.1/nios2eds/bin/gnu/h-i686-mingw32/bin/../lib/gcc/nios2-elf/4.7.3/../../../../../H-i686-mingw32/nios2-elf/lib\libc.a(lib_a-callocr.o)
 .bss           0x00017f58        0x0 c:/altera/13.1/nios2eds/bin/gnu/h-i686-mingw32/bin/../lib/gcc/nios2-elf/4.7.3/../../../../../H-i686-mingw32/nios2-elf/lib\libc.a(lib_a-closer.o)
 .bss           0x00017f58        0x0 c:/altera/13.1/nios2eds/bin/gnu/h-i686-mingw32/bin/../lib/gcc/nios2-elf/4.7.3/../../../../../H-i686-mingw32/nios2-elf/lib\libc.a(lib_a-fclose.o)
 .bss           0x00017f58        0x0 c:/altera/13.1/nios2eds/bin/gnu/h-i686-mingw32/bin/../lib/gcc/nios2-elf/4.7.3/../../../../../H-i686-mingw32/nios2-elf/lib\libc.a(lib_a-fstatr.o)
 .bss           0x00017f58        0x0 c:/altera/13.1/nios2eds/bin/gnu/h-i686-mingw32/bin/../lib/gcc/nios2-elf/4.7.3/../../../../../H-i686-mingw32/nios2-elf/lib\libc.a(lib_a-int_errno.o)
 .bss           0x00017f58        0x0 c:/altera/13.1/nios2eds/bin/gnu/h-i686-mingw32/bin/../lib/gcc/nios2-elf/4.7.3/../../../../../H-i686-mingw32/nios2-elf/lib\libc.a(lib_a-isattyr.o)
 .bss           0x00017f58        0x0 c:/altera/13.1/nios2eds/bin/gnu/h-i686-mingw32/bin/../lib/gcc/nios2-elf/4.7.3/../../../../../H-i686-mingw32/nios2-elf/lib\libc.a(lib_a-lseekr.o)
 .bss           0x00017f58        0x0 c:/altera/13.1/nios2eds/bin/gnu/h-i686-mingw32/bin/../lib/gcc/nios2-elf/4.7.3/../../../../../H-i686-mingw32/nios2-elf/lib\libc.a(lib_a-readr.o)
 .bss           0x00017f58        0x0 c:/altera/13.1/nios2eds/bin/gnu/h-i686-mingw32/bin/../lib/gcc/nios2-elf/4.7.3\libgcc.a(_udivdi3.o)
 .bss           0x00017f58        0x0 c:/altera/13.1/nios2eds/bin/gnu/h-i686-mingw32/bin/../lib/gcc/nios2-elf/4.7.3\libgcc.a(_umoddi3.o)
 .bss           0x00017f58        0x0 c:/altera/13.1/nios2eds/bin/gnu/h-i686-mingw32/bin/../lib/gcc/nios2-elf/4.7.3\libgcc.a(_addsub_df.o)
 .bss           0x00017f58        0x0 c:/altera/13.1/nios2eds/bin/gnu/h-i686-mingw32/bin/../lib/gcc/nios2-elf/4.7.3\libgcc.a(_mul_df.o)
 .bss           0x00017f58        0x0 c:/altera/13.1/nios2eds/bin/gnu/h-i686-mingw32/bin/../lib/gcc/nios2-elf/4.7.3\libgcc.a(_div_df.o)
 .bss           0x00017f58        0x0 c:/altera/13.1/nios2eds/bin/gnu/h-i686-mingw32/bin/../lib/gcc/nios2-elf/4.7.3\libgcc.a(_eq_df.o)
 .bss           0x00017f58        0x0 c:/altera/13.1/nios2eds/bin/gnu/h-i686-mingw32/bin/../lib/gcc/nios2-elf/4.7.3\libgcc.a(_ne_df.o)
 .bss           0x00017f58        0x0 c:/altera/13.1/nios2eds/bin/gnu/h-i686-mingw32/bin/../lib/gcc/nios2-elf/4.7.3\libgcc.a(_gt_df.o)
 .bss           0x00017f58        0x0 c:/altera/13.1/nios2eds/bin/gnu/h-i686-mingw32/bin/../lib/gcc/nios2-elf/4.7.3\libgcc.a(_ge_df.o)
 .bss           0x00017f58        0x0 c:/altera/13.1/nios2eds/bin/gnu/h-i686-mingw32/bin/../lib/gcc/nios2-elf/4.7.3\libgcc.a(_lt_df.o)
 .bss           0x00017f58        0x0 c:/altera/13.1/nios2eds/bin/gnu/h-i686-mingw32/bin/../lib/gcc/nios2-elf/4.7.3\libgcc.a(_si_to_df.o)
 .bss           0x00017f58        0x0 c:/altera/13.1/nios2eds/bin/gnu/h-i686-mingw32/bin/../lib/gcc/nios2-elf/4.7.3\libgcc.a(_df_to_si.o)
 .bss           0x00017f58        0x0 c:/altera/13.1/nios2eds/bin/gnu/h-i686-mingw32/bin/../lib/gcc/nios2-elf/4.7.3\libgcc.a(_thenan_df.o)
 .bss           0x00017f58        0x0 c:/altera/13.1/nios2eds/bin/gnu/h-i686-mingw32/bin/../lib/gcc/nios2-elf/4.7.3\libgcc.a(_usi_to_df.o)
 .bss           0x00017f58        0x0 c:/altera/13.1/nios2eds/bin/gnu/h-i686-mingw32/bin/../lib/gcc/nios2-elf/4.7.3\libgcc.a(lib2-divmod.o)
 .bss           0x00017f58        0x0 c:/altera/13.1/nios2eds/bin/gnu/h-i686-mingw32/bin/../lib/gcc/nios2-elf/4.7.3\libgcc.a(_muldi3.o)
 .bss           0x00017f58        0x0 c:/altera/13.1/nios2eds/bin/gnu/h-i686-mingw32/bin/../lib/gcc/nios2-elf/4.7.3\libgcc.a(_clz.o)
 .bss           0x00017f58        0x0 c:/altera/13.1/nios2eds/bin/gnu/h-i686-mingw32/bin/../lib/gcc/nios2-elf/4.7.3\libgcc.a(_clzsi2.o)
 .bss           0x00017f58        0x0 c:/altera/13.1/nios2eds/bin/gnu/h-i686-mingw32/bin/../lib/gcc/nios2-elf/4.7.3\libgcc.a(_pack_df.o)
 .bss           0x00017f58        0x0 c:/altera/13.1/nios2eds/bin/gnu/h-i686-mingw32/bin/../lib/gcc/nios2-elf/4.7.3\libgcc.a(_unpack_df.o)
 .bss           0x00017f58        0x0 c:/altera/13.1/nios2eds/bin/gnu/h-i686-mingw32/bin/../lib/gcc/nios2-elf/4.7.3\libgcc.a(_fpcmp_parts_df.o)
 .bss           0x00017f58        0x0 c:/altera/13.1/nios2eds/bin/gnu/h-i686-mingw32/bin/../lib/gcc/nios2-elf/4.7.3\libgcc.a(_lshrdi3.o)
 .bss           0x00017f58        0x0 c:/altera/13.1/nios2eds/bin/gnu/h-i686-mingw32/bin/../lib/gcc/nios2-elf/4.7.3\libgcc.a(_ashldi3.o)
 .bss           0x00017f58        0x0 ../BSP_CPU_S0_V01/\libucosii_bsp.a(alt_close.o)
 .bss           0x00017f58        0x0 ../BSP_CPU_S0_V01/\libucosii_bsp.a(alt_dev.o)
 .bss           0x00017f58        0x0 ../BSP_CPU_S0_V01/\libucosii_bsp.a(alt_errno.o)
 .bss           0x00017f58        0x0 ../BSP_CPU_S0_V01/\libucosii_bsp.a(alt_fstat.o)
 .bss           0x00017f58        0x0 ../BSP_CPU_S0_V01/\libucosii_bsp.a(alt_isatty.o)
 .bss           0x00017f58        0x0 ../BSP_CPU_S0_V01/\libucosii_bsp.a(alt_load.o)
 .bss           0x00017f58        0x0 ../BSP_CPU_S0_V01/\libucosii_bsp.a(alt_lseek.o)
 .bss           0x00017f58        0x0 ../BSP_CPU_S0_V01/\libucosii_bsp.a(alt_main.o)
 .bss           0x00017f58        0x0 ../BSP_CPU_S0_V01/\libucosii_bsp.a(alt_read.o)
 .bss           0x00017f58        0x0 ../BSP_CPU_S0_V01/\libucosii_bsp.a(alt_release_fd.o)
 .bss           0x00017f58        0x0 ../BSP_CPU_S0_V01/\libucosii_bsp.a(alt_sbrk.o)
 .bss           0x00017f58        0x0 ../BSP_CPU_S0_V01/\libucosii_bsp.a(alt_write.o)
 .bss           0x00017f58        0x0 ../BSP_CPU_S0_V01/\libucosii_bsp.a(alt_env_lock.o)
 .bss           0x00017f58        0x0 ../BSP_CPU_S0_V01/\libucosii_bsp.a(alt_malloc_lock.o)
 .bss           0x00017f58        0x0 ../BSP_CPU_S0_V01/\libucosii_bsp.a(os_core.o)
 .bss           0x00017f58        0x0 ../BSP_CPU_S0_V01/\libucosii_bsp.a(os_dbg.o)
 .bss           0x00017f58        0x0 ../BSP_CPU_S0_V01/\libucosii_bsp.a(os_flag.o)
 .bss           0x00017f58        0x0 ../BSP_CPU_S0_V01/\libucosii_bsp.a(os_mem.o)
 .bss           0x00017f58        0x0 ../BSP_CPU_S0_V01/\libucosii_bsp.a(os_q.o)
 .bss           0x00017f58        0x0 ../BSP_CPU_S0_V01/\libucosii_bsp.a(os_sem.o)
 .bss           0x00017f58        0x0 ../BSP_CPU_S0_V01/\libucosii_bsp.a(os_task.o)
 .bss           0x00017f58        0x0 ../BSP_CPU_S0_V01/\libucosii_bsp.a(os_time.o)
 .bss           0x00017f58        0x0 ../BSP_CPU_S0_V01/\libucosii_bsp.a(alt_sys_init.o)
 .bss           0x00017f58        0x0 ../BSP_CPU_S0_V01/\libucosii_bsp.a(altera_avalon_jtag_uart_fd.o)
 .bss           0x00017f58        0x0 ../BSP_CPU_S0_V01/\libucosii_bsp.a(altera_avalon_jtag_uart_init.o)
 .bss           0x00017f58        0x0 ../BSP_CPU_S0_V01/\libucosii_bsp.a(altera_avalon_jtag_uart_ioctl.o)
 .bss           0x00017f58        0x0 ../BSP_CPU_S0_V01/\libucosii_bsp.a(altera_avalon_jtag_uart_read.o)
 .bss           0x00017f58        0x0 ../BSP_CPU_S0_V01/\libucosii_bsp.a(altera_avalon_jtag_uart_write.o)
 .bss           0x00017f58        0x0 ../BSP_CPU_S0_V01/\libucosii_bsp.a(altera_avalon_timer_sc.o)
 .bss           0x00017f58        0x0 ../BSP_CPU_S0_V01/\libucosii_bsp.a(alt_alarm_start.o)
 .bss           0x00017f58        0x0 ../BSP_CPU_S0_V01/\libucosii_bsp.a(alt_dcache_flush_all.o)
 .bss           0x00017f58        0x0 ../BSP_CPU_S0_V01/\libucosii_bsp.a(alt_dev_llist_insert.o)
 .bss           0x00017f58        0x0 ../BSP_CPU_S0_V01/\libucosii_bsp.a(alt_do_ctors.o)
 .bss           0x00017f58        0x0 ../BSP_CPU_S0_V01/\libucosii_bsp.a(alt_do_dtors.o)
 .bss           0x00017f58        0x0 ../BSP_CPU_S0_V01/\libucosii_bsp.a(alt_icache_flush_all.o)
 .bss           0x00017f58        0x0 ../BSP_CPU_S0_V01/\libucosii_bsp.a(alt_io_redirect.o)
 .bss           0x00017f58        0x0 ../BSP_CPU_S0_V01/\libucosii_bsp.a(alt_irq_register.o)
 .bss           0x00017f58        0x0 ../BSP_CPU_S0_V01/\libucosii_bsp.a(alt_irq_vars.o)
 .bss           0x00017f58        0x0 ../BSP_CPU_S0_V01/\libucosii_bsp.a(alt_open.o)
 .bss           0x00017f58        0x0 ../BSP_CPU_S0_V01/\libucosii_bsp.a(alt_tick.o)
 .bss           0x00017f58        0x0 ../BSP_CPU_S0_V01/\libucosii_bsp.a(altera_nios2_qsys_irq.o)
 .bss           0x00017f58        0x0 ../BSP_CPU_S0_V01/\libucosii_bsp.a(os_cpu_a.o)
 .bss           0x00017f58        0x0 ../BSP_CPU_S0_V01/\libucosii_bsp.a(os_cpu_c.o)
 .bss           0x00017f58        0x0 ../BSP_CPU_S0_V01/\libucosii_bsp.a(alt_find_dev.o)
 .bss           0x00017f58        0x0 ../BSP_CPU_S0_V01/\libucosii_bsp.a(alt_find_file.o)
 .bss           0x00017f58        0x0 ../BSP_CPU_S0_V01/\libucosii_bsp.a(alt_get_fd.o)
 .bss           0x00017f58        0x0 ../BSP_CPU_S0_V01/\libucosii_bsp.a(alt_icache_flush.o)
 .bss           0x00017f58        0x0 ../BSP_CPU_S0_V01/\libucosii_bsp.a(alt_irq_entry.o)
 .bss           0x00017f58        0x0 ../BSP_CPU_S0_V01/\libucosii_bsp.a(alt_irq_handler.o)
 .bss           0x00017f58        0x0 ../BSP_CPU_S0_V01/\libucosii_bsp.a(alt_exception_entry.o)
 .bss           0x00017f58        0x0 c:/altera/13.1/nios2eds/bin/gnu/h-i686-mingw32/bin/../lib/gcc/nios2-elf/4.7.3/../../../../../H-i686-mingw32/nios2-elf/lib\libc.a(lib_a-atexit.o)
 .bss           0x00017f58        0x0 c:/altera/13.1/nios2eds/bin/gnu/h-i686-mingw32/bin/../lib/gcc/nios2-elf/4.7.3/../../../../../H-i686-mingw32/nios2-elf/lib\libc.a(lib_a-exit.o)
 .bss           0x00017f58        0x0 c:/altera/13.1/nios2eds/bin/gnu/h-i686-mingw32/bin/../lib/gcc/nios2-elf/4.7.3/../../../../../H-i686-mingw32/nios2-elf/lib\libc.a(lib_a-memcmp.o)
 .bss           0x00017f58        0x0 c:/altera/13.1/nios2eds/bin/gnu/h-i686-mingw32/bin/../lib/gcc/nios2-elf/4.7.3/../../../../../H-i686-mingw32/nios2-elf/lib\libc.a(lib_a-__atexit.o)
 .bss           0x00017f58        0x0 c:/altera/13.1/nios2eds/bin/gnu/h-i686-mingw32/bin/../lib/gcc/nios2-elf/4.7.3/../../../../../H-i686-mingw32/nios2-elf/lib\libc.a(lib_a-__call_atexit.o)
 .bss           0x00017f58        0x0 c:/altera/13.1/nios2eds/bin/gnu/h-i686-mingw32/bin/../lib/gcc/nios2-elf/4.7.3\libgcc.a(_fixunsdfsi.o)
 .bss           0x00017f58        0x0 ../BSP_CPU_S0_V01/\libucosii_bsp.a(alt_exit.o)
 *(COMMON)
 COMMON         0x00017f58     0x3224 ../BSP_CPU_S0_V01/\libucosii_bsp.a(os_core.o)
                0x00017f58                OSFlagTbl
                0x000182c8                OSMemTbl
                0x00018ef8                OSTaskStatStk
                0x000196f8                OSQTbl
                0x000198d8                OSTaskIdleStk
                0x0001a0d8                OSEventTbl
                0x0001ac18                OSTCBTbl
                0x0001b128                OSTCBPrioTbl
 COMMON         0x0001b17c      0x100 ../BSP_CPU_S0_V01/\libucosii_bsp.a(alt_irq_handler.o)
                0x0001b17c                alt_irq
 COMMON         0x0001b27c      0x190 c:/altera/13.1/nios2eds/bin/gnu/h-i686-mingw32/bin/../lib/gcc/nios2-elf/4.7.3/../../../../../H-i686-mingw32/nios2-elf/lib\libc.a(lib_a-atexit.o)
                0x0001b27c                _atexit0
                0x0001b40c                . = ALIGN (0x4)
                0x0001b40c                __bss_end = ABSOLUTE (.)

.sdram          0x0001b40c        0x0
                0x0001b40c                PROVIDE (_alt_partition_sdram_start, ABSOLUTE (.))
 *(.sdram .sdram. sdram.*)
                0x0001b40c                . = ALIGN (0x4)
                0x0001b40c                PROVIDE (_alt_partition_sdram_end, ABSOLUTE (.))
                0x0001b40c                _end = ABSOLUTE (.)
                0x0001b40c                end = ABSOLUTE (.)
                0x0001b40c                __alt_stack_base = ABSOLUTE (.)
                0x0001b40c                PROVIDE (_alt_partition_sdram_load_addr, LOADADDR (.sdram))

.stab
 *(.stab)

.stabstr
 *(.stabstr)

.stab.excl
 *(.stab.excl)

.stab.exclstr
 *(.stab.exclstr)

.stab.index
 *(.stab.index)

.stab.indexstr
 *(.stab.indexstr)

.comment        0x00000000       0x23
 *(.comment)
 .comment       0x00000000       0x23 obj/default/main.o
                                 0x24 (size before relaxing)
 .comment       0x00000000       0x24 c:/altera/13.1/nios2eds/bin/gnu/h-i686-mingw32/bin/../lib/gcc/nios2-elf/4.7.3/../../../../../H-i686-mingw32/nios2-elf/lib\libc.a(lib_a-printf.o)
 .comment       0x00000000       0x24 c:/altera/13.1/nios2eds/bin/gnu/h-i686-mingw32/bin/../lib/gcc/nios2-elf/4.7.3/../../../../../H-i686-mingw32/nios2-elf/lib\libc.a(lib_a-vfprintf.o)
 .comment       0x00000000       0x24 c:/altera/13.1/nios2eds/bin/gnu/h-i686-mingw32/bin/../lib/gcc/nios2-elf/4.7.3/../../../../../H-i686-mingw32/nios2-elf/lib\libc.a(lib_a-wsetup.o)
 .comment       0x00000000       0x24 c:/altera/13.1/nios2eds/bin/gnu/h-i686-mingw32/bin/../lib/gcc/nios2-elf/4.7.3/../../../../../H-i686-mingw32/nios2-elf/lib\libc.a(lib_a-dtoa.o)
 .comment       0x00000000       0x24 c:/altera/13.1/nios2eds/bin/gnu/h-i686-mingw32/bin/../lib/gcc/nios2-elf/4.7.3/../../../../../H-i686-mingw32/nios2-elf/lib\libc.a(lib_a-fflush.o)
 .comment       0x00000000       0x24 c:/altera/13.1/nios2eds/bin/gnu/h-i686-mingw32/bin/../lib/gcc/nios2-elf/4.7.3/../../../../../H-i686-mingw32/nios2-elf/lib\libc.a(lib_a-findfp.o)
 .comment       0x00000000       0x24 c:/altera/13.1/nios2eds/bin/gnu/h-i686-mingw32/bin/../lib/gcc/nios2-elf/4.7.3/../../../../../H-i686-mingw32/nios2-elf/lib\libc.a(lib_a-freer.o)
 .comment       0x00000000       0x24 c:/altera/13.1/nios2eds/bin/gnu/h-i686-mingw32/bin/../lib/gcc/nios2-elf/4.7.3/../../../../../H-i686-mingw32/nios2-elf/lib\libc.a(lib_a-fvwrite.o)
 .comment       0x00000000       0x24 c:/altera/13.1/nios2eds/bin/gnu/h-i686-mingw32/bin/../lib/gcc/nios2-elf/4.7.3/../../../../../H-i686-mingw32/nios2-elf/lib\libc.a(lib_a-fwalk.o)
 .comment       0x00000000       0x24 c:/altera/13.1/nios2eds/bin/gnu/h-i686-mingw32/bin/../lib/gcc/nios2-elf/4.7.3/../../../../../H-i686-mingw32/nios2-elf/lib\libc.a(lib_a-impure.o)
 .comment       0x00000000       0x24 c:/altera/13.1/nios2eds/bin/gnu/h-i686-mingw32/bin/../lib/gcc/nios2-elf/4.7.3/../../../../../H-i686-mingw32/nios2-elf/lib\libc.a(lib_a-locale.o)
 .comment       0x00000000       0x24 c:/altera/13.1/nios2eds/bin/gnu/h-i686-mingw32/bin/../lib/gcc/nios2-elf/4.7.3/../../../../../H-i686-mingw32/nios2-elf/lib\libc.a(lib_a-makebuf.o)
 .comment       0x00000000       0x24 c:/altera/13.1/nios2eds/bin/gnu/h-i686-mingw32/bin/../lib/gcc/nios2-elf/4.7.3/../../../../../H-i686-mingw32/nios2-elf/lib\libc.a(lib_a-mallocr.o)
 .comment       0x00000000       0x24 c:/altera/13.1/nios2eds/bin/gnu/h-i686-mingw32/bin/../lib/gcc/nios2-elf/4.7.3/../../../../../H-i686-mingw32/nios2-elf/lib\libc.a(lib_a-memchr.o)
 .comment       0x00000000       0x24 c:/altera/13.1/nios2eds/bin/gnu/h-i686-mingw32/bin/../lib/gcc/nios2-elf/4.7.3/../../../../../H-i686-mingw32/nios2-elf/lib\libc.a(lib_a-memcpy.o)
 .comment       0x00000000       0x24 c:/altera/13.1/nios2eds/bin/gnu/h-i686-mingw32/bin/../lib/gcc/nios2-elf/4.7.3/../../../../../H-i686-mingw32/nios2-elf/lib\libc.a(lib_a-memmove.o)
 .comment       0x00000000       0x24 c:/altera/13.1/nios2eds/bin/gnu/h-i686-mingw32/bin/../lib/gcc/nios2-elf/4.7.3/../../../../../H-i686-mingw32/nios2-elf/lib\libc.a(lib_a-memset.o)
 .comment       0x00000000       0x24 c:/altera/13.1/nios2eds/bin/gnu/h-i686-mingw32/bin/../lib/gcc/nios2-elf/4.7.3/../../../../../H-i686-mingw32/nios2-elf/lib\libc.a(lib_a-mprec.o)
 .comment       0x00000000       0x24 c:/altera/13.1/nios2eds/bin/gnu/h-i686-mingw32/bin/../lib/gcc/nios2-elf/4.7.3/../../../../../H-i686-mingw32/nios2-elf/lib\libc.a(lib_a-reallocr.o)
 .comment       0x00000000       0x24 c:/altera/13.1/nios2eds/bin/gnu/h-i686-mingw32/bin/../lib/gcc/nios2-elf/4.7.3/../../../../../H-i686-mingw32/nios2-elf/lib\libc.a(lib_a-s_isinfd.o)
 .comment       0x00000000       0x24 c:/altera/13.1/nios2eds/bin/gnu/h-i686-mingw32/bin/../lib/gcc/nios2-elf/4.7.3/../../../../../H-i686-mingw32/nios2-elf/lib\libc.a(lib_a-s_isnand.o)
 .comment       0x00000000       0x24 c:/altera/13.1/nios2eds/bin/gnu/h-i686-mingw32/bin/../lib/gcc/nios2-elf/4.7.3/../../../../../H-i686-mingw32/nios2-elf/lib\libc.a(lib_a-sbrkr.o)
 .comment       0x00000000       0x24 c:/altera/13.1/nios2eds/bin/gnu/h-i686-mingw32/bin/../lib/gcc/nios2-elf/4.7.3/../../../../../H-i686-mingw32/nios2-elf/lib\libc.a(lib_a-stdio.o)
 .comment       0x00000000       0x24 c:/altera/13.1/nios2eds/bin/gnu/h-i686-mingw32/bin/../lib/gcc/nios2-elf/4.7.3/../../../../../H-i686-mingw32/nios2-elf/lib\libc.a(lib_a-strcmp.o)
 .comment       0x00000000       0x24 c:/altera/13.1/nios2eds/bin/gnu/h-i686-mingw32/bin/../lib/gcc/nios2-elf/4.7.3/../../../../../H-i686-mingw32/nios2-elf/lib\libc.a(lib_a-strlen.o)
 .comment       0x00000000       0x24 c:/altera/13.1/nios2eds/bin/gnu/h-i686-mingw32/bin/../lib/gcc/nios2-elf/4.7.3/../../../../../H-i686-mingw32/nios2-elf/lib\libc.a(lib_a-writer.o)
 .comment       0x00000000       0x24 c:/altera/13.1/nios2eds/bin/gnu/h-i686-mingw32/bin/../lib/gcc/nios2-elf/4.7.3/../../../../../H-i686-mingw32/nios2-elf/lib\libc.a(lib_a-callocr.o)
 .comment       0x00000000       0x24 c:/altera/13.1/nios2eds/bin/gnu/h-i686-mingw32/bin/../lib/gcc/nios2-elf/4.7.3/../../../../../H-i686-mingw32/nios2-elf/lib\libc.a(lib_a-closer.o)
 .comment       0x00000000       0x24 c:/altera/13.1/nios2eds/bin/gnu/h-i686-mingw32/bin/../lib/gcc/nios2-elf/4.7.3/../../../../../H-i686-mingw32/nios2-elf/lib\libc.a(lib_a-fclose.o)
 .comment       0x00000000       0x24 c:/altera/13.1/nios2eds/bin/gnu/h-i686-mingw32/bin/../lib/gcc/nios2-elf/4.7.3/../../../../../H-i686-mingw32/nios2-elf/lib\libc.a(lib_a-fstatr.o)
 .comment       0x00000000       0x24 c:/altera/13.1/nios2eds/bin/gnu/h-i686-mingw32/bin/../lib/gcc/nios2-elf/4.7.3/../../../../../H-i686-mingw32/nios2-elf/lib\libc.a(lib_a-int_errno.o)
 .comment       0x00000000       0x24 c:/altera/13.1/nios2eds/bin/gnu/h-i686-mingw32/bin/../lib/gcc/nios2-elf/4.7.3/../../../../../H-i686-mingw32/nios2-elf/lib\libc.a(lib_a-isattyr.o)
 .comment       0x00000000       0x24 c:/altera/13.1/nios2eds/bin/gnu/h-i686-mingw32/bin/../lib/gcc/nios2-elf/4.7.3/../../../../../H-i686-mingw32/nios2-elf/lib\libc.a(lib_a-lseekr.o)
 .comment       0x00000000       0x24 c:/altera/13.1/nios2eds/bin/gnu/h-i686-mingw32/bin/../lib/gcc/nios2-elf/4.7.3/../../../../../H-i686-mingw32/nios2-elf/lib\libc.a(lib_a-readr.o)
 .comment       0x00000000       0x24 c:/altera/13.1/nios2eds/bin/gnu/h-i686-mingw32/bin/../lib/gcc/nios2-elf/4.7.3\libgcc.a(_udivdi3.o)
 .comment       0x00000000       0x24 c:/altera/13.1/nios2eds/bin/gnu/h-i686-mingw32/bin/../lib/gcc/nios2-elf/4.7.3\libgcc.a(_umoddi3.o)
 .comment       0x00000000       0x24 c:/altera/13.1/nios2eds/bin/gnu/h-i686-mingw32/bin/../lib/gcc/nios2-elf/4.7.3\libgcc.a(_addsub_df.o)
 .comment       0x00000000       0x24 c:/altera/13.1/nios2eds/bin/gnu/h-i686-mingw32/bin/../lib/gcc/nios2-elf/4.7.3\libgcc.a(_mul_df.o)
 .comment       0x00000000       0x24 c:/altera/13.1/nios2eds/bin/gnu/h-i686-mingw32/bin/../lib/gcc/nios2-elf/4.7.3\libgcc.a(_div_df.o)
 .comment       0x00000000       0x24 c:/altera/13.1/nios2eds/bin/gnu/h-i686-mingw32/bin/../lib/gcc/nios2-elf/4.7.3\libgcc.a(_eq_df.o)
 .comment       0x00000000       0x24 c:/altera/13.1/nios2eds/bin/gnu/h-i686-mingw32/bin/../lib/gcc/nios2-elf/4.7.3\libgcc.a(_ne_df.o)
 .comment       0x00000000       0x24 c:/altera/13.1/nios2eds/bin/gnu/h-i686-mingw32/bin/../lib/gcc/nios2-elf/4.7.3\libgcc.a(_gt_df.o)
 .comment       0x00000000       0x24 c:/altera/13.1/nios2eds/bin/gnu/h-i686-mingw32/bin/../lib/gcc/nios2-elf/4.7.3\libgcc.a(_ge_df.o)
 .comment       0x00000000       0x24 c:/altera/13.1/nios2eds/bin/gnu/h-i686-mingw32/bin/../lib/gcc/nios2-elf/4.7.3\libgcc.a(_lt_df.o)
 .comment       0x00000000       0x24 c:/altera/13.1/nios2eds/bin/gnu/h-i686-mingw32/bin/../lib/gcc/nios2-elf/4.7.3\libgcc.a(_si_to_df.o)
 .comment       0x00000000       0x24 c:/altera/13.1/nios2eds/bin/gnu/h-i686-mingw32/bin/../lib/gcc/nios2-elf/4.7.3\libgcc.a(_df_to_si.o)
 .comment       0x00000000       0x24 c:/altera/13.1/nios2eds/bin/gnu/h-i686-mingw32/bin/../lib/gcc/nios2-elf/4.7.3\libgcc.a(_thenan_df.o)
 .comment       0x00000000       0x24 c:/altera/13.1/nios2eds/bin/gnu/h-i686-mingw32/bin/../lib/gcc/nios2-elf/4.7.3\libgcc.a(_usi_to_df.o)
 .comment       0x00000000       0x24 c:/altera/13.1/nios2eds/bin/gnu/h-i686-mingw32/bin/../lib/gcc/nios2-elf/4.7.3\libgcc.a(lib2-divmod.o)
 .comment       0x00000000       0x24 c:/altera/13.1/nios2eds/bin/gnu/h-i686-mingw32/bin/../lib/gcc/nios2-elf/4.7.3\libgcc.a(_muldi3.o)
 .comment       0x00000000       0x24 c:/altera/13.1/nios2eds/bin/gnu/h-i686-mingw32/bin/../lib/gcc/nios2-elf/4.7.3\libgcc.a(_clz.o)
 .comment       0x00000000       0x24 c:/altera/13.1/nios2eds/bin/gnu/h-i686-mingw32/bin/../lib/gcc/nios2-elf/4.7.3\libgcc.a(_clzsi2.o)
 .comment       0x00000000       0x24 c:/altera/13.1/nios2eds/bin/gnu/h-i686-mingw32/bin/../lib/gcc/nios2-elf/4.7.3\libgcc.a(_pack_df.o)
 .comment       0x00000000       0x24 c:/altera/13.1/nios2eds/bin/gnu/h-i686-mingw32/bin/../lib/gcc/nios2-elf/4.7.3\libgcc.a(_unpack_df.o)
 .comment       0x00000000       0x24 c:/altera/13.1/nios2eds/bin/gnu/h-i686-mingw32/bin/../lib/gcc/nios2-elf/4.7.3\libgcc.a(_fpcmp_parts_df.o)
 .comment       0x00000000       0x24 c:/altera/13.1/nios2eds/bin/gnu/h-i686-mingw32/bin/../lib/gcc/nios2-elf/4.7.3\libgcc.a(_lshrdi3.o)
 .comment       0x00000000       0x24 c:/altera/13.1/nios2eds/bin/gnu/h-i686-mingw32/bin/../lib/gcc/nios2-elf/4.7.3\libgcc.a(_ashldi3.o)
 .comment       0x00000000       0x24 ../BSP_CPU_S0_V01/\libucosii_bsp.a(alt_close.o)
 .comment       0x00000000       0x24 ../BSP_CPU_S0_V01/\libucosii_bsp.a(alt_dev.o)
 .comment       0x00000000       0x24 ../BSP_CPU_S0_V01/\libucosii_bsp.a(alt_errno.o)
 .comment       0x00000000       0x24 ../BSP_CPU_S0_V01/\libucosii_bsp.a(alt_fstat.o)
 .comment       0x00000000       0x24 ../BSP_CPU_S0_V01/\libucosii_bsp.a(alt_isatty.o)
 .comment       0x00000000       0x24 ../BSP_CPU_S0_V01/\libucosii_bsp.a(alt_load.o)
 .comment       0x00000000       0x24 ../BSP_CPU_S0_V01/\libucosii_bsp.a(alt_lseek.o)
 .comment       0x00000000       0x24 ../BSP_CPU_S0_V01/\libucosii_bsp.a(alt_main.o)
 .comment       0x00000000       0x24 ../BSP_CPU_S0_V01/\libucosii_bsp.a(alt_read.o)
 .comment       0x00000000       0x24 ../BSP_CPU_S0_V01/\libucosii_bsp.a(alt_release_fd.o)
 .comment       0x00000000       0x24 ../BSP_CPU_S0_V01/\libucosii_bsp.a(alt_sbrk.o)
 .comment       0x00000000       0x24 ../BSP_CPU_S0_V01/\libucosii_bsp.a(alt_write.o)
 .comment       0x00000000       0x24 ../BSP_CPU_S0_V01/\libucosii_bsp.a(alt_env_lock.o)
 .comment       0x00000000       0x24 ../BSP_CPU_S0_V01/\libucosii_bsp.a(alt_malloc_lock.o)
 .comment       0x00000000       0x24 ../BSP_CPU_S0_V01/\libucosii_bsp.a(os_core.o)
 .comment       0x00000000       0x24 ../BSP_CPU_S0_V01/\libucosii_bsp.a(os_dbg.o)
 .comment       0x00000000       0x24 ../BSP_CPU_S0_V01/\libucosii_bsp.a(os_flag.o)
 .comment       0x00000000       0x24 ../BSP_CPU_S0_V01/\libucosii_bsp.a(os_mem.o)
 .comment       0x00000000       0x24 ../BSP_CPU_S0_V01/\libucosii_bsp.a(os_q.o)
 .comment       0x00000000       0x24 ../BSP_CPU_S0_V01/\libucosii_bsp.a(os_sem.o)
 .comment       0x00000000       0x24 ../BSP_CPU_S0_V01/\libucosii_bsp.a(os_task.o)
 .comment       0x00000000       0x24 ../BSP_CPU_S0_V01/\libucosii_bsp.a(os_time.o)
 .comment       0x00000000       0x24 ../BSP_CPU_S0_V01/\libucosii_bsp.a(alt_sys_init.o)
 .comment       0x00000000       0x24 ../BSP_CPU_S0_V01/\libucosii_bsp.a(altera_avalon_jtag_uart_fd.o)
 .comment       0x00000000       0x24 ../BSP_CPU_S0_V01/\libucosii_bsp.a(altera_avalon_jtag_uart_init.o)
 .comment       0x00000000       0x24 ../BSP_CPU_S0_V01/\libucosii_bsp.a(altera_avalon_jtag_uart_ioctl.o)
 .comment       0x00000000       0x24 ../BSP_CPU_S0_V01/\libucosii_bsp.a(altera_avalon_jtag_uart_read.o)
 .comment       0x00000000       0x24 ../BSP_CPU_S0_V01/\libucosii_bsp.a(altera_avalon_jtag_uart_write.o)
 .comment       0x00000000       0x24 ../BSP_CPU_S0_V01/\libucosii_bsp.a(altera_avalon_timer_sc.o)
 .comment       0x00000000       0x24 ../BSP_CPU_S0_V01/\libucosii_bsp.a(alt_alarm_start.o)
 .comment       0x00000000       0x24 ../BSP_CPU_S0_V01/\libucosii_bsp.a(alt_dcache_flush_all.o)
 .comment       0x00000000       0x24 ../BSP_CPU_S0_V01/\libucosii_bsp.a(alt_dev_llist_insert.o)
 .comment       0x00000000       0x24 ../BSP_CPU_S0_V01/\libucosii_bsp.a(alt_do_ctors.o)
 .comment       0x00000000       0x24 ../BSP_CPU_S0_V01/\libucosii_bsp.a(alt_do_dtors.o)
 .comment       0x00000000       0x24 ../BSP_CPU_S0_V01/\libucosii_bsp.a(alt_icache_flush_all.o)
 .comment       0x00000000       0x24 ../BSP_CPU_S0_V01/\libucosii_bsp.a(alt_io_redirect.o)
 .comment       0x00000000       0x24 ../BSP_CPU_S0_V01/\libucosii_bsp.a(alt_irq_register.o)
 .comment       0x00000000       0x24 ../BSP_CPU_S0_V01/\libucosii_bsp.a(alt_irq_vars.o)
 .comment       0x00000000       0x24 ../BSP_CPU_S0_V01/\libucosii_bsp.a(alt_open.o)
 .comment       0x00000000       0x24 ../BSP_CPU_S0_V01/\libucosii_bsp.a(alt_tick.o)
 .comment       0x00000000       0x24 ../BSP_CPU_S0_V01/\libucosii_bsp.a(altera_nios2_qsys_irq.o)
 .comment       0x00000000       0x24 ../BSP_CPU_S0_V01/\libucosii_bsp.a(os_cpu_c.o)
 .comment       0x00000000       0x24 ../BSP_CPU_S0_V01/\libucosii_bsp.a(alt_find_dev.o)
 .comment       0x00000000       0x24 ../BSP_CPU_S0_V01/\libucosii_bsp.a(alt_find_file.o)
 .comment       0x00000000       0x24 ../BSP_CPU_S0_V01/\libucosii_bsp.a(alt_get_fd.o)
 .comment       0x00000000       0x24 ../BSP_CPU_S0_V01/\libucosii_bsp.a(alt_icache_flush.o)
 .comment       0x00000000       0x24 ../BSP_CPU_S0_V01/\libucosii_bsp.a(alt_irq_handler.o)
 .comment       0x00000000       0x24 c:/altera/13.1/nios2eds/bin/gnu/h-i686-mingw32/bin/../lib/gcc/nios2-elf/4.7.3/../../../../../H-i686-mingw32/nios2-elf/lib\libc.a(lib_a-atexit.o)
 .comment       0x00000000       0x24 c:/altera/13.1/nios2eds/bin/gnu/h-i686-mingw32/bin/../lib/gcc/nios2-elf/4.7.3/../../../../../H-i686-mingw32/nios2-elf/lib\libc.a(lib_a-exit.o)
 .comment       0x00000000       0x24 c:/altera/13.1/nios2eds/bin/gnu/h-i686-mingw32/bin/../lib/gcc/nios2-elf/4.7.3/../../../../../H-i686-mingw32/nios2-elf/lib\libc.a(lib_a-memcmp.o)